'ASGinzburg.algebraEnvelopingMap' depends on axioms: [propext, Quot.sound]
'ASGinzburg.algebraEnvelopingMap_tmul' depends on axioms: [propext, Quot.sound]
'ASGinzburg.algebraHom_op_surjective' depends on axioms: [propext, Quot.sound]
'ASGinzburg.algebraEnvelopingMap_surjective' depends on axioms: [propext, Quot.sound]
'ASGinzburg.algebraEnvelopingMapKernel' depends on axioms: [propext, Quot.sound]
'ASGinzburg.algebraEnvelopingMapKernelTwoSided' depends on axioms: [propext, Quot.sound]
'ASGinzburg.mem_algebraEnvelopingMapKernel' depends on axioms: [propext, Quot.sound]
'ASGinzburg.algebraEnvelopingMapKernel_eq_sup' depends on axioms: [propext, Classical.choice, Quot.sound]
'ASGinzburg.algebraEnvelopingMapQuotientAlgEquiv' depends on axioms: [propext, Classical.choice, Quot.sound]
'ASGinzburg.algebraEnvelopingQuotientAugmentation' depends on axioms: [propext, Quot.sound]
'ASGinzburg.algebraEnvelopingQuotientAugmentation_tmul' depends on axioms: [propext, Quot.sound]
'ASGinzburg.algebraQuotient_op_surjective' depends on axioms: [propext, Quot.sound]
'ASGinzburg.algebraEnvelopingQuotientAugmentation_surjective' depends on axioms: [propext, Quot.sound]
'ASGinzburg.algebraEnvelopingQuotientKernel' depends on axioms: [propext, Quot.sound]
'ASGinzburg.algebraEnvelopingQuotientKernelTwoSided' depends on axioms: [propext, Quot.sound]
'ASGinzburg.AlgebraEnvelopingQuotientRing' depends on axioms: [propext, Quot.sound]
'ASGinzburg.mem_algebraEnvelopingQuotientKernel' depends on axioms: [propext, Quot.sound]
'ASGinzburg.algebraEnvelopingQuotientKernel_eq_sup' depends on axioms: [propext, Classical.choice, Quot.sound]
'ASGinzburg.tmul_mem_algebraEnvelopingQuotientKernel_of_left' depends on axioms: [propext, Quot.sound]
'ASGinzburg.tmul_mem_algebraEnvelopingQuotientKernel_of_right' depends on axioms: [propext, Quot.sound]
'ASGinzburg.algebraEnvelopingQuotientAlgEquiv' depends on axioms: [propext, Classical.choice, Quot.sound]
'ASGinzburg.algebraEnvelopingQuotientAlgEquiv_mk' depends on axioms: [propext, Classical.choice, Quot.sound]
'ASGinzburg.ZAlgebra.PeriodIso.cutGradedRingSelfScalarTower' depends on axioms: [propext, Classical.choice, Quot.sound]
'ASGinzburg.ZAlgebra.PeriodIso.cutGradedRingSelfScalarComm' depends on axioms: [propext, Classical.choice, Quot.sound]
'ASGinzburg.ZAlgebra.PeriodIso.cutEnvelopingAugmentation' depends on axioms: [propext, Classical.choice, Quot.sound]
'ASGinzburg.ZAlgebra.PeriodIso.cutEnvelopingAugmentation_surjective' depends on axioms: [propext,
 Classical.choice,
 Quot.sound]
'ASGinzburg.ZAlgebra.PeriodIso.cutEnvelopingAugmentationKernel' depends on axioms: [propext,
 Classical.choice,
 Quot.sound]
'ASGinzburg.ZAlgebra.PeriodIso.cutEnvelopingAugmentationKernelTwoSided' depends on axioms: [propext,
 Classical.choice,
 Quot.sound]
'ASGinzburg.ZAlgebra.PeriodIso.CutEnvelopingAugmentationQuotient' depends on axioms: [propext,
 Classical.choice,
 Quot.sound]
'ASGinzburg.ZAlgebra.PeriodIso.mem_cutEnvelopingAugmentationKernel' depends on axioms: [propext,
 Classical.choice,
 Quot.sound]
'ASGinzburg.ZAlgebra.PeriodIso.cutEnvelopingAugmentationQuotientAlgEquiv' depends on axioms: [propext,
 Classical.choice,
 Quot.sound]
'ASGinzburg.ZAlgebra.PeriodIso.cutEnvelopingAugmentationQuotientScalarAlgEquiv' depends on axioms: [propext,
 Classical.choice,
 Quot.sound]
'ASGinzburg.ZAlgebra.PeriodIso.cutEnvelopingAugmentationQuotient_isSemisimple' depends on axioms: [propext,
 Classical.choice,
 Quot.sound]
'ASGinzburg.ZAlgebra.ASRegular.cutEnvelopingAugmentation' depends on axioms: [propext, Classical.choice, Quot.sound]
'ASGinzburg.ZAlgebra.ASRegular.cutEnvelopingAugmentation_tmul' depends on axioms: [propext,
 Classical.choice,
 Quot.sound]
'ASGinzburg.ZAlgebra.ASRegular.cutEnvelopingAugmentation_surjective' depends on axioms: [propext,
 Classical.choice,
 Quot.sound]
'ASGinzburg.ZAlgebra.ASRegular.cutEnvelopingAugmentationKernel' depends on axioms: [propext,
 Classical.choice,
 Quot.sound]
'ASGinzburg.ZAlgebra.ASRegular.cutEnvelopingAugmentationKernelTwoSided' depends on axioms: [propext,
 Classical.choice,
 Quot.sound]
'ASGinzburg.ZAlgebra.ASRegular.CutEnvelopingAugmentationQuotient' depends on axioms: [propext,
 Classical.choice,
 Quot.sound]
'ASGinzburg.ZAlgebra.ASRegular.mem_cutEnvelopingAugmentationKernel' depends on axioms: [propext,
 Classical.choice,
 Quot.sound]
'ASGinzburg.ZAlgebra.ASRegular.cutEnvelopingAugmentationQuotientAlgEquiv' depends on axioms: [propext,
 Classical.choice,
 Quot.sound]
'ASGinzburg.ZAlgebra.ASRegular.cutEnvelopingAugmentationQuotientScalarAlgEquiv' depends on axioms: [propext,
 Classical.choice,
 Quot.sound]
'ASGinzburg.ZAlgebra.ASRegular.cutEnvelopingAugmentationQuotient_isSemisimple' depends on axioms: [propext,
 Classical.choice,
 Quot.sound]
