'ASGinzburg.projectiveDimensionThreeResolution' depends on axioms: [propext, Classical.choice, Quot.sound]
'ASGinzburg.projectiveDimensionThreeResolution_isZero_ge_four' depends on axioms: [propext,
 Classical.choice,
 Quot.sound]
'ASGinzburg.leftDerived_isZero_of_projectiveDimensionLE_three' depends on axioms: [propext,
 Classical.choice,
 Quot.sound]
'ASGinzburg.projectiveDimensionTwoResolution' depends on axioms: [propext, Classical.choice, Quot.sound]
'ASGinzburg.projectiveDimensionTwoResolution_isZero_ge_three' depends on axioms: [propext, Classical.choice, Quot.sound]
'ASGinzburg.leftDerived_isZero_of_projectiveDimensionLE_two' depends on axioms: [propext, Classical.choice, Quot.sound]
'ASGinzburg.projectiveDimension_ge_three_of_nonzero_leftDerived_three' depends on axioms: [propext,
 Classical.choice,
 Quot.sound]
'ASGinzburg.algebraModuleRestrictScalarsIso' depends on axioms: [propext, Quot.sound]
'ASGinzburg.algebraModuleRestrictScalarsIso_hom_apply' depends on axioms: [propext, Quot.sound]
'ASGinzburg.algebraModuleRestrictScalarsIso_inv_apply' depends on axioms: [propext, Quot.sound]
'ASGinzburg.algebraModuleRestrictScalarsIso_inv_mem_span' depends on axioms: [propext, Classical.choice, Quot.sound]
'ASGinzburg.algebraModuleRestrictScalarsIso_inv_mem_actionSpan' depends on axioms: [propext,
 Classical.choice,
 Quot.sound]
