⚠ [3415/3697] Replayed ASGinzburg.PathAlgebra
warning: ASGinzburg/PathAlgebra.lean:97:42: This simp argument is unused:
  LinearMap.add_apply

Hint: Omit it from the simp argument list.
  simp [map_add, L̵i̵n̵e̵a̵r̵M̵a̵p̵.̵a̵d̵d̵_̵a̵p̵p̵l̵y̵,̵ ̵ih, ih']

Note: This linter can be disabled with `set_option linter.unusedSimpArgs false`
✔ [4040/4083] Built ASGinzburg.UnrolledCutJacobianIdeal (4.3s)
✔ [4041/4083] Built ASGinzburg.PeriodIndecomposableEquiv (6.9s)
✔ [4042/4083] Built ASGinzburg.BasedArrowPathSurjectivity (7.1s)
✔ [4043/4083] Built ASGinzburg.UnrolledPathSheetShift (7.4s)
✔ [4044/4083] Built ASGinzburg.UnrolledPathShiftArithmetic (3.9s)
✔ [4045/4083] Built ASGinzburg.BasedArrowIndecomposables (5.7s)
✔ [4046/4083] Built ASGinzburg.PeriodIsoIteration (6.2s)
✔ [4047/4083] Built ASGinzburg.UnrolledLinearShiftArithmetic (4.5s)
✔ [4048/4083] Built ASGinzburg.PeriodGeneratorIndex (5.4s)
✔ [4049/4083] Built ASGinzburg.BasedArrowKernelSupport (7.1s)
✔ [4050/4083] Built ASGinzburg.UnrolledSheetShiftErasure (4.6s)
✔ [4051/4083] Built ASGinzburg.FoundationPeriodBasisSystem (3.9s)
✔ [4052/4083] Built ASGinzburg.UnrolledJacobianSheetShift (3.6s)
✔ [4053/4083] Built ASGinzburg.UnrolledJacobianRelationShifts (4.2s)
✔ [4054/4083] Built ASGinzburg.PeriodSheetComponents (3.9s)
✔ [4055/4083] Built ASGinzburg.UnrolledPathIntegerSheetShift (4.9s)
✔ [4056/4083] Built ASGinzburg.PeriodGeneratorClasses (4.4s)
✔ [4057/4083] Built ASGinzburg.FoundationPeriodGeneratorBasis (6.7s)
✔ [4058/4083] Built ASGinzburg.FoundationPeriodPresentationSurjective (3.5s)
✔ [4059/4083] Built ASGinzburg.PeriodIterationFormulas (4.1s)
✔ [4060/4083] Built ASGinzburg.PeriodInverseCancellation (3.4s)
✔ [4061/4083] Built ASGinzburg.FoundationPeriodNaturalCoherence (3.9s)
✔ [4062/4083] Built ASGinzburg.FoundationPeriodMinimalPresentation (4.6s)
✔ [4063/4083] Built ASGinzburg.FoundationPeriodZeroSheet (4.1s)
✔ [4064/4083] Built ASGinzburg.PeriodIntegerSuccessors (5.8s)
✔ [4065/4083] Built ASGinzburg.FoundationPeriodZeroKernel (4.1s)
✔ [4066/4083] Built ASGinzburg.PeriodicArrowPathEvaluation (4.2s)
✔ [4067/4083] Built ASGinzburg.FoundationPeriodIntegerCoherence (5.1s)
✔ [4068/4083] Built ASGinzburg.PeriodicArrowLinearKernel (5.1s)
✔ [4069/4083] Built ASGinzburg.FoundationPeriodRingRecovery (8.7s)
✔ [4070/4083] Built ASGinzburg.PeriodicArrowIntegerKernels (4.0s)
✔ [4071/4083] Built ASGinzburg.PeriodicArrowIntegerLinearKernels (7.3s)
✔ [4072/4083] Built ASGinzburg.ArbitraryArrowKernelHeights (4.6s)
✔ [4073/4083] Built ASGinzburg.FoundationPeriodEvaluationCoherence (7.6s)
✔ [4074/4083] Built ASGinzburg.ZeroCutJacobianEvaluation (9.2s)
✔ [4075/4083] Built ASGinzburg.FoundationPeriodCutRelations (8.4s)
✔ [4076/4083] Built ASGinzburg.FoundationPeriodSheetKernels (8.6s)
✔ [4077/4083] Built ASGinzburg.FoundationPeriodJacobianCutKernel (3.6s)
✔ [4078/4083] Built ASGinzburg.FoundationPeriodCutIdealKernel (5.3s)
✔ [4079/4083] Built ASGinzburg.FoundationPeriodZeroJacobianKernel (5.3s)
✔ [4080/4083] Built ASGinzburg.FoundationPeriodSameSheetJacobianKernel (5.1s)
✔ [4081/4083] Built ASGinzburg.FoundationPeriodSameSheetRecovery (7.8s)
✔ [4082/4083] Built ASGinzburg (4.2s)
Build completed successfully (4083 jobs).
