'ASGinzburg.CutQuiver.unrolledJacobianIdeal_eq_erasureIdeal' depends on axioms: [propext, Classical.choice, Quot.sound]
'ASGinzburg.ZAlgebra.PeriodIso.idealQuotientPeriod' depends on axioms: [propext, Classical.choice, Quot.sound]
'ASGinzburg.ZAlgebra.PeriodIso.idealQuotientPeriod_apply_mk' depends on axioms: [propext, Classical.choice, Quot.sound]
'ASGinzburg.CutQuiver.unrolledIntegerSheetShiftLinearEquiv_mem_Jacobian' depends on axioms: [propext,
 Classical.choice,
 Quot.sound]
'ASGinzburg.CutQuiver.unrolledIntegerSheetShiftLinearEquiv_Jacobian' depends on axioms: [propext,
 Classical.choice,
 Quot.sound]
'ASGinzburg.CutQuiver.unrolledJacobianSheetPeriodIso' depends on axioms: [propext, Classical.choice, Quot.sound]
'ASGinzburg.CutQuiver.unrolledJacobianSheetPeriodIso_apply_mk' depends on axioms: [propext,
 Classical.choice,
 Quot.sound]
'ASGinzburg.ZAlgebra.PeriodIso.powNat_map_transport' depends on axioms: [propext, Classical.choice, Quot.sound]
'ASGinzburg.ZAlgebra.PeriodIso.powNat_add_apply' depends on axioms: [propext, Classical.choice, Quot.sound]
'ASGinzburg.ZAlgebra.PeriodIso.powNat_add_apply_rev' depends on axioms: [propext, Classical.choice, Quot.sound]
'ASGinzburg.ZAlgebra.PeriodIso.CutGradedHom' depends on axioms: [propext, Classical.choice, Quot.sound]
'ASGinzburg.ZAlgebra.PeriodIso.cutGradedComp' depends on axioms: [propext, Classical.choice, Quot.sound]
'ASGinzburg.ZAlgebra.PeriodIso.cutGradedComp_apply' depends on axioms: [propext, Classical.choice, Quot.sound]
'ASGinzburg.ZAlgebra.homTransport_comp_target' depends on axioms: [propext, Classical.choice, Quot.sound]
'ASGinzburg.ZAlgebra.PeriodIso.cutGradedComp_assoc' depends on axioms: [propext, Classical.choice, Quot.sound]
'ASGinzburg.ZAlgebra.PeriodIso.cutGradedId' depends on axioms: [propext, Classical.choice, Quot.sound]
'ASGinzburg.ZAlgebra.PeriodIso.cutGradedComp_id_right' depends on axioms: [propext, Classical.choice, Quot.sound]
'ASGinzburg.ZAlgebra.PeriodIso.cutGradedComp_id_left' depends on axioms: [propext, Classical.choice, Quot.sound]
'ASGinzburg.ZAlgebra.PeriodIso.CutGradedBlock' depends on axioms: [propext, Classical.choice, Quot.sound]
'ASGinzburg.ZAlgebra.PeriodIso.cutMatrixComp' depends on axioms: [propext, Classical.choice, Quot.sound]
'ASGinzburg.ZAlgebra.PeriodIso.cutMatrixComp_apply' depends on axioms: [propext, Classical.choice, Quot.sound]
'ASGinzburg.ZAlgebra.PeriodIso.cutBlockTransport' depends on axioms: [propext, Classical.choice, Quot.sound]
'ASGinzburg.ZAlgebra.PeriodIso.cutBlockTransport_apply' depends on axioms: [propext, Classical.choice, Quot.sound]
'ASGinzburg.ZAlgebra.PeriodIso.cutMatrixComp_assoc' depends on axioms: [propext, Classical.choice, Quot.sound]
'ASGinzburg.ZAlgebra.PeriodIso.cutMatrixId' depends on axioms: [propext, Classical.choice, Quot.sound]
'ASGinzburg.ZAlgebra.PeriodIso.cutMatrixId_diag' depends on axioms: [propext, Classical.choice, Quot.sound]
'ASGinzburg.ZAlgebra.PeriodIso.cutMatrixId_offdiag' depends on axioms: [propext, Classical.choice, Quot.sound]
'ASGinzburg.ZAlgebra.PeriodIso.cutMatrixComp_id_right' depends on axioms: [propext, Classical.choice, Quot.sound]
'ASGinzburg.ZAlgebra.PeriodIso.cutMatrixComp_id_left' depends on axioms: [propext, Classical.choice, Quot.sound]
'ASGinzburg.ZAlgebra.PeriodIso.cutBlockTransport_heq' depends on axioms: [propext, Classical.choice, Quot.sound]
'ASGinzburg.ZAlgebra.PeriodIso.cutBlockTransport_sigma' depends on axioms: [propext, Classical.choice, Quot.sound]
'ASGinzburg.ZAlgebra.PeriodIso.cutHomogeneousProduct' depends on axioms: [propext, Classical.choice, Quot.sound]
'ASGinzburg.ZAlgebra.PeriodIso.cutHomogeneousProduct_assoc' depends on axioms: [propext, Classical.choice, Quot.sound]
'ASGinzburg.ZAlgebra.PeriodIso.cutBlockMul' depends on axioms: [propext, Classical.choice, Quot.sound]
'ASGinzburg.ZAlgebra.PeriodIso.cutBlockMul_sigma' depends on axioms: [propext, Classical.choice, Quot.sound]
'ASGinzburg.ZAlgebra.PeriodIso.cutBlockGOne' depends on axioms: [propext, Classical.choice, Quot.sound]
'ASGinzburg.ZAlgebra.PeriodIso.cutBlockGMul' depends on axioms: [propext, Classical.choice, Quot.sound]
'ASGinzburg.ZAlgebra.PeriodIso.cutGradedMonoid_mul_eq' depends on axioms: [propext, Classical.choice, Quot.sound]
'ASGinzburg.ZAlgebra.PeriodIso.cutBlockGMonoid' depends on axioms: [propext, Classical.choice, Quot.sound]
'ASGinzburg.ZAlgebra.PeriodIso.cutBlockGRing' depends on axioms: [propext, Classical.choice, Quot.sound]
'ASGinzburg.ZAlgebra.PeriodIso.CutGradedRing' depends on axioms: [propext, Classical.choice, Quot.sound]
'ASGinzburg.ZAlgebra.PeriodIso.cutHomogeneousInclusion' depends on axioms: [propext, Classical.choice, Quot.sound]
'ASGinzburg.ZAlgebra.PeriodIso.cutHomogeneousInclusion_mul' depends on axioms: [propext, Classical.choice, Quot.sound]
'ASGinzburg.ZAlgebra.PeriodIso.cutHomogeneousInclusion_one' depends on axioms: [propext, Classical.choice, Quot.sound]
'ASGinzburg.ZAlgebra.PeriodIso.cutGradedMonoid_smul_mul' depends on axioms: [propext, Classical.choice, Quot.sound]
'ASGinzburg.ZAlgebra.PeriodIso.cutGradedMonoid_mul_smul' depends on axioms: [propext, Classical.choice, Quot.sound]
'ASGinzburg.ZAlgebra.PeriodIso.cutBlockGAlgebra' depends on axioms: [propext, Classical.choice, Quot.sound]
'ASGinzburg.ZAlgebra.PeriodIso.cutHomogeneousLinearInclusion' depends on axioms: [propext, Classical.choice, Quot.sound]
'ASGinzburg.ZAlgebra.PeriodIso.cutAlgebraMap_apply' depends on axioms: [propext, Classical.choice, Quot.sound]
'ASGinzburg.ZAlgebra.PeriodIso.cutHomogeneousLinearInclusion_smul' depends on axioms: [propext,
 Classical.choice,
 Quot.sound]
'ASGinzburg.ZAlgebra.PeriodIso.cutDegreeZeroAlgebra' depends on axioms: [propext, Classical.choice, Quot.sound]
'ASGinzburg.ZAlgebra.PeriodIso.cutDegreeZeroComponentEquiv' depends on axioms: [propext, Classical.choice, Quot.sound]
'ASGinzburg.ZAlgebra.PeriodIso.cutDegreeZeroComponent_comp' depends on axioms: [propext, Classical.choice, Quot.sound]
'ASGinzburg.ZAlgebra.PeriodIso.cutDegreeZeroFoundationLinearEquiv' depends on axioms: [propext,
 Classical.choice,
 Quot.sound]
'ASGinzburg.ZAlgebra.PeriodIso.cutDegreeZeroFoundationLinearEquiv_apply' depends on axioms: [propext,
 Classical.choice,
 Quot.sound]
'ASGinzburg.ZAlgebra.PeriodIso.cutDegreeZeroFoundationLinearEquiv_mul' depends on axioms: [propext,
 Classical.choice,
 Quot.sound]
'ASGinzburg.ZAlgebra.PeriodIso.cutDegreeZeroFoundationLinearEquiv_one' depends on axioms: [propext,
 Classical.choice,
 Quot.sound]
'ASGinzburg.ZAlgebra.PeriodIso.cutDegreeZeroFoundationAlgEquiv' depends on axioms: [propext,
 Classical.choice,
 Quot.sound]
'ASGinzburg.ZAlgebra.ASRegular.CutGradedPiece' depends on axioms: [propext, Classical.choice, Quot.sound]
'ASGinzburg.ZAlgebra.ASRegular.CutGradedAlgebra' depends on axioms: [propext, Classical.choice, Quot.sound]
'ASGinzburg.ZAlgebra.ASRegular.cutGradedPieceFinite' depends on axioms: [propext, Classical.choice, Quot.sound]
'ASGinzburg.ZAlgebra.ASRegular.cutGradedInclusion' depends on axioms: [propext, Classical.choice, Quot.sound]
'ASGinzburg.ZAlgebra.ASRegular.cutGradedInclusion_mul' depends on axioms: [propext, Classical.choice, Quot.sound]
'ASGinzburg.ZAlgebra.ASRegular.cutDegreeZeroFoundationAlgEquiv' depends on axioms: [propext,
 Classical.choice,
 Quot.sound]
'ASGinzburg.ZAlgebra.ASRegular.cutDegreeZeroJacobianAlgEquiv' depends on axioms: [propext, Classical.choice, Quot.sound]
