work/ASGinzburgDraft/GradedOrdinaryKernelFactor.lean:18:14: error: Type mismatch
  congrArg (fun t => ?m.112) hfg
has type
  ?m.113 (f ≫ g) = ?m.113 0
but is expected to have type
  (ModuleCat.Hom.hom f) x ∈ LinearMap.ker (ModuleCat.Hom.hom g)
work/ASGinzburgDraft/GradedOrdinaryKernelFactor.lean:22:67: error: Application type mismatch: The argument
  hfg
has type
  f ≫ g = 0
of sort `Prop` but is expected to have type
  ↑P.ringModule
of sort `Type v` in the application
  (ConcreteCategory.hom (P.kernelFactor M N f g)) hfg
work/ASGinzburgDraft/GradedOrdinaryKernelFactor.lean:26:27: error: Application type mismatch: The argument
  hfg
has type
  f ≫ g = 0
of sort `Prop` but is expected to have type
  ↑P.ringModule
of sort `Type v` in the application
  (ConcreteCategory.hom (P.kernelFactor M N f g)) hfg
work/ASGinzburgDraft/GradedOrdinaryKernelFactor.lean:33:32: error: Application type mismatch: The argument
  hfg
has type
  f ≫ g = 0
of sort `Prop` but is expected to have type
  ↑P.ringModule
of sort `Type v` in the application
  (ConcreteCategory.hom (P.kernelFactor M N f g)) hfg
