'ASGinzburg.moduleCatFourTermEuler' depends on axioms: [propext, Classical.choice, Quot.sound]
'ASGinzburg.ZAlgebra.quadraticTripleComponentEquiv' depends on axioms: [propext, Classical.choice, Quot.sound]
'ASGinzburg.ZAlgebra.quadraticTripleComponentFinite' depends on axioms: [propext, Classical.choice, Quot.sound]
'ASGinzburg.ZAlgebra.quadraticTripleComponent_finrank' depends on axioms: [propext, Classical.choice, Quot.sound]
'ASGinzburg.ZAlgebra.simpleRightModule_component_finrank' depends on axioms: [propext, Classical.choice, Quot.sound]
'ASGinzburg.ZAlgebra.QuadraticASResolution.component_euler' depends on axioms: [propext, Classical.choice, Quot.sound]
'ASGinzburg.ZAlgebra.hom_finrank_eq_zero_of_lt' depends on axioms: [propext, Classical.choice, Quot.sound]
'ASGinzburg.ZAlgebra.hom_diagonal_finrank' depends on axioms: [propext, Classical.choice, Quot.sound]
'ASGinzburg.ZAlgebra.component_finrank_of_quadraticASResolutions' depends on axioms: [propext,
 Classical.choice,
 Quot.sound]
'ASGinzburg.ZAlgebra.QuadraticASRegular.component_finrank' depends on axioms: [propext, Classical.choice, Quot.sound]
'ASGinzburg.ZAlgebra.QuadraticASRegular.component_finrank_sub' depends on axioms: [propext,
 Classical.choice,
 Quot.sound]
'ASGinzburg.ZAlgebra.QuadraticASRegular.component_polynomial_bound' depends on axioms: [propext,
 Classical.choice,
 Quot.sound]
'ASGinzburg.ZAlgebra.QuadraticASRegular.cumulative_polynomial_bound' depends on axioms: [propext,
 Classical.choice,
 Quot.sound]
