'ASGinzburg.FiniteFourTermProjectiveResolution.ringHomNatCochainComplex' depends on axioms: [propext,
 Classical.choice,
 Quot.sound]
'ASGinzburg.FiniteFourTermProjectiveResolution.ringHomCochainComplex' depends on axioms: [propext,
 Classical.choice,
 Quot.sound]
'ASGinzburg.FiniteFourTermProjectiveResolution.ringHomNatCochainComplex_term_finiteProjective' depends on axioms: [propext,
 Classical.choice,
 Quot.sound]
'ASGinzburg.FiniteFourTermProjectiveResolution.ringHomNatCochainComplex_isZero_ge_four' depends on axioms: [propext,
 Classical.choice,
 Quot.sound]
'ASGinzburg.FiniteFourTermProjectiveResolution.ringHomCochainComplex_term_finiteProjective' depends on axioms: [propext,
 Classical.choice,
 Quot.sound]
'ASGinzburg.FiniteFourTermProjectiveResolution.ringHomCochainComplex_isZero_outside' depends on axioms: [propext,
 Classical.choice,
 Quot.sound]
'ASGinzburg.FiniteFourTermProjectiveResolution.ringHomCochainComplex_perfect' depends on axioms: [propext,
 Classical.choice,
 Quot.sound]
'ASGinzburg.FiniteFourTermProjectiveResolution.ringDualExtCochainHomologyIso' depends on axioms: [propext,
 Classical.choice,
 Quot.sound]
'ASGinzburg.FiniteFourTermProjectiveResolution.ringDualExt_isZero_ge_four' depends on axioms: [propext,
 Classical.choice,
 Quot.sound]
'ASGinzburg.FiniteFourTermProjectiveResolution.ringDualExt_three_finite' depends on axioms: [propext,
 Classical.choice,
 Quot.sound]
'ASGinzburg.FiniteFourTermProjectiveResolution.ringHomPerfectDerived' depends on axioms: [propext,
 Classical.choice,
 Quot.sound]
