'ASGinzburg.ZAlgebra.PeriodIso.cutHomogeneousInclusion_mem_gradedJacobson_of_ne_zero' depends on axioms: [propext,
 Classical.choice,
 Quot.sound]
'ASGinzburg.ZAlgebra.PeriodIso.cutEnvelopingAugmentation_homogeneous_ne_zero' depends on axioms: [propext,
 Classical.choice,
 Quot.sound]
'ASGinzburg.ZAlgebra.PeriodIso.cutEnvelopingHomogeneousInclusion_mem_augmentationKernel' depends on axioms: [propext,
 Classical.choice,
 Quot.sound]
'ASGinzburg.ZAlgebra.PeriodIso.cutGradedSemisimpleQuotientAlgEquiv_mk' depends on axioms: [propext,
 Classical.choice,
 Quot.sound]
'ASGinzburg.ZAlgebra.PeriodIso.cutEnvelopingQuotientTensorEquiv' depends on axioms: [propext,
 Classical.choice,
 Quot.sound]
'ASGinzburg.ZAlgebra.PeriodIso.cutEnvelopingAugmentation_tensorComparison' depends on axioms: [propext,
 Classical.choice,
 Quot.sound]
'ASGinzburg.ZAlgebra.PeriodIso.cutEnvelopingAugmentationKernel_eq_scalarKernel' depends on axioms: [propext,
 Classical.choice,
 Quot.sound]
'ASGinzburg.ZAlgebra.PeriodIso.cutAugmentation_comp_cutZeroRingInclusion' depends on axioms: [propext,
 Classical.choice,
 Quot.sound]
'ASGinzburg.ZAlgebra.PeriodIso.cutEnvelopingZeroInclusion' depends on axioms: [propext, Classical.choice, Quot.sound]
'ASGinzburg.ZAlgebra.PeriodIso.cutEnvelopingZeroInclusion_tmul' depends on axioms: [propext,
 Classical.choice,
 Quot.sound]
'ASGinzburg.ZAlgebra.PeriodIso.cutEnvelopingVertexAugmentation_comp_zeroInclusion' depends on axioms: [propext,
 Classical.choice,
 Quot.sound]
'ASGinzburg.ZAlgebra.PeriodIso.cutEnvelopingAugmentationKernel_comap_zeroInclusion' depends on axioms: [propext,
 Classical.choice,
 Quot.sound]
