work/ASGinzburgDraft/EnvelopingBalancedTensorResolution.lean:21:69: error: Invalid field notation: Identifier or numeral expected
work/ASGinzburgDraft/EnvelopingBalancedTensorResolution.lean:23:62: error(lean.unknownIdentifier): Unknown identifier `M`
work/ASGinzburgDraft/EnvelopingBalancedTensorResolution.lean:26:52: error(lean.unknownIdentifier): Unknown identifier `M`
work/ASGinzburgDraft/EnvelopingBalancedTensorResolution.lean:48:68: error: Invalid field notation: Identifier or numeral expected
work/ASGinzburgDraft/EnvelopingBalancedTensorResolution.lean:51:62: error: Invalid field notation: Identifier or numeral expected
work/ASGinzburgDraft/EnvelopingBalancedTensorResolution.lean:54:85: error: Invalid field notation: Identifier or numeral expected
work/ASGinzburgDraft/EnvelopingBalancedTensorResolution.lean:57:13: error(lean.unknownIdentifier): Unknown identifier `envelopingBalancedTensor_map_augmentation_quasiIso`
work/ASGinzburgDraft/EnvelopingBalancedTensorResolution.lean:56:14: error: unsolved goals
k : Type u
inst✝⁶ : Field k
R : Type v
inst✝⁵ : Ring R
inst✝⁴ : Algebra k R
M : Type w
inst✝³ : AddCommGroup M
inst✝² : Module k M
inst✝¹ : Module Rᵐᵒᵖ M
inst✝ : IsScalarTower k Rᵐᵒᵖ M
Q : ProjectiveResolution (regularEnvelopingModuleCat k R)
⊢ QuasiIso (sorry ≫ sorry)
