'ASGinzburg.CutQuiver.VertexCutPathAutomorphism.cyclicEquiv_closedPathClass' depends on axioms: [propext,
 Classical.choice,
 Quot.sound]
'ASGinzburg.CutQuiver.VertexCutPathAutomorphism.cyclicEquiv_closedPathClass_mem_potential_range' depends on axioms: [propext,
 Classical.choice,
 Quot.sound]
'ASGinzburg.CutQuiver.VertexCutPathAutomorphism.cyclicEquiv_potential_mem_range' depends on axioms: [propext,
 Classical.choice,
 Quot.sound]
'ASGinzburg.CutQuiver.VertexCutPathAutomorphism.potentialLinearMap' depends on axioms: [propext,
 Classical.choice,
 Quot.sound]
'ASGinzburg.CutQuiver.VertexCutPathAutomorphism.potentialLinearMap_cyclicClass' depends on axioms: [propext,
 Classical.choice,
 Quot.sound]
'ASGinzburg.CutQuiver.VertexCutPathAutomorphism.potentialLinearEquiv' depends on axioms: [propext,
 Classical.choice,
 Quot.sound]
'ASGinzburg.CutQuiver.VertexCutPathAutomorphism.potentialLinearEquiv_cyclicClass' depends on axioms: [propext,
 Classical.choice,
 Quot.sound]
'ASGinzburg.CutQuiver.vertexCutPotentialAutomorphismHom' depends on axioms: [propext, Classical.choice, Quot.sound]
'ASGinzburg.CutQuiver.vertexCutPotentialMulAction' depends on axioms: [propext, Classical.choice, Quot.sound]
'ASGinzburg.CutQuiver.potentialCyclicClass_vertexCut_smul' depends on axioms: [propext, Classical.choice, Quot.sound]
