work/ASGinzburgDraft/OrdinaryModuleRingDual.lean:18:4: error: Function expected at
  b • f
but this term has type
  ↑(ordinaryRingDual R P)

Note: Expected a function because this term is being applied to the argument
  x
work/ASGinzburgDraft/OrdinaryModuleRingDual.lean:18:16: error: Function expected at
  f
but this term has type
  ↑(ordinaryRingDual R P)

Note: Expected a function because this term is being applied to the argument
  x
work/ASGinzburgDraft/OrdinaryModuleRingDual.lean:28:4: error: Function expected at
  (ordinaryRingDualMap R f) g
but this term has type
  ↑(ordinaryRingDual R P)

Note: Expected a function because this term is being applied to the argument
  x
work/ASGinzburgDraft/OrdinaryModuleRingDual.lean:28:34: error: Function expected at
  g
but this term has type
  ↑(ordinaryRingDual R Q)

Note: Expected a function because this term is being applied to the argument
  (f x)
work/ASGinzburgDraft/OrdinaryModuleRingDual.lean:48:43: error: failed to synthesize
  Preadditive (ModuleCat R)ᵒᵖ

Hint: Additional diagnostic information may be available using the `set_option diagnostics true` command.
