work/ASGinzburgDraft/BalancedTensorTorProjectiveRight.lean:19:8: error: stuck at solving universe constraint
  max (max (v+1) (w+1)) (z+1) =?= max (max v (w+1)) (?u.4190+1)
while trying to unify
  (balancedTensorRightFunctor k R M).PreservesHomology : Prop
with
  Functor.PreservesHomology.{max (max v (w + 1)) (?u.4190 + 1), max (max u (w + 1)) (?u.4190 + 1), max w ?u.4190,
      max w ?u.4190}
    (balancedTensorRightFunctor.{u, v, w, max w ?u.4190} k R M) : Prop
work/ASGinzburgDraft/BalancedTensorTorProjectiveRight.lean:19:8: error: stuck at solving universe constraint
  max (max (max u (v+1)) (w+1)) (z+1) =?= max (max u (w+1)) (?u.4190+1)
while trying to unify
  (balancedTensorRightFunctor k R M).PreservesHomology : Prop
with
  Functor.PreservesHomology.{max (max v (w + 1)) (?u.4190 + 1), max (max u (w + 1)) (?u.4190 + 1), max w ?u.4190,
      max w ?u.4190}
    (balancedTensorRightFunctor.{u, v, w, max w ?u.4190} k R M) : Prop
work/ASGinzburgDraft/BalancedTensorTorProjectiveRight.lean:19:8: error: stuck at solving universe constraint
  max (max v w) z =?= max w ?u.4243
while trying to unify
  (balancedTensorRightFunctor k R M).PreservesHomology : Prop
with
  Functor.PreservesHomology.{max (max v (w + 1)) (?u.4243 + 1), max (max u (w + 1)) (?u.4243 + 1), max w ?u.4243,
      max w ?u.4243}
    (balancedTensorRightFunctor.{u, v, w, max w ?u.4243} k R M) : Prop
work/ASGinzburgDraft/BalancedTensorTorProjectiveRight.lean:19:8: error: stuck at solving universe constraint
  max (max (v+1) (w+1)) (z+1) =?= max (max v (w+1)) (?u.4243+1)
while trying to unify
  (balancedTensorRightFunctor k R M).PreservesHomology : Prop
with
  Functor.PreservesHomology.{max (max v (w + 1)) (?u.4243 + 1), max (max u (w + 1)) (?u.4243 + 1), max w ?u.4243,
      max w ?u.4243}
    (balancedTensorRightFunctor.{u, v, w, max w ?u.4243} k R M) : Prop
work/ASGinzburgDraft/BalancedTensorTorProjectiveRight.lean:19:8: error: stuck at solving universe constraint
  max (max (max u (v+1)) (w+1)) (z+1) =?= max (max u (w+1)) (?u.4243+1)
while trying to unify
  (balancedTensorRightFunctor k R M).PreservesHomology : Prop
with
  Functor.PreservesHomology.{max (max v (w + 1)) (?u.4243 + 1), max (max u (w + 1)) (?u.4243 + 1), max w ?u.4243,
      max w ?u.4243}
    (balancedTensorRightFunctor.{u, v, w, max w ?u.4243} k R M) : Prop
work/ASGinzburgDraft/BalancedTensorTorProjectiveRight.lean:19:8: error: stuck at solving universe constraint
  max (max v w) z =?= max w ?u.4190
while trying to unify
  (balancedTensorRightFunctor k R M).PreservesHomology : Prop
with
  Functor.PreservesHomology.{max (max v (w + 1)) (?u.4190 + 1), max (max u (w + 1)) (?u.4190 + 1), max w ?u.4190,
      max w ?u.4190}
    (balancedTensorRightFunctor.{u, v, w, max w ?u.4190} k R M) : Prop
work/ASGinzburgDraft/BalancedTensorTorProjectiveRight.lean:18:58: error: stuck at solving universe constraint
  max (max (v+1) (w+1)) (z+1) =?= max (max v (w+1)) (?u.4190+1)
while trying to unify
  (balancedTensorRightFunctor k R M).PreservesHomology : Prop
with
  Functor.PreservesHomology.{max (max v (w + 1)) (?u.4190 + 1), max (max u (w + 1)) (?u.4190 + 1), max w ?u.4190,
      max w ?u.4190}
    (balancedTensorRightFunctor.{u, v, w, max w ?u.4190} k R M) : Prop
work/ASGinzburgDraft/BalancedTensorTorProjectiveRight.lean:18:58: error: stuck at solving universe constraint
  max (max (max u (v+1)) (w+1)) (z+1) =?= max (max u (w+1)) (?u.4190+1)
while trying to unify
  (balancedTensorRightFunctor k R M).PreservesHomology : Prop
with
  Functor.PreservesHomology.{max (max v (w + 1)) (?u.4190 + 1), max (max u (w + 1)) (?u.4190 + 1), max w ?u.4190,
      max w ?u.4190}
    (balancedTensorRightFunctor.{u, v, w, max w ?u.4190} k R M) : Prop
work/ASGinzburgDraft/BalancedTensorTorProjectiveRight.lean:18:58: error: stuck at solving universe constraint
  max (max v w) z =?= max w ?u.4243
while trying to unify
  (balancedTensorRightFunctor k R M).PreservesHomology : Prop
with
  Functor.PreservesHomology.{max (max v (w + 1)) (?u.4243 + 1), max (max u (w + 1)) (?u.4243 + 1), max w ?u.4243,
      max w ?u.4243}
    (balancedTensorRightFunctor.{u, v, w, max w ?u.4243} k R M) : Prop
work/ASGinzburgDraft/BalancedTensorTorProjectiveRight.lean:18:58: error: stuck at solving universe constraint
  max (max (v+1) (w+1)) (z+1) =?= max (max v (w+1)) (?u.4243+1)
while trying to unify
  (balancedTensorRightFunctor k R M).PreservesHomology : Prop
with
  Functor.PreservesHomology.{max (max v (w + 1)) (?u.4243 + 1), max (max u (w + 1)) (?u.4243 + 1), max w ?u.4243,
      max w ?u.4243}
    (balancedTensorRightFunctor.{u, v, w, max w ?u.4243} k R M) : Prop
work/ASGinzburgDraft/BalancedTensorTorProjectiveRight.lean:18:58: error: stuck at solving universe constraint
  max (max (max u (v+1)) (w+1)) (z+1) =?= max (max u (w+1)) (?u.4243+1)
while trying to unify
  (balancedTensorRightFunctor k R M).PreservesHomology : Prop
with
  Functor.PreservesHomology.{max (max v (w + 1)) (?u.4243 + 1), max (max u (w + 1)) (?u.4243 + 1), max w ?u.4243,
      max w ?u.4243}
    (balancedTensorRightFunctor.{u, v, w, max w ?u.4243} k R M) : Prop
work/ASGinzburgDraft/BalancedTensorTorProjectiveRight.lean:18:58: error: stuck at solving universe constraint
  max (max v w) z =?= max w ?u.4190
while trying to unify
  (balancedTensorRightFunctor k R M).PreservesHomology : Prop
with
  Functor.PreservesHomology.{max (max v (w + 1)) (?u.4190 + 1), max (max u (w + 1)) (?u.4190 + 1), max w ?u.4190,
      max w ?u.4190}
    (balancedTensorRightFunctor.{u, v, w, max w ?u.4190} k R M) : Prop
