work/ASGinzburgDraft/FiniteBiproductProjectiveResolution.lean:28:23: error: Tactic `rewrite` failed: Did not find an occurrence of the pattern
  biproduct.lift ?p ≫ biproduct.π ?m.172 ?j
in the target expression
  (F.map (biproduct.map f) ≫ biproduct.lift fun j => F.map (biproduct.π Y j)) ≫ biproduct.π (F.obj ∘ Y) j =
    (biproduct.lift fun j => F.map (biproduct.π X j)) ≫ biproduct.π (F.obj ∘ X) j ≫ F.map (f j)

case w
C : Type u
inst✝⁹ : Category.{v, u} C
inst✝⁸ : Abelian C
J : Type
inst✝⁷ : Fintype J
D : Type u_1
inst✝⁶ : Category.{u_2, u_1} D
inst✝⁵ : Preadditive D
F : C ⥤ D
inst✝⁴ : F.Additive
X Y : J → C
inst✝³ : HasBiproduct X
inst✝² : HasBiproduct Y
inst✝¹ : PreservesBiproduct X F
inst✝ : PreservesBiproduct Y F
f : (j : J) → X j ⟶ Y j
j : J
⊢ (F.map (biproduct.map f) ≫ biproduct.lift fun j => F.map (biproduct.π Y j)) ≫ biproduct.π (F.obj ∘ Y) j =
    (biproduct.lift fun j => F.map (biproduct.π X j)) ≫ biproduct.π (F.obj ∘ X) j ≫ F.map (f j)
work/ASGinzburgDraft/FiniteBiproductProjectiveResolution.lean:27:53: warning: This simp argument is unused:
  biproduct.lift_π

Hint: Omit it from the simp argument list.
  simp only [̵C̵a̵t̵e̵g̵o̵r̵y̵.̵a̵s̵s̵o̵c̵,̵F̵u̵n̵c̵t̵o̵r̵.̵m̵a̵p̵B̵i̵p̵r̵o̵d̵u̵c̵t̵_̵h̵o̵m̵,̵b̵i̵p̵r̵o̵d̵u̵c̵t̵.̵l̵i̵f̵t̵_̵π̵,̵b̵i̵p̵r̵o̵d̵u̵c̵t̵.̵m̵a̵p̵_̵π̵]̵[̲C̲a̲t̲e̲g̲o̲r̲y̲.̲a̲s̲s̲o̲c̲,̲ ̲F̲u̲n̲c̲t̲o̲r̲.̲m̲a̲p̲B̲i̲p̲r̲o̲d̲u̲c̲t̲_̲h̲o̲m̲,̲ ̲b̲i̲p̲r̲o̲d̲u̲c̲t̲.̲m̲a̲p̲_̲π̲]̲

Note: This linter can be disabled with `set_option linter.unusedSimpArgs false`
work/ASGinzburgDraft/FiniteBiproductProjectiveResolution.lean:64:39: error: failed to synthesize
  Projective (⨁ (HomologicalComplex.eval C (ComplexShape.down ℕ) n).obj ∘ fun j => (P j).complex)

Hint: Additional diagnostic information may be available using the `set_option diagnostics true` command.
