'ASGinzburg.bimoduleEnvelopingModule' depends on axioms: [propext, Quot.sound]
'ASGinzburg.bimoduleEnvelopingModule_tmul_smul' depends on axioms: [propext, Quot.sound]
'ASGinzburg.regularEnvelopingModule_eq_bimoduleEnvelopingModule' depends on axioms: [propext, Quot.sound]
'ASGinzburg.bimoduleEnvelopingLinearMap' depends on axioms: [propext, Quot.sound]
'ASGinzburg.bimoduleEnvelopingLinearMap_apply' depends on axioms: [propext, Quot.sound]
'ASGinzburg.bimoduleEnvelopingLinearMap_smul_iff' depends on axioms: [propext, Quot.sound]
'ASGinzburg.AlgebraEnvelopingRing' depends on axioms: [propext, Quot.sound]
'ASGinzburg.regularRightAlgebraRepresentation' depends on axioms: [propext, Quot.sound]
'ASGinzburg.regularEnvelopingRepresentation' depends on axioms: [propext, Quot.sound]
'ASGinzburg.regularEnvelopingRepresentation_tmul' depends on axioms: [propext, Quot.sound]
'ASGinzburg.regularEnvelopingModule' depends on axioms: [propext, Quot.sound]
'ASGinzburg.regularEnvelopingModuleCat' depends on axioms: [propext, Quot.sound]
'ASGinzburg.regularEnvelopingModule_tmul_smul' depends on axioms: [propext, Quot.sound]
'ASGinzburg.regularEnvelopingScalarTower' depends on axioms: [propext, Quot.sound]
'ASGinzburg.regularEnvelopingScalarComm' depends on axioms: [propext, Quot.sound]
'ASGinzburg.regularEnvelopingModule_finite' depends on axioms: [propext, Classical.choice, Quot.sound]
'ASGinzburg.tensorRightEnvelopingMap' depends on axioms: [propext, Quot.sound]
'ASGinzburg.tensorRightEnvelopingMap_apply' depends on axioms: [propext, Quot.sound]
'ASGinzburg.tensorRightEnvelopingMap_tmul' depends on axioms: [propext, Quot.sound]
'ASGinzburg.tensorRightEnvelopingMap_id' depends on axioms: [propext, Quot.sound]
'ASGinzburg.tensorRightEnvelopingMap_comp' depends on axioms: [propext, Quot.sound]
'ASGinzburg.tensorRightEnvelopingRepresentation' depends on axioms: [propext, Quot.sound]
'ASGinzburg.tensorRightEnvelopingRepresentation_tmul' depends on axioms: [propext, Quot.sound]
'ASGinzburg.tensorRightEnvelopingModule' depends on axioms: [propext, Quot.sound]
'ASGinzburg.tensorRightEnvelopingModule_tmul_smul' depends on axioms: [propext, Quot.sound]
'ASGinzburg.tensorRightEnvelopingScalarTower' depends on axioms: [propext, Quot.sound]
'ASGinzburg.tensorRightEnvelopingScalarComm' depends on axioms: [propext, Quot.sound]
'ASGinzburg.balancedTensorModuleHomEquiv' depends on axioms: [propext, Classical.choice, Quot.sound]
'ASGinzburg.balancedTensorAdjunction' depends on axioms: [propext, Classical.choice, Quot.sound]
'ASGinzburg.balancedTensorRightFunctorIsLeftAdjoint' depends on axioms: [propext, Classical.choice, Quot.sound]
'ASGinzburg.balancedTensorEnvelopingPairEvaluation' depends on axioms: [propext, Quot.sound]
'ASGinzburg.balancedTensorEnvelopingPairEvaluation_tmul' depends on axioms: [propext, Quot.sound]
'ASGinzburg.balancedTensorEnvelopingPairEvaluation_balance' depends on axioms: [propext, Quot.sound]
'ASGinzburg.balancedTensorEnvelopingComparisonMap' depends on axioms: [propext, Classical.choice, Quot.sound]
'ASGinzburg.balancedTensorEnvelopingComparisonMap_tmul' depends on axioms: [propext, Classical.choice, Quot.sound]
'ASGinzburg.balancedTensorEnvelopingInsertion' depends on axioms: [propext, Quot.sound]
'ASGinzburg.balancedTensorEnvelopingInsertion_balance' depends on axioms: [propext, Quot.sound]
'ASGinzburg.balancedTensorEnvelopingComparisonInverse' depends on axioms: [propext, Classical.choice, Quot.sound]
'ASGinzburg.balancedTensorEnvelopingComparisonInverse_tmul' depends on axioms: [propext, Classical.choice, Quot.sound]
'ASGinzburg.balancedTensorEnvelopingComparisonEquiv' depends on axioms: [propext, Classical.choice, Quot.sound]
'ASGinzburg.balancedTensorEnvelopingComparisonMap_naturality' depends on axioms: [propext, Classical.choice, Quot.sound]
'ASGinzburg.balancedTensorEnvelopingComparisonInverse_naturality' depends on axioms: [propext,
 Classical.choice,
 Quot.sound]
'ASGinzburg.BalancedTensorHom' depends on axioms: [propext]
'ASGinzburg.balancedTensorHomAddCommGroup' depends on axioms: [propext, Quot.sound]
'ASGinzburg.balancedTensorHomModuleK' depends on axioms: [propext, Quot.sound]
'ASGinzburg.balancedTensorHomCoeFun' depends on axioms: [propext]
'ASGinzburg.balancedTensorHomLinearEquiv' depends on axioms: [propext, Quot.sound]
'ASGinzburg.balancedTensorHomLinearEquiv_apply' depends on axioms: [propext, Quot.sound]
'ASGinzburg.balancedTensorHomLinearEquiv_symm_apply' depends on axioms: [propext, Quot.sound]
'ASGinzburg.balancedTensorHom_ext' depends on axioms: [propext, Quot.sound]
'ASGinzburg.balancedTensorHom_zero_apply' depends on axioms: [propext, Quot.sound]
'ASGinzburg.balancedTensorHom_add_apply' depends on axioms: [propext, Quot.sound]
'ASGinzburg.balancedTensorHom_smul_k_apply' depends on axioms: [propext, Quot.sound]
'ASGinzburg.balancedTensorHomModule' depends on axioms: [propext, Quot.sound]
'ASGinzburg.balancedTensorHom_smul_apply' depends on axioms: [propext, Quot.sound]
'ASGinzburg.balancedTensorHomIsScalarTower' depends on axioms: [propext, Quot.sound]
'ASGinzburg.balancedTensorHomSMulCommClass' depends on axioms: [propext, Quot.sound]
'ASGinzburg.balancedTensorCurry' depends on axioms: [propext, Quot.sound]
'ASGinzburg.balancedTensorCurry_apply' depends on axioms: [propext, Quot.sound]
'ASGinzburg.balancedTensorUncurryBilinear' depends on axioms: [propext, Quot.sound]
'ASGinzburg.balancedTensorUncurry' depends on axioms: [propext, Classical.choice, Quot.sound]
'ASGinzburg.balancedTensorUncurry_tmul' depends on axioms: [propext, Classical.choice, Quot.sound]
'ASGinzburg.balancedTensorHomEquiv' depends on axioms: [propext, Classical.choice, Quot.sound]
'ASGinzburg.balancedTensorHomFunctor' depends on axioms: [propext, Quot.sound]
'ASGinzburg.balancedTensorHomFunctorAdditive' depends on axioms: [propext, Quot.sound]
'ASGinzburg.balancedTensorHomMap' depends on axioms: [propext, Quot.sound]
'ASGinzburg.balancedTensorHomMap_apply' depends on axioms: [propext, Quot.sound]
'ASGinzburg.balancedTensorCurry_naturality_source' depends on axioms: [propext, Classical.choice, Quot.sound]
'ASGinzburg.balancedTensorCurry_naturality_target' depends on axioms: [propext, Quot.sound]
'ASGinzburg.balancedTensorUncurry_naturality_source' depends on axioms: [propext, Classical.choice, Quot.sound]
'ASGinzburg.balancedTensorLeftSwapIso' depends on axioms: [propext, Classical.choice, Quot.sound]
'ASGinzburg.balancedTensorLeftFunctorIsLeftAdjoint' depends on axioms: [propext, Classical.choice, Quot.sound]
'ASGinzburg.balancedTensorLeftFunctor' depends on axioms: [propext, Classical.choice, Quot.sound]
'ASGinzburg.balancedTensorLeftFunctorAdditive' depends on axioms: [propext, Classical.choice, Quot.sound]
'ASGinzburg.balancedTensorLeftFunctorLinear' depends on axioms: [propext, Classical.choice, Quot.sound]
'ASGinzburg.balancedTensorMapLeft' depends on axioms: [propext, Classical.choice, Quot.sound]
'ASGinzburg.balancedTensorMapLeft_tmul' depends on axioms: [propext, Classical.choice, Quot.sound]
'ASGinzburg.balancedTensorLeftUnitMap' depends on axioms: [propext, Classical.choice, Quot.sound]
'ASGinzburg.balancedTensorLeftUnitInverse' depends on axioms: [propext, Quot.sound]
'ASGinzburg.balancedTensorLeftUnitEquiv' depends on axioms: [propext, Classical.choice, Quot.sound]
'ASGinzburg.balancedTensorTmul_eq_zero_of_action_span' depends on axioms: [propext, Classical.choice, Quot.sound]
'ASGinzburg.balancedTensorMapLeft_eq_zero_of_action_span' depends on axioms: [propext, Classical.choice, Quot.sound]
'ASGinzburg.balancedTensorRightFunctor' depends on axioms: [propext, Classical.choice, Quot.sound]
'ASGinzburg.balancedTensorRightFunctorAdditive' depends on axioms: [propext, Classical.choice, Quot.sound]
'ASGinzburg.balancedTensorRightFunctorLinear' depends on axioms: [propext, Classical.choice, Quot.sound]
'ASGinzburg.balancedTensorMapRight_id' depends on axioms: [propext, Classical.choice, Quot.sound]
'ASGinzburg.balancedTensorMapRight_comp' depends on axioms: [propext, Classical.choice, Quot.sound]
'ASGinzburg.balancedTensorMapRight_add' depends on axioms: [propext, Classical.choice, Quot.sound]
'ASGinzburg.balancedTensorMapRight_smul' depends on axioms: [propext, Classical.choice, Quot.sound]
'ASGinzburg.balancedTensorMapRight' depends on axioms: [propext, Classical.choice, Quot.sound]
'ASGinzburg.balancedTensorMapRight_tmul' depends on axioms: [propext, Classical.choice, Quot.sound]
'ASGinzburg.balancedTensorRelations' depends on axioms: [propext, Quot.sound]
'ASGinzburg.BalancedTensorSpace' depends on axioms: [propext, Quot.sound]
'ASGinzburg.balancedTensorTmul' depends on axioms: [propext, Quot.sound]
'ASGinzburg.balancedTensorTmul_balance' depends on axioms: [propext, Quot.sound]
'ASGinzburg.balancedTensorLift' depends on axioms: [propext, Classical.choice, Quot.sound]
'ASGinzburg.balancedTensorLift_tmul' depends on axioms: [propext, Classical.choice, Quot.sound]
'ASGinzburg.balancedTensorDoubleOppositeModule' depends on axioms: [propext, Quot.sound]
'ASGinzburg.BalancedTensorSwapSpace' depends on axioms: [propext, Quot.sound]
'ASGinzburg.balancedTensorSwapTmul' depends on axioms: [propext, Quot.sound]
'ASGinzburg.balancedTensorSwapMap' depends on axioms: [propext, Classical.choice, Quot.sound]
'ASGinzburg.balancedTensorSwapMap_tmul' depends on axioms: [propext, Classical.choice, Quot.sound]
'ASGinzburg.balancedTensorSwapInverse' depends on axioms: [propext, Classical.choice, Quot.sound]
'ASGinzburg.balancedTensorSwapInverse_tmul' depends on axioms: [propext, Classical.choice, Quot.sound]
'ASGinzburg.balancedTensorSwapEquiv' depends on axioms: [propext, Classical.choice, Quot.sound]
'ASGinzburg.balancedTensorSwapEquiv_tmul' depends on axioms: [propext, Classical.choice, Quot.sound]
'ASGinzburg.balancedTensorSwapEquiv_symm_tmul' depends on axioms: [propext, Classical.choice, Quot.sound]
'ASGinzburg.balancedTensorDoubleOppositeModule_smul' depends on axioms: [propext, Quot.sound]
'ASGinzburg.balancedTensorDoubleOppositeIsScalarTower' depends on axioms: [propext, Quot.sound]
'ASGinzburg.balancedTensorSwapMap_naturality' depends on axioms: [propext, Classical.choice, Quot.sound]
'ASGinzburg.balancedTensorSwapEquiv_naturality' depends on axioms: [propext, Classical.choice, Quot.sound]
'ASGinzburg.balancedTensorTorFunctor' depends on axioms: [propext, Classical.choice, Quot.sound]
'ASGinzburg.balancedTensorTorZeroIso' depends on axioms: [propext, Classical.choice, Quot.sound]
'ASGinzburg.balancedTensorTorResolutionIso' depends on axioms: [propext, Classical.choice, Quot.sound]
'ASGinzburg.balancedTensorTor_projective_succ' depends on axioms: [propext, Classical.choice, Quot.sound]
'ASGinzburg.balancedTensorTorLeftFunctor' depends on axioms: [propext, Classical.choice, Quot.sound]
'ASGinzburg.balancedTensorTorLeftZeroIso' depends on axioms: [propext, Classical.choice, Quot.sound]
'ASGinzburg.balancedTensorTorLeftSwapIso' depends on axioms: [propext, Classical.choice, Quot.sound]
'ASGinzburg.balancedTensorTorLeftResolutionIso' depends on axioms: [propext, Classical.choice, Quot.sound]
'ASGinzburg.balancedTensorTorLeft_projective_succ' depends on axioms: [propext, Classical.choice, Quot.sound]
'ASGinzburg.balancedTensorTorLeft_isZero_of_resolution_term' depends on axioms: [propext, Classical.choice, Quot.sound]
'ASGinzburg.balancedTensorTorLeftZeroDifferentialsIso' depends on axioms: [propext, Classical.choice, Quot.sound]
'ASGinzburg.balancedTensorTor_isZero_of_resolution_term' depends on axioms: [propext, Classical.choice, Quot.sound]
'ASGinzburg.balancedTensorTorZeroDifferentialsIso' depends on axioms: [propext, Classical.choice, Quot.sound]
'ASGinzburg.balancedTensorSpace_induction' depends on axioms: [propext, Quot.sound]
'ASGinzburg.balancedTensorSpace_linearMap_ext' depends on axioms: [propext, Quot.sound]
'ASGinzburg.balancedTensorBilinear' depends on axioms: [propext, Quot.sound]
'ASGinzburg.finiteBiproduct_hasProjectiveDimensionLT' depends on axioms: [propext, Classical.choice, Quot.sound]
'ASGinzburg.mapProjectiveResolutionOfTerms' depends on axioms: [propext, Classical.choice, Quot.sound]
'ASGinzburg.mapProjectiveResolutionOfTerms_isZero' depends on axioms: [propext, Classical.choice, Quot.sound]
'ASGinzburg.oneDimensionalRightRepresentationValue' depends on axioms: [propext, Classical.choice, Quot.sound]
'ASGinzburg.oneDimensionalRightRepresentation_scalar_action_value' depends on axioms: [propext,
 Classical.choice,
 Quot.sound]
'ASGinzburg.oneDimensionalRightRepresentationCharacter' depends on axioms: [propext, Classical.choice, Quot.sound]
'ASGinzburg.oneDimensionalRightRepresentationCharacter_apply' depends on axioms: [propext, Classical.choice, Quot.sound]
'ASGinzburg.oneDimensionalRightRepresentation_scalar_action' depends on axioms: [propext, Classical.choice, Quot.sound]
'ASGinzburg.scalarProductEnvelopingEquiv' depends on axioms: [propext, Classical.choice, Quot.sound]
'ASGinzburg.scalarProductEnveloping_isSemisimple' depends on axioms: [propext, Classical.choice, Quot.sound]
'ASGinzburg.scalarProductBaseChangeEquiv' depends on axioms: [propext, Classical.choice, Quot.sound]
'ASGinzburg.scalarProductBaseChange_isSemisimple' depends on axioms: [propext, Classical.choice, Quot.sound]
'ASGinzburg.scalarProductEnvelopingMultiplication' depends on axioms: [propext, Quot.sound]
'ASGinzburg.scalarProductEnvelopingModule' depends on axioms: [propext, Quot.sound]
'ASGinzburg.scalarProductEnvelopingModule_projective' depends on axioms: [propext, Classical.choice, Quot.sound]
'ASGinzburg.scalarQuotientVertexBiproductIso' depends on axioms: [propext, Classical.choice, Quot.sound]
'ASGinzburg.scalarQuotient_hasProjectiveDimensionLT' depends on axioms: [propext, Classical.choice, Quot.sound]
'ASGinzburg.idealQuotientRightModule' depends on axioms: [propext, Quot.sound]
'ASGinzburg.idealQuotientRightObject' depends on axioms: [propext, Quot.sound]
'ASGinzburg.idealQuotientRightProjection' depends on axioms: [propext, Quot.sound]
'ASGinzburg.idealQuotientRightProjection_surjective' depends on axioms: [propext, Quot.sound]
'ASGinzburg.idealQuotientRight_finite' depends on axioms: [propext, Classical.choice, Quot.sound]
'ASGinzburg.idealQuotientRightLinearEquivOfEq' depends on axioms: [propext, Quot.sound]
'ASGinzburg.scalarQuotientRightObject' depends on axioms: [propext, Quot.sound]
'ASGinzburg.scalarQuotientVertexLinearEquiv' depends on axioms: [propext, Classical.choice, Quot.sound]
