work/ASGinzburgDraft/BalancedTensorEnvelopingFunctorNaturality.lean:56:72: error(lean.unknownIdentifier): Unknown identifier `m`
work/ASGinzburgDraft/BalancedTensorEnvelopingFunctorNaturality.lean:56:80: error(lean.unknownIdentifier): Unknown identifier `n`
work/ASGinzburgDraft/BalancedTensorEnvelopingFunctorNaturality.lean:45:6: error: Tactic `introN` failed: There are no additional binders or `let` bindings in the goal to introduce

k : Type u
inst✝² : Field k
R : Type v
inst✝¹ : Ring R
inst✝ : Algebra k R
M M' : ModuleCat Rᵐᵒᵖ
N N' : ModuleCat R
f : M ⟶ M'
g : N ⟶ N'
x : ↑(((tensorRightEnvelopingBifunctor k R).obj M).obj N)
r : R
e : (ModuleCat.restrictScalars (algebraMap k (AlgebraEnvelopingRing k R)ᵐᵒᵖ)).obj
    (((tensorRightEnvelopingBifunctor k R).obj M).obj N) ≅
  ((moduleTensorBifunctor k).obj ((ModuleCat.restrictScalars (algebraMap k Rᵐᵒᵖ)).obj M)).obj
    ((ModuleCat.restrictScalars (algebraMap k R)).obj N) :=
  tensorRightEnvelopingRestrictScalarsIso k R M N
t : ↑M ⊗[k] ↑N →ₗ[k] ↑(((tensorRightEnvelopingBifunctor k R).obj M).obj N) := ModuleCat.Hom.hom e.inv
m : ?m.576
n : ?m.577
⊢ ?m.588 (m ⊗ₜ[k] n) = ?m.589 (m ⊗ₜ[k] n)
