'ASGinzburg.triangleCubicWordClass' depends on axioms: [propext, Quot.sound]
'ASGinzburg.triangleZ_target_zero' depends on axioms: [propext, Quot.sound]
'ASGinzburg.pathTargetCast' does not depend on any axioms
'ASGinzburg.path_target_cast_toList' does not depend on any axioms
'ASGinzburg.path_target_cast_cutDegree' does not depend on any axioms
'ASGinzburg.path_target_cast_length' does not depend on any axioms
'ASGinzburg.triangleCubicPath' depends on axioms: [propext, Classical.choice, Quot.sound]
'ASGinzburg.triangleCubicWordClass_mem' depends on axioms: [propext, Classical.choice, Quot.sound]
'ASGinzburg.triangleCubicWordClass_injective' depends on axioms: [propext, Quot.sound]
'ASGinzburg.path_length_three_arrows' depends on axioms: [propext, Classical.choice, Quot.sound]
'ASGinzburg.triangle_composable_triple_normal_form' depends on axioms: [propext, Classical.choice, Quot.sound]
'ASGinzburg.triangle_potentialClasses_eq_range' depends on axioms: [propext, Classical.choice, Quot.sound]
'ASGinzburg.triangleCubicClassEquiv' depends on axioms: [propext, Classical.choice, Quot.sound]
'ASGinzburg.triangleCoefficientPotentialEquiv' depends on axioms: [propext, Classical.choice, Quot.sound]
'ASGinzburg.triangleTensorPotentialEquiv' depends on axioms: [propext, Classical.choice, Quot.sound]
'ASGinzburg.triangleCoefficientPotentialEquiv_single' depends on axioms: [propext, Classical.choice, Quot.sound]
'ASGinzburg.triangleCoefficientPotentialEquiv_val' depends on axioms: [propext, Classical.choice, Quot.sound]
'ASGinzburg.triangleTensorPotentialEquiv_val' depends on axioms: [propext, Classical.choice, Quot.sound]
'ASGinzburg.triangleTensorPotentialEquiv_basis_val' depends on axioms: [propext, Classical.choice, Quot.sound]
'ASGinzburg.trianglePotential_recovered_from_tensor' depends on axioms: [propext, Classical.choice, Quot.sound]
'ASGinzburg.triangleTensor_recovered_from_potential' depends on axioms: [propext, Classical.choice, Quot.sound]
