work/ASGinzburgDraft/PrincipalIdempotentTop.lean:15:39: error: failed to synthesize
  Module k ↑(principalIdempotentModule R e)

Hint: Additional diagnostic information may be available using the `set_option diagnostics true` command.
work/ASGinzburgDraft/PrincipalIdempotentTop.lean:19:8: warning: declaration uses 'sorry'
work/ASGinzburgDraft/PrincipalIdempotentTop.lean:22:8: warning: declaration uses 'sorry'
work/ASGinzburgDraft/PrincipalIdempotentTop.lean:23:5: warning: unused variable `hε`

Note: This linter can be disabled with `set_option linter.unusedVariables false`
work/ASGinzburgDraft/PrincipalIdempotentTop.lean:25:2: warning: 'change ε e i = 1' tactic does nothing

Note: This linter can be disabled with `set_option linter.unusedTactic false`
work/ASGinzburgDraft/PrincipalIdempotentTop.lean:26:2: warning: 'rw [hε, Pi.single_eq_same]' tactic does nothing

Note: This linter can be disabled with `set_option linter.unusedTactic false`
work/ASGinzburgDraft/PrincipalIdempotentTop.lean:26:2: warning: this tactic is never executed

Note: This linter can be disabled with `set_option linter.unreachableTactic false`
work/ASGinzburgDraft/PrincipalIdempotentTop.lean:32:10: error: Type mismatch
  ?m.31 • principalIdempotentGenerator R e
has type
  ↑(principalIdempotentModule R e)
of sort `outParam (Type v)` but is expected to have type
  ?m.19 hε
of sort `Sort u_1`
work/ASGinzburgDraft/PrincipalIdempotentTop.lean:39:6: error: failed to synthesize
  Module k ↑(principalIdempotentModule R e)

Hint: Additional diagnostic information may be available using the `set_option diagnostics true` command.
work/ASGinzburgDraft/PrincipalIdempotentTop.lean:42:17: error: Invalid field notation: Type of
  x
is not known; cannot resolve field `val`
work/ASGinzburgDraft/PrincipalIdempotentTop.lean:43:15: error: Invalid field notation: Type of
  x
is not known; cannot resolve field `val`
work/ASGinzburgDraft/PrincipalIdempotentTop.lean:43:23: error: Invalid field notation: Type of
  x
is not known; cannot resolve field `val`
work/ASGinzburgDraft/PrincipalIdempotentTop.lean:44:24: error: Invalid field notation: Type of
  x
is not known; cannot resolve field `property`
work/ASGinzburgDraft/PrincipalIdempotentTop.lean:44:13: error: Tactic `rcases` failed: `x✝ : ?m.103` is not an inductive datatype
work/ASGinzburgDraft/PrincipalIdempotentTop.lean:47:17: error: Invalid field notation: Type of
  x
is not known; cannot resolve field `val`
work/ASGinzburgDraft/PrincipalIdempotentTop.lean:55:4: error: failed to synthesize
  Module ?R (?m.60 he hε)

Hint: Additional diagnostic information may be available using the `set_option diagnostics true` command.
work/ASGinzburgDraft/PrincipalIdempotentTop.lean:68:6: error: failed to synthesize
  Module k ↑(principalIdempotentModule R e)

Hint: Additional diagnostic information may be available using the `set_option diagnostics true` command.
work/ASGinzburgDraft/PrincipalIdempotentTop.lean:69:3: error: failed to synthesize
  Module k ↑(principalIdempotentModule R e)

Hint: Additional diagnostic information may be available using the `set_option diagnostics true` command.
work/ASGinzburgDraft/PrincipalIdempotentTop.lean:69:32: error(lean.unknownIdentifier): Unknown identifier `principalIdempotentTopCoordinate_ker`
