work/ASGinzburgDraft/BalancedTensorScalarRestriction.lean:53:6: warning: This simp argument is unused:
  ModuleCat.ofHom_apply

Hint: Omit it from the simp argument list.
  simp only [balancedTensorScalarRestrictionMap, balancedTensorScalarRestrictionInverse,
        M̵o̵d̵u̵l̵e̵C̵a̵t̵.̵o̵f̵H̵o̵m̵_̵a̵p̵p̵l̵y̵,̵ ̵balancedTensorLift_tmul]

Note: This linter can be disabled with `set_option linter.unusedSimpArgs false`
work/ASGinzburgDraft/BalancedTensorScalarRestriction.lean:53:29: warning: This simp argument is unused:
  balancedTensorLift_tmul

Hint: Omit it from the simp argument list.
  simp only [balancedTensorScalarRestrictionMap, balancedTensorScalarRestrictionInverse,
        ModuleCat.ofHom_apply,̵ ̵b̵a̵l̵a̵n̵c̵e̵d̵T̵e̵n̵s̵o̵r̵L̵i̵f̵t̵_̵t̵m̵u̵l̵]

Note: This linter can be disabled with `set_option linter.unusedSimpArgs false`
work/ASGinzburgDraft/BalancedTensorScalarRestriction.lean:63:6: warning: This simp argument is unused:
  ModuleCat.ofHom_apply

Hint: Omit it from the simp argument list.
  simp only [balancedTensorScalarRestrictionMap, balancedTensorScalarRestrictionInverse,
        M̵o̵d̵u̵l̵e̵C̵a̵t̵.̵o̵f̵H̵o̵m̵_̵a̵p̵p̵l̵y̵,̵ ̵balancedTensorLift_tmul]

Note: This linter can be disabled with `set_option linter.unusedSimpArgs false`
work/ASGinzburgDraft/BalancedTensorScalarRestriction.lean:63:29: warning: This simp argument is unused:
  balancedTensorLift_tmul

Hint: Omit it from the simp argument list.
  simp only [balancedTensorScalarRestrictionMap, balancedTensorScalarRestrictionInverse,
        ModuleCat.ofHom_apply,̵ ̵b̵a̵l̵a̵n̵c̵e̵d̵T̵e̵n̵s̵o̵r̵L̵i̵f̵t̵_̵t̵m̵u̵l̵]

Note: This linter can be disabled with `set_option linter.unusedSimpArgs false`
