'ASGinzburg.ZAlgebra.PeriodIso.CutEnvelopingBlock' depends on axioms: [propext, Classical.choice, Quot.sound]
'ASGinzburg.ZAlgebra.PeriodIso.cutEnvelopingBigradingEquiv' depends on axioms: [propext, Classical.choice, Quot.sound]
'ASGinzburg.ZAlgebra.PeriodIso.cutEnvelopingHomogeneousInclusion' depends on axioms: [propext,
 Classical.choice,
 Quot.sound]
'ASGinzburg.ZAlgebra.PeriodIso.cutEnvelopingHomogeneousInclusion_tmul' depends on axioms: [propext,
 Classical.choice,
 Quot.sound]
'ASGinzburg.ZAlgebra.PeriodIso.cutEnvelopingBigradingEquiv_inclusion' depends on axioms: [propext,
 Classical.choice,
 Quot.sound]
'ASGinzburg.ZAlgebra.PeriodIso.cutEnvelopingHomogeneousInclusion_mul_tmul' depends on axioms: [propext,
 Classical.choice,
 Quot.sound]
'ASGinzburg.ZAlgebra.PeriodIso.CutEnvelopingDegreePairs' does not depend on any axioms
'ASGinzburg.ZAlgebra.PeriodIso.CutEnvelopingDegreeBlock' depends on axioms: [propext, Classical.choice, Quot.sound]
'ASGinzburg.ZAlgebra.PeriodIso.cutEnvelopingDegreeEquiv' depends on axioms: [propext, Classical.choice, Quot.sound]
'ASGinzburg.ZAlgebra.PeriodIso.cutEnvelopingDegreeEquiv_apply' depends on axioms: [propext,
 Classical.choice,
 Quot.sound]
'ASGinzburg.ZAlgebra.PeriodIso.cutEnvelopingDegreeInclusion' depends on axioms: [propext, Classical.choice, Quot.sound]
'ASGinzburg.ZAlgebra.PeriodIso.cutEnvelopingDegreeEquiv_inclusion' depends on axioms: [propext,
 Classical.choice,
 Quot.sound]
'ASGinzburg.ZAlgebra.PeriodIso.cutEnvelopingDegreePairFinEquiv' depends on axioms: [propext, Quot.sound]
'ASGinzburg.ZAlgebra.PeriodIso.cutEnvelopingDegreePairFintype' depends on axioms: [propext,
 Classical.choice,
 Quot.sound]
'ASGinzburg.ZAlgebra.PeriodIso.cutEnvelopingDegreePair_card' depends on axioms: [propext, Classical.choice, Quot.sound]
'ASGinzburg.ZAlgebra.PeriodIso.cutEnvelopingDegreePair_zero' depends on axioms: [propext, Quot.sound]
'ASGinzburg.regularEnvelopingGeneratorMap' depends on axioms: [propext, Quot.sound]
'ASGinzburg.regularEnvelopingGeneratorMap_surjective' depends on axioms: [propext, Quot.sound]
'ASGinzburg.regularEnvelopingModule_finite_of_cyclic' depends on axioms: [propext, Classical.choice, Quot.sound]
