'ASGinzburg.ordinaryFiniteProjectiveProperty' depends on axioms: [propext, Quot.sound]
'ASGinzburg.ordinaryModule_finiteFreeRetract' depends on axioms: [propext, Classical.choice, Quot.sound]
'ASGinzburg.ordinaryFiniteProjectiveProperty_iff' depends on axioms: [propext, Classical.choice, Quot.sound]
'ASGinzburg.ordinaryFiniteProjectiveProperty_of_retract' depends on axioms: [propext, Quot.sound]
'ASGinzburg.ordinaryFiniteProjectiveProperty_of_iso' depends on axioms: [propext, Quot.sound]
'ASGinzburg.ordinaryFiniteProjectiveProperty_of_isZero' depends on axioms: [propext, Classical.choice, Quot.sound]
'ASGinzburg.chainSingleZeroExtend_isZero_away' depends on axioms: [propext, Classical.choice, Quot.sound]
'ASGinzburg.chainSingleZeroExtendIso' depends on axioms: [propext, Classical.choice, Quot.sound]
'ASGinzburg.ordinaryFiniteProjectiveCochainProperty' depends on axioms: [propext, Quot.sound]
'ASGinzburg.ordinaryPerfectModuleProperty' depends on axioms: [propext, Classical.choice, Quot.sound]
'ASGinzburg.ordinaryFiniteProjectiveCochainProperty_term_finite' depends on axioms: [propext,
 Classical.choice,
 Quot.sound]
'ASGinzburg.ordinaryFiniteProjectiveCochainProperty_term_projective' depends on axioms: [propext,
 Classical.choice,
 Quot.sound]
'ASGinzburg.FiniteFourTermProjectiveResolution.perfectCochainComplex' depends on axioms: [propext,
 Classical.choice,
 Quot.sound]
'ASGinzburg.FiniteFourTermProjectiveResolution.perfectCochainComplex_term_finiteProjective' depends on axioms: [propext,
 Classical.choice,
 Quot.sound]
'ASGinzburg.FiniteFourTermProjectiveResolution.perfectCochainComplex_isZero_outside' depends on axioms: [propext,
 Classical.choice,
 Quot.sound]
'ASGinzburg.FiniteFourTermProjectiveResolution.perfectCochainComplex_perfect' depends on axioms: [propext,
 Classical.choice,
 Quot.sound]
'ASGinzburg.FiniteFourTermProjectiveResolution.perfectCochainAugmentation' depends on axioms: [propext,
 Classical.choice,
 Quot.sound]
'ASGinzburg.FiniteFourTermProjectiveResolution.perfectCochainAugmentation_quasiIso' depends on axioms: [propext,
 Classical.choice,
 Quot.sound]
'ASGinzburg.FiniteFourTermProjectiveResolution.ordinaryPerfectModule' depends on axioms: [propext,
 Classical.choice,
 Quot.sound]
'ASGinzburg.AlgebraHomologicallySmooth' depends on axioms: [propext, Classical.choice, Quot.sound]
'ASGinzburg.algebraHomologicallySmooth_of_finiteFourTermResolution' depends on axioms: [propext,
 Classical.choice,
 Quot.sound]
'ASGinzburg.ordinaryPerfectDerivedProperty' depends on axioms: [propext, Classical.choice, Quot.sound]
'ASGinzburg.ordinaryPerfectDerivedProperty_of_cochain' depends on axioms: [propext, Classical.choice, Quot.sound]
'ASGinzburg.ordinaryPerfectDerivedProperty_of_iso' depends on axioms: [propext, Classical.choice, Quot.sound]
'ASGinzburg.ordinaryPerfectModuleProperty_derived_single' depends on axioms: [propext, Classical.choice, Quot.sound]
'ASGinzburg.ordinaryPerfectModuleProperty_derived_degree_zero' depends on axioms: [propext,
 Classical.choice,
 Quot.sound]
