'ASGinzburg.envelopingTensorEvaluationRestrictedRightModule' depends on axioms: [propext, Quot.sound]
'ASGinzburg.envelopingTensorEvaluationRestrictedRightSMul' depends on axioms: [propext, Quot.sound]
'ASGinzburg.envelopingTensorEvaluationRightActionAt' depends on axioms: [propext, Quot.sound]
'ASGinzburg.envelopingTensorEvaluationShuffleRow' depends on axioms: [propext, Classical.choice, Quot.sound]
'ASGinzburg.envelopingTensorEvaluationShuffleRow_tmul' depends on axioms: [propext, Classical.choice, Quot.sound]
'ASGinzburg.envelopingTensorEvaluationShuffleRows' depends on axioms: [propext, Classical.choice, Quot.sound]
'ASGinzburg.envelopingTensorEvaluationShuffleBilinear' depends on axioms: [propext, Classical.choice, Quot.sound]
'ASGinzburg.envelopingTensorEvaluationDualSeed_first_action' depends on axioms: [propext, Classical.choice, Quot.sound]
'ASGinzburg.envelopingTensorEvaluationShuffle' depends on axioms: [propext, Classical.choice, Quot.sound]
'ASGinzburg.envelopingTensorEvaluationShuffle_tmul' depends on axioms: [propext, Classical.choice, Quot.sound]
'ASGinzburg.envelopingTensorEvaluationUnshuffleBilinear' depends on axioms: [propext, Classical.choice, Quot.sound]
'ASGinzburg.envelopingTensorEvaluationUnshuffleBilinear_contraction' depends on axioms: [propext,
 Classical.choice,
 Quot.sound]
'ASGinzburg.envelopingTensorEvaluationUnshuffleBilinear_balance' depends on axioms: [propext,
 Classical.choice,
 Quot.sound]
'ASGinzburg.envelopingTensorEvaluationUnshuffle' depends on axioms: [propext, Classical.choice, Quot.sound]
'ASGinzburg.envelopingTensorEvaluationUnshuffle_tmul' depends on axioms: [propext, Classical.choice, Quot.sound]
'ASGinzburg.envelopingTensorEvaluationUnshuffle_shuffle' depends on axioms: [propext, Classical.choice, Quot.sound]
'ASGinzburg.envelopingTensorEvaluationShuffle_unshuffle' depends on axioms: [propext, Classical.choice, Quot.sound]
'ASGinzburg.envelopingTensorEvaluationShuffleEquiv' depends on axioms: [propext, Classical.choice, Quot.sound]
'ASGinzburg.ordinaryRingDualTensorFieldSMulK' depends on axioms: [propext, Quot.sound]
'ASGinzburg.ordinaryFiniteProjectiveRingDualTensorFieldEquiv' depends on axioms: [propext, Classical.choice, Quot.sound]
'ASGinzburg.ordinaryFiniteProjectiveRingDualTensorFieldEquiv_tmul' depends on axioms: [propext,
 Classical.choice,
 Quot.sound]
