Current branch: HEAD
Using cache (Cloudflare) from origin: leanprover-community/mathlib4
Attempting to download 1882 file(s) from leanprover-community/mathlib4 cache

Downloaded: 1 file(s) [attempted 1/1882 = 0%, 124 KB/s]
Downloaded: 25 file(s) [attempted 25/1882 = 1%, 111 KB/s]
Downloaded: 42 file(s) [attempted 42/1882 = 2%, 8 KB/s]
Downloaded: 54 file(s) [attempted 54/1882 = 2%, 114 KB/s]
Downloaded: 72 file(s) [attempted 72/1882 = 3%, 79 KB/s]
Downloaded: 83 file(s) [attempted 83/1882 = 4%, 186 KB/s]
Downloaded: 92 file(s) [attempted 92/1882 = 4%, 133 KB/s]
Downloaded: 116 file(s) [attempted 116/1882 = 6%, 65 KB/s]
Downloaded: 124 file(s) [attempted 124/1882 = 6%, 15 KB/s]
Downloaded: 142 file(s) [attempted 142/1882 = 7%, 26 KB/s]
Downloaded: 157 file(s) [attempted 157/1882 = 8%, 8 KB/s]
Downloaded: 177 file(s) [attempted 177/1882 = 9%, 115 KB/s]
Downloaded: 186 file(s) [attempted 186/1882 = 9%, 75 KB/s]
Downloaded: 195 file(s) [attempted 195/1882 = 10%, 126 KB/s]
Downloaded: 214 file(s) [attempted 214/1882 = 11%, 333 KB/s]
Downloaded: 225 file(s) [attempted 225/1882 = 11%, 55 KB/s]
Downloaded: 236 file(s) [attempted 236/1882 = 12%, 83 KB/s]
Downloaded: 247 file(s) [attempted 247/1882 = 13%, 84 KB/s]
Downloaded: 265 file(s) [attempted 265/1882 = 14%, 40 KB/s]
Downloaded: 278 file(s) [attempted 278/1882 = 14%, 11 KB/s]
Downloaded: 285 file(s) [attempted 285/1882 = 15%, 444 KB/s]
Downloaded: 300 file(s) [attempted 300/1882 = 15%, 198 KB/s]
Downloaded: 313 file(s) [attempted 313/1882 = 16%, 37 KB/s]
Downloaded: 331 file(s) [attempted 331/1882 = 17%, 82 KB/s]
Downloaded: 348 file(s) [attempted 348/1882 = 18%, 47 KB/s]
Downloaded: 366 file(s) [attempted 366/1882 = 19%, 60 KB/s]
Downloaded: 383 file(s) [attempted 383/1882 = 20%, 23 KB/s]
Downloaded: 401 file(s) [attempted 401/1882 = 21%, 10 KB/s]
Downloaded: 412 file(s) [attempted 412/1882 = 21%, 27 KB/s]
Downloaded: 431 file(s) [attempted 431/1882 = 22%, 204 KB/s]
Downloaded: 449 file(s) [attempted 449/1882 = 23%, 22 KB/s]
Downloaded: 466 file(s) [attempted 466/1882 = 24%, 73 KB/s]
Downloaded: 482 file(s) [attempted 482/1882 = 25%, 286 KB/s]
Downloaded: 493 file(s) [attempted 493/1882 = 26%, 453 KB/s]
Downloaded: 506 file(s) [attempted 506/1882 = 26%, 340 KB/s]
Downloaded: 525 file(s) [attempted 525/1882 = 27%, 19 KB/s]
Downloaded: 539 file(s) [attempted 539/1882 = 28%, 25 KB/s]
Downloaded: 552 file(s) [attempted 552/1882 = 29%, 62 KB/s]
Downloaded: 567 file(s) [attempted 567/1882 = 30%, 53 KB/s]
Downloaded: 585 file(s) [attempted 585/1882 = 31%, 57 KB/s]
Downloaded: 594 file(s) [attempted 594/1882 = 31%, 155 KB/s]
Downloaded: 605 file(s) [attempted 605/1882 = 32%, 31 KB/s]
Downloaded: 624 file(s) [attempted 624/1882 = 33%, 174 KB/s]
Downloaded: 635 file(s) [attempted 635/1882 = 33%, 120 KB/s]
Downloaded: 653 file(s) [attempted 653/1882 = 34%, 33 KB/s]
Downloaded: 670 file(s) [attempted 670/1882 = 35%, 15 KB/s]
Downloaded: 688 file(s) [attempted 688/1882 = 36%, 146 KB/s]
Downloaded: 699 file(s) [attempted 699/1882 = 37%, 50 KB/s]
Downloaded: 714 file(s) [attempted 714/1882 = 37%, 51 KB/s]
Downloaded: 730 file(s) [attempted 730/1882 = 38%, 123 KB/s]
Downloaded: 747 file(s) [attempted 747/1882 = 39%, 14 KB/s]
Downloaded: 758 file(s) [attempted 758/1882 = 40%, 34 KB/s]
Downloaded: 773 file(s) [attempted 773/1882 = 41%, 25 KB/s]
Downloaded: 793 file(s) [attempted 793/1882 = 42%, 18 KB/s]
Downloaded: 804 file(s) [attempted 804/1882 = 42%, 187 KB/s]
Downloaded: 813 file(s) [attempted 813/1882 = 43%, 144 KB/s]
Downloaded: 830 file(s) [attempted 830/1882 = 44%, 110 KB/s]
Downloaded: 846 file(s) [attempted 846/1882 = 44%, 46 KB/s]
Downloaded: 863 file(s) [attempted 863/1882 = 45%, 444 KB/s]
Downloaded: 872 file(s) [attempted 872/1882 = 46%, 137 KB/s]
Downloaded: 890 file(s) [attempted 890/1882 = 47%, 331 KB/s]
Downloaded: 903 file(s) [attempted 903/1882 = 47%, 172 KB/s]
Downloaded: 920 file(s) [attempted 920/1882 = 48%, 301 KB/s]
Downloaded: 938 file(s) [attempted 938/1882 = 49%, 60 KB/s]
Downloaded: 953 file(s) [attempted 953/1882 = 50%, 298 KB/s]
Downloaded: 969 file(s) [attempted 969/1882 = 51%, 63 KB/s]
Downloaded: 979 file(s) [attempted 979/1882 = 52%, 37 KB/s]
Downloaded: 990 file(s) [attempted 990/1882 = 52%, 81 KB/s]
Downloaded: 1008 file(s) [attempted 1008/1882 = 53%, 35 KB/s]
Downloaded: 1026 file(s) [attempted 1026/1882 = 54%, 75 KB/s]
Downloaded: 1036 file(s) [attempted 1036/1882 = 55%, 258 KB/s]
Downloaded: 1054 file(s) [attempted 1054/1882 = 56%, 46 KB/s]
Downloaded: 1071 file(s) [attempted 1071/1882 = 56%, 16 KB/s]
Downloaded: 1091 file(s) [attempted 1091/1882 = 57%, 233 KB/s]
Downloaded: 1104 file(s) [attempted 1104/1882 = 58%, 110 KB/s]
Downloaded: 1122 file(s) [attempted 1122/1882 = 59%, 14 KB/s]
Downloaded: 1137 file(s) [attempted 1137/1882 = 60%, 222 KB/s]
Downloaded: 1146 file(s) [attempted 1146/1882 = 60%, 63 KB/s]
Downloaded: 1163 file(s) [attempted 1163/1882 = 61%, 155 KB/s]
Downloaded: 1183 file(s) [attempted 1183/1882 = 62%, 175 KB/s]
Downloaded: 1194 file(s) [attempted 1194/1882 = 63%, 158 KB/s]
Downloaded: 1214 file(s) [attempted 1214/1882 = 64%, 90 KB/s]
Downloaded: 1225 file(s) [attempted 1225/1882 = 65%, 170 KB/s]
Downloaded: 1238 file(s) [attempted 1238/1882 = 65%, 77 KB/s]
Downloaded: 1247 file(s) [attempted 1247/1882 = 66%, 22 KB/s]
Downloaded: 1266 file(s) [attempted 1266/1882 = 67%, 460 KB/s]
Downloaded: 1275 file(s) [attempted 1275/1882 = 67%, 51 KB/s]
Downloaded: 1290 file(s) [attempted 1290/1882 = 68%, 24 KB/s]
Downloaded: 1306 file(s) [attempted 1306/1882 = 69%, 12 KB/s]
Downloaded: 1323 file(s) [attempted 1323/1882 = 70%, 23 KB/s]
Downloaded: 1336 file(s) [attempted 1336/1882 = 70%, 55 KB/s]
Downloaded: 1349 file(s) [attempted 1349/1882 = 71%, 459 KB/s]
Downloaded: 1363 file(s) [attempted 1363/1882 = 72%, 88 KB/s]
Downloaded: 1378 file(s) [attempted 1378/1882 = 73%, 83 KB/s]
Downloaded: 1396 file(s) [attempted 1396/1882 = 74%, 105 KB/s]
Downloaded: 1413 file(s) [attempted 1413/1882 = 75%, 41 KB/s]
Downloaded: 1426 file(s) [attempted 1426/1882 = 75%, 208 KB/s]
Downloaded: 1446 file(s) [attempted 1446/1882 = 76%, 90 KB/s]
Downloaded: 1457 file(s) [attempted 1457/1882 = 77%, 37 KB/s]
Downloaded: 1472 file(s) [attempted 1472/1882 = 78%, 252 KB/s]
Downloaded: 1485 file(s) [attempted 1485/1882 = 78%, 170 KB/s]
Downloaded: 1496 file(s) [attempted 1496/1882 = 79%, 113 KB/s]
Downloaded: 1512 file(s) [attempted 1512/1882 = 80%, 49 KB/s]
Downloaded: 1531 file(s) [attempted 1531/1882 = 81%, 65 KB/s]
Downloaded: 1544 file(s) [attempted 1544/1882 = 82%, 148 KB/s]
Downloaded: 1558 file(s) [attempted 1558/1882 = 82%, 44 KB/s]
Downloaded: 1575 file(s) [attempted 1575/1882 = 83%, 15 KB/s]
Downloaded: 1582 file(s) [attempted 1582/1882 = 84%, 12 KB/s]
Downloaded: 1597 file(s) [attempted 1597/1882 = 84%, 39 KB/s]
Downloaded: 1612 file(s) [attempted 1612/1882 = 85%, 428 KB/s]
Downloaded: 1619 file(s) [attempted 1619/1882 = 86%, 39 KB/s]
Downloaded: 1632 file(s) [attempted 1632/1882 = 86%, 152 KB/s]
Downloaded: 1647 file(s) [attempted 1647/1882 = 87%, 77 KB/s]
Downloaded: 1661 file(s) [attempted 1661/1882 = 88%, 135 KB/s]
Downloaded: 1676 file(s) [attempted 1676/1882 = 89%, 33 KB/s]
Downloaded: 1689 file(s) [attempted 1689/1882 = 89%, 128 KB/s]
Downloaded: 1709 file(s) [attempted 1709/1882 = 90%, 63 KB/s]
Downloaded: 1724 file(s) [attempted 1724/1882 = 91%, 120 KB/s]
Downloaded: 1742 file(s) [attempted 1742/1882 = 92%, 24 KB/s]
Downloaded: 1755 file(s) [attempted 1755/1882 = 93%, 76 KB/s]
Downloaded: 1763 file(s) [attempted 1763/1882 = 93%, 50 KB/s]
Downloaded: 1785 file(s) [attempted 1785/1882 = 94%, 108 KB/s]
Downloaded: 1796 file(s) [attempted 1796/1882 = 95%, 95 KB/s]
Downloaded: 1812 file(s) [attempted 1812/1882 = 96%, 67 KB/s]
Downloaded: 1827 file(s) [attempted 1827/1882 = 97%, 18 KB/s]
Downloaded: 1840 file(s) [attempted 1840/1882 = 97%, 94 KB/s]
Downloaded: 1855 file(s) [attempted 1855/1882 = 98%, 21 KB/s]
Downloaded: 1869 file(s) [attempted 1869/1882 = 99%, 9 KB/s]
Downloaded: 1875 file(s) [attempted 1875/1882 = 99%, 14 KB/s]
Downloaded: 1882 file(s) [attempted 1882/1882 = 100%, 14 KB/s]
Decompressing 3090 file(s)
Unpacked in 4555 ms
Completed successfully!
