work/ASGinzburgDraft/GradedOrdinaryRingDualHomogeneousTopQuotient.lean:51:0: error: (deterministic) timeout at `whnf`, maximum number of heartbeats (200000) has been reached

Note: Use `set_option maxHeartbeats <num>` to set the limit.

Hint: Additional diagnostic information may be available using the `set_option diagnostics true` command.
work/ASGinzburgDraft/GradedOrdinaryRingDualHomogeneousTopQuotient.lean:65:24: error: Invalid field `ringDualHomogeneousTopQuotientToTopQuotient`: The environment does not contain `ASGinzburg.GradedOrdinaryModuleData.ringDualHomogeneousTopQuotientToTopQuotient`
  M
has type
  GradedOrdinaryModuleData k R G
work/ASGinzburgDraft/GradedOrdinaryRingDualHomogeneousTopQuotient.lean:87:25: error: Invalid field `ringDualHomogeneousTopQuotientToTopQuotient`: The environment does not contain `ASGinzburg.GradedOrdinaryModuleData.ringDualHomogeneousTopQuotientToTopQuotient`
  M
has type
  GradedOrdinaryModuleData k R G
work/ASGinzburgDraft/GradedOrdinaryRingDualHomogeneousTopQuotient.lean:89:76: error: Application type mismatch: The argument
  z
has type
  ?m.95 a ha q₀ hExact
of sort `Sort u_2` but is expected to have type
  ↑(ordinaryRingDual R M.ringModule) ⧸ LinearMap.range (ordinaryRingDualMapField a)
of sort `Type v` in the application
  ringDualTopQuotient_degree_surjective M L hG a q₀ hExact z
work/ASGinzburgDraft/GradedOrdinaryRingDualHomogeneousTopQuotient.lean:99:27: error: Invalid field `ringDualHomogeneousTopQuotientToTopQuotient`: The environment does not contain `ASGinzburg.GradedOrdinaryModuleData.ringDualHomogeneousTopQuotientToTopQuotient`
  M
has type
  GradedOrdinaryModuleData k R G
work/ASGinzburgDraft/GradedOrdinaryRingDualHomogeneousTopQuotient.lean:100:5: error: Invalid field `ringDualHomogeneousTopQuotientToTopQuotient_injective`: The environment does not contain `ASGinzburg.GradedOrdinaryModuleData.ringDualHomogeneousTopQuotientToTopQuotient_injective`
  M
has type
  GradedOrdinaryModuleData k R G
work/ASGinzburgDraft/GradedOrdinaryRingDualHomogeneousTopQuotient.lean:101:6: error: Invalid field `ringDualHomogeneousTopQuotientToTopQuotient_surjective`: The environment does not contain `ASGinzburg.GradedOrdinaryModuleData.ringDualHomogeneousTopQuotientToTopQuotient_surjective`
  M
has type
  GradedOrdinaryModuleData k R G
