work/ASGinzburgDraft/GradedOrdinaryRingDualTopQuotientFinite.lean:16:19: error: unsolved goals
case h
k : Type u
inst✝² : Field k
R : Type v
inst✝¹ : Ring R
inst✝ : Algebra k R
P Q : ModuleCat R
a : P ⟶ Q
c : k
f : ↑(ordinaryRingDual R Q)
x : ↑P
⊢ ((ordinaryRingDualMap R a) (c • f)) x = ((RingHom.id k) c • (ordinaryRingDualMap R a) f) x
work/ASGinzburgDraft/GradedOrdinaryRingDualTopQuotientFinite.lean:19:15: warning: This simp argument is unused:
  ordinaryRingDualMap_apply

Hint: Omit it from the simp argument list.
  simp only [̵o̵r̵d̵i̵n̵a̵r̵y̵R̵i̵n̵g̵D̵u̵a̵l̵M̵a̵p̵_̵a̵p̵p̵l̵y̵,̵ ̵o̵r̵d̵i̵n̵a̵r̵y̵R̵i̵n̵g̵D̵u̵a̵l̵_̵f̵i̵e̵l̵d̵_̵s̵m̵u̵l̵_̵a̵p̵p̵l̵y̵]̵[̲o̲r̲d̲i̲n̲a̲r̲y̲R̲i̲n̲g̲D̲u̲a̲l̲_̲f̲i̲e̲l̲d̲_̲s̲m̲u̲l̲_̲a̲p̲p̲l̲y̲]̲

Note: This linter can be disabled with `set_option linter.unusedSimpArgs false`
work/ASGinzburgDraft/GradedOrdinaryRingDualTopQuotientFinite.lean:19:42: warning: This simp argument is unused:
  ordinaryRingDual_field_smul_apply

Hint: Omit it from the simp argument list.
  simp only [ordinaryRingDualMap_apply,̵ ̵o̵r̵d̵i̵n̵a̵r̵y̵R̵i̵n̵g̵D̵u̵a̵l̵_̵f̵i̵e̵l̵d̵_̵s̵m̵u̵l̵_̵a̵p̵p̵l̵y̵]

Note: This linter can be disabled with `set_option linter.unusedSimpArgs false`
work/ASGinzburgDraft/GradedOrdinaryRingDualTopQuotientFinite.lean:40:10: error(lean.unknownIdentifier): Unknown constant `Submodule.Quotient.eq_zero_iff_mem.mpr`
work/ASGinzburgDraft/GradedOrdinaryRingDualTopQuotientFinite.lean:41:4: error: No goals to be solved
