'ASGinzburg.ordinaryRingDualExtStandardDerivedCategory' depends on axioms: [propext, Classical.choice, Quot.sound]
'ASGinzburg.ordinaryRingDualExtHomModule' depends on axioms: [propext, Quot.sound]
'ASGinzburg.ordinaryRingDualCategoricalHomFieldEquiv' depends on axioms: [propext, Quot.sound]
'ASGinzburg.ordinaryRingDualCategoricalHomFieldEquiv_precomp' depends on axioms: [propext, Quot.sound]
'ASGinzburg.ordinaryRingDualToActualExtThree' depends on axioms: [propext, Classical.choice, Quot.sound]
'ASGinzburg.ordinaryRingDualToActualExtThree_surjective' depends on axioms: [propext, Classical.choice, Quot.sound]
'ASGinzburg.ordinaryRingDualToActualExtThree_boundary_eq_zero' depends on axioms: [propext,
 Classical.choice,
 Quot.sound]
'ASGinzburg.ordinaryRingDualTopQuotientToActualExtThree' depends on axioms: [propext, Classical.choice, Quot.sound]
'ASGinzburg.ordinaryRingDualTopQuotientToActualExtThree_surjective' depends on axioms: [propext,
 Classical.choice,
 Quot.sound]
'ASGinzburg.actualOrdinaryExtThree_finite_of_ringDualTopQuotient_finite' depends on axioms: [propext,
 Classical.choice,
 Quot.sound]
'ASGinzburg.ZAlgebra.ASRegular.cutOrdinarySimpleHomogeneousRegular_cycle_zero' depends on axioms: [propext,
 Classical.choice,
 Quot.sound]
'ASGinzburg.ZAlgebra.ASRegular.cutOrdinarySimpleHomogeneousRegular_boundary_low' depends on axioms: [propext,
 Classical.choice,
 Quot.sound]
