'ASGinzburg.GradedOrdinaryModuleData.ringDualMapDegree' depends on axioms: [propext, Classical.choice, Quot.sound]
'ASGinzburg.GradedOrdinaryModuleData.ringDualGradeHasQuotient' depends on axioms: [propext,
 Classical.choice,
 Quot.sound]
'ASGinzburg.GradedOrdinaryModuleData.ringDualHomogeneousTopQuotient' depends on axioms: [propext,
 Classical.choice,
 Quot.sound]
'ASGinzburg.ordinaryRingDualUnbundledAddCommGroup' depends on axioms: [propext, Quot.sound]
'ASGinzburg.ordinaryRingDualUnbundledFieldModule' depends on axioms: [propext, Quot.sound]
'ASGinzburg.GradedOrdinaryModuleData.ringDualGradeToTopQuotient' depends on axioms: [propext,
 Classical.choice,
 Quot.sound]
'ASGinzburg.GradedOrdinaryModuleData.ringDualGradeToTopQuotient_apply' depends on axioms: [propext,
 Classical.choice,
 Quot.sound]
'ASGinzburg.GradedOrdinaryModuleData.ringDualMapDegree_val' depends on axioms: [propext, Classical.choice, Quot.sound]
'ASGinzburg.GradedOrdinaryModuleData.ringDualHomogeneousTopQuotientToTopQuotient' depends on axioms: [propext,
 Classical.choice,
 Quot.sound]
'ASGinzburg.GradedOrdinaryModuleData.ringDualHomogeneousTopQuotientToTopQuotient_injective' depends on axioms: [propext,
 Classical.choice,
 Quot.sound]
'ASGinzburg.GradedOrdinaryModuleData.ringDualHomogeneousTopQuotientToTopQuotient_surjective' depends on axioms: [propext,
 Classical.choice,
 Quot.sound]
'ASGinzburg.GradedOrdinaryModuleData.ringDualHomogeneousTopQuotientEquiv' depends on axioms: [propext,
 Classical.choice,
 Quot.sound]
'ASGinzburg.ZAlgebra.ASRegular.cutOrdinarySimpleRingDual_homogeneousTopQuotientEquiv' depends on axioms: [propext,
 Classical.choice,
 Quot.sound]
'ASGinzburg.ZAlgebra.ASRegular.cutOrdinaryTopDegreeToGradedExt' depends on axioms: [propext,
 Classical.choice,
 Quot.sound]
'ASGinzburg.ZAlgebra.ASRegular.cutOrdinaryTopDegreeToGradedExt_surjective' depends on axioms: [propext,
 Classical.choice,
 Quot.sound]
'ASGinzburg.GradedOrdinaryModuleData.topCoverCone_cover_mono' depends on axioms: [propext, Classical.choice, Quot.sound]
'ASGinzburg.GradedOrdinaryModuleData.topCoverCone_cover_isIso' depends on axioms: [propext,
 Classical.choice,
 Quot.sound]
'ASGinzburg.GradedOrdinaryModuleData.topCoverCone_topCokernel_projective' depends on axioms: [propext,
 Classical.choice,
 Quot.sound]
'ASGinzburg.ZAlgebra.ASRegular.cutGradedRegularTopHomQuotientFieldEquiv' depends on axioms: [propext,
 Classical.choice,
 Quot.sound]
'ASGinzburg.cochain_first_d_mono_of_exactAt_zero' depends on axioms: [propext, Classical.choice, Quot.sound]
'ASGinzburg.cochain_low_shortComplex_exact' depends on axioms: [propext, Classical.choice, Quot.sound]
'ASGinzburg.ZAlgebra.ASRegular.cutEnvelopingMinimalRingHomRightNatComplex_term_projective' depends on axioms: [propext,
 Classical.choice,
 Quot.sound]
'ASGinzburg.ZAlgebra.ASRegular.cutEnvelopingMinimalRingHomRightTermData_projective' depends on axioms: [propext,
 Classical.choice,
 Quot.sound]
'ASGinzburg.ZAlgebra.ASRegular.cutEnvelopingMinimalRingHomRightTermData_common_lower_bound' depends on axioms: [propext,
 Classical.choice,
 Quot.sound]
'ASGinzburg.GradedOrdinaryModuleData.binaryProductFunctorUniverse_coordinates' depends on axioms: [propext,
 Classical.choice,
 Quot.sound]
'ASGinzburg.GradedOrdinaryModuleData.topCoverConeFunctorUniverse_exact_one' depends on axioms: [propext,
 Classical.choice,
 Quot.sound]
'ASGinzburg.GradedOrdinaryModuleData.topCoverConeFunctorUniverse_outgoing_epi' depends on axioms: [propext,
 Classical.choice,
 Quot.sound]
'ASGinzburg.GradedOrdinaryModuleData.topCoverConeFunctorUniverse_exact_two' depends on axioms: [propext,
 Classical.choice,
 Quot.sound]
'ASGinzburg.ZAlgebra.PeriodIso.cutGradedTensor_nativeTopCoverCone_exact' depends on axioms: [propext,
 Classical.choice,
 Quot.sound]
'ASGinzburg.ZAlgebra.PeriodIso.cutGradedTensor_lowExact_topCokernel_projective' depends on axioms: [propext,
 Classical.choice,
 Quot.sound]
'ASGinzburg.ZAlgebra.ASRegular.cutEnvelopingMinimalRingHomRight_lowExact_top_projective' depends on axioms: [propext,
 Classical.choice,
 Quot.sound]
'ASGinzburg.ZAlgebra.ASRegular.cutEnvelopingMinimalRingHomRight_exactAt_low' depends on axioms: [propext,
 Classical.choice,
 Quot.sound]
'ASGinzburg.ZAlgebra.ASRegular.cutEnvelopingMinimalRingHom_exactAt_low' depends on axioms: [propext,
 Classical.choice,
 Quot.sound]
'ASGinzburg.ZAlgebra.ASRegular.cutEnvelopingRingDualExt_isZero_low' depends on axioms: [propext,
 Classical.choice,
 Quot.sound]
'ASGinzburg.ZAlgebra.ASRegular.cutEnvelopingRingDualExt_isZero_other' depends on axioms: [propext,
 Classical.choice,
 Quot.sound]
'ASGinzburg.moduleCatShortComplexHomologyIsoRangeQuotient' depends on axioms: [propext, Classical.choice, Quot.sound]
'ASGinzburg.moduleCatCochainTopCokernelIso' depends on axioms: [propext, Classical.choice, Quot.sound]
'ASGinzburg.moduleCatCochainHomologyThreeIsoTopCokernel' depends on axioms: [propext, Classical.choice, Quot.sound]
'ASGinzburg.moduleCatShortComplexZeroOutgoingMapHomologyIso' depends on axioms: [propext, Classical.choice, Quot.sound]
'ASGinzburg.moduleCatCochainTopHomologyFunctorIso' depends on axioms: [propext, Classical.choice, Quot.sound]
'ASGinzburg.moduleCatCochainHomologyThreeFunctorIso' depends on axioms: [propext, Classical.choice, Quot.sound]
'ASGinzburg.ZAlgebra.ASRegular.cutEnvelopingMinimalRingHomRight_homology_three_projective' depends on axioms: [propext,
 Classical.choice,
 Quot.sound]
'ASGinzburg.ZAlgebra.ASRegular.cutEnvelopingMinimalRingHomRightHomologyIso' depends on axioms: [propext,
 Classical.choice,
 Quot.sound]
'ASGinzburg.ZAlgebra.ASRegular.cutEnvelopingRingDualExtRightHomologyIso' depends on axioms: [propext,
 Classical.choice,
 Quot.sound]
'ASGinzburg.ZAlgebra.ASRegular.cutEnvelopingRingDualExt_three_right_projective' depends on axioms: [propext,
 Classical.choice,
 Quot.sound]
'ASGinzburg.ZAlgebra.ASRegular.cutEnvelopingMinimalRingHom_homology_isZero_other' depends on axioms: [propext,
 Classical.choice,
 Quot.sound]
'ASGinzburg.ZAlgebra.ASRegular.cutEnvelopingMinimalRingHom_top_outgoing_zero' depends on axioms: [propext,
 Classical.choice,
 Quot.sound]
'ASGinzburg.ZAlgebra.ASRegular.cutEnvelopingMinimalRingHomTopAugmentation' depends on axioms: [propext,
 Classical.choice,
 Quot.sound]
'ASGinzburg.ZAlgebra.ASRegular.cutEnvelopingMinimalRingHomTopAugmentation_quasiIso' depends on axioms: [propext,
 Classical.choice,
 Quot.sound]
'ASGinzburg.ZAlgebra.ASRegular.cutEnvelopingRingDualExtThreeSemisimpleHomologyIso' depends on axioms: [propext,
 Classical.choice,
 Quot.sound]
'ASGinzburg.ZAlgebra.PeriodIso.cutOrdinaryRingDualTopShiftedHomQuotientEquiv' depends on axioms: [propext,
 Classical.choice,
 Quot.sound]
'ASGinzburg.ZAlgebra.PeriodIso.cutOrdinaryRingDualTopShiftedHomQuotientEquiv_mk' depends on axioms: [propext,
 Classical.choice,
 Quot.sound]
'ASGinzburg.ZAlgebra.PeriodIso.cutOrdinaryRingDualTopHomAddCommGroup' depends on axioms: [propext,
 Classical.choice,
 Quot.sound]
'ASGinzburg.ZAlgebra.PeriodIso.cutOrdinaryRingDualTopHomFieldModule' depends on axioms: [propext,
 Classical.choice,
 Quot.sound]
'ASGinzburg.ZAlgebra.ASRegular.cutOrdinarySimpleRingDual_topShiftedHomQuotientEquiv' depends on axioms: [propext,
 Classical.choice,
 Quot.sound]
'ASGinzburg.ZAlgebra.ASRegular.cutOrdinarySimpleRingDual_topQuotientFieldEquiv' depends on axioms: [propext,
 Classical.choice,
 Quot.sound]
'ASGinzburg.ZAlgebra.ASRegular.cutOrdinarySimpleExt_regular_three_fieldEquiv' depends on axioms: [propext,
 Classical.choice,
 Quot.sound]
'ASGinzburg.ZAlgebra.ASRegular.cutOrdinarySimpleExt_rightRegular_three_fieldEquiv' depends on axioms: [propext,
 Classical.choice,
 Quot.sound]
'ASGinzburg.ZAlgebra.ASRegular.cutSemisimpleRightExt_rightRegular_three_vertexFieldEquiv' depends on axioms: [propext,
 Classical.choice,
 Quot.sound]
'ASGinzburg.ZAlgebra.ASRegular.cutSemisimpleRightExt_rightRegular_three_finrank' depends on axioms: [propext,
 Classical.choice,
 Quot.sound]
'ASGinzburg.ZAlgebra.ASRegular.cutSemisimpleRightExt_rightRegular_three_vertexFieldEquiv_apply' depends on axioms: [propext,
 Classical.choice,
 Quot.sound]
'ASGinzburg.exactExtFiniteBiproductLinearEquiv_apply' depends on axioms: [propext, Classical.choice, Quot.sound]
'ASGinzburg.exactExtSourceIsoLinearEquiv_symm_apply' depends on axioms: [propext, Classical.choice, Quot.sound]
'ASGinzburg.exactExtFiniteBiproductSourceIsoFieldEquiv_apply' depends on axioms: [propext, Classical.choice, Quot.sound]
'ASGinzburg.ZAlgebra.ASRegular.cutEnvelopingRingHomCochainHomology_isZero_other' depends on axioms: [propext,
 Classical.choice,
 Quot.sound]
'ASGinzburg.ZAlgebra.ASRegular.cutEnvelopingRingHomCochain_top_outgoing_zero' depends on axioms: [propext,
 Classical.choice,
 Quot.sound]
'ASGinzburg.ZAlgebra.ASRegular.cutEnvelopingRingHomCochainTopAugmentation' depends on axioms: [propext,
 Classical.choice,
 Quot.sound]
'ASGinzburg.ZAlgebra.ASRegular.cutEnvelopingRingHomCochainTopAugmentation_quasiIso' depends on axioms: [propext,
 Classical.choice,
 Quot.sound]
'ASGinzburg.ZAlgebra.ASRegular.cutEnvelopingRingHomDerivedConcentrationIso' depends on axioms: [propext,
 Classical.choice,
 Quot.sound]
'ASGinzburg.ZAlgebra.ASRegular.cutEnvelopingRingDualExt_three_derived_perfect' depends on axioms: [propext,
 Classical.choice,
 Quot.sound]
'ASGinzburg.moduleCatULiftFunctorPreservesHomology' depends on axioms: [propext, Classical.choice, Quot.sound]
'ASGinzburg.ZAlgebra.ASRegular.cutEnvelopingMinimalReducedRingHomOrdinaryFieldComplexIso' depends on axioms: [propext,
 Classical.choice,
 Quot.sound]
