[diag] Diagnostics
  [reduction] unfolded declarations (max: 263, num: 14):
    [reduction] NonUnitalNonAssocSemiring.toMul ↦ 263
    [reduction] Membership.mem ↦ 68
    [reduction] HMul.hMul ↦ 62
    [reduction] Mul.mul ↦ 62
    [reduction] Quiver.Hom ↦ 56
    [reduction] SMul.smul ↦ 52
    [reduction] DFunLike.coe ↦ 47
    [reduction] Add.add ↦ 44
    [reduction] SetLike.coe ↦ 43
    [reduction] HSMul.hSMul ↦ 40
    [reduction] Set.Mem ↦ 35
    [reduction] HAdd.hAdd ↦ 33
    [reduction] Set ↦ 27
    [reduction] AddMonoid.toZero ↦ 21
  [reduction] unfolded instances (max: 2595, num: 64):
    [reduction] Semiring.toNonUnitalSemiring ↦ 2595
    [reduction] Ring.toSemiring ↦ 2413
    [reduction] NonUnitalSemiring.toNonUnitalNonAssocSemiring ↦ 2138
    [reduction] NonAssocSemiring.toNonUnitalNonAssocSemiring ↦ 1407
    [reduction] Semiring.toNonAssocSemiring ↦ 1407
    [reduction] AddCommGroup.toAddGroup ↦ 1330
    [reduction] NonUnitalNonAssocSemiring.toAddCommMonoid ↦ 1166
    [reduction] AddGroup.toSubNegMonoid ↦ 1161
    [reduction] AddCommMonoid.toAddMonoid ↦ 1033
    [reduction] NonUnitalNonAssocRing.toAddCommGroup ↦ 593
    [reduction] SubNegMonoid.toAddMonoid ↦ 571
    [reduction] CommSemiring.toSemiring ↦ 542
    [reduction] NonUnitalNonAssocRing.toNonUnitalNonAssocSemiring ↦ 419
    [reduction] NonAssocRing.toNonUnitalNonAssocRing ↦ 386
    [reduction] Ring.toNonAssocRing ↦ 386
    [reduction] Module.toDistribMulAction ↦ 281
    [reduction] MulZeroClass.toMul ↦ 248
    [reduction] DistribMulAction.toMulAction ↦ 245
    [reduction] AddMonoid.toAddSemigroup ↦ 201
    [reduction] AddCommMonoid.toAddCommSemigroup ↦ 190
    [reduction] AddCommSemigroup.toAddSemigroup ↦ 190
    [reduction] Semiring.toMonoidWithZero ↦ 184
    [reduction] SMulZeroClass.toSMul ↦ 175
    [reduction] AddCommGroup.toAddCommMonoid ↦ 171
    [reduction] MonoidWithZero.toMonoid ↦ 166
    [reduction] DistribSMul.toSMulZeroClass ↦ 150
    [reduction] Monoid.toSemigroup ↦ 148
    [reduction] MonoidWithZero.toMulZeroOneClass ↦ 148
    [reduction] MulOne.toMul ↦ 148
    [reduction] MulOneClass.toMulOne ↦ 148
    [reduction] MulZeroOneClass.toMulOneClass ↦ 148
    [reduction] MulZeroOneClass.toMulZeroClass ↦ 148
    [reduction] Semigroup.toMul ↦ 148
    [reduction] AddSemigroup.toAdd ↦ 139
    [reduction] Ring.toAddCommGroup ↦ 138
    [reduction] DistribMulAction.toDistribSMul ↦ 131
    [reduction] MulAction.toSMul ↦ 125
    [reduction] AddCommMagma.toAdd ↦ 117
    [reduction] AddCommSemigroup.toAddCommMagma ↦ 117
    [reduction] NonUnitalNonAssocSemiring.toMulZeroClass ↦ 100
    [reduction] Algebra.toModule ↦ 77
    [reduction] Field.toCommRing ↦ 67
    [reduction] DivisionSemiring.toSemiring ↦ 63
    [reduction] instHMul ↦ 62
    [reduction] CommRing.toRing ↦ 62
    [reduction] AddZeroClass.toAddZero ↦ 60
    [reduction] Semifield.toDivisionSemiring ↦ 57
    [reduction] MulZeroClass.toSMulWithZero ↦ 56
    [reduction] SMulWithZero.toSMulZeroClass ↦ 56
    [reduction] instHAdd ↦ 55
    [reduction] DivisionRing.toRing ↦ 52
    [reduction] Field.toDivisionRing ↦ 52
    [reduction] LinearMap.instFunLike ↦ 45
    [reduction] instHSMul ↦ 40
    [reduction] Set.instMembership ↦ 37
    [reduction] AddZero.toAdd ↦ 32
    [reduction] Semiring.toModule ↦ 32
    [reduction] MonoidWithZero.toMulActionWithZero ↦ 31
    [reduction] MulActionWithZero.toMulAction ↦ 31
    [reduction] AddZero.toZero ↦ 28
    [reduction] SetLike.instMembership ↦ 27
    [reduction] Submodule.setLike ↦ 26
    [reduction] instDistribSMul ↦ 25
    [reduction] Pi.instAdd ↦ 22
  [reduction] unfolded reducible declarations (max: 495, num: 15):
    [reduction] ModuleCat.carrier ↦ 495
    [reduction] ordinaryRingDual ↦ 442
    [reduction] ModuleCat.of ↦ 442
    [reduction] outParam ↦ 144
    [reduction] LinearMap.toAddHom ↦ 96
    [reduction] ringModule ↦ 82
    [reduction] FunLike ↦ 79
    [reduction] AddSubmonoid.toAddSubsemigroup ↦ 64
    [reduction] Submodule.toAddSubmonoid ↦ 62
    [reduction] Function.Injective.addZeroClass ↦ 48
    [reduction] AddHom.toFun ↦ 46
    [reduction] AddSubsemigroup.carrier ↦ 37
    [reduction] Function.Injective.addCommMonoid ↦ 36
    [reduction] Function.Injective.addMonoid ↦ 32
    [reduction] AddSubgroup.toAddSubmonoid ↦ 24
  [type_class] used instances (max: 33, num: 1):
    [type_class] Semiring.toModule ↦ 33
  [type_class] max synth pending failures (maxSynthPendingDepth: 1), use `set_option maxSynthPendingDepth <limit>`
    [type_class] AddCommGroup R
  [def_eq] heuristic for solving `f a =?= f b` (max: 34, num: 3):
    [def_eq] NonUnitalNonAssocSemiring.toAddCommMonoid ↦ 34
    [def_eq] AddCommMonoid.toAddMonoid ↦ 32
    [def_eq] Semiring.toNonUnitalSemiring ↦ 27
  use `set_option diagnostics.threshold <num>` to control threshold for reporting counters
work/homogeneous-top-quotient-lift-diagnostic.lean:53:0: error: (deterministic) timeout at `whnf`, maximum number of heartbeats (5000) has been reached

Note: Use `set_option maxHeartbeats <num>` to set the limit.
