work/ASGinzburgDraft/ASCutOrdinaryRegularTopQuotientFinite.lean:44:21: error: overloaded, errors 
  45:7 failed to synthesize
    SemilinearMapClass
      (↑(ordinaryRingDual (CutGradedAlgebra A Q hAS)ᵐᵒᵖ
            ((cutForgottenGradedSimpleProjectiveResolution A Q hAS i).complex.X 2)) →ₗ[k]
        ↑(ordinaryRingDual (CutGradedAlgebra A Q hAS)ᵐᵒᵖ
            ((cutForgottenGradedSimpleProjectiveResolution A Q hAS i).complex.X 3)))
      (RingHom.id k)
      ↑(ordinaryRingDual (CutGradedAlgebra A Q hAS)ᵐᵒᵖ
          ((cutForgottenGradedSimpleProjectiveResolution A Q hAS i).complex.X 2))
      ↑(ordinaryRingDual (CutGradedAlgebra A Q hAS)ᵐᵒᵖ
          ((cutForgottenGradedSimpleProjectiveResolution A Q hAS i).complex.X 3))
  
  Hint: Additional diagnostic information may be available using the `set_option diagnostics true` command.
  
  45:7 failed to synthesize
    SemilinearMapClass
      (↑(ordinaryRingDual (CutGradedAlgebra A Q hAS)ᵐᵒᵖ
            ((cutForgottenGradedSimpleProjectiveResolution A Q hAS i).complex.X 2)) →ₗ[k]
        ↑(ordinaryRingDual (CutGradedAlgebra A Q hAS)ᵐᵒᵖ
            ((cutForgottenGradedSimpleProjectiveResolution A Q hAS i).complex.X 3)))
      (RingHom.id k)
      ↑(ordinaryRingDual (CutGradedAlgebra A Q hAS)ᵐᵒᵖ
          ((cutForgottenGradedSimpleProjectiveResolution A Q hAS i).complex.X 2))
      ↑(ordinaryRingDual (CutGradedAlgebra A Q hAS)ᵐᵒᵖ
          ((cutForgottenGradedSimpleProjectiveResolution A Q hAS i).complex.X 3))
  
  Hint: Additional diagnostic information may be available using the `set_option diagnostics true` command.
