[diag] Diagnostics
  [reduction] unfolded instances (max: 93, num: 7):
    [reduction] Semiring.toNonUnitalSemiring ↦ 93
    [reduction] Ring.toSemiring ↦ 85
    [reduction] NonUnitalSemiring.toNonUnitalNonAssocSemiring ↦ 79
    [reduction] NonAssocSemiring.toNonUnitalNonAssocSemiring ↦ 65
    [reduction] Semiring.toNonAssocSemiring ↦ 65
    [reduction] NonUnitalNonAssocSemiring.toAddCommMonoid ↦ 30
    [reduction] AddCommMonoid.toAddMonoid ↦ 24
  use `set_option diagnostics.threshold <num>` to control threshold for reporting counters
[diag] Diagnostics
  [reduction] unfolded instances (max: 93, num: 7):
    [reduction] Semiring.toNonUnitalSemiring ↦ 93
    [reduction] Ring.toSemiring ↦ 85
    [reduction] NonUnitalSemiring.toNonUnitalNonAssocSemiring ↦ 79
    [reduction] NonAssocSemiring.toNonUnitalNonAssocSemiring ↦ 65
    [reduction] Semiring.toNonAssocSemiring ↦ 65
    [reduction] NonUnitalNonAssocSemiring.toAddCommMonoid ↦ 30
    [reduction] AddCommMonoid.toAddMonoid ↦ 24
  use `set_option diagnostics.threshold <num>` to control threshold for reporting counters
[diag] Diagnostics
  [reduction] unfolded instances (max: 183, num: 7):
    [reduction] Semiring.toNonUnitalSemiring ↦ 183
    [reduction] Ring.toSemiring ↦ 175
    [reduction] NonUnitalSemiring.toNonUnitalNonAssocSemiring ↦ 169
    [reduction] NonAssocSemiring.toNonUnitalNonAssocSemiring ↦ 146
    [reduction] Semiring.toNonAssocSemiring ↦ 146
    [reduction] NonUnitalNonAssocSemiring.toAddCommMonoid ↦ 66
    [reduction] AddCommMonoid.toAddMonoid ↦ 51
  [reduction] unfolded reducible declarations (max: 41, num: 1):
    [reduction] outParam ↦ 41
  use `set_option diagnostics.threshold <num>` to control threshold for reporting counters
[diag] Diagnostics
  [reduction] unfolded declarations (max: 258, num: 10):
    [reduction] NonUnitalNonAssocSemiring.toMul ↦ 258
    [reduction] DFunLike.coe ↦ 82
    [reduction] HMul.hMul ↦ 66
    [reduction] Mul.mul ↦ 66
    [reduction] SMul.smul ↦ 60
    [reduction] HSMul.hSMul ↦ 48
    [reduction] Membership.mem ↦ 28
    [reduction] Add.add ↦ 26
    [reduction] HAdd.hAdd ↦ 26
    [reduction] Quiver.Hom ↦ 24
  [reduction] unfolded instances (max: 1900, num: 52):
    [reduction] Semiring.toNonUnitalSemiring ↦ 1900
    [reduction] Ring.toSemiring ↦ 1730
    [reduction] NonUnitalSemiring.toNonUnitalNonAssocSemiring ↦ 1611
    [reduction] Semiring.toNonAssocSemiring ↦ 1222
    [reduction] NonAssocSemiring.toNonUnitalNonAssocSemiring ↦ 1218
    [reduction] NonUnitalNonAssocSemiring.toAddCommMonoid ↦ 562
    [reduction] AddCommMonoid.toAddMonoid ↦ 451
    [reduction] CommSemiring.toSemiring ↦ 370
    [reduction] Module.toDistribMulAction ↦ 263
    [reduction] DistribMulAction.toMulAction ↦ 239
    [reduction] SMulZeroClass.toSMul ↦ 235
    [reduction] MulZeroClass.toMul ↦ 228
    [reduction] Semiring.toMonoidWithZero ↦ 198
    [reduction] MulOne.toMul ↦ 192
    [reduction] MulOneClass.toMulOne ↦ 192
    [reduction] MonoidWithZero.toMonoid ↦ 186
    [reduction] Monoid.toSemigroup ↦ 174
    [reduction] Semigroup.toMul ↦ 174
    [reduction] DistribSMul.toSMulZeroClass ↦ 166
    [reduction] NonAssocRing.toNonUnitalNonAssocRing ↦ 164
    [reduction] Ring.toNonAssocRing ↦ 164
    [reduction] MulAction.toSMul ↦ 162
    [reduction] AddCommGroup.toAddGroup ↦ 160
    [reduction] AddGroup.toSubNegMonoid ↦ 160
    [reduction] NonUnitalNonAssocRing.toAddCommGroup ↦ 160
    [reduction] NonUnitalNonAssocRing.toNonUnitalNonAssocSemiring ↦ 160
    [reduction] SubNegMonoid.toAddMonoid ↦ 160
    [reduction] MonoidWithZero.toMulZeroOneClass ↦ 156
    [reduction] MulZeroOneClass.toMulOneClass ↦ 156
    [reduction] MulZeroOneClass.toMulZeroClass ↦ 156
    [reduction] DistribMulAction.toDistribSMul ↦ 152
    [reduction] SMulWithZero.toSMulZeroClass ↦ 91
    [reduction] MulActionWithZero.toMulAction ↦ 75
    [reduction] NonUnitalNonAssocSemiring.toMulZeroClass ↦ 72
    [reduction] MulZeroClass.toSMulWithZero ↦ 71
    [reduction] LinearMap.instFunLike ↦ 68
    [reduction] instHMul ↦ 66
    [reduction] Algebra.toModule ↦ 66
    [reduction] MonoidWithZero.toMulActionWithZero ↦ 55
    [reduction] Semiring.toModule ↦ 55
    [reduction] instHAdd ↦ 42
    [reduction] instHSMul ↦ 40
    [reduction] AddMonoid.toAddSemigroup ↦ 39
    [reduction] DivisionSemiring.toSemiring ↦ 37
    [reduction] Semifield.toDivisionSemiring ↦ 37
    [reduction] Monoid.toMulOneClass ↦ 36
    [reduction] AddSemigroup.toAdd ↦ 35
    [reduction] AddCommMonoid.toAddCommSemigroup ↦ 32
    [reduction] AddCommSemigroup.toAddSemigroup ↦ 32
    [reduction] AddCommMagma.toAdd ↦ 28
    [reduction] AddCommSemigroup.toAddCommMagma ↦ 28
    [reduction] Algebra.toSMul ↦ 24
  [reduction] unfolded reducible declarations (max: 260, num: 8):
    [reduction] ModuleCat.carrier ↦ 260
    [reduction] ordinaryRingDual ↦ 214
    [reduction] ModuleCat.of ↦ 214
    [reduction] LinearMap.toAddHom ↦ 118
    [reduction] Subtype.val ↦ 96
    [reduction] outParam ↦ 66
    [reduction] AddHom.toFun ↦ 62
    [reduction] ringModule ↦ 50
  [type_class] used instances (max: 24, num: 1):
    [type_class] Semiring.toModule ↦ 24
  [def_eq] heuristic for solving `f a =?= f b` (max: 24, num: 2):
    [def_eq] NonUnitalNonAssocSemiring.toAddCommMonoid ↦ 24
    [def_eq] AddCommMonoid.toAddMonoid ↦ 22
  [kernel] unfolded declarations (max: 1354, num: 81):
    [kernel] HAdd.hAdd ↦ 1354
    [kernel] Add.add ↦ 1250
    [kernel] HMul.hMul ↦ 1144
    [kernel] Mul.mul ↦ 668
    [kernel] OfNat.ofNat ↦ 618
    [kernel] NonUnitalNonAssocSemiring.toAddCommMonoid ↦ 341
    [kernel] AddCommMonoid.toAddMonoid ↦ 303
    [kernel] NonUnitalSemiring.toNonUnitalNonAssocSemiring ↦ 284
    [kernel] HSMul.hSMul ↦ 283
    [kernel] SMul.smul ↦ 267
    [kernel] AddSemigroup.toAdd ↦ 218
    [kernel] ModuleCat.carrier ↦ 218
    [kernel] AddMonoid.toAddSemigroup ↦ 207
    [kernel] DFunLike.coe ↦ 170
    [kernel] SMulZeroClass.toSMul ↦ 168
    [kernel] AddHom.toFun ↦ 156
    [kernel] NonAssocSemiring.toNonUnitalNonAssocSemiring ↦ 155
    [kernel] NonUnitalNonAssocRing.toNonUnitalNonAssocSemiring ↦ 132
    [kernel] instHAdd ↦ 125
    [kernel] NonUnitalNonAssocSemiring.toMul ↦ 118
    [kernel] Membership.mem ↦ 102
    [kernel] Ring.toSemiring ↦ 100
    [kernel] AddMonoid.nsmul ↦ 96
    [kernel] AddMonoidWithOne.toAddMonoid ↦ 96
    [kernel] AddMonoid.toZero ↦ 94
    [kernel] AddZeroClass.toAddZero ↦ 93
    [kernel] instHMul ↦ 90
    [kernel] instHSMul ↦ 89
    [kernel] MulAction.toSMul ↦ 82
    [kernel] DistribSMul.toSMulZeroClass ↦ 71
    [kernel] SubNegMonoid.toAddMonoid ↦ 69
    [kernel] CommSemiring.toSemiring ↦ 66
    [kernel] AddZero.toAdd ↦ 57
    [kernel] MulOne.toMul ↦ 56
    [kernel] AddZero.toZero ↦ 55
    [kernel] DistribMulAction.toDistribSMul ↦ 54
    [kernel] DistribMulAction.toMulAction ↦ 54
    [kernel] outParam ↦ 53
    [kernel] Function.Injective.addZeroClass ↦ 52
    [kernel] AddCommMagma.toAdd ↦ 51
    [kernel] NonAssocRing.toNonUnitalNonAssocRing ↦ 50
    [kernel] Semiring.toNonAssocSemiring ↦ 50
    [kernel] AddCommSemigroup.toAddSemigroup ↦ 48
    [kernel] MulOpposite.instAdd ↦ 48
    [kernel] NatCast.natCast ↦ 48
    [kernel] NonUnitalNonAssocRing.toMul ↦ 48
    [kernel] Module.toDistribMulAction ↦ 47
    [kernel] Function.Injective.addMonoid ↦ 44
    [kernel] MulOpposite.instNonAssocSemiring ↦ 42
    [kernel] Semiring.toNonUnitalSemiring ↦ 42
    [kernel] AddMonoid.toAddZeroClass ↦ 41
    [kernel] MulZeroClass.toMul ↦ 40
    [kernel] LinearMap.toAddHom ↦ 37
    [kernel] MulOneClass.toMulOne ↦ 35
    [kernel] Subtype.val ↦ 35
    [kernel] AddCommGroup.toAddGroup ↦ 34
    [kernel] AddGroup.toSubNegMonoid ↦ 34
    [kernel] NonUnitalNonAssocRing.toAddCommGroup ↦ 34
    [kernel] Ring.toNonAssocRing ↦ 34
    [kernel] DivisionSemiring.toSemiring ↦ 33
    [kernel] AddCommMonoid.toAddCommSemigroup ↦ 32
    [kernel] AddCommSemigroup.toAddCommMagma ↦ 32
    [kernel] MulOne.toOne ↦ 32
    [kernel] MulZeroOneClass.toMulOneClass ↦ 32
    [kernel] Semigroup.toMul ↦ 32
    [kernel] SetLike.coe ↦ 32
    [kernel] AddSubmonoid.toAddSubsemigroup ↦ 30
    [kernel] AddSubsemigroup.carrier ↦ 30
    [kernel] Submodule.toAddSubmonoid ↦ 30
    [kernel] SetLike.instMembership ↦ 29
    [kernel] SMulWithZero.toSMulZeroClass ↦ 26
    [kernel] AddMonoid.toNatSMul ↦ 24
    [kernel] Distrib.toMul ↦ 24
    [kernel] Mul.toSMulMulOpposite ↦ 24
    [kernel] MulOpposite.instAddMonoid ↦ 24
    [kernel] Semifield.toCommSemiring ↦ 24
    [kernel] Semifield.toDivisionSemiring ↦ 24
    [kernel] ordinaryRingDual ↦ 21
    [kernel] Algebra.toSMul ↦ 21
    [kernel] LinearMap.instFunLike ↦ 21
    [kernel] ModuleCat.of ↦ 21
  use `set_option diagnostics.threshold <num>` to control threshold for reporting counters
[diag] Diagnostics
  [reduction] unfolded declarations (max: 156, num: 16):
    [reduction] Membership.mem ↦ 156
    [reduction] Set ↦ 144
    [reduction] HSMul.hSMul ↦ 87
    [reduction] SMul.smul ↦ 87
    [reduction] Set.Mem ↦ 78
    [reduction] SetLike.coe ↦ 78
    [reduction] ringDualGrade ↦ 78
    [reduction] NonUnitalNonAssocSemiring.toMul ↦ 59
    [reduction] AddMonoid.toZero ↦ 48
    [reduction] DFunLike.coe ↦ 42
    [reduction] Submodule.toAddSubgroup ↦ 42
    [reduction] AddMonoid.nsmul ↦ 39
    [reduction] Add.add ↦ 36
    [reduction] HAdd.hAdd ↦ 36
    [reduction] OfNat.ofNat ↦ 36
    [reduction] Zero.zero ↦ 36
  [reduction] unfolded instances (max: 904, num: 61):
    [reduction] Ring.toSemiring ↦ 904
    [reduction] Semiring.toNonUnitalSemiring ↦ 876
    [reduction] NonUnitalSemiring.toNonUnitalNonAssocSemiring ↦ 855
    [reduction] AddCommMonoid.toAddMonoid ↦ 732
    [reduction] NonUnitalNonAssocSemiring.toAddCommMonoid ↦ 620
    [reduction] NonAssocSemiring.toNonUnitalNonAssocSemiring ↦ 521
    [reduction] Semiring.toNonAssocSemiring ↦ 521
    [reduction] AddCommGroup.toAddGroup ↦ 392
    [reduction] AddGroup.toSubNegMonoid ↦ 391
    [reduction] SubNegMonoid.toAddMonoid ↦ 388
    [reduction] NonUnitalNonAssocRing.toNonUnitalNonAssocSemiring ↦ 217
    [reduction] NonAssocRing.toNonUnitalNonAssocRing ↦ 190
    [reduction] Ring.toNonAssocRing ↦ 190
    [reduction] NonUnitalNonAssocRing.toAddCommGroup ↦ 189
    [reduction] AddCommGroup.toAddCommMonoid ↦ 180
    [reduction] Ring.toAddCommGroup ↦ 161
    [reduction] AddMonoid.toAddSemigroup ↦ 156
    [reduction] AddCommMonoid.toAddCommSemigroup ↦ 132
    [reduction] AddCommSemigroup.toAddSemigroup ↦ 132
    [reduction] AddSemigroup.toAdd ↦ 108
    [reduction] instHSMul ↦ 87
    [reduction] AddCommMagma.toAdd ↦ 84
    [reduction] AddCommSemigroup.toAddCommMagma ↦ 84
    [reduction] AddZeroClass.toAddZero ↦ 84
    [reduction] Set.instMembership ↦ 78
    [reduction] SetLike.instMembership ↦ 78
    [reduction] instHAdd ↦ 72
    [reduction] SMulZeroClass.toSMul ↦ 60
    [reduction] MulZeroClass.toMul ↦ 56
    [reduction] AddZero.toZero ↦ 54
    [reduction] DistribSMul.toSMulZeroClass ↦ 53
    [reduction] DistribMulAction.toDistribSMul ↦ 46
    [reduction] DistribMulAction.toMulAction ↦ 46
    [reduction] Module.toDistribMulAction ↦ 46
    [reduction] MulAction.toSMul ↦ 46
    [reduction] LinearMap.instFunLike ↦ 42
    [reduction] AddMonoid.toNatSMul ↦ 39
    [reduction] Field.toCommRing ↦ 38
    [reduction] AddMonoid.toAddZeroClass ↦ 36
    [reduction] AddSubmonoid.instSetLike ↦ 36
    [reduction] Zero.toOfNat0 ↦ 36
    [reduction] CommRing.toRing ↦ 35
    [reduction] DivisionSemiring.toSemiring ↦ 34
    [reduction] Semifield.toDivisionSemiring ↦ 34
    [reduction] LinearMap.addCommMonoid ↦ 33
    [reduction] LinearMap.addCommGroup ↦ 31
    [reduction] AddSubgroup.instSetLike ↦ 30
    [reduction] AddZero.toAdd ↦ 30
    [reduction] DivisionRing.toRing ↦ 29
    [reduction] Field.toDivisionRing ↦ 29
    [reduction] Monoid.toSemigroup ↦ 28
    [reduction] MonoidWithZero.toMonoid ↦ 28
    [reduction] MonoidWithZero.toMulZeroOneClass ↦ 28
    [reduction] MulOne.toMul ↦ 28
    [reduction] MulOneClass.toMulOne ↦ 28
    [reduction] MulZeroOneClass.toMulOneClass ↦ 28
    [reduction] MulZeroOneClass.toMulZeroClass ↦ 28
    [reduction] NonUnitalNonAssocSemiring.toMulZeroClass ↦ 28
    [reduction] Semigroup.toMul ↦ 28
    [reduction] Semiring.toMonoidWithZero ↦ 28
    [reduction] Algebra.toModule ↦ 21
  [reduction] unfolded reducible declarations (max: 212, num: 16):
    [reduction] ModuleCat.carrier ↦ 212
    [reduction] Subtype.val ↦ 198
    [reduction] LinearMap.toAddHom ↦ 168
    [reduction] AddSubmonoid.toAddSubsemigroup ↦ 132
    [reduction] ordinaryRingDual ↦ 126
    [reduction] ModuleCat.of ↦ 126
    [reduction] Submodule.toAddSubmonoid ↦ 114
    [reduction] ringModule ↦ 87
    [reduction] AddSubsemigroup.carrier ↦ 66
    [reduction] Function.Injective.addCommMonoid ↦ 64
    [reduction] Function.Injective.addMonoid ↦ 63
    [reduction] AddSubgroup.toAddSubmonoid ↦ 60
    [reduction] outParam ↦ 59
    [reduction] Function.Injective.addZeroClass ↦ 48
    [reduction] AddHom.toFun ↦ 42
    [reduction] Function.Injective.addCommGroup ↦ 31
  [kernel] unfolded declarations (max: 346, num: 24):
    [kernel] HAdd.hAdd ↦ 346
    [kernel] Add.add ↦ 274
    [kernel] DFunLike.coe ↦ 216
    [kernel] Membership.mem ↦ 188
    [kernel] HSMul.hSMul ↦ 115
    [kernel] AddHom.toFun ↦ 108
    [kernel] HMul.hMul ↦ 102
    [kernel] SMul.smul ↦ 87
    [kernel] NonUnitalNonAssocSemiring.toAddCommMonoid ↦ 68
    [kernel] OfNat.ofNat ↦ 68
    [kernel] Mul.mul ↦ 66
    [kernel] instHAdd ↦ 56
    [kernel] AddSemigroup.toAdd ↦ 55
    [kernel] AddCommMagma.toAdd ↦ 54
    [kernel] AddCommGroup.toAddCommMonoid ↦ 42
    [kernel] AddZero.toAdd ↦ 36
    [kernel] AddCommMonoid.toAddMonoid ↦ 34
    [kernel] AddZeroClass.toAddZero ↦ 33
    [kernel] NonUnitalSemiring.toNonUnitalNonAssocSemiring ↦ 30
    [kernel] AddMonoid.nsmul ↦ 28
    [kernel] SubNegMonoid.toAddMonoid ↦ 26
    [kernel] AddMonoid.toAddSemigroup ↦ 24
    [kernel] AddZero.toZero ↦ 21
    [kernel] Ring.toSemiring ↦ 21
  use `set_option diagnostics.threshold <num>` to control threshold for reporting counters
[diag] Diagnostics
  [reduction] unfolded declarations (max: 59, num: 1):
    [reduction] NonUnitalNonAssocSemiring.toMul ↦ 59
  [reduction] unfolded instances (max: 656, num: 34):
    [reduction] Semiring.toNonUnitalSemiring ↦ 656
    [reduction] Ring.toSemiring ↦ 648
    [reduction] NonUnitalSemiring.toNonUnitalNonAssocSemiring ↦ 642
    [reduction] NonAssocSemiring.toNonUnitalNonAssocSemiring ↦ 550
    [reduction] Semiring.toNonAssocSemiring ↦ 550
    [reduction] NonUnitalNonAssocSemiring.toAddCommMonoid ↦ 230
    [reduction] AddCommMonoid.toAddMonoid ↦ 174
    [reduction] NonAssocRing.toNonUnitalNonAssocRing ↦ 59
    [reduction] Ring.toNonAssocRing ↦ 59
    [reduction] AddCommGroup.toAddGroup ↦ 58
    [reduction] AddGroup.toSubNegMonoid ↦ 58
    [reduction] NonUnitalNonAssocRing.toAddCommGroup ↦ 58
    [reduction] NonUnitalNonAssocRing.toNonUnitalNonAssocSemiring ↦ 58
    [reduction] SubNegMonoid.toAddMonoid ↦ 58
    [reduction] MulZeroClass.toMul ↦ 56
    [reduction] SMulZeroClass.toSMul ↦ 46
    [reduction] DistribSMul.toSMulZeroClass ↦ 39
    [reduction] DistribMulAction.toDistribSMul ↦ 32
    [reduction] DistribMulAction.toMulAction ↦ 32
    [reduction] Module.toDistribMulAction ↦ 32
    [reduction] MulAction.toSMul ↦ 32
    [reduction] DivisionSemiring.toSemiring ↦ 28
    [reduction] Monoid.toSemigroup ↦ 28
    [reduction] MonoidWithZero.toMonoid ↦ 28
    [reduction] MonoidWithZero.toMulZeroOneClass ↦ 28
    [reduction] MulOne.toMul ↦ 28
    [reduction] MulOneClass.toMulOne ↦ 28
    [reduction] MulZeroOneClass.toMulOneClass ↦ 28
    [reduction] MulZeroOneClass.toMulZeroClass ↦ 28
    [reduction] NonUnitalNonAssocSemiring.toMulZeroClass ↦ 28
    [reduction] Semigroup.toMul ↦ 28
    [reduction] Semiring.toMonoidWithZero ↦ 28
    [reduction] Semifield.toDivisionSemiring ↦ 26
    [reduction] Algebra.toModule ↦ 25
  [reduction] unfolded reducible declarations (max: 87, num: 4):
    [reduction] ModuleCat.carrier ↦ 87
    [reduction] ordinaryRingDual ↦ 81
    [reduction] ModuleCat.of ↦ 81
    [reduction] outParam ↦ 65
  [kernel] unfolded declarations (max: 208, num: 13):
    [kernel] HAdd.hAdd ↦ 208
    [kernel] HMul.hMul ↦ 196
    [kernel] Add.add ↦ 192
    [kernel] Mul.mul ↦ 108
    [kernel] OfNat.ofNat ↦ 106
    [kernel] NonUnitalNonAssocSemiring.toAddCommMonoid ↦ 64
    [kernel] NonUnitalSemiring.toNonUnitalNonAssocSemiring ↦ 51
    [kernel] ModuleCat.carrier ↦ 48
    [kernel] AddCommMonoid.toAddMonoid ↦ 28
    [kernel] Ring.toSemiring ↦ 28
    [kernel] NonAssocSemiring.toNonUnitalNonAssocSemiring ↦ 26
    [kernel] Membership.mem ↦ 24
    [kernel] NonUnitalNonAssocRing.toNonUnitalNonAssocSemiring ↦ 24
  use `set_option diagnostics.threshold <num>` to control threshold for reporting counters
[diag] Diagnostics
  [reduction] unfolded declarations (max: 138, num: 13):
    [reduction] Membership.mem ↦ 138
    [reduction] Set ↦ 102
    [reduction] Add.add ↦ 74
    [reduction] SetLike.coe ↦ 73
    [reduction] Set.Mem ↦ 65
    [reduction] HAdd.hAdd ↦ 61
    [reduction] HSMul.hSMul ↦ 52
    [reduction] SMul.smul ↦ 52
    [reduction] ringDualGrade ↦ 44
    [reduction] AddMonoid.toZero ↦ 24
    [reduction] DFunLike.coe ↦ 22
    [reduction] AddMonoid.nsmul ↦ 21
    [reduction] Submodule.toAddSubgroup ↦ 21
  [reduction] unfolded instances (max: 1458, num: 44):
    [reduction] AddCommGroup.toAddGroup ↦ 1458
    [reduction] AddGroup.toSubNegMonoid ↦ 1263
    [reduction] Ring.toSemiring ↦ 902
    [reduction] AddCommMonoid.toAddMonoid ↦ 856
    [reduction] NonUnitalNonAssocSemiring.toAddCommMonoid ↦ 824
    [reduction] Semiring.toNonUnitalSemiring ↦ 804
    [reduction] NonUnitalSemiring.toNonUnitalNonAssocSemiring ↦ 732
    [reduction] NonUnitalNonAssocRing.toAddCommGroup ↦ 506
    [reduction] SubNegMonoid.toAddMonoid ↦ 505
    [reduction] NonUnitalNonAssocRing.toNonUnitalNonAssocSemiring ↦ 335
    [reduction] NonAssocRing.toNonUnitalNonAssocRing ↦ 295
    [reduction] Ring.toNonAssocRing ↦ 295
    [reduction] AddMonoid.toAddSemigroup ↦ 291
    [reduction] AddCommMonoid.toAddCommSemigroup ↦ 260
    [reduction] AddCommSemigroup.toAddSemigroup ↦ 260
    [reduction] NonAssocSemiring.toNonUnitalNonAssocSemiring ↦ 234
    [reduction] Semiring.toNonAssocSemiring ↦ 234
    [reduction] AddSemigroup.toAdd ↦ 207
    [reduction] AddCommGroup.toAddCommMonoid ↦ 186
    [reduction] AddCommMagma.toAdd ↦ 165
    [reduction] AddCommSemigroup.toAddCommMagma ↦ 165
    [reduction] Ring.toAddCommGroup ↦ 163
    [reduction] instHAdd ↦ 105
    [reduction] AddZeroClass.toAddZero ↦ 70
    [reduction] Set.instMembership ↦ 67
    [reduction] SetLike.instMembership ↦ 67
    [reduction] instHSMul ↦ 52
    [reduction] CommRing.toRing ↦ 48
    [reduction] DivisionRing.toRing ↦ 48
    [reduction] Field.toCommRing ↦ 48
    [reduction] Field.toDivisionRing ↦ 48
    [reduction] AddZero.toAdd ↦ 42
    [reduction] DivisionSemiring.toSemiring ↦ 35
    [reduction] Pi.instAdd ↦ 35
    [reduction] Semifield.toDivisionSemiring ↦ 35
    [reduction] AddSubmonoid.instSetLike ↦ 28
    [reduction] AddZero.toZero ↦ 28
    [reduction] LinearMap.addCommMonoid ↦ 28
    [reduction] Submodule.setLike ↦ 26
    [reduction] LinearMap.instAdd ↦ 24
    [reduction] LinearMap.addCommGroup ↦ 23
    [reduction] instAddNat ↦ 22
    [reduction] LinearMap.instFunLike ↦ 22
    [reduction] AddMonoid.toNatSMul ↦ 21
  [reduction] unfolded reducible declarations (max: 427, num: 16):
    [reduction] ModuleCat.carrier ↦ 427
    [reduction] ordinaryRingDual ↦ 358
    [reduction] ModuleCat.of ↦ 358
    [reduction] LinearMap.toAddHom ↦ 102
    [reduction] Submodule.toAddSubmonoid ↦ 100
    [reduction] AddSubmonoid.toAddSubsemigroup ↦ 93
    [reduction] Subtype.val ↦ 92
    [reduction] ringModule ↦ 83
    [reduction] Function.Injective.addZeroClass ↦ 52
    [reduction] Function.Injective.addCommMonoid ↦ 51
    [reduction] Function.Injective.addMonoid ↦ 48
    [reduction] outParam ↦ 45
    [reduction] AddSubsemigroup.carrier ↦ 43
    [reduction] AddHom.toFun ↦ 36
    [reduction] AddSubgroup.toAddSubmonoid ↦ 30
    [reduction] Function.Injective.addCommGroup ↦ 23
  [type_class] max synth pending failures (maxSynthPendingDepth: 1), use `set_option maxSynthPendingDepth <limit>`
    [type_class] AddCommGroup R
  [def_eq] heuristic for solving `f a =?= f b` (max: 22, num: 1):
    [def_eq] instHAdd ↦ 22
  [kernel] unfolded declarations (max: 242, num: 18):
    [kernel] HAdd.hAdd ↦ 242
    [kernel] Add.add ↦ 192
    [kernel] DFunLike.coe ↦ 144
    [kernel] Membership.mem ↦ 100
    [kernel] HMul.hMul ↦ 76
    [kernel] AddHom.toFun ↦ 72
    [kernel] HSMul.hSMul ↦ 68
    [kernel] NonUnitalNonAssocSemiring.toAddCommMonoid ↦ 57
    [kernel] SMul.smul ↦ 52
    [kernel] Mul.mul ↦ 48
    [kernel] OfNat.ofNat ↦ 48
    [kernel] instHAdd ↦ 36
    [kernel] AddCommGroup.toAddCommMonoid ↦ 36
    [kernel] AddSemigroup.toAdd ↦ 36
    [kernel] AddCommMagma.toAdd ↦ 34
    [kernel] AddCommMonoid.toAddMonoid ↦ 25
    [kernel] NonUnitalSemiring.toNonUnitalNonAssocSemiring ↦ 24
    [kernel] ModuleCat.carrier ↦ 22
  use `set_option diagnostics.threshold <num>` to control threshold for reporting counters
[diag] Diagnostics
  [reduction] unfolded declarations (max: 138, num: 13):
    [reduction] Membership.mem ↦ 138
    [reduction] Set ↦ 102
    [reduction] Add.add ↦ 74
    [reduction] SetLike.coe ↦ 73
    [reduction] Set.Mem ↦ 65
    [reduction] HAdd.hAdd ↦ 61
    [reduction] HSMul.hSMul ↦ 52
    [reduction] SMul.smul ↦ 52
    [reduction] ringDualGrade ↦ 44
    [reduction] AddMonoid.toZero ↦ 24
    [reduction] DFunLike.coe ↦ 22
    [reduction] AddMonoid.nsmul ↦ 21
    [reduction] Submodule.toAddSubgroup ↦ 21
  [reduction] unfolded instances (max: 1474, num: 44):
    [reduction] AddCommGroup.toAddGroup ↦ 1474
    [reduction] AddGroup.toSubNegMonoid ↦ 1279
    [reduction] Ring.toSemiring ↦ 908
    [reduction] AddCommMonoid.toAddMonoid ↦ 856
    [reduction] NonUnitalNonAssocSemiring.toAddCommMonoid ↦ 824
    [reduction] Semiring.toNonUnitalSemiring ↦ 804
    [reduction] NonUnitalSemiring.toNonUnitalNonAssocSemiring ↦ 732
    [reduction] SubNegMonoid.toAddMonoid ↦ 513
    [reduction] NonUnitalNonAssocRing.toAddCommGroup ↦ 506
    [reduction] NonUnitalNonAssocRing.toNonUnitalNonAssocSemiring ↦ 335
    [reduction] NonAssocRing.toNonUnitalNonAssocRing ↦ 295
    [reduction] Ring.toNonAssocRing ↦ 295
    [reduction] AddMonoid.toAddSemigroup ↦ 291
    [reduction] AddCommMonoid.toAddCommSemigroup ↦ 260
    [reduction] AddCommSemigroup.toAddSemigroup ↦ 260
    [reduction] NonAssocSemiring.toNonUnitalNonAssocSemiring ↦ 234
    [reduction] Semiring.toNonAssocSemiring ↦ 234
    [reduction] AddSemigroup.toAdd ↦ 207
    [reduction] AddCommGroup.toAddCommMonoid ↦ 194
    [reduction] AddCommMagma.toAdd ↦ 165
    [reduction] AddCommSemigroup.toAddCommMagma ↦ 165
    [reduction] Ring.toAddCommGroup ↦ 163
    [reduction] instHAdd ↦ 105
    [reduction] AddZeroClass.toAddZero ↦ 70
    [reduction] Set.instMembership ↦ 67
    [reduction] SetLike.instMembership ↦ 67
    [reduction] Field.toCommRing ↦ 59
    [reduction] CommRing.toRing ↦ 58
    [reduction] DivisionRing.toRing ↦ 54
    [reduction] Field.toDivisionRing ↦ 54
    [reduction] instHSMul ↦ 52
    [reduction] AddZero.toAdd ↦ 42
    [reduction] DivisionSemiring.toSemiring ↦ 38
    [reduction] Semifield.toDivisionSemiring ↦ 38
    [reduction] Pi.instAdd ↦ 35
    [reduction] AddSubmonoid.instSetLike ↦ 28
    [reduction] AddZero.toZero ↦ 28
    [reduction] LinearMap.addCommMonoid ↦ 28
    [reduction] Submodule.setLike ↦ 26
    [reduction] LinearMap.instAdd ↦ 24
    [reduction] LinearMap.addCommGroup ↦ 23
    [reduction] instAddNat ↦ 22
    [reduction] LinearMap.instFunLike ↦ 22
    [reduction] AddMonoid.toNatSMul ↦ 21
  [reduction] unfolded reducible declarations (max: 427, num: 16):
    [reduction] ModuleCat.carrier ↦ 427
    [reduction] ordinaryRingDual ↦ 358
    [reduction] ModuleCat.of ↦ 358
    [reduction] LinearMap.toAddHom ↦ 102
    [reduction] Submodule.toAddSubmonoid ↦ 100
    [reduction] AddSubmonoid.toAddSubsemigroup ↦ 93
    [reduction] Subtype.val ↦ 92
    [reduction] ringModule ↦ 83
    [reduction] Function.Injective.addZeroClass ↦ 52
    [reduction] Function.Injective.addCommMonoid ↦ 51
    [reduction] Function.Injective.addMonoid ↦ 48
    [reduction] outParam ↦ 45
    [reduction] AddSubsemigroup.carrier ↦ 43
    [reduction] AddHom.toFun ↦ 36
    [reduction] AddSubgroup.toAddSubmonoid ↦ 30
    [reduction] Function.Injective.addCommGroup ↦ 23
  [type_class] max synth pending failures (maxSynthPendingDepth: 1), use `set_option maxSynthPendingDepth <limit>`
    [type_class] AddCommGroup R
  [def_eq] heuristic for solving `f a =?= f b` (max: 22, num: 1):
    [def_eq] instHAdd ↦ 22
  [kernel] unfolded declarations (max: 246, num: 19):
    [kernel] HAdd.hAdd ↦ 246
    [kernel] Add.add ↦ 192
    [kernel] DFunLike.coe ↦ 144
    [kernel] Membership.mem ↦ 100
    [kernel] HMul.hMul ↦ 76
    [kernel] AddHom.toFun ↦ 72
    [kernel] HSMul.hSMul ↦ 68
    [kernel] NonUnitalNonAssocSemiring.toAddCommMonoid ↦ 57
    [kernel] SMul.smul ↦ 52
    [kernel] Mul.mul ↦ 48
    [kernel] OfNat.ofNat ↦ 48
    [kernel] AddCommGroup.toAddCommMonoid ↦ 40
    [kernel] instHAdd ↦ 36
    [kernel] AddSemigroup.toAdd ↦ 36
    [kernel] AddCommMagma.toAdd ↦ 34
    [kernel] AddCommMonoid.toAddMonoid ↦ 25
    [kernel] NonUnitalSemiring.toNonUnitalNonAssocSemiring ↦ 24
    [kernel] ModuleCat.carrier ↦ 22
    [kernel] Ring.toSemiring ↦ 22
  use `set_option diagnostics.threshold <num>` to control threshold for reporting counters
[diag] Diagnostics
  [reduction] unfolded declarations (max: 247, num: 9):
    [reduction] NonUnitalNonAssocSemiring.toMul ↦ 247
    [reduction] SMul.smul ↦ 166
    [reduction] HSMul.hSMul ↦ 154
    [reduction] AddMonoid.nsmul ↦ 66
    [reduction] HMul.hMul ↦ 58
    [reduction] Mul.mul ↦ 58
    [reduction] DFunLike.coe ↦ 44
    [reduction] HasQuotient.quotient' ↦ 43
    [reduction] Quiver.Hom ↦ 27
  [reduction] unfolded instances (max: 2356, num: 68):
    [reduction] Semiring.toNonUnitalSemiring ↦ 2356
    [reduction] Ring.toSemiring ↦ 2161
    [reduction] NonUnitalSemiring.toNonUnitalNonAssocSemiring ↦ 1946
    [reduction] NonAssocSemiring.toNonUnitalNonAssocSemiring ↦ 1354
    [reduction] Semiring.toNonAssocSemiring ↦ 1354
    [reduction] NonUnitalNonAssocSemiring.toAddCommMonoid ↦ 1026
    [reduction] AddCommMonoid.toAddMonoid ↦ 986
    [reduction] CommSemiring.toSemiring ↦ 554
    [reduction] AddCommGroup.toAddGroup ↦ 515
    [reduction] AddGroup.toSubNegMonoid ↦ 513
    [reduction] SubNegMonoid.toAddMonoid ↦ 508
    [reduction] NonUnitalNonAssocRing.toNonUnitalNonAssocSemiring ↦ 373
    [reduction] NonAssocRing.toNonUnitalNonAssocRing ↦ 320
    [reduction] Ring.toNonAssocRing ↦ 320
    [reduction] NonUnitalNonAssocRing.toAddCommGroup ↦ 315
    [reduction] Module.toDistribMulAction ↦ 310
    [reduction] DistribMulAction.toMulAction ↦ 274
    [reduction] MulZeroClass.toMul ↦ 232
    [reduction] AddCommGroup.toAddCommMonoid ↦ 215
    [reduction] SMulZeroClass.toSMul ↦ 200
    [reduction] DistribSMul.toSMulZeroClass ↦ 177
    [reduction] Semiring.toMonoidWithZero ↦ 176
    [reduction] Ring.toAddCommGroup ↦ 167
    [reduction] DistribMulAction.toDistribSMul ↦ 160
    [reduction] MonoidWithZero.toMonoid ↦ 158
    [reduction] instHSMul ↦ 154
    [reduction] MulAction.toSMul ↦ 154
    [reduction] Monoid.toSemigroup ↦ 140
    [reduction] MonoidWithZero.toMulZeroOneClass ↦ 140
    [reduction] MulOne.toMul ↦ 140
    [reduction] MulOneClass.toMulOne ↦ 140
    [reduction] MulZeroOneClass.toMulOneClass ↦ 140
    [reduction] MulZeroOneClass.toMulZeroClass ↦ 140
    [reduction] Semigroup.toMul ↦ 140
    [reduction] Field.toCommRing ↦ 114
    [reduction] CommRing.toRing ↦ 105
    [reduction] NonUnitalNonAssocSemiring.toMulZeroClass ↦ 92
    [reduction] AddCommMonoid.toAddCommSemigroup ↦ 88
    [reduction] AddCommSemigroup.toAddSemigroup ↦ 88
    [reduction] AddMonoid.toAddSemigroup ↦ 88
    [reduction] AddZeroClass.toAddZero ↦ 88
    [reduction] DivisionRing.toRing ↦ 87
    [reduction] Field.toDivisionRing ↦ 87
    [reduction] Algebra.toModule ↦ 75
    [reduction] DivisionSemiring.toSemiring ↦ 73
    [reduction] Semifield.toDivisionSemiring ↦ 69
    [reduction] AddMonoid.toNatSMul ↦ 66
    [reduction] instHMul ↦ 58
    [reduction] MulZeroClass.toSMulWithZero ↦ 52
    [reduction] SMulWithZero.toSMulZeroClass ↦ 52
    [reduction] LinearMap.addCommMonoid ↦ 48
    [reduction] AddCommMagma.toAdd ↦ 44
    [reduction] AddCommMonoid.toNatModule ↦ 44
    [reduction] AddCommSemigroup.toAddCommMagma ↦ 44
    [reduction] AddSemigroup.toAdd ↦ 44
    [reduction] AddZero.toAdd ↦ 44
    [reduction] AddZero.toZero ↦ 44
    [reduction] LinearMap.instFunLike ↦ 44
    [reduction] LinearMap.instSMul ↦ 44
    [reduction] Pi.instSMul ↦ 44
    [reduction] Submodule.hasQuotient ↦ 31
    [reduction] Field.toSemifield ↦ 30
    [reduction] Semifield.toCommSemiring ↦ 30
    [reduction] MonoidWithZero.toMulActionWithZero ↦ 29
    [reduction] MulActionWithZero.toMulAction ↦ 29
    [reduction] Semiring.toModule ↦ 29
    [reduction] instDistribSMul ↦ 23
    [reduction] LinearMap.addCommGroup ↦ 23
  [reduction] unfolded reducible declarations (max: 293, num: 13):
    [reduction] ModuleCat.carrier ↦ 293
    [reduction] ordinaryRingDual ↦ 216
    [reduction] ModuleCat.of ↦ 216
    [reduction] LinearMap.toAddHom ↦ 176
    [reduction] outParam ↦ 128
    [reduction] ringModule ↦ 92
    [reduction] Function.Injective.addZeroClass ↦ 88
    [reduction] Function.Injective.addCommMonoid ↦ 71
    [reduction] Function.Injective.addMonoid ↦ 68
    [reduction] HasQuotient.Quotient ↦ 53
    [reduction] AddHom.toFun ↦ 44
    [reduction] FunLike ↦ 38
    [reduction] Function.Injective.addCommGroup ↦ 23
  [type_class] used instances (max: 33, num: 1):
    [type_class] Semiring.toModule ↦ 33
  [def_eq] heuristic for solving `f a =?= f b` (max: 34, num: 5):
    [def_eq] NonUnitalNonAssocSemiring.toAddCommMonoid ↦ 34
    [def_eq] AddCommMonoid.toAddMonoid ↦ 32
    [def_eq] Semiring.toNonUnitalSemiring ↦ 27
    [def_eq] LinearMap.instAdd ↦ 22
    [def_eq] LinearMap.instZero ↦ 22
  use `set_option diagnostics.threshold <num>` to control threshold for reporting counters
work/homogeneous-top-quotient-mapq-diagnostic.lean:49:18: error: (deterministic) timeout at `whnf`, maximum number of heartbeats (5000) has been reached

Note: Use `set_option maxHeartbeats <num>` to set the limit.
[diag] Diagnostics
  [reduction] unfolded instances (max: 223, num: 16):
    [reduction] Semiring.toNonUnitalSemiring ↦ 223
    [reduction] Ring.toSemiring ↦ 215
    [reduction] NonUnitalSemiring.toNonUnitalNonAssocSemiring ↦ 209
    [reduction] NonAssocSemiring.toNonUnitalNonAssocSemiring ↦ 182
    [reduction] Semiring.toNonAssocSemiring ↦ 182
    [reduction] NonUnitalNonAssocSemiring.toAddCommMonoid ↦ 82
    [reduction] AddCommMonoid.toAddMonoid ↦ 65
    [reduction] NonAssocRing.toNonUnitalNonAssocRing ↦ 22
    [reduction] Ring.toNonAssocRing ↦ 22
    [reduction] AddCommGroup.toAddGroup ↦ 21
    [reduction] AddGroup.toSubNegMonoid ↦ 21
    [reduction] DivisionSemiring.toSemiring ↦ 21
    [reduction] NonUnitalNonAssocRing.toAddCommGroup ↦ 21
    [reduction] NonUnitalNonAssocRing.toNonUnitalNonAssocSemiring ↦ 21
    [reduction] Semifield.toDivisionSemiring ↦ 21
    [reduction] SubNegMonoid.toAddMonoid ↦ 21
  [reduction] unfolded reducible declarations (max: 47, num: 1):
    [reduction] outParam ↦ 47
  use `set_option diagnostics.threshold <num>` to control threshold for reporting counters
work/homogeneous-top-quotient-mapq-diagnostic.lean:55:4: error: Invalid field `ringDualGradeToTopQuotient`: The environment does not contain `ASGinzburg.GradedOrdinaryModuleData.ringDualGradeToTopQuotient`
  M
has type
  GradedOrdinaryModuleData k R G
[diag] Diagnostics
  [reduction] unfolded declarations (max: 191, num: 7):
    [reduction] NonUnitalNonAssocSemiring.toMul ↦ 191
    [reduction] SMul.smul ↦ 110
    [reduction] HSMul.hSMul ↦ 98
    [reduction] HMul.hMul ↦ 44
    [reduction] Mul.mul ↦ 44
    [reduction] AddMonoid.nsmul ↦ 42
    [reduction] DFunLike.coe ↦ 28
  [reduction] unfolded instances (max: 1757, num: 63):
    [reduction] Semiring.toNonUnitalSemiring ↦ 1757
    [reduction] Ring.toSemiring ↦ 1528
    [reduction] NonUnitalSemiring.toNonUnitalNonAssocSemiring ↦ 1347
    [reduction] NonAssocSemiring.toNonUnitalNonAssocSemiring ↦ 914
    [reduction] Semiring.toNonAssocSemiring ↦ 914
    [reduction] NonUnitalNonAssocSemiring.toAddCommMonoid ↦ 676
    [reduction] AddCommMonoid.toAddMonoid ↦ 640
    [reduction] CommSemiring.toSemiring ↦ 542
    [reduction] AddCommGroup.toAddGroup ↦ 334
    [reduction] AddGroup.toSubNegMonoid ↦ 332
    [reduction] SubNegMonoid.toAddMonoid ↦ 326
    [reduction] Module.toDistribMulAction ↦ 260
    [reduction] NonUnitalNonAssocRing.toNonUnitalNonAssocSemiring ↦ 245
    [reduction] DistribMulAction.toMulAction ↦ 224
    [reduction] NonAssocRing.toNonUnitalNonAssocRing ↦ 213
    [reduction] Ring.toNonAssocRing ↦ 213
    [reduction] NonUnitalNonAssocRing.toAddCommGroup ↦ 208
    [reduction] MulZeroClass.toMul ↦ 176
    [reduction] Semiring.toMonoidWithZero ↦ 148
    [reduction] SMulZeroClass.toSMul ↦ 136
    [reduction] AddCommGroup.toAddCommMonoid ↦ 130
    [reduction] MonoidWithZero.toMonoid ↦ 130
    [reduction] DistribSMul.toSMulZeroClass ↦ 120
    [reduction] Monoid.toSemigroup ↦ 112
    [reduction] MonoidWithZero.toMulZeroOneClass ↦ 112
    [reduction] MulOne.toMul ↦ 112
    [reduction] MulOneClass.toMulOne ↦ 112
    [reduction] MulZeroOneClass.toMulOneClass ↦ 112
    [reduction] MulZeroOneClass.toMulZeroClass ↦ 112
    [reduction] Semigroup.toMul ↦ 112
    [reduction] DistribMulAction.toDistribSMul ↦ 110
    [reduction] MulAction.toSMul ↦ 104
    [reduction] Ring.toAddCommGroup ↦ 102
    [reduction] instHSMul ↦ 98
    [reduction] NonUnitalNonAssocSemiring.toMulZeroClass ↦ 64
    [reduction] Field.toCommRing ↦ 61
    [reduction] CommRing.toRing ↦ 58
    [reduction] AddCommMonoid.toAddCommSemigroup ↦ 56
    [reduction] AddCommSemigroup.toAddSemigroup ↦ 56
    [reduction] AddMonoid.toAddSemigroup ↦ 56
    [reduction] AddZeroClass.toAddZero ↦ 56
    [reduction] DivisionRing.toRing ↦ 52
    [reduction] Field.toDivisionRing ↦ 52
    [reduction] Algebra.toModule ↦ 48
    [reduction] DivisionSemiring.toSemiring ↦ 47
    [reduction] Semifield.toDivisionSemiring ↦ 47
    [reduction] instHMul ↦ 44
    [reduction] AddMonoid.toNatSMul ↦ 42
    [reduction] MulZeroClass.toSMulWithZero ↦ 38
    [reduction] SMulWithZero.toSMulZeroClass ↦ 38
    [reduction] LinearMap.addCommMonoid ↦ 29
    [reduction] AddCommMagma.toAdd ↦ 28
    [reduction] AddCommMonoid.toNatModule ↦ 28
    [reduction] AddCommSemigroup.toAddCommMagma ↦ 28
    [reduction] AddSemigroup.toAdd ↦ 28
    [reduction] AddZero.toAdd ↦ 28
    [reduction] AddZero.toZero ↦ 28
    [reduction] LinearMap.instFunLike ↦ 28
    [reduction] LinearMap.instSMul ↦ 28
    [reduction] Pi.instSMul ↦ 28
    [reduction] MonoidWithZero.toMulActionWithZero ↦ 22
    [reduction] MulActionWithZero.toMulAction ↦ 22
    [reduction] Semiring.toModule ↦ 22
  [reduction] unfolded reducible declarations (max: 155, num: 11):
    [reduction] ModuleCat.carrier ↦ 155
    [reduction] LinearMap.toAddHom ↦ 112
    [reduction] ordinaryRingDual ↦ 102
    [reduction] ModuleCat.of ↦ 102
    [reduction] outParam ↦ 94
    [reduction] ringModule ↦ 60
    [reduction] Function.Injective.addZeroClass ↦ 56
    [reduction] Function.Injective.addCommMonoid ↦ 43
    [reduction] Function.Injective.addMonoid ↦ 42
    [reduction] AddHom.toFun ↦ 28
    [reduction] FunLike ↦ 23
  [type_class] used instances (max: 33, num: 1):
    [type_class] Semiring.toModule ↦ 33
  [def_eq] heuristic for solving `f a =?= f b` (max: 34, num: 3):
    [def_eq] NonUnitalNonAssocSemiring.toAddCommMonoid ↦ 34
    [def_eq] AddCommMonoid.toAddMonoid ↦ 32
    [def_eq] Semiring.toNonUnitalSemiring ↦ 27
  use `set_option diagnostics.threshold <num>` to control threshold for reporting counters
[diag] Diagnostics
  [reduction] unfolded declarations (max: 191, num: 7):
    [reduction] NonUnitalNonAssocSemiring.toMul ↦ 191
    [reduction] SMul.smul ↦ 110
    [reduction] HSMul.hSMul ↦ 98
    [reduction] HMul.hMul ↦ 44
    [reduction] Mul.mul ↦ 44
    [reduction] AddMonoid.nsmul ↦ 42
    [reduction] DFunLike.coe ↦ 34
  [reduction] unfolded instances (max: 1757, num: 63):
    [reduction] Semiring.toNonUnitalSemiring ↦ 1757
    [reduction] Ring.toSemiring ↦ 1528
    [reduction] NonUnitalSemiring.toNonUnitalNonAssocSemiring ↦ 1347
    [reduction] NonAssocSemiring.toNonUnitalNonAssocSemiring ↦ 914
    [reduction] Semiring.toNonAssocSemiring ↦ 914
    [reduction] NonUnitalNonAssocSemiring.toAddCommMonoid ↦ 676
    [reduction] AddCommMonoid.toAddMonoid ↦ 640
    [reduction] CommSemiring.toSemiring ↦ 542
    [reduction] AddCommGroup.toAddGroup ↦ 334
    [reduction] AddGroup.toSubNegMonoid ↦ 332
    [reduction] SubNegMonoid.toAddMonoid ↦ 326
    [reduction] Module.toDistribMulAction ↦ 260
    [reduction] NonUnitalNonAssocRing.toNonUnitalNonAssocSemiring ↦ 245
    [reduction] DistribMulAction.toMulAction ↦ 224
    [reduction] NonAssocRing.toNonUnitalNonAssocRing ↦ 213
    [reduction] Ring.toNonAssocRing ↦ 213
    [reduction] NonUnitalNonAssocRing.toAddCommGroup ↦ 208
    [reduction] MulZeroClass.toMul ↦ 176
    [reduction] Semiring.toMonoidWithZero ↦ 148
    [reduction] SMulZeroClass.toSMul ↦ 136
    [reduction] AddCommGroup.toAddCommMonoid ↦ 130
    [reduction] MonoidWithZero.toMonoid ↦ 130
    [reduction] DistribSMul.toSMulZeroClass ↦ 120
    [reduction] Monoid.toSemigroup ↦ 112
    [reduction] MonoidWithZero.toMulZeroOneClass ↦ 112
    [reduction] MulOne.toMul ↦ 112
    [reduction] MulOneClass.toMulOne ↦ 112
    [reduction] MulZeroOneClass.toMulOneClass ↦ 112
    [reduction] MulZeroOneClass.toMulZeroClass ↦ 112
    [reduction] Semigroup.toMul ↦ 112
    [reduction] DistribMulAction.toDistribSMul ↦ 110
    [reduction] MulAction.toSMul ↦ 104
    [reduction] Ring.toAddCommGroup ↦ 102
    [reduction] instHSMul ↦ 98
    [reduction] NonUnitalNonAssocSemiring.toMulZeroClass ↦ 64
    [reduction] Field.toCommRing ↦ 61
    [reduction] CommRing.toRing ↦ 58
    [reduction] AddCommMonoid.toAddCommSemigroup ↦ 56
    [reduction] AddCommSemigroup.toAddSemigroup ↦ 56
    [reduction] AddMonoid.toAddSemigroup ↦ 56
    [reduction] AddZeroClass.toAddZero ↦ 56
    [reduction] DivisionRing.toRing ↦ 52
    [reduction] Field.toDivisionRing ↦ 52
    [reduction] Algebra.toModule ↦ 48
    [reduction] DivisionSemiring.toSemiring ↦ 47
    [reduction] Semifield.toDivisionSemiring ↦ 47
    [reduction] instHMul ↦ 44
    [reduction] AddMonoid.toNatSMul ↦ 42
    [reduction] MulZeroClass.toSMulWithZero ↦ 38
    [reduction] SMulWithZero.toSMulZeroClass ↦ 38
    [reduction] LinearMap.instFunLike ↦ 34
    [reduction] LinearMap.addCommMonoid ↦ 29
    [reduction] AddCommMagma.toAdd ↦ 28
    [reduction] AddCommMonoid.toNatModule ↦ 28
    [reduction] AddCommSemigroup.toAddCommMagma ↦ 28
    [reduction] AddSemigroup.toAdd ↦ 28
    [reduction] AddZero.toAdd ↦ 28
    [reduction] AddZero.toZero ↦ 28
    [reduction] LinearMap.instSMul ↦ 28
    [reduction] Pi.instSMul ↦ 28
    [reduction] MonoidWithZero.toMulActionWithZero ↦ 22
    [reduction] MulActionWithZero.toMulAction ↦ 22
    [reduction] Semiring.toModule ↦ 22
  [reduction] unfolded reducible declarations (max: 155, num: 11):
    [reduction] ModuleCat.carrier ↦ 155
    [reduction] LinearMap.toAddHom ↦ 124
    [reduction] ordinaryRingDual ↦ 102
    [reduction] ModuleCat.of ↦ 102
    [reduction] outParam ↦ 94
    [reduction] ringModule ↦ 60
    [reduction] Function.Injective.addZeroClass ↦ 56
    [reduction] Function.Injective.addCommMonoid ↦ 43
    [reduction] Function.Injective.addMonoid ↦ 42
    [reduction] AddHom.toFun ↦ 34
    [reduction] FunLike ↦ 24
  [type_class] used instances (max: 33, num: 1):
    [type_class] Semiring.toModule ↦ 33
  [def_eq] heuristic for solving `f a =?= f b` (max: 34, num: 3):
    [def_eq] NonUnitalNonAssocSemiring.toAddCommMonoid ↦ 34
    [def_eq] AddCommMonoid.toAddMonoid ↦ 32
    [def_eq] Semiring.toNonUnitalSemiring ↦ 27
  [kernel] unfolded declarations (max: 304, num: 26):
    [kernel] HAdd.hAdd ↦ 304
    [kernel] Add.add ↦ 220
    [kernel] DFunLike.coe ↦ 144
    [kernel] HMul.hMul ↦ 116
    [kernel] NonUnitalNonAssocSemiring.toAddCommMonoid ↦ 102
    [kernel] AddCommGroup.toAddCommMonoid ↦ 78
    [kernel] AddHom.toFun ↦ 72
    [kernel] ModuleCat.carrier ↦ 72
    [kernel] Mul.mul ↦ 72
    [kernel] HSMul.hSMul ↦ 62
    [kernel] OfNat.ofNat ↦ 60
    [kernel] Ring.toSemiring ↦ 60
    [kernel] CommRing.toRing ↦ 48
    [kernel] instHAdd ↦ 44
    [kernel] AddCommMagma.toAdd ↦ 40
    [kernel] SMul.smul ↦ 38
    [kernel] AddSemigroup.toAdd ↦ 36
    [kernel] NonUnitalSemiring.toNonUnitalNonAssocSemiring ↦ 36
    [kernel] CommSemiring.toSemiring ↦ 34
    [kernel] AddCommMonoid.toAddMonoid ↦ 30
    [kernel] DivisionSemiring.toSemiring ↦ 28
    [kernel] SMulZeroClass.toSMul ↦ 26
    [kernel] Function.Injective.addCommMonoid ↦ 26
    [kernel] DivisionRing.toRing ↦ 24
    [kernel] LinearMap.addCommMonoid ↦ 24
    [kernel] SubNegMonoid.toAddMonoid ↦ 22
  use `set_option diagnostics.threshold <num>` to control threshold for reporting counters
[diag] Diagnostics
  [reduction] unfolded instances (max: 223, num: 16):
    [reduction] Semiring.toNonUnitalSemiring ↦ 223
    [reduction] Ring.toSemiring ↦ 215
    [reduction] NonUnitalSemiring.toNonUnitalNonAssocSemiring ↦ 209
    [reduction] NonAssocSemiring.toNonUnitalNonAssocSemiring ↦ 182
    [reduction] Semiring.toNonAssocSemiring ↦ 182
    [reduction] NonUnitalNonAssocSemiring.toAddCommMonoid ↦ 82
    [reduction] AddCommMonoid.toAddMonoid ↦ 65
    [reduction] NonAssocRing.toNonUnitalNonAssocRing ↦ 22
    [reduction] Ring.toNonAssocRing ↦ 22
    [reduction] AddCommGroup.toAddGroup ↦ 21
    [reduction] AddGroup.toSubNegMonoid ↦ 21
    [reduction] DivisionSemiring.toSemiring ↦ 21
    [reduction] NonUnitalNonAssocRing.toAddCommGroup ↦ 21
    [reduction] NonUnitalNonAssocRing.toNonUnitalNonAssocSemiring ↦ 21
    [reduction] Semifield.toDivisionSemiring ↦ 21
    [reduction] SubNegMonoid.toAddMonoid ↦ 21
  [reduction] unfolded reducible declarations (max: 47, num: 1):
    [reduction] outParam ↦ 47
  use `set_option diagnostics.threshold <num>` to control threshold for reporting counters
[diag] Diagnostics
  [reduction] unfolded declarations (max: 25, num: 1):
    [reduction] NonUnitalNonAssocSemiring.toMul ↦ 25
  [reduction] unfolded instances (max: 413, num: 15):
    [reduction] Semiring.toNonUnitalSemiring ↦ 413
    [reduction] Ring.toSemiring ↦ 402
    [reduction] NonUnitalSemiring.toNonUnitalNonAssocSemiring ↦ 399
    [reduction] Semiring.toNonAssocSemiring ↦ 342
    [reduction] NonAssocSemiring.toNonUnitalNonAssocSemiring ↦ 339
    [reduction] NonUnitalNonAssocSemiring.toAddCommMonoid ↦ 146
    [reduction] AddCommMonoid.toAddMonoid ↦ 111
    [reduction] NonAssocRing.toNonUnitalNonAssocRing ↦ 38
    [reduction] Ring.toNonAssocRing ↦ 38
    [reduction] AddCommGroup.toAddGroup ↦ 37
    [reduction] AddGroup.toSubNegMonoid ↦ 37
    [reduction] NonUnitalNonAssocRing.toAddCommGroup ↦ 37
    [reduction] NonUnitalNonAssocRing.toNonUnitalNonAssocSemiring ↦ 37
    [reduction] SubNegMonoid.toAddMonoid ↦ 37
    [reduction] SMulZeroClass.toSMul ↦ 27
  [reduction] unfolded reducible declarations (max: 78, num: 4):
    [reduction] outParam ↦ 78
    [reduction] ModuleCat.carrier ↦ 57
    [reduction] ordinaryRingDual ↦ 56
    [reduction] ModuleCat.of ↦ 56
  use `set_option diagnostics.threshold <num>` to control threshold for reporting counters
[diag] Diagnostics
  [reduction] unfolded declarations (max: 25, num: 1):
    [reduction] NonUnitalNonAssocSemiring.toMul ↦ 25
  [reduction] unfolded instances (max: 413, num: 15):
    [reduction] Semiring.toNonUnitalSemiring ↦ 413
    [reduction] Ring.toSemiring ↦ 402
    [reduction] NonUnitalSemiring.toNonUnitalNonAssocSemiring ↦ 399
    [reduction] Semiring.toNonAssocSemiring ↦ 342
    [reduction] NonAssocSemiring.toNonUnitalNonAssocSemiring ↦ 339
    [reduction] NonUnitalNonAssocSemiring.toAddCommMonoid ↦ 146
    [reduction] AddCommMonoid.toAddMonoid ↦ 111
    [reduction] NonAssocRing.toNonUnitalNonAssocRing ↦ 38
    [reduction] Ring.toNonAssocRing ↦ 38
    [reduction] AddCommGroup.toAddGroup ↦ 37
    [reduction] AddGroup.toSubNegMonoid ↦ 37
    [reduction] NonUnitalNonAssocRing.toAddCommGroup ↦ 37
    [reduction] NonUnitalNonAssocRing.toNonUnitalNonAssocSemiring ↦ 37
    [reduction] SubNegMonoid.toAddMonoid ↦ 37
    [reduction] SMulZeroClass.toSMul ↦ 27
  [reduction] unfolded reducible declarations (max: 78, num: 4):
    [reduction] outParam ↦ 78
    [reduction] ModuleCat.carrier ↦ 57
    [reduction] ordinaryRingDual ↦ 56
    [reduction] ModuleCat.of ↦ 56
  [kernel] unfolded declarations (max: 216, num: 16):
    [kernel] HAdd.hAdd ↦ 216
    [kernel] Add.add ↦ 204
    [kernel] HMul.hMul ↦ 204
    [kernel] Mul.mul ↦ 116
    [kernel] OfNat.ofNat ↦ 108
    [kernel] NonUnitalNonAssocSemiring.toAddCommMonoid ↦ 56
    [kernel] NonUnitalSemiring.toNonUnitalNonAssocSemiring ↦ 45
    [kernel] ModuleCat.carrier ↦ 40
    [kernel] AddCommMonoid.toAddMonoid ↦ 35
    [kernel] NonAssocSemiring.toNonUnitalNonAssocSemiring ↦ 28
    [kernel] SMulZeroClass.toSMul ↦ 28
    [kernel] AddSemigroup.toAdd ↦ 24
    [kernel] AddMonoid.toAddSemigroup ↦ 23
    [kernel] HSMul.hSMul ↦ 23
    [kernel] NonUnitalNonAssocRing.toNonUnitalNonAssocSemiring ↦ 23
    [kernel] SMul.smul ↦ 23
  use `set_option diagnostics.threshold <num>` to control threshold for reporting counters
start map
have B
have C
before intro
after intro
have hk
[diag] Diagnostics
  [reduction] unfolded declarations (max: 266, num: 9):
    [reduction] NonUnitalNonAssocSemiring.toMul ↦ 266
    [reduction] HMul.hMul ↦ 62
    [reduction] Mul.mul ↦ 62
    [reduction] Membership.mem ↦ 47
    [reduction] Quiver.Hom ↦ 46
    [reduction] Add.add ↦ 44
    [reduction] HAdd.hAdd ↦ 33
    [reduction] SetLike.coe ↦ 31
    [reduction] Set.Mem ↦ 23
  [reduction] unfolded instances (max: 2554, num: 60):
    [reduction] Semiring.toNonUnitalSemiring ↦ 2554
    [reduction] Ring.toSemiring ↦ 2337
    [reduction] NonUnitalSemiring.toNonUnitalNonAssocSemiring ↦ 2086
    [reduction] NonAssocSemiring.toNonUnitalNonAssocSemiring ↦ 1404
    [reduction] Semiring.toNonAssocSemiring ↦ 1404
    [reduction] AddCommGroup.toAddGroup ↦ 1218
    [reduction] NonUnitalNonAssocSemiring.toAddCommMonoid ↦ 1062
    [reduction] AddGroup.toSubNegMonoid ↦ 1045
    [reduction] AddCommMonoid.toAddMonoid ↦ 890
    [reduction] NonUnitalNonAssocRing.toAddCommGroup ↦ 557
    [reduction] CommSemiring.toSemiring ↦ 535
    [reduction] SubNegMonoid.toAddMonoid ↦ 461
    [reduction] NonUnitalNonAssocRing.toNonUnitalNonAssocSemiring ↦ 369
    [reduction] NonAssocRing.toNonUnitalNonAssocRing ↦ 351
    [reduction] Ring.toNonAssocRing ↦ 351
    [reduction] Module.toDistribMulAction ↦ 271
    [reduction] MulZeroClass.toMul ↦ 248
    [reduction] DistribMulAction.toMulAction ↦ 235
    [reduction] Semiring.toMonoidWithZero ↦ 184
    [reduction] AddMonoid.toAddSemigroup ↦ 181
    [reduction] AddCommMonoid.toAddCommSemigroup ↦ 170
    [reduction] AddCommSemigroup.toAddSemigroup ↦ 170
    [reduction] MonoidWithZero.toMonoid ↦ 166
    [reduction] SMulZeroClass.toSMul ↦ 165
    [reduction] Monoid.toSemigroup ↦ 148
    [reduction] MonoidWithZero.toMulZeroOneClass ↦ 148
    [reduction] MulOne.toMul ↦ 148
    [reduction] MulOneClass.toMulOne ↦ 148
    [reduction] MulZeroOneClass.toMulOneClass ↦ 148
    [reduction] MulZeroOneClass.toMulZeroClass ↦ 148
    [reduction] Semigroup.toMul ↦ 148
    [reduction] DistribSMul.toSMulZeroClass ↦ 140
    [reduction] AddSemigroup.toAdd ↦ 129
    [reduction] DistribMulAction.toDistribSMul ↦ 121
    [reduction] MulAction.toSMul ↦ 115
    [reduction] AddCommMagma.toAdd ↦ 107
    [reduction] AddCommSemigroup.toAddCommMagma ↦ 107
    [reduction] AddCommGroup.toAddCommMonoid ↦ 105
    [reduction] NonUnitalNonAssocSemiring.toMulZeroClass ↦ 100
    [reduction] Ring.toAddCommGroup ↦ 92
    [reduction] Algebra.toModule ↦ 77
    [reduction] instHMul ↦ 62
    [reduction] DivisionSemiring.toSemiring ↦ 62
    [reduction] Semifield.toDivisionSemiring ↦ 58
    [reduction] MulZeroClass.toSMulWithZero ↦ 56
    [reduction] SMulWithZero.toSMulZeroClass ↦ 56
    [reduction] instHAdd ↦ 55
    [reduction] Semiring.toModule ↦ 32
    [reduction] MonoidWithZero.toMulActionWithZero ↦ 31
    [reduction] MulActionWithZero.toMulAction ↦ 31
    [reduction] Field.toCommRing ↦ 30
    [reduction] CommRing.toRing ↦ 29
    [reduction] DivisionRing.toRing ↦ 27
    [reduction] Field.toDivisionRing ↦ 27
    [reduction] Submodule.setLike ↦ 26
    [reduction] instDistribSMul ↦ 25
    [reduction] Set.instMembership ↦ 25
    [reduction] AddZero.toAdd ↦ 22
    [reduction] AddZeroClass.toAddZero ↦ 22
    [reduction] Pi.instAdd ↦ 22
  [reduction] unfolded reducible declarations (max: 468, num: 12):
    [reduction] ModuleCat.carrier ↦ 468
    [reduction] ordinaryRingDual ↦ 435
    [reduction] ModuleCat.of ↦ 435
    [reduction] outParam ↦ 127
    [reduction] Submodule.toAddSubmonoid ↦ 59
    [reduction] ringModule ↦ 57
    [reduction] FunLike ↦ 50
    [reduction] AddSubmonoid.toAddSubsemigroup ↦ 43
    [reduction] LinearMap.toAddHom ↦ 32
    [reduction] AddSubsemigroup.carrier ↦ 25
    [reduction] AddHom.toFun ↦ 24
    [reduction] Function.Injective.addZeroClass ↦ 22
  [type_class] used instances (max: 35, num: 5):
    [type_class] Semiring.toModule ↦ 35
    [type_class] EuclideanDomain.toCommRing ↦ 25
    [type_class] Field.toCommRing ↦ 25
    [type_class] Field.toEuclideanDomain ↦ 25
    [type_class] Field.toSemifield ↦ 25
  [type_class] max synth pending failures (maxSynthPendingDepth: 1), use `set_option maxSynthPendingDepth <limit>`
    [type_class] AddCommGroup R
  [def_eq] heuristic for solving `f a =?= f b` (max: 35, num: 3):
    [def_eq] NonUnitalNonAssocSemiring.toAddCommMonoid ↦ 35
    [def_eq] AddCommMonoid.toAddMonoid ↦ 33
    [def_eq] Semiring.toNonUnitalSemiring ↦ 27
  use `set_option diagnostics.threshold <num>` to control threshold for reporting counters
work/homogeneous-top-quotient-mapq-diagnostic.lean:66:0: error: (deterministic) timeout at `whnf`, maximum number of heartbeats (5000) has been reached

Note: Use `set_option maxHeartbeats <num>` to set the limit.
