'ASGinzburg.ZAlgebra.ASRegular.cutEnvelopingMinimalRingHomRightNatComplex' depends on axioms: [propext,
 Classical.choice,
 Quot.sound]
'ASGinzburg.ZAlgebra.ASRegular.cutEnvelopingMinimalRingHomRightTermData' depends on axioms: [propext,
 Classical.choice,
 Quot.sound]
'ASGinzburg.ZAlgebra.ASRegular.cutEnvelopingMinimalRingHomRightTermData_ringModule' depends on axioms: [propext,
 Classical.choice,
 Quot.sound]
'ASGinzburg.ZAlgebra.ASRegular.cutEnvelopingMinimalRingHomRightTermData_exists_lower_bound' depends on axioms: [propext,
 Classical.choice,
 Quot.sound]
'ASGinzburg.ZAlgebra.ASRegular.cutEnvelopingMinimalRingHomRightNatComplex_d_preservesGrade' depends on axioms: [propext,
 Classical.choice,
 Quot.sound]
'ASGinzburg.ZAlgebra.ASRegular.cutEnvelopingMinimalRingHomRightNatComplex_isZero_ge_four' depends on axioms: [propext,
 Classical.choice,
 Quot.sound]
'ASGinzburg.GradedOrdinaryModuleData.ringDualComponent_isCycle' depends on axioms: [propext,
 Classical.choice,
 Quot.sound]
'ASGinzburg.GradedOrdinaryModuleData.ringDualCycle_eq_zero_of_homogeneous_cycles_eq_zero' depends on axioms: [propext,
 Classical.choice,
 Quot.sound]
'ASGinzburg.GradedOrdinaryModuleData.ringDualCycle_exists_boundary_of_homogeneous_exactness' depends on axioms: [propext,
 Classical.choice,
 Quot.sound]
'ASGinzburg.ZAlgebra.ASRegular.cutGradedSimpleHomComplex_regular_exact_low' depends on axioms: [propext,
 Classical.choice,
 Quot.sound]
'ASGinzburg.ZAlgebra.ASRegular.cutOrdinarySimpleResolutionTermData' depends on axioms: [propext,
 Classical.choice,
 Quot.sound]
'ASGinzburg.ZAlgebra.ASRegular.cutOrdinarySimpleResolutionTermData_ringModule' depends on axioms: [propext,
 Classical.choice,
 Quot.sound]
'ASGinzburg.ZAlgebra.ASRegular.cutOrdinarySimpleResolutionTermData_finite' depends on axioms: [propext,
 Classical.choice,
 Quot.sound]
'ASGinzburg.ZAlgebra.ASRegular.cutOrdinarySimpleResolution_d_preservesGrade' depends on axioms: [propext,
 Classical.choice,
 Quot.sound]
