work/ASGinzburgDraft/OrdinaryRingDualTopExtFinite.lean:17:4: error: failed to synthesize
  Module k (Abelian.Ext X (ModuleCat.of R R) 3)

Hint: Additional diagnostic information may be available using the `set_option diagnostics true` command.
work/ASGinzburgDraft/OrdinaryRingDualTopExtFinite.lean:18:3: error: failed to synthesize
  HasDerivedCategory (ModuleCat R)

Hint: Additional diagnostic information may be available using the `set_option diagnostics true` command.
work/ASGinzburgDraft/OrdinaryRingDualTopExtFinite.lean:22:60: error: Application type mismatch: The argument
  R
has type
  Type v
of sort `Type (v + 1)` but is expected to have type
  ProjectiveResolution ?m.25
of sort `Type (u + 1)` in the application
  ordinaryRingDualToActualExtThree k R
work/ASGinzburgDraft/OrdinaryRingDualTopExtFinite.lean:23:42: error(lean.unknownIdentifier): Unknown identifier `k`
work/ASGinzburgDraft/OrdinaryRingDualTopExtFinite.lean:28:39: error: Application type mismatch: The argument
  R
has type
  Type v
of sort `Type (v + 1)` but is expected to have type
  ProjectiveResolution ?m.37
of sort `Type (u + 1)` in the application
  ordinaryRingDualToActualExtThree k R
work/ASGinzburgDraft/OrdinaryRingDualTopExtFinite.lean:29:37: error(lean.unknownIdentifier): Unknown identifier `k`
work/ASGinzburgDraft/OrdinaryRingDualTopExtFinite.lean:30:35: error(lean.unknownIdentifier): Unknown identifier `k`
work/ASGinzburgDraft/OrdinaryRingDualTopExtFinite.lean:35:4: error: failed to synthesize
  Module k (Abelian.Ext X (ModuleCat.of R R) 3)

Hint: Additional diagnostic information may be available using the `set_option diagnostics true` command.
work/ASGinzburgDraft/OrdinaryRingDualTopExtFinite.lean:39:40: error: Application type mismatch: The argument
  R
has type
  Type v
of sort `Type (v + 1)` but is expected to have type
  ProjectiveResolution ?m.137
of sort `Type (u + 1)` in the application
  ordinaryRingDualToActualExtThree k R
work/ASGinzburgDraft/OrdinaryRingDualTopExtFinite.lean:41:87: error: Application type mismatch: The argument
  R
has type
  Type v
of sort `Type (v + 1)` but is expected to have type
  ProjectiveResolution ?m.181
of sort `Type (u + 1)` in the application
  ordinaryRingDualToActualExtThree_boundary_eq_zero k R
work/ASGinzburgDraft/OrdinaryRingDualTopExtFinite.lean:39:49: error: unsolved goals
k : Type u
inst✝² : Field k
R : Type v
inst✝¹ : Ring R
inst✝ : Algebra k R
X : ModuleCat R
P : ProjectiveResolution X
h₄ : IsZero (P.complex.X 4)
g : ↑(ordinaryRingDual R (P.complex.X 2))
⊢ (ordinaryRingDualMapField (P.complex.d 3 2)) g ∈ LinearMap.ker sorry
work/ASGinzburgDraft/OrdinaryRingDualTopExtFinite.lean:44:71: error: Application type mismatch: The argument
  R
has type
  Type v
of sort `Type (v + 1)` but is expected to have type
  ProjectiveResolution ?m.25
of sort `Type (u + 1)` in the application
  ordinaryRingDualTopQuotientToActualExtThree k R
work/ASGinzburgDraft/OrdinaryRingDualTopExtFinite.lean:46:19: error(lean.unknownIdentifier): Unknown identifier `ordinaryRingDualToActualExtThree_surjective`
work/ASGinzburgDraft/OrdinaryRingDualTopExtFinite.lean:46:9: error: Tactic `rcases` failed: `x✝ : ?m.32` is not an inductive datatype
work/ASGinzburgDraft/OrdinaryRingDualTopExtFinite.lean:54:4: error: failed to synthesize
  Module k (Abelian.Ext X (ModuleCat.of R R) 3)

Hint: Additional diagnostic information may be available using the `set_option diagnostics true` command.
work/ASGinzburgDraft/OrdinaryRingDualTopExtFinite.lean:55:77: error: Application type mismatch: The argument
  R
has type
  Type v
of sort `Type (v + 1)` but is expected to have type
  ProjectiveResolution ?m.101
of sort `Type (u + 1)` in the application
  ordinaryRingDualTopQuotientToActualExtThree k R
work/ASGinzburgDraft/OrdinaryRingDualTopExtFinite.lean:56:5: error(lean.unknownIdentifier): Unknown identifier `ordinaryRingDualTopQuotientToActualExtThree_surjective`
