'ASGinzburg.ZAlgebra.PeriodIso.cutEnvelopingDegreePairZero' does not depend on any axioms
'ASGinzburg.ZAlgebra.PeriodIso.cutEnvelopingDegreePairZero_unique' does not depend on any axioms
'ASGinzburg.ZAlgebra.PeriodIso.cutEnvelopingZeroTensorDegreeEquiv' depends on axioms: [propext,
 Classical.choice,
 Quot.sound]
'ASGinzburg.ZAlgebra.PeriodIso.cutEnvelopingZeroTensorDegreeEquiv_apply' depends on axioms: [propext,
 Classical.choice,
 Quot.sound]
'ASGinzburg.ZAlgebra.PeriodIso.cutEnvelopingDegreeEquiv_zeroHomogeneousInclusion' depends on axioms: [propext,
 Classical.choice,
 Quot.sound]
'ASGinzburg.ZAlgebra.PeriodIso.cutEnvelopingDegreeInclusion_zeroTensorDegreeEquiv' depends on axioms: [propext,
 Classical.choice,
 Quot.sound]
'ASGinzburg.ZAlgebra.PeriodIso.cutEnvelopingDegreeZeroInclusion_injective' depends on axioms: [propext,
 Classical.choice,
 Quot.sound]
'ASGinzburg.ZAlgebra.PeriodIso.cutEnvelopingDegreeZeroEquiv' depends on axioms: [propext, Classical.choice, Quot.sound]
'ASGinzburg.ZAlgebra.PeriodIso.cutEnvelopingDegreeZeroEquiv_tmul' depends on axioms: [propext,
 Classical.choice,
 Quot.sound]
'ASGinzburg.ZAlgebra.PeriodIso.cutEnvelopingDegreeInclusion_degreeZeroEquiv' depends on axioms: [propext,
 Classical.choice,
 Quot.sound]
'ASGinzburg.ZAlgebra.PeriodIso.cutEnvelopingDegreeZeroLinearMap_eq' depends on axioms: [propext,
 Classical.choice,
 Quot.sound]
'ASGinzburg.ZAlgebra.PeriodIso.cutEnvelopingZeroInclusion_injective' depends on axioms: [propext,
 Classical.choice,
 Quot.sound]
'ASGinzburg.ZAlgebra.PeriodIso.cutEnvelopingDegreeZeroSubalgebra' depends on axioms: [propext,
 Classical.choice,
 Quot.sound]
'ASGinzburg.ZAlgebra.PeriodIso.cutEnvelopingDegreeZeroRange_eq_subalgebra' depends on axioms: [propext,
 Classical.choice,
 Quot.sound]
'ASGinzburg.ZAlgebra.PeriodIso.cutEnvelopingDegreeZeroRange_one' depends on axioms: [propext,
 Classical.choice,
 Quot.sound]
'ASGinzburg.ZAlgebra.PeriodIso.cutEnvelopingDegreeZeroRange_mul' depends on axioms: [propext,
 Classical.choice,
 Quot.sound]
'ASGinzburg.ZAlgebra.PeriodIso.cutEnvelopingDegreeZeroSubalgebraEquiv' depends on axioms: [propext,
 Classical.choice,
 Quot.sound]
'ASGinzburg.ZAlgebra.PeriodIso.cutEnvelopingDegreeZeroSubalgebraEquiv_apply' depends on axioms: [propext,
 Classical.choice,
 Quot.sound]
