'ASGinzburg.CutQuiver.noncutJacobianContextTransposedTerm' depends on axioms: [propext, Classical.choice, Quot.sound]
'ASGinzburg.CutQuiver.noncutJacobianContextTransposedTerm_mem_cut' depends on axioms: [propext,
 Classical.choice,
 Quot.sound]
'ASGinzburg.CutQuiver.noncutJacobianContextTransposedTerm_noncut' depends on axioms: [propext,
 Classical.choice,
 Quot.sound]
'ASGinzburg.CutQuiver.noncutJacobianContextTransposedLinearMap' depends on axioms: [propext,
 Classical.choice,
 Quot.sound]
'ASGinzburg.CutQuiver.noncutJacobianContextTransposedLinearMap_mem_cut' depends on axioms: [propext,
 Classical.choice,
 Quot.sound]
'ASGinzburg.CutQuiver.noncutJacobianContextTransposedTerm_trace' depends on axioms: [propext,
 Classical.choice,
 Quot.sound]
'ASGinzburg.CutQuiver.noncutJacobianContextTransposedLinearMap_trace' depends on axioms: [propext,
 Classical.choice,
 Quot.sound]
'ASGinzburg.CutQuiver.zeroCutIsomorphismTransposedReplacement' depends on axioms: [propext,
 Classical.choice,
 Quot.sound]
'ASGinzburg.CutQuiver.zeroCutIsomorphismTransposedReplacement_noncut' depends on axioms: [propext,
 Classical.choice,
 Quot.sound]
'ASGinzburg.CutQuiver.zeroCutIsomorphismTransposedReplacement_mem_cut' depends on axioms: [propext,
 Classical.choice,
 Quot.sound]
'ASGinzburg.CutQuiver.zeroCutIsomorphismTransposedReplacement_trace' depends on axioms: [propext,
 Classical.choice,
 Quot.sound]
