work/ASGinzburgDraft/TriangleGinzburgGLSubstitutionCut.lean:18:42: warning: This simp argument is unused:
  CutQuiver.GinzburgPath.cutDegree_transport

Hint: Omit it from the simp argument list.
  simp only [̵t̵r̵i̵a̵n̵g̵l̵e̵E̵d̵g̵e̵D̵u̵a̵l̵G̵i̵n̵z̵b̵u̵r̵g̵P̵a̵t̵h̵,̵C̵u̵t̵Q̵u̵i̵v̵e̵r̵.̵G̵i̵n̵z̵b̵u̵r̵g̵P̵a̵t̵h̵.̵c̵u̵t̵D̵e̵g̵r̵e̵e̵_̵t̵r̵a̵n̵s̵p̵o̵r̵t̵,̵
  ̵ ̵ ̵ ̵ ̵C̵u̵t̵Q̵u̵i̵v̵e̵r̵.̵d̵u̵a̵l̵G̵i̵n̵z̵b̵u̵r̵g̵A̵r̵r̵o̵w̵P̵a̵t̵h̵,̵C̵u̵t̵Q̵u̵i̵v̵e̵r̵.̵G̵i̵n̵z̵b̵u̵r̵g̵P̵a̵t̵h̵.̵c̵u̵t̵D̵e̵g̵r̵e̵e̵,̵
  ̵ ̵ ̵ ̵ ̵C̵u̵t̵Q̵u̵i̵v̵e̵r̵.̵G̵i̵n̵z̵b̵u̵r̵g̵A̵r̵r̵o̵w̵.̵c̵u̵t̵D̵e̵g̵r̵e̵e̵,̵z̵e̵r̵o̵_̵a̵d̵d̵]̵[̲t̲r̲i̲a̲n̲g̲l̲e̲E̲d̲g̲e̲D̲u̲a̲l̲G̲i̲n̲z̲b̲u̲r̲g̲P̲a̲t̲h̲,̲ ̲C̲u̲t̲Q̲u̲i̲v̲e̲r̲.̲d̲u̲a̲l̲G̲i̲n̲z̲b̲u̲r̲g̲A̲r̲r̲o̲w̲P̲a̲t̲h̲,̲
  ̲ ̲ ̲ ̲ ̲C̲u̲t̲Q̲u̲i̲v̲e̲r̲.̲G̲i̲n̲z̲b̲u̲r̲g̲P̲a̲t̲h̲.̲c̲u̲t̲D̲e̲g̲r̲e̲e̲,̲ ̲C̲u̲t̲Q̲u̲i̲v̲e̲r̲.̲G̲i̲n̲z̲b̲u̲r̲g̲A̲r̲r̲o̲w̲.̲c̲u̲t̲D̲e̲g̲r̲e̲e̲,̲ ̲z̲e̲r̲o̲_̲a̲d̲d̲]̲

Note: This linter can be disabled with `set_option linter.unusedSimpArgs false`
work/ASGinzburgDraft/TriangleGinzburgGLSubstitutionCut.lean:19:36: warning: This simp argument is unused:
  CutQuiver.GinzburgPath.cutDegree

Hint: Omit it from the simp argument list.
  simp only [̵t̵r̵i̵a̵n̵g̵l̵e̵E̵d̵g̵e̵D̵u̵a̵l̵G̵i̵n̵z̵b̵u̵r̵g̵P̵a̵t̵h̵,̵C̵u̵t̵Q̵u̵i̵v̵e̵r̵.̵G̵i̵n̵z̵b̵u̵r̵g̵P̵a̵t̵h̵.̵c̵u̵t̵D̵e̵g̵r̵e̵e̵_̵t̵r̵a̵n̵s̵p̵o̵r̵t̵,̵
  ̵ ̵ ̵ ̵ ̵C̵u̵t̵Q̵u̵i̵v̵e̵r̵.̵d̵u̵a̵l̵G̵i̵n̵z̵b̵u̵r̵g̵A̵r̵r̵o̵w̵P̵a̵t̵h̵,̵C̵u̵t̵Q̵u̵i̵v̵e̵r̵.̵G̵i̵n̵z̵b̵u̵r̵g̵P̵a̵t̵h̵.̵c̵u̵t̵D̵e̵g̵r̵e̵e̵,̵
  ̵ ̵ ̵ ̵ ̵C̵u̵t̵Q̵u̵i̵v̵e̵r̵.̵G̵i̵n̵z̵b̵u̵r̵g̵A̵r̵r̵o̵w̵.̵c̵u̵t̵D̵e̵g̵r̵e̵e̵,̵z̵e̵r̵o̵_̵a̵d̵d̵]̵[̲t̲r̲i̲a̲n̲g̲l̲e̲E̲d̲g̲e̲D̲u̲a̲l̲G̲i̲n̲z̲b̲u̲r̲g̲P̲a̲t̲h̲,̲ ̲C̲u̲t̲Q̲u̲i̲v̲e̲r̲.̲G̲i̲n̲z̲b̲u̲r̲g̲P̲a̲t̲h̲.̲c̲u̲t̲D̲e̲g̲r̲e̲e̲_̲t̲r̲a̲n̲s̲p̲o̲r̲t̲,̲
  ̲ ̲ ̲ ̲ ̲C̲u̲t̲Q̲u̲i̲v̲e̲r̲.̲d̲u̲a̲l̲G̲i̲n̲z̲b̲u̲r̲g̲A̲r̲r̲o̲w̲P̲a̲t̲h̲,̲ ̲C̲u̲t̲Q̲u̲i̲v̲e̲r̲.̲G̲i̲n̲z̲b̲u̲r̲g̲A̲r̲r̲o̲w̲.̲c̲u̲t̲D̲e̲g̲r̲e̲e̲,̲ ̲z̲e̲r̲o̲_̲a̲d̲d̲]̲

Note: This linter can be disabled with `set_option linter.unusedSimpArgs false`
work/ASGinzburgDraft/TriangleGinzburgGLSubstitutionCut.lean:20:4: warning: This simp argument is unused:
  CutQuiver.GinzburgArrow.cutDegree

Hint: Omit it from the simp argument list.
  simp only [̵t̵r̵i̵a̵n̵g̵l̵e̵E̵d̵g̵e̵D̵u̵a̵l̵G̵i̵n̵z̵b̵u̵r̵g̵P̵a̵t̵h̵,̵C̵u̵t̵Q̵u̵i̵v̵e̵r̵.̵G̵i̵n̵z̵b̵u̵r̵g̵P̵a̵t̵h̵.̵c̵u̵t̵D̵e̵g̵r̵e̵e̵_̵t̵r̵a̵n̵s̵p̵o̵r̵t̵,̵
  ̵ ̵ ̵ ̵ ̵C̵u̵t̵Q̵u̵i̵v̵e̵r̵.̵d̵u̵a̵l̵G̵i̵n̵z̵b̵u̵r̵g̵A̵r̵r̵o̵w̵P̵a̵t̵h̵,̵C̵u̵t̵Q̵u̵i̵v̵e̵r̵.̵G̵i̵n̵z̵b̵u̵r̵g̵P̵a̵t̵h̵.̵c̵u̵t̵D̵e̵g̵r̵e̵e̵,̵
  ̵ ̵ ̵ ̵ ̵C̵u̵t̵Q̵u̵i̵v̵e̵r̵.̵G̵i̵n̵z̵b̵u̵r̵g̵A̵r̵r̵o̵w̵.̵c̵u̵t̵D̵e̵g̵r̵e̵e̵,̵z̵e̵r̵o̵_̵a̵d̵d̵]̵[̲t̲r̲i̲a̲n̲g̲l̲e̲E̲d̲g̲e̲D̲u̲a̲l̲G̲i̲n̲z̲b̲u̲r̲g̲P̲a̲t̲h̲,̲ ̲C̲u̲t̲Q̲u̲i̲v̲e̲r̲.̲G̲i̲n̲z̲b̲u̲r̲g̲P̲a̲t̲h̲.̲c̲u̲t̲D̲e̲g̲r̲e̲e̲_̲t̲r̲a̲n̲s̲p̲o̲r̲t̲,̲
  ̲ ̲ ̲ ̲ ̲C̲u̲t̲Q̲u̲i̲v̲e̲r̲.̲d̲u̲a̲l̲G̲i̲n̲z̲b̲u̲r̲g̲A̲r̲r̲o̲w̲P̲a̲t̲h̲,̲ ̲C̲u̲t̲Q̲u̲i̲v̲e̲r̲.̲G̲i̲n̲z̲b̲u̲r̲g̲P̲a̲t̲h̲.̲c̲u̲t̲D̲e̲g̲r̲e̲e̲,̲ ̲z̲e̲r̲o̲_̲a̲d̲d̲]̲

Note: This linter can be disabled with `set_option linter.unusedSimpArgs false`
work/ASGinzburgDraft/TriangleGinzburgGLSubstitutionCut.lean:20:38: warning: This simp argument is unused:
  zero_add

Hint: Omit it from the simp argument list.
  simp only [triangleEdgeDualGinzburgPath, ̲CutQuiver.GinzburgPath.cutDegree_transport,
      CutQuiver.dualGinzburgArrowPath, ̲CutQuiver.GinzburgPath.cutDegree,
      CutQuiver.GinzburgArrow.cutDegree,̵z̵e̵r̵o̵_̵a̵d̵d̵]

Note: This linter can be disabled with `set_option linter.unusedSimpArgs false`
