'ASGinzburg.CutQuiver.zeroCutJacobianComponentProjection' depends on axioms: [propext, Classical.choice, Quot.sound]
'ASGinzburg.CutQuiver.zeroCutJacobianComponentProjection_surjective' depends on axioms: [propext,
 Classical.choice,
 Quot.sound]
'ASGinzburg.CutQuiver.zeroCutJacobianComponentProjection_id' depends on axioms: [propext, Classical.choice, Quot.sound]
'ASGinzburg.CutQuiver.zeroCutJacobianComponentProjection_comp' depends on axioms: [propext,
 Classical.choice,
 Quot.sound]
'ASGinzburg.CutQuiver.zeroCutFoundationComponentEquiv_native' depends on axioms: [propext, Classical.choice, Quot.sound]
'ASGinzburg.CutQuiver.zeroCutJacobianComponentProjection_eq_zero_iff' depends on axioms: [propext,
 Classical.choice,
 Quot.sound]
'ASGinzburg.CutQuiver.zeroCutJacobianComponentProjection_kernel_length' depends on axioms: [propext,
 Classical.choice,
 Quot.sound]
'ASGinzburg.CutQuiver.pathArrowProjection_eq_zero_of_length_two' depends on axioms: [propext,
 Classical.choice,
 Quot.sound]
'ASGinzburg.CutQuiver.pathArrowProjection_substitution_projection' depends on axioms: [propext,
 Classical.choice,
 Quot.sound]
'ASGinzburg.CutQuiver.pathSubstitutionArrowLinearMap_comp_arrow' depends on axioms: [propext,
 Classical.choice,
 Quot.sound]
'ASGinzburg.CutQuiver.pathSubstitutionArrowLinearMap_inverse_of_arrow' depends on axioms: [propext,
 Classical.choice,
 Quot.sound]
