work/ASGinzburgDraft/AlgebraEnvelopingQuotientTensorRightModule.lean:85:14: error: failed to synthesize
  ZeroHomClass (QuotientTensorRightSpace k R J ≃ₗ[k] (AlgebraEnvelopingRing k (R ⧸ J))ᵐᵒᵖ) ?m.211 ?m.212
(deterministic) timeout at `typeclass`, maximum number of heartbeats (20000) has been reached

Note: Use `set_option synthInstance.maxHeartbeats <num>` to set the limit.

Hint: Additional diagnostic information may be available using the `set_option diagnostics true` command.

Hint: Additional diagnostic information may be available using the `set_option diagnostics true` command.
work/ASGinzburgDraft/AlgebraEnvelopingQuotientTensorRightModule.lean:88:18: error: failed to synthesize
  ZeroHomClass (QuotientTensorRightSpace k R J ≃ₗ[k] (AlgebraEnvelopingRing k (R ⧸ J))ᵐᵒᵖ) ?m.239 ?m.240
(deterministic) timeout at `typeclass`, maximum number of heartbeats (20000) has been reached

Note: Use `set_option synthInstance.maxHeartbeats <num>` to set the limit.

Hint: Additional diagnostic information may be available using the `set_option diagnostics true` command.

Hint: Additional diagnostic information may be available using the `set_option diagnostics true` command.
work/ASGinzburgDraft/AlgebraEnvelopingQuotientTensorRightModule.lean:90:16: error: Tactic `rewrite` failed: Did not find an occurrence of the pattern
  MulOpposite.op (?a ⊗ₜ[?k] MulOpposite.op ?b) • ?m ⊗ₜ[?k] ?n
in the target expression
  (quotientTensorRightCanonicalFieldEquiv k R J) (MulOpposite.op (a ⊗ₜ[k] b) • s ⊗ₜ[k] t) =
    (AlgHom.op (algebraEnvelopingQuotientAugmentation k R J)) (MulOpposite.op (a ⊗ₜ[k] b)) *
      (quotientTensorRightCanonicalFieldEquiv k R J) (s ⊗ₜ[k] t)

case tmul.tmul
k : Type u
inst✝³ : Field k
R : Type v
inst✝² : Ring R
inst✝¹ : Algebra k R
J : Ideal R
inst✝ : J.IsTwoSided
a : R
b : Rᵐᵒᵖ
s : ↑(idealQuotientRightObject J)
t : ↑(ModuleCat.of R (R ⧸ J))
⊢ (quotientTensorRightCanonicalFieldEquiv k R J) (MulOpposite.op (a ⊗ₜ[k] b) • s ⊗ₜ[k] t) =
    (AlgHom.op (algebraEnvelopingQuotientAugmentation k R J)) (MulOpposite.op (a ⊗ₜ[k] b)) *
      (quotientTensorRightCanonicalFieldEquiv k R J) (s ⊗ₜ[k] t)
work/ASGinzburgDraft/AlgebraEnvelopingQuotientTensorRightModule.lean:102:27: error: failed to synthesize
  AddHomClass (QuotientTensorRightSpace k R J ≃ₗ[k] (AlgebraEnvelopingRing k (R ⧸ J))ᵐᵒᵖ) ?m.266 ?m.267
(deterministic) timeout at `typeclass`, maximum number of heartbeats (20000) has been reached

Note: Use `set_option synthInstance.maxHeartbeats <num>` to set the limit.

Hint: Additional diagnostic information may be available using the `set_option diagnostics true` command.

Hint: Additional diagnostic information may be available using the `set_option diagnostics true` command.
work/ASGinzburgDraft/AlgebraEnvelopingQuotientTensorRightModule.lean:104:8: error: failed to synthesize
  AddHomClass (QuotientTensorRightSpace k R J ≃ₗ[k] (AlgebraEnvelopingRing k (R ⧸ J))ᵐᵒᵖ) ?m.269 ?m.270
(deterministic) timeout at `typeclass`, maximum number of heartbeats (20000) has been reached

Note: Use `set_option synthInstance.maxHeartbeats <num>` to set the limit.

Hint: Additional diagnostic information may be available using the `set_option diagnostics true` command.

Hint: Additional diagnostic information may be available using the `set_option diagnostics true` command.
