'ASGinzburg.ZAlgebra.PeriodIso.cutRightModuleOrdinaryGrade' depends on axioms: [propext, Classical.choice, Quot.sound]
'ASGinzburg.ZAlgebra.PeriodIso.cutRightModuleOrdinaryGrade_mem' depends on axioms: [propext,
 Classical.choice,
 Quot.sound]
'ASGinzburg.ZAlgebra.PeriodIso.cutRightModuleOrdinaryData' depends on axioms: [propext, Classical.choice, Quot.sound]
'ASGinzburg.ZAlgebra.PeriodIso.cutRightModuleOrdinaryData_boundedBelow' depends on axioms: [propext,
 Classical.choice,
 Quot.sound]
'ASGinzburg.ZAlgebra.PeriodIso.cutRightModuleOrdinaryMap_preservesGrade' depends on axioms: [propext,
 Classical.choice,
 Quot.sound]
'ASGinzburg.ZAlgebra.PeriodIso.cutRecoveredRightModule_isZero_above_sharp_lower_bound' depends on axioms: [propext,
 Classical.choice,
 Quot.sound]
'ASGinzburg.ZAlgebra.PeriodIso.cutCornerModule_grade_eq_bot_of_sharp_height_bound' depends on axioms: [propext,
 Classical.choice,
 Quot.sound]
'ASGinzburg.balancedTensorIdealAction_map_mem' depends on axioms: [propext, Classical.choice, Quot.sound]
'ASGinzburg.balancedTensorIdealAction_exists_preimage' depends on axioms: [propext, Classical.choice, Quot.sound]
'ASGinzburg.balancedTensorIdealAction_preimage_mem' depends on axioms: [propext, Classical.choice, Quot.sound]
'ASGinzburg.balancedTensorIdealQuotientMapLeft' depends on axioms: [propext, Classical.choice, Quot.sound]
'ASGinzburg.balancedTensorIdealQuotientMapLeft_bijective' depends on axioms: [propext, Classical.choice, Quot.sound]
'ASGinzburg.balancedTensorQuotientEquiv_mapLeft' depends on axioms: [propext, Classical.choice, Quot.sound]
'ASGinzburg.balancedTensorLeftFunctor_map_isIso_of_minimal_epi' depends on axioms: [propext,
 Classical.choice,
 Quot.sound]
'ASGinzburg.ZAlgebra.PeriodIso.cornerTotalModuleLinearMap_surjective_of_epi' depends on axioms: [propext,
 Classical.choice,
 Quot.sound]
'ASGinzburg.ZAlgebra.PeriodIso.cutNativeTopCoverSource' depends on axioms: [propext, Classical.choice, Quot.sound]
'ASGinzburg.ZAlgebra.PeriodIso.cutNativeTopCoverπ' depends on axioms: [propext, Classical.choice, Quot.sound]
'ASGinzburg.ZAlgebra.PeriodIso.cutNativeTopCoverOrdinaryπ' depends on axioms: [propext, Classical.choice, Quot.sound]
'ASGinzburg.ZAlgebra.PeriodIso.cutNativeTopCoverOrdinaryπ_epi' depends on axioms: [propext,
 Classical.choice,
 Quot.sound]
'ASGinzburg.ZAlgebra.PeriodIso.cutGradedJacobsonOppositeIdeal' depends on axioms: [propext,
 Classical.choice,
 Quot.sound]
'ASGinzburg.ZAlgebra.PeriodIso.cutGradedJacobsonOppositeIdeal_mem' depends on axioms: [propext,
 Classical.choice,
 Quot.sound]
'ASGinzburg.ZAlgebra.PeriodIso.cutOrdinaryGradedCoverSource' depends on axioms: [propext, Classical.choice, Quot.sound]
'ASGinzburg.ZAlgebra.PeriodIso.cutOrdinaryGradedCoverSource_boundedBelow' depends on axioms: [propext,
 Classical.choice,
 Quot.sound]
'ASGinzburg.ZAlgebra.PeriodIso.cutOrdinaryGradedCoverπ' depends on axioms: [propext, Classical.choice, Quot.sound]
'ASGinzburg.ZAlgebra.PeriodIso.cutOrdinaryGradedCoverπ_preservesGrade' depends on axioms: [propext,
 Classical.choice,
 Quot.sound]
'ASGinzburg.ZAlgebra.PeriodIso.cutOrdinaryGradedCoverSource_projective' depends on axioms: [propext,
 Classical.choice,
 Quot.sound]
'ASGinzburg.ZAlgebra.PeriodIso.cutOrdinaryGradedCoverπ_epi' depends on axioms: [propext, Classical.choice, Quot.sound]
'ASGinzburg.ZAlgebra.PeriodIso.cutOrdinaryGradedCoverπ_kernel_minimal' depends on axioms: [propext,
 Classical.choice,
 Quot.sound]
'ASGinzburg.ZAlgebra.PeriodIso.cutOrdinaryGradedProjectiveCover' depends on axioms: [propext,
 Classical.choice,
 Quot.sound]
'ASGinzburg.ZAlgebra.PeriodIso.cutOrdinaryGradedCoverπ_kernel_tensorIdealAction' depends on axioms: [propext,
 Classical.choice,
 Quot.sound]
'ASGinzburg.ZAlgebra.PeriodIso.cutOrdinaryGradedCoverπ_tensor_semisimple_isIso' depends on axioms: [propext,
 Classical.choice,
 Quot.sound]
'ASGinzburg.ZAlgebra.PeriodIso.cutOrdinaryGradedProjectiveCover_tensor_semisimple_isIso' depends on axioms: [propext,
 Classical.choice,
 Quot.sound]
