'ASGinzburg.ZAlgebra.ASRegular.triangleXArrowEvaluation' depends on axioms: [propext, Classical.choice, Quot.sound]
'ASGinzburg.ZAlgebra.ASRegular.triangleYArrowEvaluation' depends on axioms: [propext, Classical.choice, Quot.sound]
'ASGinzburg.ZAlgebra.ASRegular.triangleXArrowEvaluation_bijective' depends on axioms: [propext,
 Classical.choice,
 Quot.sound]
'ASGinzburg.ZAlgebra.ASRegular.triangleYArrowEvaluation_bijective' depends on axioms: [propext,
 Classical.choice,
 Quot.sound]
'ASGinzburg.ZAlgebra.ASRegular.triangleXArrowEvaluationEquiv' depends on axioms: [propext, Classical.choice, Quot.sound]
'ASGinzburg.ZAlgebra.ASRegular.triangleYArrowEvaluationEquiv' depends on axioms: [propext, Classical.choice, Quot.sound]
'ASGinzburg.ZAlgebra.ASRegular.triangleXYPathEvaluation' depends on axioms: [propext, Classical.choice, Quot.sound]
'ASGinzburg.ZAlgebra.ASRegular.triangleXYPathEvaluation_comp' depends on axioms: [propext, Classical.choice, Quot.sound]
'ASGinzburg.triangleGinzburgRegular_pathClass_iff_JacobianIso' depends on axioms: [propext,
 Classical.choice,
 Quot.sound]
'ASGinzburg.triangleASGinzburgClassInjection' depends on axioms: [propext, Classical.choice, Quot.sound]
'ASGinzburg.triangleASGinzburgClassIff' depends on axioms: [propext, Classical.choice, Quot.sound]
'ASGinzburg.triangleGinzburgRegularPotentialASClassMap_injective' depends on axioms: [propext,
 Classical.choice,
 Quot.sound]
'ASGinzburg.corollary52Class' depends on axioms: [propext, Classical.choice, Quot.sound]
'ASGinzburg.corollary52ClassMap_triangle_injective' depends on axioms: [propext, Classical.choice, Quot.sound]
'ASGinzburg.triangleCutRelationLinearMap' depends on axioms: [propext, Classical.choice, Quot.sound]
'ASGinzburg.triangleCutRelationLinearMap_single' depends on axioms: [propext, Classical.choice, Quot.sound]
'ASGinzburg.triangleCutRelationLinearMap_range' depends on axioms: [propext, Classical.choice, Quot.sound]
'ASGinzburg.triangleCutRelationLinearMap_apply' depends on axioms: [propext, Classical.choice, Quot.sound]
'ASGinzburg.triangleCutRelationLinearMap_injective' depends on axioms: [propext, Classical.choice, Quot.sound]
'ASGinzburg.triangleCutRelationBasisChange' depends on axioms: [propext, Classical.choice, Quot.sound]
'ASGinzburg.triangleCutRelationBasisChange_commutes' depends on axioms: [propext, Classical.choice, Quot.sound]
'ASGinzburg.triangleTensor_eq_cutArrow_basisChange' depends on axioms: [propext, Classical.choice, Quot.sound]
'ASGinzburg.triangleJacobianQuadraticQuotientEquiv' depends on axioms: [propext, Classical.choice, Quot.sound]
'ASGinzburg.triangleGinzburgRegular_hom02_finrank' depends on axioms: [propext, Classical.choice, Quot.sound]
'ASGinzburg.triangleGinzburgRegular_quadraticQuotient_finrank' depends on axioms: [propext,
 Classical.choice,
 Quot.sound]
'ASGinzburg.triangleGinzburgRegular_quadraticIdeal_finrank' depends on axioms: [propext, Classical.choice, Quot.sound]
'ASGinzburg.triangleCutZRelation' depends on axioms: [propext, Classical.choice, Quot.sound]
'ASGinzburg.triangleCutZRelation_span_eq_top' depends on axioms: [propext, Classical.choice, Quot.sound]
'ASGinzburg.triangleCutZRelationBasis' depends on axioms: [propext, Classical.choice, Quot.sound]
'ASGinzburg.triangleCutZRelationBasis_apply' depends on axioms: [propext, Classical.choice, Quot.sound]
'ASGinzburg.triangleGinzburgFoundationTensorInOriginalCoordinates' depends on axioms: [propext,
 Classical.choice,
 Quot.sound]
'ASGinzburg.triangleGinzburgFoundationTensorInOriginalCoordinates_cutRelations_linearIndependent' depends on axioms: [propext,
 Classical.choice,
 Quot.sound]
'ASGinzburg.triangleGinzburgFoundationTensorInOriginalCoordinates_cutRelations_span' depends on axioms: [propext,
 Classical.choice,
 Quot.sound]
'ASGinzburg.triangleGinzburgRegular_foundationTensor_GL_orbit' depends on axioms: [propext,
 Classical.choice,
 Quot.sound]
'ASGinzburg.triangleGinzburgRegular_foundationPotential_pathAutomorphism' depends on axioms: [propext,
 Classical.choice,
 Quot.sound]
'ASGinzburg.triangleGinzburgRegular_foundationPotential_pathClass' depends on axioms: [propext,
 Classical.choice,
 Quot.sound]
'ASGinzburg.triangleJacobianIsomorphismTransportedTensor' depends on axioms: [propext, Classical.choice, Quot.sound]
'ASGinzburg.triangleJacobianIsomorphismTransportedTensor_cutRelations_linearIndependent' depends on axioms: [propext,
 Classical.choice,
 Quot.sound]
'ASGinzburg.triangleJacobianIsomorphismTransportedTensor_cutRelations_span' depends on axioms: [propext,
 Classical.choice,
 Quot.sound]
'ASGinzburg.triangleGinzburgRegular_JacobianIso_tensor_GL_orbit' depends on axioms: [propext,
 Classical.choice,
 Quot.sound]
'ASGinzburg.triangleGinzburgRegular_JacobianIso_pathAutomorphism' depends on axioms: [propext,
 Classical.choice,
 Quot.sound]
'ASGinzburg.triangleGinzburgRegular_JacobianIso_pathClass' depends on axioms: [propext, Classical.choice, Quot.sound]
'ASGinzburg.triangleZ_source_two' depends on axioms: [propext, Quot.sound]
'ASGinzburg.triangleCutArrow_eq_Z' depends on axioms: [propext, Quot.sound]
'ASGinzburg.CutQuiver.transportPathComponent_mem_cut' depends on axioms: [propext, Classical.choice, Quot.sound]
'ASGinzburg.CutQuiver.pathJacobianContext_eq_transport_of_zero_cut' depends on axioms: [propext,
 Classical.choice,
 Quot.sound]
'ASGinzburg.triangleCutZDerivative' depends on axioms: [propext, Classical.choice, Quot.sound]
'ASGinzburg.triangleCutZDerivative_mem_ideal' depends on axioms: [propext, Classical.choice, Quot.sound]
'ASGinzburg.triangleJacobianHomogeneousContext02_eq_cutZ' depends on axioms: [propext, Classical.choice, Quot.sound]
'ASGinzburg.triangleJacobianCutIdeal_eq_span_cutZ' depends on axioms: [propext, Classical.choice, Quot.sound]
'ASGinzburg.triangleXPath_cutDegree' depends on axioms: [propext, Quot.sound]
'ASGinzburg.triangleYPath_cutDegree' depends on axioms: [propext, Quot.sound]
'ASGinzburg.triangleXYPath' depends on axioms: [propext, Quot.sound]
'ASGinzburg.triangleXYPath_toList' depends on axioms: [propext, Quot.sound]
'ASGinzburg.triangleXYPath_cutDegree' depends on axioms: [propext, Quot.sound]
'ASGinzburg.path_length_two_arrows' depends on axioms: [propext, Classical.choice, Quot.sound]
'ASGinzburg.triangleCutZeroPath02_normal_form' depends on axioms: [propext, Classical.choice, Quot.sound]
'ASGinzburg.triangleXYPathIndexEquiv' depends on axioms: [propext, Classical.choice, Quot.sound]
'ASGinzburg.triangleXYCutComponentEquiv' depends on axioms: [propext, Classical.choice, Quot.sound]
'ASGinzburg.triangleXYCutComponent_finrank' depends on axioms: [propext, Classical.choice, Quot.sound]
'ASGinzburg.triangleQuadraticCoordinates' depends on axioms: [propext, Classical.choice, Quot.sound]
'ASGinzburg.triangleQuadraticCoordinates_tmul' depends on axioms: [propext, Classical.choice, Quot.sound]
'ASGinzburg.triangleQuadraticCoordinates_basis' depends on axioms: [propext, Classical.choice, Quot.sound]
'ASGinzburg.triangleQuadraticBasisChange' depends on axioms: [propext, Classical.choice, Quot.sound]
'ASGinzburg.triangleQuadraticBasisChange_single' depends on axioms: [propext, Classical.choice, Quot.sound]
'ASGinzburg.triangleTensor_cutRelations_basisChangeXY' depends on axioms: [propext, Classical.choice, Quot.sound]
