'ASGinzburg.CutQuiver.VertexCutPathAutomorphism.componentLinearEquiv_comp' depends on axioms: [propext,
 Classical.choice,
 Quot.sound]
'ASGinzburg.CutQuiver.ginzburgSubstitutedOccurrenceContextMap' depends on axioms: [propext,
 Classical.choice,
 Quot.sound]
'ASGinzburg.CutQuiver.ginzburgSubstitutedOccurrenceContextMap_apply' depends on axioms: [propext,
 Classical.choice,
 Quot.sound]
'ASGinzburg.CutQuiver.ginzburgSubstitutedOccurrenceOperator' depends on axioms: [propext, Classical.choice, Quot.sound]
'ASGinzburg.CutQuiver.ginzburgSubstitutedOccurrenceDerivative' depends on axioms: [propext,
 Classical.choice,
 Quot.sound]
'ASGinzburg.CutQuiver.ginzburgSubstitutedOccurrenceDerivative_single' depends on axioms: [propext,
 Classical.choice,
 Quot.sound]
'ASGinzburg.CutQuiver.ginzburgSubstitutedOccurrenceContextMap_original' depends on axioms: [propext,
 Classical.choice,
 Quot.sound]
'ASGinzburg.CutQuiver.ginzburgSubstitutedOccurrenceOperator_original' depends on axioms: [propext,
 Classical.choice,
 Quot.sound]
'ASGinzburg.CutQuiver.ginzburgSubstitutedOccurrenceDerivative_original' depends on axioms: [propext,
 Classical.choice,
 Quot.sound]
'ASGinzburg.CutQuiver.ginzburgSubstitutedOccurrenceContextMap_mem_cohomological' depends on axioms: [propext,
 Classical.choice,
 Quot.sound]
'ASGinzburg.CutQuiver.ginzburgSubstitutedOccurrenceContextMap_differential' depends on axioms: [propext,
 Classical.choice,
 Quot.sound]
'ASGinzburg.CutQuiver.GinzburgArrowReplacement' depends on axioms: [propext, Classical.choice, Quot.sound]
'ASGinzburg.CutQuiver.ginzburgArrowSubstitutionPath' depends on axioms: [propext, Classical.choice, Quot.sound]
'ASGinzburg.CutQuiver.ginzburgArrowSubstitutionPath_comp' depends on axioms: [propext, Classical.choice, Quot.sound]
'ASGinzburg.CutQuiver.ginzburgArrowSubstitutionComponent' depends on axioms: [propext, Classical.choice, Quot.sound]
'ASGinzburg.CutQuiver.ginzburgArrowSubstitutionComponent_single' depends on axioms: [propext,
 Classical.choice,
 Quot.sound]
'ASGinzburg.CutQuiver.ginzburgArrowSubstitutionComponent_id' depends on axioms: [propext, Classical.choice, Quot.sound]
'ASGinzburg.CutQuiver.ginzburgArrowSubstitutionComponent_comp' depends on axioms: [propext,
 Classical.choice,
 Quot.sound]
'ASGinzburg.CutQuiver.ginzburgArrowSubstitutionComponent_arrow' depends on axioms: [propext,
 Classical.choice,
 Quot.sound]
'ASGinzburg.CutQuiver.ginzburgArrowReplacementComp' depends on axioms: [propext, Classical.choice, Quot.sound]
'ASGinzburg.CutQuiver.ginzburgArrowSubstitutionPath_substitution' depends on axioms: [propext,
 Classical.choice,
 Quot.sound]
'ASGinzburg.CutQuiver.ginzburgArrowSubstitutionComponent_substitution' depends on axioms: [propext,
 Classical.choice,
 Quot.sound]
'ASGinzburg.CutQuiver.ginzburgPathWordMap_single' depends on axioms: [propext, Classical.choice, Quot.sound]
'ASGinzburg.CutQuiver.ginzburgPathWordMap_comp' depends on axioms: [propext, Classical.choice, Quot.sound]
'ASGinzburg.CutQuiver.ginzburgWordArrowReplacement' depends on axioms: [propext, Classical.choice, Quot.sound]
'ASGinzburg.CutQuiver.ginzburgPathWordMap_substitutionPath' depends on axioms: [propext, Classical.choice, Quot.sound]
'ASGinzburg.CutQuiver.ginzburgPathWordMap_substitutionComponent' depends on axioms: [propext,
 Classical.choice,
 Quot.sound]
'ASGinzburg.wordSubstitutionBetweenWord' depends on axioms: [propext, Classical.choice, Quot.sound]
'ASGinzburg.wordSubstitutionBetween' depends on axioms: [propext, Classical.choice, Quot.sound]
'ASGinzburg.wordSubstitutionBetween_single' depends on axioms: [propext, Classical.choice, Quot.sound]
'ASGinzburg.wordSubstitutionBetweenWord_append' depends on axioms: [propext, Classical.choice, Quot.sound]
'ASGinzburg.wordSubstitutionBetween_concatenation' depends on axioms: [propext, Classical.choice, Quot.sound]
'ASGinzburg.wordSubstitutionBetweenWord_same' depends on axioms: [propext, Classical.choice, Quot.sound]
'ASGinzburg.wordSubstitutionBetween_same' depends on axioms: [propext, Classical.choice, Quot.sound]
'ASGinzburg.wordSubstitutionBetweenWord_composition' depends on axioms: [propext, Classical.choice, Quot.sound]
'ASGinzburg.wordSubstitutionBetween_composition' depends on axioms: [propext, Classical.choice, Quot.sound]
'ASGinzburg.wordSubstitutedOccurrenceSandwich' depends on axioms: [propext, Classical.choice, Quot.sound]
'ASGinzburg.wordSubstitutedOccurrenceSandwich_apply' depends on axioms: [propext, Classical.choice, Quot.sound]
'ASGinzburg.wordSubstitutedOccurrenceContextAux' depends on axioms: [propext, Classical.choice, Quot.sound]
'ASGinzburg.wordSubstitutedOccurrenceContextWord' depends on axioms: [propext, Classical.choice, Quot.sound]
'ASGinzburg.wordSubstitutedOccurrenceContext' depends on axioms: [propext, Classical.choice, Quot.sound]
'ASGinzburg.wordSubstitutedOccurrenceContext_single' depends on axioms: [propext, Classical.choice, Quot.sound]
'ASGinzburg.wordSubstitutedOccurrenceContextAux_prefix' depends on axioms: [propext, Classical.choice, Quot.sound]
'ASGinzburg.wordSubstitutedOccurrenceContextWord_cons' depends on axioms: [propext, Classical.choice, Quot.sound]
'ASGinzburg.wordSubstitutedOccurrenceContextWord_append' depends on axioms: [propext, Classical.choice, Quot.sound]
'ASGinzburg.wordSubstitutedOccurrenceContext_concatenation' depends on axioms: [propext, Classical.choice, Quot.sound]
'ASGinzburg.CutQuiver.ginzburgOriginalAutomorphismWordReplacement' depends on axioms: [propext,
 Classical.choice,
 Quot.sound]
'ASGinzburg.CutQuiver.ginzburgOriginalAutomorphismPath_word' depends on axioms: [propext, Classical.choice, Quot.sound]
'ASGinzburg.CutQuiver.ginzburgPathWordMap_substitutedOccurrenceContext' depends on axioms: [propext,
 Classical.choice,
 Quot.sound]
'ASGinzburg.CutQuiver.ginzburgSubstitutedOccurrenceContextMap_snoc' depends on axioms: [propext,
 Classical.choice,
 Quot.sound]
'ASGinzburg.CutQuiver.ginzburgSubstitutedOccurrence_snoc_sum' depends on axioms: [propext, Classical.choice, Quot.sound]
'ASGinzburg.CutQuiver.ginzburgPathWordMap_substitutedOccurrenceOperator' depends on axioms: [propext,
 Classical.choice,
 Quot.sound]
'ASGinzburg.CutQuiver.ginzburgPathWordMap_substitutedOccurrenceDerivative' depends on axioms: [propext,
 Classical.choice,
 Quot.sound]
'ASGinzburg.CutQuiver.ginzburgSubstitutedOccurrenceOperator_mem_cohomological' depends on axioms: [propext,
 Classical.choice,
 Quot.sound]
'ASGinzburg.CutQuiver.ginzburgSubstitutedOccurrenceDerivative_mem_cohomological' depends on axioms: [propext,
 Classical.choice,
 Quot.sound]
'ASGinzburg.CutQuiver.ginzburgSubstitutedOccurrenceOperator_differential' depends on axioms: [propext,
 Classical.choice,
 Quot.sound]
'ASGinzburg.CutQuiver.ginzburgSubstitutedOccurrenceDerivative_differential' depends on axioms: [propext,
 Classical.choice,
 Quot.sound]
'ASGinzburg.CutQuiver.ginzburgCotangentDualImage' depends on axioms: [propext, Classical.choice, Quot.sound]
'ASGinzburg.CutQuiver.ginzburgCotangentArrowReplacement' depends on axioms: [propext, Classical.choice, Quot.sound]
'ASGinzburg.CutQuiver.ginzburgCotangentArrowReplacement_original' depends on axioms: [propext,
 Classical.choice,
 Quot.sound]
'ASGinzburg.CutQuiver.ginzburgCotangentDualImage_mem_cohomological' depends on axioms: [propext,
 Classical.choice,
 Quot.sound]
'ASGinzburg.CutQuiver.ginzburgCotangentArrowReplacement_mem_cohomological' depends on axioms: [propext,
 Classical.choice,
 Quot.sound]
'ASGinzburg.CutQuiver.VertexCutPathAutomorphism.pathCyclicDerivative_inverse_chainRule' depends on axioms: [propext,
 Classical.choice,
 Quot.sound]
'ASGinzburg.CutQuiver.ginzburgCotangentDualImage_differential' depends on axioms: [propext,
 Classical.choice,
 Quot.sound]
'ASGinzburg.CutQuiver.ginzburgArrowSubstitutionPath_original' depends on axioms: [propext, Classical.choice, Quot.sound]
'ASGinzburg.CutQuiver.ginzburgArrowSubstitutionComponent_original' depends on axioms: [propext,
 Classical.choice,
 Quot.sound]
'ASGinzburg.CutQuiver.ginzburgCotangentSubstitution_original' depends on axioms: [propext, Classical.choice, Quot.sound]
'ASGinzburg.CutQuiver.ginzburgCotangentSubstitution_occurrenceContext' depends on axioms: [propext,
 Classical.choice,
 Quot.sound]
'ASGinzburg.CutQuiver.ginzburgCotangentSubstitution_occurrenceOperator' depends on axioms: [propext,
 Classical.choice,
 Quot.sound]
'ASGinzburg.CutQuiver.ginzburgCotangentSubstitution_occurrenceDerivative' depends on axioms: [propext,
 Classical.choice,
 Quot.sound]
'ASGinzburg.CutQuiver.ginzburgOriginalAutomorphismComponent_word' depends on axioms: [propext,
 Classical.choice,
 Quot.sound]
'ASGinzburg.CutQuiver.ginzburgOriginalAutomorphismWordReplacement_one' depends on axioms: [propext,
 Classical.choice,
 Quot.sound]
'ASGinzburg.CutQuiver.ginzburgOriginalAutomorphismWordReplacement_inverse' depends on axioms: [propext,
 Classical.choice,
 Quot.sound]
'ASGinzburg.CutQuiver.ginzburgPathWordMap_cotangentDualImage' depends on axioms: [propext, Classical.choice, Quot.sound]
'ASGinzburg.wordSubstitutedOccurrenceContextWord_chain' depends on axioms: [propext, Classical.choice, Quot.sound]
'ASGinzburg.wordSubstitutedOccurrenceContext_chain' depends on axioms: [propext, Classical.choice, Quot.sound]
'ASGinzburg.wordSubstitutedOccurrenceContextWord_composition' depends on axioms: [propext, Classical.choice, Quot.sound]
'ASGinzburg.wordSubstitutedOccurrenceContext_composition' depends on axioms: [propext, Classical.choice, Quot.sound]
'ASGinzburg.wordSubstitutedOccurrenceContextWord_transport' depends on axioms: [propext, Classical.choice, Quot.sound]
'ASGinzburg.wordSubstitutedOccurrenceContext_transport' depends on axioms: [propext, Classical.choice, Quot.sound]
'ASGinzburg.wordSubstitutedOccurrenceContext_generator' depends on axioms: [propext, Classical.choice, Quot.sound]
'ASGinzburg.CutQuiver.ginzburgOriginalAutomorphismWordReplacement_from_ordinary' depends on axioms: [propext,
 Classical.choice,
 Quot.sound]
'ASGinzburg.CutQuiver.VertexCutPathAutomorphism.wordArrowReplacement_substitute_inverse' depends on axioms: [propext,
 Classical.choice,
 Quot.sound]
'ASGinzburg.CutQuiver.ginzburgCotangentInverseWordComposition' depends on axioms: [propext,
 Classical.choice,
 Quot.sound]
'ASGinzburg.CutQuiver.ginzburgIdentityArrowReplacement' depends on axioms: [propext, Classical.choice, Quot.sound]
'ASGinzburg.CutQuiver.ginzburgArrowSubstitutionPath_identity' depends on axioms: [propext, Classical.choice, Quot.sound]
'ASGinzburg.CutQuiver.ginzburgArrowSubstitutionComponent_identity' depends on axioms: [propext,
 Classical.choice,
 Quot.sound]
'ASGinzburg.CutQuiver.ginzburgArrowSubstitutionComponent_inverse_on_path' depends on axioms: [propext,
 Classical.choice,
 Quot.sound]
'ASGinzburg.CutQuiver.ginzburgArrowSubstitutionComponent_inverse' depends on axioms: [propext,
 Classical.choice,
 Quot.sound]
'ASGinzburg.CutQuiver.ginzburgArrowSubstitutionComponentEquiv' depends on axioms: [propext,
 Classical.choice,
 Quot.sound]
'ASGinzburg.CutQuiver.ginzburgArrowSubstitutionComponentEquiv_apply' depends on axioms: [propext,
 Classical.choice,
 Quot.sound]
'ASGinzburg.CutQuiver.ginzburgArrowSubstitutionComponentEquiv_symm_apply' depends on axioms: [propext,
 Classical.choice,
 Quot.sound]
'ASGinzburg.CutQuiver.ginzburgCotangentSubstitution_dual_inverse' depends on axioms: [propext,
 Classical.choice,
 Quot.sound]
'ASGinzburg.CutQuiver.ginzburgCotangentArrowReplacement_inverse' depends on axioms: [propext,
 Classical.choice,
 Quot.sound]
'ASGinzburg.CutQuiver.ginzburgCotangentArrowReplacement_inverse_reverse' depends on axioms: [propext,
 Classical.choice,
 Quot.sound]
'ASGinzburg.CutQuiver.ginzburgLoopDifferential_total_word' depends on axioms: [propext, Classical.choice, Quot.sound]
'ASGinzburg.CutQuiver.ginzburgLoopDifferential_total_substitution_word' depends on axioms: [propext,
 Classical.choice,
 Quot.sound]
'ASGinzburg.wordSubstitutedOccurrenceContextWord_commutator' depends on axioms: [propext, Classical.choice, Quot.sound]
'ASGinzburg.wordSubstitutedOccurrenceContext_commutator' depends on axioms: [propext, Classical.choice, Quot.sound]
'ASGinzburg.CutQuiver.ginzburgWordStartsAt' does not depend on any axioms
'ASGinzburg.CutQuiver.ginzburgWordStartsAtDecidable' does not depend on any axioms
'ASGinzburg.CutQuiver.ginzburgWordStartsAt_append_of_nonempty' does not depend on any axioms
'ASGinzburg.CutQuiver.GinzburgPath.wordStartsAt_source' depends on axioms: [propext]
'ASGinzburg.CutQuiver.GinzburgPath.wordStartsAt_iff' depends on axioms: [propext]
'ASGinzburg.CutQuiver.GinzburgPath.toList_ne_nil_of_cohomologicalDegree_ne_zero' depends on axioms: [propext]
'ASGinzburg.CutQuiver.ginzburgVertexWordProjection' depends on axioms: [propext, Classical.choice, Quot.sound]
'ASGinzburg.CutQuiver.ginzburgVertexWordProjection_single' depends on axioms: [propext, Classical.choice, Quot.sound]
'ASGinzburg.CutQuiver.ginzburgVertexWordProjection_pathWordMap_single_of_nonempty' depends on axioms: [propext,
 Classical.choice,
 Quot.sound]
'ASGinzburg.CutQuiver.ginzburgVertexWordProjection_pathWordMap_of_nonempty' depends on axioms: [propext,
 Classical.choice,
 Quot.sound]
'ASGinzburg.CutQuiver.ginzburgVertexWordProjection_pathWordMap_of_cohomological' depends on axioms: [propext,
 Classical.choice,
 Quot.sound]
'ASGinzburg.CutQuiver.ginzburgVertexWordProjection_sum_pathWordMap_of_cohomological' depends on axioms: [propext,
 Classical.choice,
 Quot.sound]
'ASGinzburg.CutQuiver.ginzburgArrowSubstitutionPath_mem_cohomological' depends on axioms: [propext,
 Classical.choice,
 Quot.sound]
'ASGinzburg.CutQuiver.ginzburgArrowSubstitutionComponent_mem_cohomological' depends on axioms: [propext,
 Classical.choice,
 Quot.sound]
'ASGinzburg.CutQuiver.ginzburgArrowSubstitutionPath_mem_cut' depends on axioms: [propext, Classical.choice, Quot.sound]
'ASGinzburg.CutQuiver.ginzburgArrowSubstitutionComponent_mem_cut' depends on axioms: [propext,
 Classical.choice,
 Quot.sound]
'ASGinzburg.CutQuiver.ginzburgArrowSubstitutionPath_mem_homogeneous' depends on axioms: [propext,
 Classical.choice,
 Quot.sound]
'ASGinzburg.CutQuiver.ginzburgArrowSubstitutionComponent_mem_homogeneous' depends on axioms: [propext,
 Classical.choice,
 Quot.sound]
'ASGinzburg.CutQuiver.ginzburgArrowSubstitutionRestrictedEquiv' depends on axioms: [propext,
 Classical.choice,
 Quot.sound]
'ASGinzburg.CutQuiver.ginzburgArrowSubstitutionRestrictedEquiv_coe' depends on axioms: [propext,
 Classical.choice,
 Quot.sound]
'ASGinzburg.CutQuiver.ginzburgArrowSubstitutionCohomologicalEquiv' depends on axioms: [propext,
 Classical.choice,
 Quot.sound]
'ASGinzburg.CutQuiver.ginzburgArrowSubstitutionCohomologicalEquiv_coe' depends on axioms: [propext,
 Classical.choice,
 Quot.sound]
'ASGinzburg.CutQuiver.ginzburgArrowSubstitutionCutCohomologicalEquiv' depends on axioms: [propext,
 Classical.choice,
 Quot.sound]
'ASGinzburg.CutQuiver.ginzburgArrowSubstitutionCutCohomologicalEquiv_coe' depends on axioms: [propext,
 Classical.choice,
 Quot.sound]
'ASGinzburg.CutQuiver.ginzburgArrowSubstitutionHomogeneousEquiv' depends on axioms: [propext,
 Classical.choice,
 Quot.sound]
'ASGinzburg.CutQuiver.ginzburgArrowSubstitutionHomogeneousEquiv_coe' depends on axioms: [propext,
 Classical.choice,
 Quot.sound]
'ASGinzburg.CutQuiver.ginzburgCotangentLoopDifferential_total_word' depends on axioms: [propext,
 Classical.choice,
 Quot.sound]
'ASGinzburg.CutQuiver.ginzburgCotangentLoopDifferential_transport' depends on axioms: [propext,
 Classical.choice,
 Quot.sound]
'ASGinzburg.CutQuiver.ginzburgArrowSubstitutionPath_differential' depends on axioms: [propext,
 Classical.choice,
 Quot.sound]
'ASGinzburg.CutQuiver.ginzburgArrowSubstitutionComponent_differential' depends on axioms: [propext,
 Classical.choice,
 Quot.sound]
'ASGinzburg.CutQuiver.ginzburgArrowSubstitutionCochainIso' depends on axioms: [propext, Classical.choice, Quot.sound]
'ASGinzburg.CutQuiver.ginzburgArrowSubstitutionHomologyIso' depends on axioms: [propext, Classical.choice, Quot.sound]
'ASGinzburg.CutQuiver.ginzburgRegular_iff_of_inverse_generator_substitution' depends on axioms: [propext,
 Classical.choice,
 Quot.sound]
'ASGinzburg.CutQuiver.ginzburgCotangentArrowReplacement_differential' depends on axioms: [propext,
 Classical.choice,
 Quot.sound]
'ASGinzburg.CutQuiver.ginzburgCotangentCochainIso' depends on axioms: [propext, Classical.choice, Quot.sound]
'ASGinzburg.CutQuiver.ginzburgCotangentHomologyIso' depends on axioms: [propext, Classical.choice, Quot.sound]
'ASGinzburg.CutQuiver.ginzburgRegular_pathAutomorphism_iff' depends on axioms: [propext, Classical.choice, Quot.sound]
