'ASGinzburg.ZAlgebra.component_finrank_eq_of_ASResolutions' depends on axioms: [propext, Classical.choice, Quot.sound]
'ASGinzburg.ZAlgebra.ASRegular.component_finrank_eq' depends on axioms: [propext, Classical.choice, Quot.sound]
'ASGinzburg.CutQuiver.asSecondSource_height_lt' depends on axioms: [propext, Classical.choice, Quot.sound]
'ASGinzburg.CutQuiver.asTopSource_height_lt' depends on axioms: [propext, Quot.sound]
'ASGinzburg.ZAlgebra.ASRegular.cutEnvelopingRingHomCochainComplex' depends on axioms: [propext,
 Classical.choice,
 Quot.sound]
'ASGinzburg.ZAlgebra.ASRegular.cutEnvelopingRingHomCochainComplex_term_finiteProjective' depends on axioms: [propext,
 Classical.choice,
 Quot.sound]
'ASGinzburg.ZAlgebra.ASRegular.cutEnvelopingRingHomCochainComplex_term_finite' depends on axioms: [propext,
 Classical.choice,
 Quot.sound]
'ASGinzburg.ZAlgebra.ASRegular.cutEnvelopingRingHomCochainComplex_term_projective' depends on axioms: [propext,
 Classical.choice,
 Quot.sound]
'ASGinzburg.ZAlgebra.ASRegular.cutEnvelopingRingHomCochainComplex_isZero_outside' depends on axioms: [propext,
 Classical.choice,
 Quot.sound]
'ASGinzburg.ZAlgebra.ASRegular.cutEnvelopingRingHomCochainComplex_perfect' depends on axioms: [propext,
 Classical.choice,
 Quot.sound]
'ASGinzburg.ZAlgebra.ASRegular.cutEnvelopingRingDualExtObject' depends on axioms: [propext,
 Classical.choice,
 Quot.sound]
'ASGinzburg.ZAlgebra.ASRegular.cutEnvelopingRingDualExtCochainHomologyIso' depends on axioms: [propext,
 Classical.choice,
 Quot.sound]
'ASGinzburg.ZAlgebra.ASRegular.cutEnvelopingRingDualExt_isZero_ge_four' depends on axioms: [propext,
 Classical.choice,
 Quot.sound]
'ASGinzburg.ZAlgebra.ASRegular.cutEnvelopingRingDualExt_three_finite' depends on axioms: [propext,
 Classical.choice,
 Quot.sound]
'ASGinzburg.ZAlgebra.ASRegular.cutEnvelopingRingHomPerfectDerived' depends on axioms: [propext,
 Classical.choice,
 Quot.sound]
'ASGinzburg.ZAlgebra.ASRegular.cutEnvelopingRegularMinimalResolution_d_preservesGrade' depends on axioms: [propext,
 Classical.choice,
 Quot.sound]
'ASGinzburg.ZAlgebra.ASRegular.cutEnvelopingMinimalRingHomNatComplex_d_preservesGrade' depends on axioms: [propext,
 Classical.choice,
 Quot.sound]
'ASGinzburg.ZAlgebra.ASRegular.cutEnvelopingMinimalRingHomNatComplex_isZero_ge_four' depends on axioms: [propext,
 Classical.choice,
 Quot.sound]
'ASGinzburg.ZAlgebra.ASRegular.cutEnvelopingMinimalRingHomNatComplex' depends on axioms: [propext,
 Classical.choice,
 Quot.sound]
'ASGinzburg.ZAlgebra.ASRegular.cutEnvelopingMinimalRingHomTermData' depends on axioms: [propext,
 Classical.choice,
 Quot.sound]
'ASGinzburg.ZAlgebra.ASRegular.cutEnvelopingMinimalRingHomTermData_ringModule' depends on axioms: [propext,
 Classical.choice,
 Quot.sound]
'ASGinzburg.ZAlgebra.ASRegular.cutEnvelopingMinimalRingHomTermData_isInternal' depends on axioms: [propext,
 Classical.choice,
 Quot.sound]
'ASGinzburg.ZAlgebra.ASRegular.cutEnvelopingMinimalRingHomTermData_exists_lower_bound' depends on axioms: [propext,
 Classical.choice,
 Quot.sound]
'ASGinzburg.ZAlgebra.ASRegular.cutEnvelopingMinimalRingHomNatComplex_term_finiteProjective' depends on axioms: [propext,
 Classical.choice,
 Quot.sound]
'ASGinzburg.ZAlgebra.ASRegular.cutEnvelopingMinimalRingDualExtHomologyIso' depends on axioms: [propext,
 Classical.choice,
 Quot.sound]
'ASGinzburg.ASGinzburgClassDescentStatement' depends on axioms: [propext, Classical.choice, Quot.sound]
'ASGinzburg.ASGinzburgClassInjectionStatement' depends on axioms: [propext, Classical.choice, Quot.sound]
'ASGinzburg.ASGinzburgRegularPotentialRecoveryStatement' depends on axioms: [propext, Classical.choice, Quot.sound]
'ASGinzburg.ASGinzburgCorrespondenceStatement' depends on axioms: [propext, Classical.choice, Quot.sound]
'ASGinzburg.asGinzburgCorrespondenceStatement_iff' depends on axioms: [propext, Classical.choice, Quot.sound]
'ASGinzburg.ZAlgebra.rightFiniteCoproductComponentFinite' depends on axioms: [propext, Classical.choice, Quot.sound]
'ASGinzburg.ZAlgebra.rightFiniteCoproductComponent_finrank' depends on axioms: [propext, Classical.choice, Quot.sound]
'ASGinzburg.ZAlgebra.asResolutionTerm₁ComponentFinite' depends on axioms: [propext, Classical.choice, Quot.sound]
'ASGinzburg.ZAlgebra.asResolutionTerm₂ComponentFinite' depends on axioms: [propext, Classical.choice, Quot.sound]
'ASGinzburg.ZAlgebra.asResolutionTerm₁Component_finrank' depends on axioms: [propext, Classical.choice, Quot.sound]
'ASGinzburg.ZAlgebra.asResolutionTerm₂Component_finrank' depends on axioms: [propext, Classical.choice, Quot.sound]
'ASGinzburg.ZAlgebra.ASResolution.component_euler' depends on axioms: [propext, Classical.choice, Quot.sound]
'ASGinzburg.algebraCyclicAutomorphismHom' depends on axioms: [propext, Classical.choice, Quot.sound]
'ASGinzburg.algebraCyclicAutomorphismMulAction' depends on axioms: [propext, Classical.choice, Quot.sound]
'ASGinzburg.algebraCyclicAutomorphism_smul_mk' depends on axioms: [propext, Classical.choice, Quot.sound]
'ASGinzburg.envelopingOppositeLeftModule' depends on axioms: [propext, Quot.sound]
'ASGinzburg.envelopingOppositeLeftRegularEquiv' depends on axioms: [propext, Quot.sound]
'ASGinzburg.envelopingOppositeLeftModule_regular_free' depends on axioms: [propext, Classical.choice, Quot.sound]
'ASGinzburg.envelopingOppositeLeftModule_projective' depends on axioms: [propext, Classical.choice, Quot.sound]
'ASGinzburg.envelopingOppositeLeftRestrictionFunctor' depends on axioms: [propext, Quot.sound]
'ASGinzburg.envelopingOppositeLeftRestrictionFunctorPreservesProjectiveObjects' depends on axioms: [propext,
 Classical.choice,
 Quot.sound]
'ASGinzburg.envelopingOppositeLeftRestrictionFunctorPreservesHomology' depends on axioms: [propext,
 Classical.choice,
 Quot.sound]
'ASGinzburg.rightEnvelopingLeftRingHom' depends on axioms: [propext, Quot.sound]
'ASGinzburg.rightEnvelopingRightRingHom' depends on axioms: [propext, Quot.sound]
'ASGinzburg.rightEnvelopingLeftModule' depends on axioms: [propext, Quot.sound]
'ASGinzburg.rightEnvelopingRightModule' depends on axioms: [propext, Quot.sound]
'ASGinzburg.rightEnvelopingActionsCommute' depends on axioms: [propext, Quot.sound]
'ASGinzburg.rightEnvelopingModule_tmul_smul' depends on axioms: [propext, Quot.sound]
'ASGinzburg.rightEnvelopingLeftRestrictionFunctor' depends on axioms: [propext, Quot.sound]
'ASGinzburg.rightEnvelopingRightRestrictionFunctor' depends on axioms: [propext, Quot.sound]
'ASGinzburg.rightEnvelopingLeftLinearMap' depends on axioms: [propext, Quot.sound]
'ASGinzburg.rightEnvelopingLinearMap_right_smul' depends on axioms: [propext, Quot.sound]
'ASGinzburg.rightEnvelopingRingDual_left_smul_apply' depends on axioms: [propext, Quot.sound]
'ASGinzburg.rightEnvelopingRingDual_right_smul_apply' depends on axioms: [propext, Quot.sound]
'ASGinzburg.envelopingFiniteProjectiveRingDualTensorEquiv' depends on axioms: [propext, Classical.choice, Quot.sound]
'ASGinzburg.envelopingFiniteProjectiveRingDualTensorEquiv_tmul' depends on axioms: [propext,
 Classical.choice,
 Quot.sound]
'ASGinzburg.ordinaryRingDualTensorFieldSMulK' depends on axioms: [propext, Quot.sound]
'ASGinzburg.ordinaryFiniteProjectiveRingDualTensorFieldEquiv' depends on axioms: [propext, Classical.choice, Quot.sound]
'ASGinzburg.ordinaryFiniteProjectiveRingDualTensorFieldEquiv_tmul' depends on axioms: [propext,
 Classical.choice,
 Quot.sound]
'ASGinzburg.envelopingTensorEvaluationHomScalarTower' depends on axioms: [propext, Classical.choice, Quot.sound]
'ASGinzburg.envelopingTensorEvaluationHomScalarCommute' depends on axioms: [propext, Quot.sound]
'ASGinzburg.envelopingTensorEvaluationDualSeed' depends on axioms: [propext, Classical.choice, Quot.sound]
'ASGinzburg.envelopingTensorEvaluationDualSeed_apply' depends on axioms: [propext, Classical.choice, Quot.sound]
'ASGinzburg.envelopingTensorEvaluationContraction' depends on axioms: [propext, Classical.choice, Quot.sound]
'ASGinzburg.envelopingTensorEvaluationContraction_tmul' depends on axioms: [propext, Classical.choice, Quot.sound]
'ASGinzburg.envelopingTensorEvaluationCurryEquiv' depends on axioms: [propext, Classical.choice, Quot.sound]
'ASGinzburg.envelopingTensorEvaluationCurryEquiv_tmul' depends on axioms: [propext, Classical.choice, Quot.sound]
'ASGinzburg.envelopingTensorEvaluationFirstRightModule' depends on axioms: [propext, Quot.sound]
'ASGinzburg.envelopingTensorEvaluationFirstRightSMul' depends on axioms: [propext, Quot.sound]
'ASGinzburg.envelopingTensorEvaluationInductionBilinear' depends on axioms: [propext, Classical.choice, Quot.sound]
'ASGinzburg.envelopingTensorEvaluationInductionBilinear_balance' depends on axioms: [propext,
 Classical.choice,
 Quot.sound]
'ASGinzburg.envelopingTensorEvaluationInduction' depends on axioms: [propext, Classical.choice, Quot.sound]
'ASGinzburg.envelopingTensorEvaluationInduction_tmul' depends on axioms: [propext, Classical.choice, Quot.sound]
'ASGinzburg.envelopingTensorEvaluationSecondInsertion' depends on axioms: [propext, Quot.sound]
'ASGinzburg.envelopingTensorEvaluationFieldTensorSection' depends on axioms: [propext, Classical.choice, Quot.sound]
'ASGinzburg.envelopingTensorEvaluationFieldTensorSection_tmul' depends on axioms: [propext,
 Classical.choice,
 Quot.sound]
'ASGinzburg.envelopingTensorEvaluationInduction_field_section' depends on axioms: [propext,
 Classical.choice,
 Quot.sound]
'ASGinzburg.envelopingTensorEvaluationInductionInverse' depends on axioms: [propext, Classical.choice, Quot.sound]
'ASGinzburg.envelopingTensorEvaluationInduction_inverse' depends on axioms: [propext, Classical.choice, Quot.sound]
'ASGinzburg.envelopingTensorEvaluationInductionInverse_induction' depends on axioms: [propext,
 Classical.choice,
 Quot.sound]
'ASGinzburg.envelopingTensorEvaluationInductionEquiv' depends on axioms: [propext, Classical.choice, Quot.sound]
'ASGinzburg.envelopingTensorEvaluationRestrictedRightModule' depends on axioms: [propext, Quot.sound]
'ASGinzburg.envelopingTensorEvaluationRestrictedRightSMul' depends on axioms: [propext, Quot.sound]
'ASGinzburg.envelopingTensorEvaluationRightActionAt' depends on axioms: [propext, Quot.sound]
'ASGinzburg.envelopingTensorEvaluationShuffleRow' depends on axioms: [propext, Classical.choice, Quot.sound]
'ASGinzburg.envelopingTensorEvaluationShuffleRow_tmul' depends on axioms: [propext, Classical.choice, Quot.sound]
'ASGinzburg.envelopingTensorEvaluationShuffleRows' depends on axioms: [propext, Classical.choice, Quot.sound]
'ASGinzburg.envelopingTensorEvaluationShuffleBilinear' depends on axioms: [propext, Classical.choice, Quot.sound]
'ASGinzburg.envelopingTensorEvaluationDualSeed_first_action' depends on axioms: [propext, Classical.choice, Quot.sound]
'ASGinzburg.envelopingTensorEvaluationShuffle' depends on axioms: [propext, Classical.choice, Quot.sound]
'ASGinzburg.envelopingTensorEvaluationShuffle_tmul' depends on axioms: [propext, Classical.choice, Quot.sound]
'ASGinzburg.envelopingTensorEvaluationUnshuffleBilinear' depends on axioms: [propext, Classical.choice, Quot.sound]
'ASGinzburg.envelopingTensorEvaluationUnshuffleBilinear_contraction' depends on axioms: [propext,
 Classical.choice,
 Quot.sound]
'ASGinzburg.envelopingTensorEvaluationUnshuffleBilinear_balance' depends on axioms: [propext,
 Classical.choice,
 Quot.sound]
'ASGinzburg.envelopingTensorEvaluationUnshuffle' depends on axioms: [propext, Classical.choice, Quot.sound]
'ASGinzburg.envelopingTensorEvaluationUnshuffle_tmul' depends on axioms: [propext, Classical.choice, Quot.sound]
'ASGinzburg.envelopingTensorEvaluationUnshuffle_shuffle' depends on axioms: [propext, Classical.choice, Quot.sound]
'ASGinzburg.envelopingTensorEvaluationShuffle_unshuffle' depends on axioms: [propext, Classical.choice, Quot.sound]
'ASGinzburg.envelopingTensorEvaluationShuffleEquiv' depends on axioms: [propext, Classical.choice, Quot.sound]
'ASGinzburg.regularTensorOrbitClass_eq_iff_potentialPathClass' depends on axioms: [propext,
 Classical.choice,
 Quot.sound]
'ASGinzburg.corollary52ClassStatement_iff_triangleClassCorrespondence' depends on axioms: [propext,
 Classical.choice,
 Quot.sound]
'ASGinzburg.corollary52Statement_iff_triangleCorrespondence' depends on axioms: [propext, Classical.choice, Quot.sound]
'ASGinzburg.corollary52Statement_of_triangleCorrespondence' depends on axioms: [propext, Classical.choice, Quot.sound]
'ASGinzburg.corollary52ClassEquiv_of_triangleCorrespondence' depends on axioms: [propext, Classical.choice, Quot.sound]
'ASGinzburg.ginzburgRegularTensorPotentialEquiv333' depends on axioms: [propext, Classical.choice, Quot.sound]
'ASGinzburg.corollary52TensorRecovery_iff_asGinzburgRecovery' depends on axioms: [propext, Classical.choice, Quot.sound]
'ASGinzburg.corollary52ClassMap' depends on axioms: [propext, Classical.choice, Quot.sound]
'ASGinzburg.corollary52ClassMap_injective' depends on axioms: [propext, Classical.choice, Quot.sound]
'ASGinzburg.corollary52ClassMap_surjective' depends on axioms: [propext, Classical.choice, Quot.sound]
'ASGinzburg.corollary52ClassEquiv' depends on axioms: [propext, Classical.choice, Quot.sound]
'ASGinzburg.corollary52ClassEquiv_apply' depends on axioms: [propext, Classical.choice, Quot.sound]
'ASGinzburg.TriangleTensorGinzburgRegular' depends on axioms: [propext, Classical.choice, Quot.sound]
'ASGinzburg.GinzburgRegularTensor333' depends on axioms: [propext, Classical.choice, Quot.sound]
'ASGinzburg.ginzburgRegularTensorSetoid333' depends on axioms: [propext, Classical.choice, Quot.sound]
'ASGinzburg.GinzburgRegularTensorOrbit333' depends on axioms: [propext, Classical.choice, Quot.sound]
'ASGinzburg.GinzburgRegularTensor333.orbitClass' depends on axioms: [propext, Classical.choice, Quot.sound]
'ASGinzburg.GinzburgRegularTensor333.orbitClass_eq_iff' depends on axioms: [propext, Classical.choice, Quot.sound]
'ASGinzburg.QuadraticASAlgebra' depends on axioms: [propext, Classical.choice, Quot.sound]
'ASGinzburg.quadraticASIsomorphismSetoid' depends on axioms: [propext, Classical.choice, Quot.sound]
'ASGinzburg.QuadraticASIsomorphismClass' depends on axioms: [propext, Classical.choice, Quot.sound]
'ASGinzburg.QuadraticASAlgebra.isomorphismClass' depends on axioms: [propext, Classical.choice, Quot.sound]
'ASGinzburg.QuadraticASAlgebra.isomorphismClass_eq_iff' depends on axioms: [propext, Classical.choice, Quot.sound]
'ASGinzburg.GinzburgRegularTensor333.asQuadraticASAlgebra' depends on axioms: [propext, Classical.choice, Quot.sound]
'ASGinzburg.GinzburgRegularTensor333.asQuadraticASClass' depends on axioms: [propext, Classical.choice, Quot.sound]
'ASGinzburg.Corollary52ClassStatement' depends on axioms: [propext, Classical.choice, Quot.sound]
'ASGinzburg.Corollary52TensorRecoveryStatement' depends on axioms: [propext, Classical.choice, Quot.sound]
'ASGinzburg.Corollary52Statement' depends on axioms: [propext, Classical.choice, Quot.sound]
'ASGinzburg.CutQuiver.PathCyclicQuotient' depends on axioms: [propext, Classical.choice, Quot.sound]
'ASGinzburg.CutQuiver.vertexCutPathCyclicOrbitSetoid' depends on axioms: [propext, Classical.choice, Quot.sound]
'ASGinzburg.CutQuiver.VertexCutPathCyclicOrbitClass' depends on axioms: [propext, Classical.choice, Quot.sound]
'ASGinzburg.CutQuiver.pathCyclicOrbitClass' depends on axioms: [propext, Classical.choice, Quot.sound]
'ASGinzburg.CutQuiver.vertexCutPathCyclicOrbit_refl' depends on axioms: [propext, Classical.choice, Quot.sound]
'ASGinzburg.CutQuiver.vertexCutPathCyclicOrbit_symm' depends on axioms: [propext, Classical.choice, Quot.sound]
'ASGinzburg.CutQuiver.vertexCutPathCyclicOrbit_trans' depends on axioms: [propext, Classical.choice, Quot.sound]
'ASGinzburg.CutQuiver.pathCyclicOrbitClass_eq_iff' depends on axioms: [propext, Classical.choice, Quot.sound]
'ASGinzburg.LinearComponentAlgebra.totalIdempotent_mul_mul_eq_component' depends on axioms: [propext,
 Classical.choice,
 Quot.sound]
'ASGinzburg.LinearComponentAlgebra.totalAlgEquiv_component_projection' depends on axioms: [propext,
 Classical.choice,
 Quot.sound]
'ASGinzburg.LinearComponentAlgebra.totalAlgEquiv_symm_idempotent' depends on axioms: [propext,
 Classical.choice,
 Quot.sound]
'ASGinzburg.LinearComponentAlgebra.totalAlgEquiv_component' depends on axioms: [propext, Classical.choice, Quot.sound]
'ASGinzburg.LinearComponentAlgebra.totalAlgEquivComponentLinearEquiv' depends on axioms: [propext,
 Classical.choice,
 Quot.sound]
'ASGinzburg.LinearComponentAlgebra.totalAlgEquivComponentLinearEquiv_apply' depends on axioms: [propext,
 Classical.choice,
 Quot.sound]
'ASGinzburg.LinearComponentAlgebra.totalAlgEquivComponentLinearEquiv_component' depends on axioms: [propext,
 Classical.choice,
 Quot.sound]
'ASGinzburg.LinearComponentAlgebra.totalAlgEquivComponentLinearEquiv_id' depends on axioms: [propext,
 Classical.choice,
 Quot.sound]
'ASGinzburg.LinearComponentAlgebra.totalAlgEquivComponentLinearEquiv_comp' depends on axioms: [propext,
 Classical.choice,
 Quot.sound]
'ASGinzburg.FiniteFourTermProjectiveResolution.ringHomNatCochainComplex' depends on axioms: [propext,
 Classical.choice,
 Quot.sound]
'ASGinzburg.FiniteFourTermProjectiveResolution.ringHomCochainComplex' depends on axioms: [propext,
 Classical.choice,
 Quot.sound]
'ASGinzburg.FiniteFourTermProjectiveResolution.ringHomNatCochainComplex_term_finiteProjective' depends on axioms: [propext,
 Classical.choice,
 Quot.sound]
'ASGinzburg.FiniteFourTermProjectiveResolution.ringHomNatCochainComplex_isZero_ge_four' depends on axioms: [propext,
 Classical.choice,
 Quot.sound]
'ASGinzburg.FiniteFourTermProjectiveResolution.ringHomCochainComplex_term_finiteProjective' depends on axioms: [propext,
 Classical.choice,
 Quot.sound]
'ASGinzburg.FiniteFourTermProjectiveResolution.ringHomCochainComplex_isZero_outside' depends on axioms: [propext,
 Classical.choice,
 Quot.sound]
'ASGinzburg.FiniteFourTermProjectiveResolution.ringHomCochainComplex_perfect' depends on axioms: [propext,
 Classical.choice,
 Quot.sound]
'ASGinzburg.FiniteFourTermProjectiveResolution.ringDualExtCochainHomologyIso' depends on axioms: [propext,
 Classical.choice,
 Quot.sound]
'ASGinzburg.FiniteFourTermProjectiveResolution.ringDualExt_isZero_ge_four' depends on axioms: [propext,
 Classical.choice,
 Quot.sound]
'ASGinzburg.FiniteFourTermProjectiveResolution.ringDualExt_three_finite' depends on axioms: [propext,
 Classical.choice,
 Quot.sound]
'ASGinzburg.FiniteFourTermProjectiveResolution.ringHomPerfectDerived' depends on axioms: [propext,
 Classical.choice,
 Quot.sound]
'ASGinzburg.gradedMap_epi_of_functor_epi' depends on axioms: [propext, Classical.choice, Quot.sound]
'ASGinzburg.gradedFourTerm_exact_of_functor_exact' depends on axioms: [propext, Classical.choice, Quot.sound]
'ASGinzburg.gradedMap_exact_of_functor_exact' depends on axioms: [propext, Classical.choice, Quot.sound]
'ASGinzburg.gradedProjectiveEpi_mono_of_functor_mono' depends on axioms: [propext, Classical.choice, Quot.sound]
'ASGinzburg.GradedOrdinaryModuleData.functor_kernelInclusion_mono' depends on axioms: [propext,
 Classical.choice,
 Quot.sound]
'ASGinzburg.GradedOrdinaryModuleData.comp_kernelFactor_eq_zero' depends on axioms: [propext,
 Classical.choice,
 Quot.sound]
'ASGinzburg.GradedOrdinaryModuleData.functor_exact_kernelFactor' depends on axioms: [propext,
 Classical.choice,
 Quot.sound]
'ASGinzburg.GradedOrdinaryModuleData.cokernelModule' depends on axioms: [propext, Classical.choice, Quot.sound]
'ASGinzburg.GradedOrdinaryModuleData.cokernelGrade' depends on axioms: [propext, Classical.choice, Quot.sound]
'ASGinzburg.GradedOrdinaryModuleData.cokernelGradeDecomposition' depends on axioms: [propext,
 Classical.choice,
 Quot.sound]
'ASGinzburg.GradedOrdinaryModuleData.cokernelData' depends on axioms: [propext, Classical.choice, Quot.sound]
'ASGinzburg.GradedOrdinaryModuleData.cokernelData_boundedBelow' depends on axioms: [propext,
 Classical.choice,
 Quot.sound]
'ASGinzburg.GradedOrdinaryModuleData.cokernelProjection' depends on axioms: [propext, Classical.choice, Quot.sound]
'ASGinzburg.GradedOrdinaryModuleData.cokernelProjection_preservesGrade' depends on axioms: [propext,
 Classical.choice,
 Quot.sound]
'ASGinzburg.GradedOrdinaryModuleData.cokernelProjection_epi' depends on axioms: [propext, Classical.choice, Quot.sound]
'ASGinzburg.GradedOrdinaryModuleData.comp_cokernelProjection' depends on axioms: [propext, Classical.choice, Quot.sound]
'ASGinzburg.GradedOrdinaryModuleData.cokernelIsoCokernelModule' depends on axioms: [propext,
 Classical.choice,
 Quot.sound]
'ASGinzburg.GradedOrdinaryModuleData.exists_finite_homogeneous_generating_family' depends on axioms: [propext,
 Classical.choice,
 Quot.sound]
'ASGinzburg.GradedOrdinaryModuleData.kernelFactor' depends on axioms: [propext, Classical.choice, Quot.sound]
'ASGinzburg.GradedOrdinaryModuleData.kernelFactor_preservesGrade' depends on axioms: [propext,
 Classical.choice,
 Quot.sound]
'ASGinzburg.GradedOrdinaryModuleData.kernelFactor_inclusion' depends on axioms: [propext, Classical.choice, Quot.sound]
'ASGinzburg.GradedOrdinaryModuleData.kernelFactor_epi_iff_exact' depends on axioms: [propext,
 Classical.choice,
 Quot.sound]
'ASGinzburg.GradedOrdinaryModuleData.kernelFactor_eq_kernel_lift' depends on axioms: [propext,
 Classical.choice,
 Quot.sound]
'ASGinzburg.GradedOrdinaryModuleData.kernelData_projective' depends on axioms: [propext, Classical.choice, Quot.sound]
'ASGinzburg.GradedOrdinaryModuleData.restrictionGrade' depends on axioms: [propext, Classical.choice, Quot.sound]
'ASGinzburg.GradedOrdinaryModuleData.restrictionGrade_mem_iff' depends on axioms: [propext,
 Classical.choice,
 Quot.sound]
'ASGinzburg.GradedOrdinaryModuleData.restrictionData' depends on axioms: [propext, Classical.choice, Quot.sound]
'ASGinzburg.GradedOrdinaryModuleData.restrictionData_boundedBelow' depends on axioms: [propext,
 Classical.choice,
 Quot.sound]
'ASGinzburg.GradedOrdinaryModuleData.restrictionData_preservesGrade' depends on axioms: [propext,
 Classical.choice,
 Quot.sound]
'ASGinzburg.GradedOrdinaryModuleData.ringDualGrade_exists_lower_bound' depends on axioms: [propext,
 Classical.choice,
 Quot.sound]
'ASGinzburg.ordinaryRingDual_field_smul_apply' depends on axioms: [propext, Quot.sound]
'ASGinzburg.GradedOrdinaryModuleData.ringDualComponentMap' depends on axioms: [propext, Classical.choice, Quot.sound]
'ASGinzburg.GradedOrdinaryModuleData.ringDual_eq_zero_of_components_eq_zero' depends on axioms: [propext,
 Classical.choice,
 Quot.sound]
'ASGinzburg.GradedOrdinaryModuleData.ringDualComponentLinear' depends on axioms: [propext, Classical.choice, Quot.sound]
'ASGinzburg.GradedOrdinaryModuleData.ringDualComponentLinear_apply_homogeneous' depends on axioms: [propext,
 Classical.choice,
 Quot.sound]
'ASGinzburg.GradedOrdinaryModuleData.ringDualComponentLinear_map_smul' depends on axioms: [propext,
 Classical.choice,
 Quot.sound]
'ASGinzburg.GradedOrdinaryModuleData.ringDualComponent' depends on axioms: [propext, Classical.choice, Quot.sound]
'ASGinzburg.GradedOrdinaryModuleData.ringDualComponent_apply_homogeneous' depends on axioms: [propext,
 Classical.choice,
 Quot.sound]
'ASGinzburg.GradedOrdinaryModuleData.ringDualComponent_mem' depends on axioms: [propext, Classical.choice, Quot.sound]
'ASGinzburg.GradedOrdinaryModuleData.ringDualComponent_of_mem_same' depends on axioms: [propext,
 Classical.choice,
 Quot.sound]
'ASGinzburg.GradedOrdinaryModuleData.ringDualComponent_of_mem_ne' depends on axioms: [propext,
 Classical.choice,
 Quot.sound]
'ASGinzburg.ordinaryOppositeRingGrade' depends on axioms: [propext, Quot.sound]
'ASGinzburg.ordinaryOppositeRingGrade_mem_iff' depends on axioms: [propext, Quot.sound]
'ASGinzburg.GradedOrdinaryModuleData.ringDualNativeGrade' depends on axioms: [propext, Classical.choice, Quot.sound]
'ASGinzburg.GradedOrdinaryModuleData.ringDualNativeGrade_mem_iff' depends on axioms: [propext,
 Classical.choice,
 Quot.sound]
'ASGinzburg.GradedOrdinaryModuleData.ringDualNativeGrade_eq_bot' depends on axioms: [propext,
 Classical.choice,
 Quot.sound]
'ASGinzburg.GradedOrdinaryModuleData.ringDualData' depends on axioms: [propext, Classical.choice, Quot.sound]
'ASGinzburg.GradedOrdinaryModuleData.ringDualData_exists_lower_bound' depends on axioms: [propext,
 Classical.choice,
 Quot.sound]
'ASGinzburg.GradedOrdinaryModuleData.ringDualData_map_preservesGrade' depends on axioms: [propext,
 Classical.choice,
 Quot.sound]
'ASGinzburg.GradedOrdinaryModuleData.ringDualComponent_finiteSupport' depends on axioms: [propext,
 Classical.choice,
 Quot.sound]
'ASGinzburg.GradedOrdinaryModuleData.ringDualGrade' depends on axioms: [propext, Classical.choice, Quot.sound]
'ASGinzburg.GradedOrdinaryModuleData.ringDualGrade_mem_iff' depends on axioms: [propext, Classical.choice, Quot.sound]
'ASGinzburg.GradedOrdinaryModuleData.ringDualGrade_smul_mem' depends on axioms: [propext, Classical.choice, Quot.sound]
'ASGinzburg.GradedOrdinaryModuleData.ringDualMap_preservesGrade' depends on axioms: [propext,
 Classical.choice,
 Quot.sound]
'ASGinzburg.GradedOrdinaryModuleData.ringDual_sum_components' depends on axioms: [propext, Classical.choice, Quot.sound]
'ASGinzburg.GradedOrdinaryModuleData.ringDualGrade_iSupIndep' depends on axioms: [propext, Classical.choice, Quot.sound]
'ASGinzburg.GradedOrdinaryModuleData.ringDualGrade_iSup_eq_top' depends on axioms: [propext,
 Classical.choice,
 Quot.sound]
'ASGinzburg.GradedOrdinaryModuleData.ringDualGrade_isInternal' depends on axioms: [propext,
 Classical.choice,
 Quot.sound]
'ASGinzburg.homogeneousLinearMap_shifted_component' depends on axioms: [propext, Classical.choice, Quot.sound]
'ASGinzburg.moduleCatFourTermEuler' depends on axioms: [propext, Classical.choice, Quot.sound]
'ASGinzburg.wordSubstitutionChainAux' depends on axioms: [propext, Classical.choice, Quot.sound]
'ASGinzburg.wordOccurrenceContext_substitutionChain' depends on axioms: [propext, Classical.choice, Quot.sound]
'ASGinzburg.wordSubstitutionChainAux_derivativeAux' depends on axioms: [propext, Classical.choice, Quot.sound]
'ASGinzburg.cyclicDerivative_substitution_traceWord' depends on axioms: [propext, Classical.choice, Quot.sound]
'ASGinzburg.nonlinear_cyclicDerivative_chainRule' depends on axioms: [propext, Classical.choice, Quot.sound]
'ASGinzburg.ordinaryRingDualFiniteFreeEquiv_apply' depends on axioms: [propext, Classical.choice, Quot.sound]
'ASGinzburg.ordinaryRingDualFiniteFreeEquiv_symm_basis' depends on axioms: [propext, Classical.choice, Quot.sound]
'ASGinzburg.ordinaryRingBidualFiniteFreeEquiv' depends on axioms: [propext, Classical.choice, Quot.sound]
'ASGinzburg.ordinaryRingBidualFiniteFreeEvaluationIsIso' depends on axioms: [propext, Classical.choice, Quot.sound]
'ASGinzburg.ordinaryFiniteProjectiveProperty_ringBidualEvaluation' depends on axioms: [propext,
 Classical.choice,
 Quot.sound]
'ASGinzburg.ordinaryRingBidualFiniteProjectiveEvaluationIsIso' depends on axioms: [propext,
 Classical.choice,
 Quot.sound]
'ASGinzburg.ordinaryFiniteProjectiveRingBidualIso' depends on axioms: [propext, Classical.choice, Quot.sound]
'ASGinzburg.ordinaryFiniteProjectiveRingBidualIso_hom' depends on axioms: [propext, Classical.choice, Quot.sound]
'ASGinzburg.ordinaryRingBidualFunctorAdditive' depends on axioms: [propext, Quot.sound]
'ASGinzburg.ordinaryFiniteProjectiveRingBidualComplexIso' depends on axioms: [propext, Classical.choice, Quot.sound]
'ASGinzburg.ordinaryFiniteProjectiveRingBidualComplexIso_hom_f' depends on axioms: [propext,
 Classical.choice,
 Quot.sound]
'ASGinzburg.ordinaryFiniteProjectiveRingBidualComplexIso_inv_f' depends on axioms: [propext,
 Classical.choice,
 Quot.sound]
'ASGinzburg.ordinaryFiniteProjectiveRingBidualComplexIso_hom_naturality' depends on axioms: [propext,
 Classical.choice,
 Quot.sound]
'ASGinzburg.ordinaryRingBidual' depends on axioms: [propext, Quot.sound]
'ASGinzburg.ordinaryRingBidualElement' depends on axioms: [propext, Quot.sound]
'ASGinzburg.ordinaryRingBidualEvaluationLinearMap' depends on axioms: [propext, Quot.sound]
'ASGinzburg.ordinaryRingBidualMap' depends on axioms: [propext, Quot.sound]
'ASGinzburg.ordinaryRingBidualFunctor' depends on axioms: [propext, Quot.sound]
'ASGinzburg.ordinaryRingBidualEvaluation' depends on axioms: [propext, Quot.sound]
'ASGinzburg.ordinaryRingBidualEvaluation_apply' depends on axioms: [propext, Quot.sound]
'ASGinzburg.ordinaryRingBidualEvaluationNatTrans' depends on axioms: [propext, Classical.choice, Quot.sound]
'ASGinzburg.ordinaryRingDual' depends on axioms: [propext, Quot.sound]
'ASGinzburg.ordinaryRingDual_smul_apply' depends on axioms: [propext, Quot.sound]
'ASGinzburg.ordinaryRingDualMap' depends on axioms: [propext, Quot.sound]
'ASGinzburg.ordinaryRingDualMap_apply' depends on axioms: [propext, Quot.sound]
'ASGinzburg.ordinaryRingDualFunctor' depends on axioms: [propext, Quot.sound]
'ASGinzburg.ordinaryRingDualFunctorAdditive' depends on axioms: [propext, Quot.sound]
'ASGinzburg.rightRegularOppositeLinearEquiv' depends on axioms: [propext, Quot.sound]
'ASGinzburg.ordinaryRingDualFiniteFreeEquiv' depends on axioms: [propext, Classical.choice, Quot.sound]
'ASGinzburg.ordinarySingleZeroOppositeIso' depends on axioms: [propext, Classical.choice, Quot.sound]
'ASGinzburg.ordinaryProjectiveResolutionOpposite' depends on axioms: [propext, Classical.choice, Quot.sound]
'ASGinzburg.ordinaryRingDualExtFunctor' depends on axioms: [propext, Classical.choice, Quot.sound]
'ASGinzburg.ordinaryRingDualResolutionHomologyIso' depends on axioms: [propext, Classical.choice, Quot.sound]
'ASGinzburg.ordinaryRingDualExt_isZero_of_resolution_term' depends on axioms: [propext, Classical.choice, Quot.sound]
'ASGinzburg.ordinaryRingDualExt_isZero_ge_four' depends on axioms: [propext, Classical.choice, Quot.sound]
'ASGinzburg.ordinaryProjectiveResolutionOpposite_ι_f_zero' depends on axioms: [propext, Classical.choice, Quot.sound]
'ASGinzburg.ordinaryRingDualResolutionHomologyIso_hom_naturality' depends on axioms: [propext,
 Classical.choice,
 Quot.sound]
'ASGinzburg.ordinaryRingDualResolutionHomologyIso_inv_naturality' depends on axioms: [propext,
 Classical.choice,
 Quot.sound]
'ASGinzburg.ordinaryFiniteProjectiveProperty_ringDual' depends on axioms: [propext, Classical.choice, Quot.sound]
'ASGinzburg.ordinaryRingDualHom_finite' depends on axioms: [propext, Classical.choice, Quot.sound]
'ASGinzburg.ordinaryRingDual_projective' depends on axioms: [propext, Classical.choice, Quot.sound]
'ASGinzburg.ordinaryRingDualHom_projective' depends on axioms: [propext, Classical.choice, Quot.sound]
'ASGinzburg.ordinaryRingDualForgetYonedaIso' depends on axioms: [propext, Classical.choice, Quot.sound]
'ASGinzburg.ordinaryRingDualFunctor_preservesLimits' depends on axioms: [propext, Classical.choice, Quot.sound]
'ASGinzburg.ordinaryRingDualFunctor_preservesFiniteLimits' depends on axioms: [propext, Classical.choice, Quot.sound]
'ASGinzburg.ordinaryRingDualFunctor_preservesMonomorphisms' depends on axioms: [propext, Classical.choice, Quot.sound]
'ASGinzburg.ordinaryRingDual_map_exact_of_mono' depends on axioms: [propext, Classical.choice, Quot.sound]
'ASGinzburg.ordinaryRingDual_shortExact_leftExact' depends on axioms: [propext, Classical.choice, Quot.sound]
'ASGinzburg.ordinaryRingDual_preservesLeftHomology_of_zero_f' depends on axioms: [propext, Classical.choice, Quot.sound]
'ASGinzburg.ordinaryRingDualExtZeroIso' depends on axioms: [propext, Classical.choice, Quot.sound]
'ASGinzburg.ordinaryRingDualExtZeroObjIso' depends on axioms: [propext, Classical.choice, Quot.sound]
'ASGinzburg.ordinaryRingDualExtZeroIso_inv' depends on axioms: [propext, Classical.choice, Quot.sound]
'ASGinzburg.ordinaryRingDualExtZeroIso_hom_toRightDerivedZero' depends on axioms: [propext,
 Classical.choice,
 Quot.sound]
'ASGinzburg.ordinaryRingDualExtZeroIso_toRightDerivedZero_hom' depends on axioms: [propext,
 Classical.choice,
 Quot.sound]
'ASGinzburg.ordinaryRingDualExt_three_finite_of_resolution' depends on axioms: [propext, Classical.choice, Quot.sound]
'ASGinzburg.ordinaryRingDualCochainFunctor' depends on axioms: [propext, Classical.choice, Quot.sound]
'ASGinzburg.ordinaryRingDualCochainComplex' depends on axioms: [propext, Classical.choice, Quot.sound]
'ASGinzburg.ordinaryRingDualCochainComplex_d' depends on axioms: [propext, Classical.choice, Quot.sound]
'ASGinzburg.ordinaryRingDualCochainComplex_perfect' depends on axioms: [propext, Classical.choice, Quot.sound]
'ASGinzburg.ordinaryRingDualTensorModuleK' depends on axioms: [propext, Quot.sound]
'ASGinzburg.ordinaryRingDualTensorScalarTower' depends on axioms: [propext, Quot.sound]
'ASGinzburg.ordinaryRingDualTensorEvaluationBilinear' depends on axioms: [propext, Quot.sound]
'ASGinzburg.ordinaryRingDualTensorEvaluation' depends on axioms: [propext, Classical.choice, Quot.sound]
'ASGinzburg.ordinaryRingDualTensorEvaluation_tmul' depends on axioms: [propext, Classical.choice, Quot.sound]
'ASGinzburg.ordinaryRingHomFunctor' depends on axioms: [propext, Quot.sound]
'ASGinzburg.ordinaryRingDualTensorEvaluationNatTrans' depends on axioms: [propext, Classical.choice, Quot.sound]
'ASGinzburg.ordinaryRingDualFiniteFreeTensorModuleK' depends on axioms: [propext, Quot.sound]
'ASGinzburg.ordinaryRingDualFiniteFree_coordinate_sum' depends on axioms: [propext, Classical.choice, Quot.sound]
'ASGinzburg.ordinaryRingDualTensorFiniteFreeInverse' depends on axioms: [propext, Classical.choice, Quot.sound]
'ASGinzburg.ordinaryRingDualTensorFiniteFreeInverse_evaluation' depends on axioms: [propext,
 Classical.choice,
 Quot.sound]
'ASGinzburg.ordinaryRingDualTensorFiniteFree_evaluation_inverse' depends on axioms: [propext,
 Classical.choice,
 Quot.sound]
'ASGinzburg.ordinaryRingDualTensorFiniteFreeEquiv' depends on axioms: [propext, Classical.choice, Quot.sound]
'ASGinzburg.ordinaryRingDualTensorFiniteFreeEvaluationIsIso' depends on axioms: [propext, Classical.choice, Quot.sound]
'ASGinzburg.ordinaryFiniteProjectiveProperty_ringDualTensorEvaluation' depends on axioms: [propext,
 Classical.choice,
 Quot.sound]
'ASGinzburg.ordinaryFiniteProjectiveRingDualTensorEquiv' depends on axioms: [propext, Classical.choice, Quot.sound]
'ASGinzburg.ordinaryFiniteProjectiveRingDualTensorEquiv_tmul' depends on axioms: [propext, Classical.choice, Quot.sound]
'ASGinzburg.CutQuiver.PathArrowReplacement' depends on axioms: [propext, Classical.choice, Quot.sound]
'ASGinzburg.CutQuiver.pathArrowSubstitutionPath' depends on axioms: [propext, Classical.choice, Quot.sound]
'ASGinzburg.CutQuiver.pathArrowSubstitutionPath_comp' depends on axioms: [propext, Classical.choice, Quot.sound]
'ASGinzburg.CutQuiver.pathArrowSubstitutionComponent' depends on axioms: [propext, Classical.choice, Quot.sound]
'ASGinzburg.CutQuiver.pathArrowSubstitutionComponent_single' depends on axioms: [propext, Classical.choice, Quot.sound]
'ASGinzburg.CutQuiver.pathArrowSubstitutionComponent_id' depends on axioms: [propext, Classical.choice, Quot.sound]
'ASGinzburg.CutQuiver.pathArrowSubstitutionComponent_comp' depends on axioms: [propext, Classical.choice, Quot.sound]
'ASGinzburg.CutQuiver.pathArrowSubstitution' depends on axioms: [propext, Classical.choice, Quot.sound]
'ASGinzburg.CutQuiver.pathArrowSubstitution_apply' depends on axioms: [propext, Classical.choice, Quot.sound]
'ASGinzburg.CutQuiver.pathArrowSubstitution_component' depends on axioms: [propext, Classical.choice, Quot.sound]
'ASGinzburg.CutQuiver.pathArrowSubstitution_arrow' depends on axioms: [propext, Classical.choice, Quot.sound]
'ASGinzburg.CutQuiver.pathArrowSubstitutionPath_mem_cut' depends on axioms: [propext, Classical.choice, Quot.sound]
'ASGinzburg.CutQuiver.pathArrowSubstitutionComponent_mem_cut' depends on axioms: [propext, Classical.choice, Quot.sound]
'ASGinzburg.CutQuiver.pathArrowSubstitution_mem_cut' depends on axioms: [propext, Classical.choice, Quot.sound]
'ASGinzburg.CutQuiver.pathArrowSubstitutionVertexCutAutomorphism' depends on axioms: [propext,
 Classical.choice,
 Quot.sound]
'ASGinzburg.CutQuiver.pathIdentityArrowReplacement' depends on axioms: [propext, Classical.choice, Quot.sound]
'ASGinzburg.CutQuiver.pathArrowSubstitutionPath_identity' depends on axioms: [propext, Classical.choice, Quot.sound]
'ASGinzburg.CutQuiver.pathArrowSubstitutionComponent_identity' depends on axioms: [propext,
 Classical.choice,
 Quot.sound]
'ASGinzburg.CutQuiver.pathArrowSubstitutionComponent_inverse_on_path' depends on axioms: [propext,
 Classical.choice,
 Quot.sound]
'ASGinzburg.CutQuiver.pathArrowSubstitutionComponent_inverse' depends on axioms: [propext, Classical.choice, Quot.sound]
'ASGinzburg.CutQuiver.pathArrowSubstitution_inverse' depends on axioms: [propext, Classical.choice, Quot.sound]
'ASGinzburg.CutQuiver.pathArrowSubstitutionAlgEquiv' depends on axioms: [propext, Classical.choice, Quot.sound]
'ASGinzburg.CutQuiver.pathArrowSubstitution_fixes_vertex' depends on axioms: [propext, Classical.choice, Quot.sound]
'ASGinzburg.CutQuiver.VertexCutPathAutomorphism.arrowReplacement' depends on axioms: [propext,
 Classical.choice,
 Quot.sound]
'ASGinzburg.CutQuiver.VertexCutPathAutomorphism.component_single_substitution' depends on axioms: [propext,
 Classical.choice,
 Quot.sound]
'ASGinzburg.CutQuiver.VertexCutPathAutomorphism.component_substitution' depends on axioms: [propext,
 Classical.choice,
 Quot.sound]
'ASGinzburg.CutQuiver.VertexCutPathAutomorphism.substitution' depends on axioms: [propext, Classical.choice, Quot.sound]
'ASGinzburg.CutQuiver.VertexCutPathAutomorphism.componentLinearEquiv_one' depends on axioms: [propext,
 Classical.choice,
 Quot.sound]
'ASGinzburg.CutQuiver.VertexCutPathAutomorphism.componentLinearEquiv_mul_apply' depends on axioms: [propext,
 Classical.choice,
 Quot.sound]
'ASGinzburg.CutQuiver.VertexCutPathAutomorphism.componentLinearEquiv_mul' depends on axioms: [propext,
 Classical.choice,
 Quot.sound]
'ASGinzburg.CutQuiver.VertexCutPathAutomorphism.wordArrowReplacement' depends on axioms: [propext,
 Classical.choice,
 Quot.sound]
'ASGinzburg.CutQuiver.VertexCutPathAutomorphism.wordMap_component' depends on axioms: [propext,
 Classical.choice,
 Quot.sound]
'ASGinzburg.CutQuiver.closedPathTrace_eq_cyclicTrace_pathWordMap' depends on axioms: [propext,
 Classical.choice,
 Quot.sound]
'ASGinzburg.CutQuiver.VertexCutPathAutomorphism.potential_val_cyclicSubstitution' depends on axioms: [propext,
 Classical.choice,
 Quot.sound]
'ASGinzburg.CutQuiver.pathRingCutSubspace_component_iff' depends on axioms: [propext, Classical.choice, Quot.sound]
'ASGinzburg.CutQuiver.VertexCutPathAutomorphism.componentLinearEquiv' depends on axioms: [propext,
 Classical.choice,
 Quot.sound]
'ASGinzburg.CutQuiver.VertexCutPathAutomorphism.component_preserves_cut' depends on axioms: [propext,
 Classical.choice,
 Quot.sound]
'ASGinzburg.CutQuiver.pathWindingComponent' depends on axioms: [propext, Classical.choice, Quot.sound]
'ASGinzburg.CutQuiver.pathCutComponent_le_winding' depends on axioms: [propext, Classical.choice, Quot.sound]
'ASGinzburg.CutQuiver.VertexCutPathAutomorphism.component_map_winding_mem' depends on axioms: [propext,
 Classical.choice,
 Quot.sound]
'ASGinzburg.CutQuiver.VertexCutPathAutomorphism.componentLinearEquiv_inv' depends on axioms: [propext,
 Classical.choice,
 Quot.sound]
'ASGinzburg.CutQuiver.VertexCutPathAutomorphism.component_preserves_winding' depends on axioms: [propext,
 Classical.choice,
 Quot.sound]
'ASGinzburg.CutQuiver.VertexCutPathAutomorphism.componentLinearEquiv_projection' depends on axioms: [propext,
 Classical.choice,
 Quot.sound]
'ASGinzburg.CutQuiver.pathRingWindingSubspace' depends on axioms: [propext, Classical.choice, Quot.sound]
'ASGinzburg.CutQuiver.VertexCutPathAutomorphism.map_winding_mem' depends on axioms: [propext,
 Classical.choice,
 Quot.sound]
'ASGinzburg.CutQuiver.VertexCutPathAutomorphism.preserves_winding' depends on axioms: [propext,
 Classical.choice,
 Quot.sound]
'ASGinzburg.CutQuiver.VertexCutPathAutomorphism.transportIdeal' depends on axioms: [propext,
 Classical.choice,
 Quot.sound]
'ASGinzburg.CutQuiver.VertexCutPathAutomorphism.mem_transportIdeal' depends on axioms: [propext,
 Classical.choice,
 Quot.sound]
'ASGinzburg.CutQuiver.VertexCutPathAutomorphism.image_mem_transportIdeal' depends on axioms: [propext,
 Classical.choice,
 Quot.sound]
'ASGinzburg.CutQuiver.VertexCutPathAutomorphism.pathCyclicDerivative_chainRule' depends on axioms: [propext,
 Classical.choice,
 Quot.sound]
'ASGinzburg.CutQuiver.VertexCutPathAutomorphism.pathCyclicDerivative_mem_ideal_of_images' depends on axioms: [propext,
 Classical.choice,
 Quot.sound]
'ASGinzburg.CutQuiver.VertexCutPathAutomorphism.pathJacobianIdeal_le_transport' depends on axioms: [propext,
 Classical.choice,
 Quot.sound]
'ASGinzburg.CutQuiver.VertexCutPathAutomorphism.pathJacobianIdeal_mem_iff_image' depends on axioms: [propext,
 Classical.choice,
 Quot.sound]
'ASGinzburg.CutQuiver.VertexCutPathAutomorphism.unrolledJacobianIsomorphismOfAction' depends on axioms: [propext,
 Classical.choice,
 Quot.sound]
'ASGinzburg.CutQuiver.unrolledJacobian_isomorphism_of_potentialPathClass' depends on axioms: [propext,
 Classical.choice,
 Quot.sound]
'ASGinzburg.asGinzburgClassDescent' depends on axioms: [propext, Classical.choice, Quot.sound]
'ASGinzburg.ginzburgRegularPotentialASClassMap' depends on axioms: [propext, Classical.choice, Quot.sound]
'ASGinzburg.ginzburgRegularPotentialASClassMap_apply' depends on axioms: [propext, Classical.choice, Quot.sound]
'ASGinzburg.CutQuiver.unrolledJacobianIdeal_mem_iff_integer_erase' depends on axioms: [propext,
 Classical.choice,
 Quot.sound]
'ASGinzburg.CutQuiver.VertexCutPathAutomorphism.unrolledJacobianIdeal_mem' depends on axioms: [propext,
 Classical.choice,
 Quot.sound]
'ASGinzburg.CutQuiver.VertexCutPathAutomorphism.unrolledJacobianIdeal_map' depends on axioms: [propext,
 Classical.choice,
 Quot.sound]
'ASGinzburg.CutQuiver.VertexCutPathAutomorphism.unrolledJacobianZAlgebraIsomorphism' depends on axioms: [propext,
 Classical.choice,
 Quot.sound]
'ASGinzburg.CutQuiver.pathAutomorphism_arrow_source_ne_target' does not depend on any axioms
'ASGinzburg.CutQuiver.pathLengthFiltration_one_mem_of_ne' depends on axioms: [propext, Classical.choice, Quot.sound]
'ASGinzburg.CutQuiver.pathLengthFiltration_le_of_le' depends on axioms: [propext, Classical.choice, Quot.sound]
'ASGinzburg.CutQuiver.pathAlgEquivComponent_pathComp' depends on axioms: [propext, Classical.choice, Quot.sound]
'ASGinzburg.CutQuiver.pathAlgEquivComponent_single_mem_length' depends on axioms: [propext,
 Classical.choice,
 Quot.sound]
'ASGinzburg.CutQuiver.pathAlgEquivComponent_mem_lengthFiltration' depends on axioms: [propext,
 Classical.choice,
 Quot.sound]
'ASGinzburg.CutQuiver.pathAlgEquivComponent_mem_lengthFiltration_iff' depends on axioms: [propext,
 Classical.choice,
 Quot.sound]
'ASGinzburg.CutQuiver.pathAlgEquiv_component_apply' depends on axioms: [propext, Classical.choice, Quot.sound]
'ASGinzburg.CutQuiver.pathAlgEquiv_mem_lengthFiltration_iff' depends on axioms: [propext, Classical.choice, Quot.sound]
'ASGinzburg.CutQuiver.VertexCutPathAutomorphism.cutComponentLinearEquiv' depends on axioms: [propext,
 Classical.choice,
 Quot.sound]
'ASGinzburg.CutQuiver.VertexCutPathAutomorphism.unrolledComponentLinearEquiv' depends on axioms: [propext,
 Classical.choice,
 Quot.sound]
'ASGinzburg.CutQuiver.VertexCutPathAutomorphism.unrolledComponentLinearEquiv_erase' depends on axioms: [propext,
 Classical.choice,
 Quot.sound]
'ASGinzburg.CutQuiver.unrolledPathEraseLinearMap_id' depends on axioms: [propext, Classical.choice, Quot.sound]
'ASGinzburg.CutQuiver.VertexCutPathAutomorphism.unrolledComponentLinearEquiv_id' depends on axioms: [propext,
 Classical.choice,
 Quot.sound]
'ASGinzburg.CutQuiver.VertexCutPathAutomorphism.unrolledComponentLinearEquiv_comp' depends on axioms: [propext,
 Classical.choice,
 Quot.sound]
'ASGinzburg.CutQuiver.VertexCutPathAutomorphism.unrolledPathZAlgebraIsomorphism' depends on axioms: [propext,
 Classical.choice,
 Quot.sound]
'ASGinzburg.CutQuiver.Path.length_le_winding' depends on axioms: [propext, Classical.choice, Quot.sound]
'ASGinzburg.CutQuiver.pathCut_lengthFiltration_eq_zero' depends on axioms: [propext, Classical.choice, Quot.sound]
'ASGinzburg.CutQuiver.closedPathCyclicClass' depends on axioms: [propext, Classical.choice, Quot.sound]
'ASGinzburg.CutQuiver.pathCyclicTrace_totalComponent_closed' depends on axioms: [propext, Classical.choice, Quot.sound]
'ASGinzburg.CutQuiver.pathCyclicQuotientTrace_closedPathClass' depends on axioms: [propext,
 Classical.choice,
 Quot.sound]
'ASGinzburg.CutQuiver.closedPathCyclicClass_comp' depends on axioms: [propext, Classical.choice, Quot.sound]
'ASGinzburg.CutQuiver.closedPathCyclicClass_rotate_split' depends on axioms: [propext, Classical.choice, Quot.sound]
'ASGinzburg.CutQuiver.closedPathCyclicClass_eq_of_rotated' depends on axioms: [propext, Classical.choice, Quot.sound]
'ASGinzburg.CutQuiver.closedPathCyclicClass_eq_of_wordClass' depends on axioms: [propext, Classical.choice, Quot.sound]
'ASGinzburg.CutQuiver.PathOccurrenceContext' does not depend on any axioms
'ASGinzburg.CutQuiver.PathOccurrenceContext.snoc' does not depend on any axioms
'ASGinzburg.CutQuiver.Path.occurrenceContexts' depends on axioms: [propext, Quot.sound]
'ASGinzburg.CutQuiver.pathOccurrenceContextMap' depends on axioms: [propext, Classical.choice, Quot.sound]
'ASGinzburg.CutQuiver.pathOccurrenceContextMap_apply' depends on axioms: [propext, Classical.choice, Quot.sound]
'ASGinzburg.CutQuiver.pathOccurrenceContextMap_mem_ideal' depends on axioms: [propext, Classical.choice, Quot.sound]
'ASGinzburg.CutQuiver.pathOccurrenceContextOperator' depends on axioms: [propext, Classical.choice, Quot.sound]
'ASGinzburg.CutQuiver.pathOccurrenceContextOperator_mem_ideal' depends on axioms: [propext,
 Classical.choice,
 Quot.sound]
'ASGinzburg.CutQuiver.pathOccurrenceDerivative' depends on axioms: [propext, Classical.choice, Quot.sound]
'ASGinzburg.CutQuiver.pathOccurrenceDerivative_single' depends on axioms: [propext, Classical.choice, Quot.sound]
'ASGinzburg.CutQuiver.pathOccurrenceDerivative_mem_ideal' depends on axioms: [propext, Classical.choice, Quot.sound]
'ASGinzburg.CutQuiver.Path.occurrenceContexts_reconstruct' depends on axioms: [propext, Quot.sound]
'ASGinzburg.CutQuiver.Path.occurrenceContexts_length' depends on axioms: [propext, Classical.choice, Quot.sound]
'ASGinzburg.CutQuiver.pathWordMap_occurrenceContextMap' depends on axioms: [propext, Classical.choice, Quot.sound]
'ASGinzburg.CutQuiver.pathOccurrenceContextMap_snoc' depends on axioms: [propext, Classical.choice, Quot.sound]
'ASGinzburg.CutQuiver.pathOccurrenceContext_snoc_sum' depends on axioms: [propext, Classical.choice, Quot.sound]
'ASGinzburg.CutQuiver.pathWordMap_occurrenceContextOperator' depends on axioms: [propext, Classical.choice, Quot.sound]
'ASGinzburg.CutQuiver.pathWordMap_occurrenceDerivative' depends on axioms: [propext, Classical.choice, Quot.sound]
'ASGinzburg.CutQuiver.closedPathTrace_potentialCyclicClass_exists' depends on axioms: [propext,
 Classical.choice,
 Quot.sound]
'ASGinzburg.CutQuiver.closedPathTrace_mem_potentialSpace_of_cut_length' depends on axioms: [propext,
 Classical.choice,
 Quot.sound]
'ASGinzburg.CutQuiver.potentialCyclicClass_closedPathTrace_of_cut_length' depends on axioms: [propext,
 Classical.choice,
 Quot.sound]
'ASGinzburg.CutQuiver.Path.exists_split_at_length' depends on axioms: [propext, Quot.sound]
'ASGinzburg.CutQuiver.Path.target_of_toList_getLast' depends on axioms: [propext]
'ASGinzburg.CutQuiver.Path.closed_toList_base_eq' depends on axioms: [propext]
'ASGinzburg.CutQuiver.Path.closed_toList_sigma_eq' depends on axioms: [propext]
'ASGinzburg.CutQuiver.pathArrowSubstitutionPath_mem_length' depends on axioms: [propext, Classical.choice, Quot.sound]
'ASGinzburg.CutQuiver.pathArrowSubstitutionComponent_mem_length' depends on axioms: [propext,
 Classical.choice,
 Quot.sound]
'ASGinzburg.CutQuiver.pathArrowSubstitutionPath_sub_identity_mem_length' depends on axioms: [propext,
 Classical.choice,
 Quot.sound]
'ASGinzburg.CutQuiver.pathSubstitutionDifference' depends on axioms: [propext, Classical.choice, Quot.sound]
'ASGinzburg.CutQuiver.pathSubstitutionDifference_mem_length' depends on axioms: [propext, Classical.choice, Quot.sound]
'ASGinzburg.CutQuiver.pathWordMap_comp' depends on axioms: [propext, Classical.choice, Quot.sound]
'ASGinzburg.CutQuiver.pathWordMap_substitutionPath' depends on axioms: [propext, Classical.choice, Quot.sound]
'ASGinzburg.CutQuiver.pathWordMap_substitutionComponent' depends on axioms: [propext, Classical.choice, Quot.sound]
'ASGinzburg.ZAlgebra.PeriodIso.cutEnveloping_includeLeft_mem_integerGrade' depends on axioms: [propext,
 Classical.choice,
 Quot.sound]
'ASGinzburg.ZAlgebra.PeriodIso.cutEnveloping_includeLeft_op_mem_integerGrade' depends on axioms: [propext,
 Classical.choice,
 Quot.sound]
'ASGinzburg.ZAlgebra.PeriodIso.cutGradedTensor_fourTerm_exact_reflect' depends on axioms: [propext,
 Classical.choice,
 Quot.sound]
'ASGinzburg.ZAlgebra.PeriodIso.cutGradedTensor_epi_reflect' depends on axioms: [propext, Classical.choice, Quot.sound]
'ASGinzburg.ZAlgebra.PeriodIso.cutIntegerOppositeHomogeneousSpace_mem_iff_unop' depends on axioms: [propext,
 Classical.choice,
 Quot.sound]
'ASGinzburg.ZAlgebra.PeriodIso.cutIntegerOppositeHomogeneousSpace_ofNat' depends on axioms: [propext,
 Classical.choice,
 Quot.sound]
'ASGinzburg.ZAlgebra.PeriodIso.cutIntegerOppositeHomogeneousSpace_negative' depends on axioms: [propext,
 Classical.choice,
 Quot.sound]
'ASGinzburg.ZAlgebra.PeriodIso.cutIntegerOppositeHomogeneousSpace' depends on axioms: [propext,
 Classical.choice,
 Quot.sound]
'ASGinzburg.ZAlgebra.PeriodIso.cutIntegerOppositeHomogeneousSpace_op_mem' depends on axioms: [propext,
 Classical.choice,
 Quot.sound]
'ASGinzburg.ZAlgebra.PeriodIso.ordinaryGradedDataCutRightModule' depends on axioms: [propext,
 Classical.choice,
 Quot.sound]
'ASGinzburg.ZAlgebra.PeriodIso.ordinaryGradedDataCutRightModuleIso' depends on axioms: [propext,
 Classical.choice,
 Quot.sound]
'ASGinzburg.ZAlgebra.PeriodIso.ordinaryGradedData_isZero_of_tensor_semisimple' depends on axioms: [propext,
 Classical.choice,
 Quot.sound]
'ASGinzburg.CutQuiver.potential_eq_of_cut_pathCyclicDerivative_eq' depends on axioms: [propext,
 Classical.choice,
 Quot.sound]
'ASGinzburg.CutQuiver.cutPathDerivativeFamily' depends on axioms: [propext, Classical.choice, Quot.sound]
'ASGinzburg.CutQuiver.cutPathDerivativeFamily_injective' depends on axioms: [propext, Classical.choice, Quot.sound]
'ASGinzburg.CutQuiver.cutPathDerivativeImageEquiv' depends on axioms: [propext, Classical.choice, Quot.sound]
'ASGinzburg.CutQuiver.potentialClassRepresentative' depends on axioms: [propext, Classical.choice, Quot.sound]
'ASGinzburg.CutQuiver.potentialWordCyclicClass' depends on axioms: [propext, Classical.choice, Quot.sound]
'ASGinzburg.CutQuiver.potentialWordCyclicClass_trace' depends on axioms: [propext, Classical.choice, Quot.sound]
'ASGinzburg.CutQuiver.potentialCyclicClass' depends on axioms: [propext, Classical.choice, Quot.sound]
'ASGinzburg.CutQuiver.pathCyclicQuotientTrace_potentialCyclicClass' depends on axioms: [propext,
 Classical.choice,
 Quot.sound]
'ASGinzburg.CutQuiver.potentialCyclicClass_injective' depends on axioms: [propext, Classical.choice, Quot.sound]
'ASGinzburg.CutQuiver.potentialCyclicClass_traceWord' depends on axioms: [propext, Classical.choice, Quot.sound]
'ASGinzburg.CutQuiver.VertexCutPathAutomorphism.cyclicEquiv_closedPathClass' depends on axioms: [propext,
 Classical.choice,
 Quot.sound]
'ASGinzburg.CutQuiver.VertexCutPathAutomorphism.cyclicEquiv_closedPathClass_mem_potential_range' depends on axioms: [propext,
 Classical.choice,
 Quot.sound]
'ASGinzburg.CutQuiver.VertexCutPathAutomorphism.cyclicEquiv_potential_mem_range' depends on axioms: [propext,
 Classical.choice,
 Quot.sound]
'ASGinzburg.CutQuiver.VertexCutPathAutomorphism.potentialLinearMap' depends on axioms: [propext,
 Classical.choice,
 Quot.sound]
'ASGinzburg.CutQuiver.VertexCutPathAutomorphism.potentialLinearMap_cyclicClass' depends on axioms: [propext,
 Classical.choice,
 Quot.sound]
'ASGinzburg.CutQuiver.VertexCutPathAutomorphism.potentialLinearEquiv' depends on axioms: [propext,
 Classical.choice,
 Quot.sound]
'ASGinzburg.CutQuiver.VertexCutPathAutomorphism.potentialLinearEquiv_cyclicClass' depends on axioms: [propext,
 Classical.choice,
 Quot.sound]
'ASGinzburg.CutQuiver.vertexCutPotentialAutomorphismHom' depends on axioms: [propext, Classical.choice, Quot.sound]
'ASGinzburg.CutQuiver.vertexCutPotentialMulAction' depends on axioms: [propext, Classical.choice, Quot.sound]
'ASGinzburg.CutQuiver.potentialCyclicClass_vertexCut_smul' depends on axioms: [propext, Classical.choice, Quot.sound]
'ASGinzburg.CutQuiver.potentialPathAutomorphismSetoid' depends on axioms: [propext, Classical.choice, Quot.sound]
'ASGinzburg.CutQuiver.PotentialPathAutomorphismClass' depends on axioms: [propext, Classical.choice, Quot.sound]
'ASGinzburg.CutQuiver.potentialPathAutomorphismClass' depends on axioms: [propext, Classical.choice, Quot.sound]
'ASGinzburg.CutQuiver.potentialPathAutomorphism_related_iff' depends on axioms: [propext, Classical.choice, Quot.sound]
'ASGinzburg.CutQuiver.potentialPathAutomorphismClass_eq_iff' depends on axioms: [propext, Classical.choice, Quot.sound]
'ASGinzburg.CutQuiver.potentialClassCyclicOrbitMap' depends on axioms: [propext, Classical.choice, Quot.sound]
'ASGinzburg.CutQuiver.potentialClassCyclicOrbitMap_injective' depends on axioms: [propext, Classical.choice, Quot.sound]
'ASGinzburg.ginzburgRegularPotentialPathAutomorphismSetoid' depends on axioms: [propext, Classical.choice, Quot.sound]
'ASGinzburg.GinzburgRegularPotentialPathAutomorphismClass' depends on axioms: [propext, Classical.choice, Quot.sound]
'ASGinzburg.GinzburgRegularPotential.pathAutomorphismClass' depends on axioms: [propext, Classical.choice, Quot.sound]
'ASGinzburg.ginzburgRegularPotentialPathAutomorphism_related_iff' depends on axioms: [propext,
 Classical.choice,
 Quot.sound]
'ASGinzburg.GinzburgRegularPotential.pathAutomorphismClass_eq_iff' depends on axioms: [propext,
 Classical.choice,
 Quot.sound]
'ASGinzburg.ginzburgRegularPotentialClassCyclicOrbitMap' depends on axioms: [propext, Classical.choice, Quot.sound]
'ASGinzburg.ginzburgRegularPotentialClassCyclicOrbitMap_injective' depends on axioms: [propext,
 Classical.choice,
 Quot.sound]
'ASGinzburg.CutQuiver.potentialPathAutomorphism_related_iff_smul' depends on axioms: [propext,
 Classical.choice,
 Quot.sound]
'ASGinzburg.CutQuiver.potentialPathAutomorphismSetoid_eq_orbitRel' depends on axioms: [propext,
 Classical.choice,
 Quot.sound]
'ASGinzburg.CutQuiver.potentialPathAutomorphismClass_eq_iff_smul' depends on axioms: [propext,
 Classical.choice,
 Quot.sound]
'ASGinzburg.GinzburgRegularPotential.pathAutomorphismClass_eq_iff_smul' depends on axioms: [propext,
 Classical.choice,
 Quot.sound]
'ASGinzburg.additiveFunctor_epi_kernel_lift_of_projective_epi' depends on axioms: [propext,
 Classical.choice,
 Quot.sound]
'ASGinzburg.additiveFunctor_preserves_projective_epi_kernel' depends on axioms: [propext, Classical.choice, Quot.sound]
'ASGinzburg.projectiveEpiKernelSplitting' depends on axioms: [propext, Classical.choice, Quot.sound]
'ASGinzburg.projectiveEpiKernelRetract' depends on axioms: [propext, Classical.choice, Quot.sound]
'ASGinzburg.projective_kernel_of_projective_epi' depends on axioms: [propext, Classical.choice, Quot.sound]
'ASGinzburg.additiveFunctor_map_projective_epi_kernel_shortExact' depends on axioms: [propext,
 Classical.choice,
 Quot.sound]
'ASGinzburg.ZAlgebra.hom_finrank_eq_zero_of_lt' depends on axioms: [propext, Classical.choice, Quot.sound]
'ASGinzburg.ZAlgebra.hom_diagonal_finrank' depends on axioms: [propext, Classical.choice, Quot.sound]
'ASGinzburg.ZAlgebra.component_finrank_of_quadraticASResolutions' depends on axioms: [propext,
 Classical.choice,
 Quot.sound]
'ASGinzburg.ZAlgebra.QuadraticASRegular.component_finrank' depends on axioms: [propext, Classical.choice, Quot.sound]
'ASGinzburg.ZAlgebra.QuadraticASRegular.component_finrank_sub' depends on axioms: [propext,
 Classical.choice,
 Quot.sound]
'ASGinzburg.ZAlgebra.QuadraticASRegular.component_polynomial_bound' depends on axioms: [propext,
 Classical.choice,
 Quot.sound]
'ASGinzburg.ZAlgebra.QuadraticASRegular.cumulative_polynomial_bound' depends on axioms: [propext,
 Classical.choice,
 Quot.sound]
'ASGinzburg.ZAlgebra.quadraticTripleComponentEquiv' depends on axioms: [propext, Classical.choice, Quot.sound]
'ASGinzburg.ZAlgebra.quadraticTripleComponentFinite' depends on axioms: [propext, Classical.choice, Quot.sound]
'ASGinzburg.ZAlgebra.quadraticTripleComponent_finrank' depends on axioms: [propext, Classical.choice, Quot.sound]
'ASGinzburg.ZAlgebra.simpleRightModule_component_finrank' depends on axioms: [propext, Classical.choice, Quot.sound]
'ASGinzburg.ZAlgebra.QuadraticASResolution.component_euler' depends on axioms: [propext, Classical.choice, Quot.sound]
'ASGinzburg.ZAlgebra.conjugateRightModuleMap' depends on axioms: [propext, Classical.choice, Quot.sound]
'ASGinzburg.ZAlgebra.conjugateRightModuleMap_comp_zero' depends on axioms: [propext, Classical.choice, Quot.sound]
'ASGinzburg.ZAlgebra.conjugateRightModuleShortComplexIso' depends on axioms: [propext, Classical.choice, Quot.sound]
'ASGinzburg.ZAlgebra.conjugateRightModuleShortComplex_exact' depends on axioms: [propext, Classical.choice, Quot.sound]
'ASGinzburg.ZAlgebra.conjugateRightModuleMap_minimal' depends on axioms: [propext, Classical.choice, Quot.sound]
'ASGinzburg.ZAlgebra.adjacent_products_span_eq_bot' depends on axioms: [propext, Classical.choice, Quot.sound]
'ASGinzburg.ZAlgebra.ASResolution.triangleAdjacentGeneratorIndexEquiv' depends on axioms: [propext,
 Classical.choice,
 Quot.sound]
'ASGinzburg.ZAlgebra.ASResolution.triangleAdjacentIncomingBasis' depends on axioms: [propext,
 Classical.choice,
 Quot.sound]
'ASGinzburg.ZAlgebra.ASResolution.triangleAdjacentIncomingBasis_apply' depends on axioms: [propext,
 Classical.choice,
 Quot.sound]
'ASGinzburg.triangleEdgeTarget' does not depend on any axioms
'ASGinzburg.triangleEdgeArrow' depends on axioms: [propext, Quot.sound]
'ASGinzburg.triangleEdgePath' depends on axioms: [propext, Quot.sound]
'ASGinzburg.triangleEdgePath_length' depends on axioms: [propext, Quot.sound]
'ASGinzburg.triangleEdgePath_toList' depends on axioms: [propext, Quot.sound]
'ASGinzburg.triangleLengthOnePathArrow' depends on axioms: [propext, Classical.choice, Quot.sound]
'ASGinzburg.triangleEdgePathIndexEquiv' depends on axioms: [propext, Classical.choice, Quot.sound]
'ASGinzburg.triangleXPath' depends on axioms: [propext, Quot.sound]
'ASGinzburg.triangleYPath' depends on axioms: [propext, Quot.sound]
'ASGinzburg.triangleZPath' depends on axioms: [propext, Quot.sound]
'ASGinzburg.triangleXPath_toList' depends on axioms: [propext, Quot.sound]
'ASGinzburg.triangleYPath_toList' depends on axioms: [propext, Quot.sound]
'ASGinzburg.triangleZPath_toList' depends on axioms: [propext, Quot.sound]
'ASGinzburg.triangleEdgeArrowEquiv' depends on axioms: [propext, Classical.choice, Quot.sound]
'ASGinzburg.triangleEdgeArrowEquiv_single' depends on axioms: [propext, Classical.choice, Quot.sound]
'ASGinzburg.triangleXArrowEquiv' depends on axioms: [propext, Classical.choice, Quot.sound]
'ASGinzburg.triangleYArrowEquiv' depends on axioms: [propext, Classical.choice, Quot.sound]
'ASGinzburg.triangleZArrowEquiv' depends on axioms: [propext, Classical.choice, Quot.sound]
'ASGinzburg.triangleXArrowEquiv_single' depends on axioms: [propext, Classical.choice, Quot.sound]
'ASGinzburg.triangleYArrowEquiv_single' depends on axioms: [propext, Classical.choice, Quot.sound]
'ASGinzburg.triangleZArrowEquiv_single' depends on axioms: [propext, Classical.choice, Quot.sound]
'ASGinzburg.triangleArrowTranspose' depends on axioms: [propext, Classical.choice, Quot.sound]
'ASGinzburg.triangleArrowTranspose_single_apply' depends on axioms: [propext, Classical.choice, Quot.sound]
'ASGinzburg.cubicCoordinates333_tmul' depends on axioms: [propext, Classical.choice, Quot.sound]
'ASGinzburg.tensorToCutRelations333_basisChangeZ' depends on axioms: [propext, Classical.choice, Quot.sound]
'ASGinzburg.triangleGLArrowMatrix' depends on axioms: [propext, Classical.choice, Quot.sound]
'ASGinzburg.triangleGLArrowMatrix_inv' depends on axioms: [propext, Classical.choice, Quot.sound]
'ASGinzburg.triangleGLArrowIndex' depends on axioms: [propext, Quot.sound]
'ASGinzburg.triangleGLArrowReplacement' depends on axioms: [propext, Classical.choice, Quot.sound]
'ASGinzburg.triangleIdentityArrow_coordinates' depends on axioms: [propext, Classical.choice, Quot.sound]
'ASGinzburg.triangleGLArrowReplacement_mem_cut' depends on axioms: [propext, Classical.choice, Quot.sound]
'ASGinzburg.triangleGLSubstitution_coordinates' depends on axioms: [propext, Classical.choice, Quot.sound]
'ASGinzburg.triangleGLArrowReplacement_inverse' depends on axioms: [propext, Classical.choice, Quot.sound]
'ASGinzburg.triangleGLPathAutomorphism' depends on axioms: [propext, Classical.choice, Quot.sound]
'ASGinzburg.triangleGLPathAutomorphism_apply' depends on axioms: [propext, Classical.choice, Quot.sound]
'ASGinzburg.triangleGLPathAutomorphism_component' depends on axioms: [propext, Classical.choice, Quot.sound]
'ASGinzburg.triangleGLPathAutomorphism_coordinates' depends on axioms: [propext, Classical.choice, Quot.sound]
'ASGinzburg.trianglePathAutomorphismGLTriple_extension' depends on axioms: [propext, Classical.choice, Quot.sound]
'ASGinzburg.triangleArrowComponent' depends on axioms: [propext, Classical.choice, Quot.sound]
'ASGinzburg.triangleArrowComponent_eq_winding' depends on axioms: [propext, Classical.choice, Quot.sound]
'ASGinzburg.trianglePathAutomorphism_preserves_arrowComponent' depends on axioms: [propext,
 Classical.choice,
 Quot.sound]
'ASGinzburg.trianglePathAutomorphismArrowLinearEquiv' depends on axioms: [propext, Classical.choice, Quot.sound]
'ASGinzburg.trianglePathAutomorphismArrowLinearEquiv_val' depends on axioms: [propext, Classical.choice, Quot.sound]
'ASGinzburg.trianglePathAutomorphism_arrow_image_length_one' depends on axioms: [propext, Classical.choice, Quot.sound]
'ASGinzburg.trianglePathAutomorphismArrowMatrix' depends on axioms: [propext, Classical.choice, Quot.sound]
'ASGinzburg.trianglePathAutomorphismArrowMatrix_coordinates' depends on axioms: [propext, Classical.choice, Quot.sound]
'ASGinzburg.trianglePathAutomorphismGLTriple' depends on axioms: [propext, Classical.choice, Quot.sound]
'ASGinzburg.trianglePathAutomorphismGLTriple_X_coordinates' depends on axioms: [propext, Classical.choice, Quot.sound]
'ASGinzburg.trianglePathAutomorphismGLTriple_Y_coordinates' depends on axioms: [propext, Classical.choice, Quot.sound]
'ASGinzburg.trianglePathAutomorphismGLTriple_Z_coordinates' depends on axioms: [propext, Classical.choice, Quot.sound]
'ASGinzburg.trianglePathAutomorphismGLTriple_X_single' depends on axioms: [propext, Classical.choice, Quot.sound]
'ASGinzburg.trianglePathAutomorphismGLTriple_Y_single' depends on axioms: [propext, Classical.choice, Quot.sound]
'ASGinzburg.trianglePathAutomorphismGLTriple_Z_single' depends on axioms: [propext, Classical.choice, Quot.sound]
'ASGinzburg.trianglePathAutomorphismArrowMatrix_one' depends on axioms: [propext, Classical.choice, Quot.sound]
'ASGinzburg.trianglePathAutomorphismArrowMatrix_mul' depends on axioms: [propext, Classical.choice, Quot.sound]
'ASGinzburg.trianglePathAutomorphismGLRestriction' depends on axioms: [propext, Classical.choice, Quot.sound]
'ASGinzburg.trianglePathAutomorphismGLTriple_one' depends on axioms: [propext, Classical.choice, Quot.sound]
'ASGinzburg.trianglePathAutomorphismGLTriple_mul' depends on axioms: [propext, Classical.choice, Quot.sound]
'ASGinzburg.trianglePathAutomorphismGLTriple_inv' depends on axioms: [propext, Classical.choice, Quot.sound]
'ASGinzburg.trianglePathAutomorphism_path_image_eq' depends on axioms: [propext, Classical.choice, Quot.sound]
'ASGinzburg.trianglePathAutomorphism_component_image_eq' depends on axioms: [propext, Classical.choice, Quot.sound]
'ASGinzburg.trianglePathAutomorphism_eq_of_arrow_images' depends on axioms: [propext, Classical.choice, Quot.sound]
'ASGinzburg.trianglePathAutomorphismGLTriple_injective' depends on axioms: [propext, Classical.choice, Quot.sound]
'ASGinzburg.triangleGLPathAutomorphism_restriction' depends on axioms: [propext, Classical.choice, Quot.sound]
'ASGinzburg.trianglePathAutomorphismGLEquiv' depends on axioms: [propext, Classical.choice, Quot.sound]
'ASGinzburg.trianglePathAutomorphismGLEquiv_apply' depends on axioms: [propext, Classical.choice, Quot.sound]
'ASGinzburg.trianglePathAutomorphismGLEquiv_symm_apply' depends on axioms: [propext, Classical.choice, Quot.sound]
'ASGinzburg.trianglePathAutomorphism_tensorCyclicClass_tmul' depends on axioms: [propext, Classical.choice, Quot.sound]
'ASGinzburg.trianglePathAutomorphism_tensorCyclicClass_map' depends on axioms: [propext, Classical.choice, Quot.sound]
'ASGinzburg.trianglePathAutomorphism_tensorCyclicClass' depends on axioms: [propext, Classical.choice, Quot.sound]
'ASGinzburg.trianglePathAutomorphism_tensorPotential' depends on axioms: [propext, Classical.choice, Quot.sound]
'ASGinzburg.triangleCubicWordClass' depends on axioms: [propext, Quot.sound]
'ASGinzburg.triangleZ_target_zero' depends on axioms: [propext, Quot.sound]
'ASGinzburg.pathTargetCast' does not depend on any axioms
'ASGinzburg.path_target_cast_toList' does not depend on any axioms
'ASGinzburg.path_target_cast_cutDegree' does not depend on any axioms
'ASGinzburg.path_target_cast_length' does not depend on any axioms
'ASGinzburg.triangleCubicPath' depends on axioms: [propext, Classical.choice, Quot.sound]
'ASGinzburg.triangleCubicWordClass_mem' depends on axioms: [propext, Classical.choice, Quot.sound]
'ASGinzburg.triangleCubicWordClass_injective' depends on axioms: [propext, Quot.sound]
'ASGinzburg.path_length_three_arrows' depends on axioms: [propext, Classical.choice, Quot.sound]
'ASGinzburg.triangle_composable_triple_normal_form' depends on axioms: [propext, Classical.choice, Quot.sound]
'ASGinzburg.triangle_potentialClasses_eq_range' depends on axioms: [propext, Classical.choice, Quot.sound]
'ASGinzburg.triangleCubicClassEquiv' depends on axioms: [propext, Classical.choice, Quot.sound]
'ASGinzburg.triangleCoefficientPotentialEquiv' depends on axioms: [propext, Classical.choice, Quot.sound]
'ASGinzburg.triangleTensorPotentialEquiv' depends on axioms: [propext, Classical.choice, Quot.sound]
'ASGinzburg.triangleCoefficientPotentialEquiv_single' depends on axioms: [propext, Classical.choice, Quot.sound]
'ASGinzburg.triangleCoefficientPotentialEquiv_val' depends on axioms: [propext, Classical.choice, Quot.sound]
'ASGinzburg.triangleTensorPotentialEquiv_val' depends on axioms: [propext, Classical.choice, Quot.sound]
'ASGinzburg.triangleTensorPotentialEquiv_basis_val' depends on axioms: [propext, Classical.choice, Quot.sound]
'ASGinzburg.trianglePotential_recovered_from_tensor' depends on axioms: [propext, Classical.choice, Quot.sound]
'ASGinzburg.triangleTensor_recovered_from_potential' depends on axioms: [propext, Classical.choice, Quot.sound]
'ASGinzburg.trianglePotentialFinite' depends on axioms: [propext, Classical.choice, Quot.sound]
'ASGinzburg.trianglePotential_finrank' depends on axioms: [propext, Classical.choice, Quot.sound]
'ASGinzburg.quadraticTriangleASAlgebraEquiv' depends on axioms: [propext, Classical.choice, Quot.sound]
'ASGinzburg.quadraticTriangleASClassEquiv' depends on axioms: [propext, Classical.choice, Quot.sound]
'ASGinzburg.quadraticTriangleASClassEquiv_apply' depends on axioms: [propext, Classical.choice, Quot.sound]
'ASGinzburg.quadraticTriangleASClassEquiv_tensor' depends on axioms: [propext, Classical.choice, Quot.sound]
'ASGinzburg.regularTensorQuadraticClass_eq_iff_potentialASClass' depends on axioms: [propext,
 Classical.choice,
 Quot.sound]
'ASGinzburg.ZAlgebra.quadraticExtTotalDimension' depends on axioms: [propext, Classical.choice, Quot.sound]
'ASGinzburg.ZAlgebra.QuadraticASRegular' depends on axioms: [propext, Classical.choice, Quot.sound]
'ASGinzburg.ZAlgebra.QuadraticASResolution.extFinite_representable' depends on axioms: [propext,
 Classical.choice,
 Quot.sound]
'ASGinzburg.ZAlgebra.quadraticASResolutions_nonempty_iff' depends on axioms: [propext, Classical.choice, Quot.sound]
'ASGinzburg.ZAlgebra.quadraticExtTotalDimension_eq_asExtTotalRank' depends on axioms: [propext,
 Classical.choice,
 Quot.sound]
'ASGinzburg.ZAlgebra.quadraticASRegular_iff_triangleASRegular' depends on axioms: [propext,
 Classical.choice,
 Quot.sound]
'ASGinzburg.ZAlgebra.QuadraticASRegular.trianglePeriodIso' depends on axioms: [propext, Classical.choice, Quot.sound]
'ASGinzburg.ZAlgebra.QuadraticASRegular.triangle_isPeriodic' depends on axioms: [propext, Classical.choice, Quot.sound]
'ASGinzburg.triangle_zero_cut_return_path_is_quadratic' depends on axioms: [propext, Classical.choice, Quot.sound]
'ASGinzburg.ZAlgebra.QuadraticASRegular.triangleFoundationTensor' depends on axioms: [propext,
 Classical.choice,
 Quot.sound]
'ASGinzburg.ZAlgebra.QuadraticASRegular.triangleFoundationTensor_potential' depends on axioms: [propext,
 Classical.choice,
 Quot.sound]
'ASGinzburg.ZAlgebra.QuadraticASRegular.triangleFoundationTensor_cubic_formula' depends on axioms: [propext,
 Classical.choice,
 Quot.sound]
'ASGinzburg.ZAlgebra.QuadraticASRegular.triangleFoundationTensor_cut_derivative' depends on axioms: [propext,
 Classical.choice,
 Quot.sound]
'ASGinzburg.ZAlgebra.QuadraticASRegular.triangleFoundationTensor_Z_derivative' depends on axioms: [propext,
 Classical.choice,
 Quot.sound]
'ASGinzburg.ZAlgebra.QuadraticASRegular.triangleFoundationTensor_relations_quadratic' depends on axioms: [propext,
 Classical.choice,
 Quot.sound]
'ASGinzburg.ZAlgebra.QuadraticASRegular.triangleFoundationTensorFoundationAlgEquiv' depends on axioms: [propext,
 Classical.choice,
 Quot.sound]
'ASGinzburg.ZAlgebra.QuadraticASResolution' depends on axioms: [propext, Classical.choice, Quot.sound]
'ASGinzburg.ZAlgebra.ASResolution.toQuadraticASResolution' depends on axioms: [propext, Classical.choice, Quot.sound]
'ASGinzburg.ZAlgebra.QuadraticASResolution.toTriangleASResolution' depends on axioms: [propext,
 Classical.choice,
 Quot.sound]
'ASGinzburg.ZAlgebra.quadraticASResolution_nonempty_iff' depends on axioms: [propext, Classical.choice, Quot.sound]
'ASGinzburg.triangleIncomingArrowEquiv' depends on axioms: [propext, Quot.sound]
'ASGinzburg.triangleOutgoingArrowEquiv' depends on axioms: [propext, Quot.sound]
'ASGinzburg.triangleIncomingSource_height' depends on axioms: [propext, Classical.choice, Quot.sound]
'ASGinzburg.triangleOutgoingTarget_height' depends on axioms: [propext, Classical.choice, Quot.sound]
'ASGinzburg.triangleTauInverse_height' depends on axioms: [propext, Quot.sound]
'ASGinzburg.ZAlgebra.quadraticTriple' depends on axioms: [propext, Classical.choice, Quot.sound]
'ASGinzburg.ZAlgebra.triangleASFirstTermIso' depends on axioms: [propext, Classical.choice, Quot.sound]
'ASGinzburg.ZAlgebra.triangleASSecondTermIso' depends on axioms: [propext, Classical.choice, Quot.sound]
'ASGinzburg.ZAlgebra.triangleASTopTermIso' depends on axioms: [propext, Classical.choice, Quot.sound]
'ASGinzburg.TriangleGL333' depends on axioms: [propext, Classical.choice, Quot.sound]
'ASGinzburg.triangleTensorRepresentation' depends on axioms: [propext, Classical.choice, Quot.sound]
'ASGinzburg.triangleTensorMulAction' depends on axioms: [propext, Classical.choice, Quot.sound]
'ASGinzburg.triangleTensor_smul_tmul' depends on axioms: [propext, Classical.choice, Quot.sound]
'ASGinzburg.TriangleTensorOrbit' depends on axioms: [propext, Classical.choice, Quot.sound]
'ASGinzburg.triangleTensorOrbit' depends on axioms: [propext, Classical.choice, Quot.sound]
'ASGinzburg.triangleTensorOrbit_eq_iff' depends on axioms: [propext, Classical.choice, Quot.sound]
'ASGinzburg.triangleArrowCycleTrilinearMap' depends on axioms: [propext, Classical.choice, Quot.sound]
'ASGinzburg.triangleArrowCycleTensorMap' depends on axioms: [propext, Classical.choice, Quot.sound]
'ASGinzburg.triangleArrowCycleTensorMap_tmul' depends on axioms: [propext, Classical.choice, Quot.sound]
'ASGinzburg.triangleTensorPotentialCyclicClass_basis' depends on axioms: [propext, Classical.choice, Quot.sound]
'ASGinzburg.triangleArrowCycleTensorMap_eq' depends on axioms: [propext, Classical.choice, Quot.sound]
'ASGinzburg.triangleTensorPotentialCyclicClass_tmul' depends on axioms: [propext, Classical.choice, Quot.sound]
'ASGinzburg.triangleTensor_orbit_iff_pathAutomorphism' depends on axioms: [propext, Classical.choice, Quot.sound]
'ASGinzburg.triangleTensorOrbit_eq_iff_potentialPathClass' depends on axioms: [propext, Classical.choice, Quot.sound]
'ASGinzburg.triangleTensorPotentialOrbitEquiv' depends on axioms: [propext, Classical.choice, Quot.sound]
'ASGinzburg.triangleTensorPotentialOrbitEquiv_apply' depends on axioms: [propext, Classical.choice, Quot.sound]
'ASGinzburg.triangleRegularTensorPotentialOrbitEquiv' depends on axioms: [propext, Classical.choice, Quot.sound]
'ASGinzburg.triangleRegularTensorPotentialOrbitEquiv_apply' depends on axioms: [propext, Classical.choice, Quot.sound]
'ASGinzburg.CutQuiver.pathRingCutSubspace' depends on axioms: [propext, Classical.choice, Quot.sound]
'ASGinzburg.CutQuiver.pathRingVertexIdempotent' depends on axioms: [propext, Classical.choice, Quot.sound]
'ASGinzburg.CutQuiver.vertexCutPathAutomorphismSubgroup' depends on axioms: [propext, Classical.choice, Quot.sound]
'ASGinzburg.CutQuiver.VertexCutPathAutomorphism' depends on axioms: [propext, Classical.choice, Quot.sound]
'ASGinzburg.CutQuiver.VertexCutPathAutomorphism.fixes_vertex' depends on axioms: [propext, Classical.choice, Quot.sound]
'ASGinzburg.CutQuiver.VertexCutPathAutomorphism.preserves_cut' depends on axioms: [propext,
 Classical.choice,
 Quot.sound]
'ASGinzburg.wordOccurrenceSandwich' depends on axioms: [propext, Classical.choice, Quot.sound]
'ASGinzburg.wordOccurrenceSandwich_single' depends on axioms: [propext, Classical.choice, Quot.sound]
'ASGinzburg.wordOccurrenceSandwich_eq_concatenation' depends on axioms: [propext, Classical.choice, Quot.sound]
'ASGinzburg.wordOccurrenceContextAux' depends on axioms: [propext, Classical.choice, Quot.sound]
'ASGinzburg.wordOccurrenceContextWord' depends on axioms: [propext, Classical.choice, Quot.sound]
'ASGinzburg.wordOccurrenceContext' depends on axioms: [propext, Classical.choice, Quot.sound]
'ASGinzburg.wordOccurrenceContext_single' depends on axioms: [propext, Classical.choice, Quot.sound]
'ASGinzburg.wordOccurrenceContextAux_unit' depends on axioms: [propext, Classical.choice, Quot.sound]
'ASGinzburg.wordOccurrenceContextWord_unit' depends on axioms: [propext, Classical.choice, Quot.sound]
'ASGinzburg.wordOccurrenceContextAux_prefix' depends on axioms: [propext, Classical.choice, Quot.sound]
'ASGinzburg.wordOccurrenceContextWord_cons' depends on axioms: [propext, Classical.choice, Quot.sound]
'ASGinzburg.wordOccurrenceContextWord_append' depends on axioms: [propext, Classical.choice, Quot.sound]
'ASGinzburg.wordOccurrenceContext_concatenation' depends on axioms: [propext, Classical.choice, Quot.sound]
'ASGinzburg.wordOccurrenceContext_unit' depends on axioms: [propext, Classical.choice, Quot.sound]
'ASGinzburg.wordConcatenation' depends on axioms: [propext, Classical.choice, Quot.sound]
'ASGinzburg.wordConcatenation_single' depends on axioms: [propext, Classical.choice, Quot.sound]
'ASGinzburg.wordConcatenation_unit_left' depends on axioms: [propext, Classical.choice, Quot.sound]
'ASGinzburg.wordConcatenation_unit_right' depends on axioms: [propext, Classical.choice, Quot.sound]
'ASGinzburg.wordConcatenation_assoc' depends on axioms: [propext, Classical.choice, Quot.sound]
'ASGinzburg.cyclicTrace_wordConcatenation_swap' depends on axioms: [propext, Classical.choice, Quot.sound]
'ASGinzburg.wordSubstitutionWord' depends on axioms: [propext, Classical.choice, Quot.sound]
'ASGinzburg.wordSubstitution' depends on axioms: [propext, Classical.choice, Quot.sound]
'ASGinzburg.wordSubstitution_single' depends on axioms: [propext, Classical.choice, Quot.sound]
'ASGinzburg.wordSubstitutionWord_append' depends on axioms: [propext, Classical.choice, Quot.sound]
'ASGinzburg.wordSubstitution_concatenation' depends on axioms: [propext, Classical.choice, Quot.sound]
'ASGinzburg.cyclicTrace_wordSubstitutionWord_append_swap' depends on axioms: [propext, Classical.choice, Quot.sound]
'ASGinzburg.cyclicTrace_wordSubstitutionWord_rotate' depends on axioms: [propext, Classical.choice, Quot.sound]
'ASGinzburg.cyclicSubstitutionWord' depends on axioms: [propext, Classical.choice, Quot.sound]
'ASGinzburg.cyclicSubstitution' depends on axioms: [propext, Classical.choice, Quot.sound]
'ASGinzburg.cyclicSubstitution_traceWord' depends on axioms: [propext, Classical.choice, Quot.sound]
'ASGinzburg.cyclicSubstitution_cyclicTrace' depends on axioms: [propext, Classical.choice, Quot.sound]
'ASGinzburg.ZAlgebra.Isomorphism.foundationComponentIsomorphism' depends on axioms: [propext,
 Classical.choice,
 Quot.sound]
'ASGinzburg.ZAlgebra.Isomorphism.foundationAlgEquiv' depends on axioms: [propext, Classical.choice, Quot.sound]
'ASGinzburg.ZAlgebra.Isomorphism.foundationAlgEquiv_apply' depends on axioms: [propext, Classical.choice, Quot.sound]
'ASGinzburg.ZAlgebra.Isomorphism.foundationAlgEquiv_vertex' depends on axioms: [propext, Classical.choice, Quot.sound]
'ASGinzburg.ZAlgebra.Isomorphism.idealQuotientIsomorphism' depends on axioms: [propext, Classical.choice, Quot.sound]
'ASGinzburg.ZAlgebra.Isomorphism.idealQuotientIsomorphism_apply_mk' depends on axioms: [propext,
 Classical.choice,
 Quot.sound]
