'ASGinzburg.cyclicTrace_wordContext_transpose' depends on axioms: [propext, Classical.choice, Quot.sound]
'ASGinzburg.CutQuiver.closedPathTrace_context_transpose' depends on axioms: [propext, Classical.choice, Quot.sound]
'ASGinzburg.CutQuiver.pathJacobianContextTranspose' does not depend on any axioms
'ASGinzburg.CutQuiver.pathJacobianContextTranspose_trace' depends on axioms: [propext, Classical.choice, Quot.sound]
'ASGinzburg.CutQuiver.pathJacobianContextTranspose_cutDegree' depends on axioms: [propext]
'ASGinzburg.CutQuiver.pathJacobianContextTranspose_mem_cut' depends on axioms: [propext, Classical.choice, Quot.sound]
'ASGinzburg.CutQuiver.pathJacobianContextTranspose_length' depends on axioms: [propext]
'ASGinzburg.CutQuiver.pathJacobianContextTranspose_winding_sum' depends on axioms: [propext]
'ASGinzburg.CutQuiver.pathJacobianContextTranspose_winding_eq' depends on axioms: [propext,
 Classical.choice,
 Quot.sound]
'ASGinzburg.CutQuiver.cutContext_winding_lt_of_positive_length' depends on axioms: [propext,
 Classical.choice,
 Quot.sound]
'ASGinzburg.CutQuiver.Path.endpoints_eq_of_length_zero' depends on axioms: [propext, Classical.choice, Quot.sound]
'ASGinzburg.CutQuiver.pathJacobianContextTranspose_length_one_iff' depends on axioms: [propext,
 Classical.choice,
 Quot.sound]
'ASGinzburg.CutQuiver.pathJacobianContextTranspose_leading_endpoints' depends on axioms: [propext,
 Classical.choice,
 Quot.sound]
'ASGinzburg.CutQuiver.pathJacobianContextTranspose_leading_word' depends on axioms: [propext,
 Classical.choice,
 Quot.sound]
