'ASGinzburg.CutQuiver.VertexCutPathAutomorphism.componentLinearEquiv_comp' depends on axioms: [propext,
 Classical.choice,
 Quot.sound]
'ASGinzburg.CutQuiver.ginzburgSubstitutedOccurrenceContextMap' depends on axioms: [propext,
 Classical.choice,
 Quot.sound]
'ASGinzburg.CutQuiver.ginzburgSubstitutedOccurrenceContextMap_apply' depends on axioms: [propext,
 Classical.choice,
 Quot.sound]
'ASGinzburg.CutQuiver.ginzburgSubstitutedOccurrenceOperator' depends on axioms: [propext, Classical.choice, Quot.sound]
'ASGinzburg.CutQuiver.ginzburgSubstitutedOccurrenceDerivative' depends on axioms: [propext,
 Classical.choice,
 Quot.sound]
'ASGinzburg.CutQuiver.ginzburgSubstitutedOccurrenceDerivative_single' depends on axioms: [propext,
 Classical.choice,
 Quot.sound]
'ASGinzburg.CutQuiver.ginzburgSubstitutedOccurrenceContextMap_original' depends on axioms: [propext,
 Classical.choice,
 Quot.sound]
'ASGinzburg.CutQuiver.ginzburgSubstitutedOccurrenceOperator_original' depends on axioms: [propext,
 Classical.choice,
 Quot.sound]
'ASGinzburg.CutQuiver.ginzburgSubstitutedOccurrenceDerivative_original' depends on axioms: [propext,
 Classical.choice,
 Quot.sound]
'ASGinzburg.CutQuiver.ginzburgSubstitutedOccurrenceContextMap_mem_cohomological' depends on axioms: [propext,
 Classical.choice,
 Quot.sound]
'ASGinzburg.CutQuiver.ginzburgSubstitutedOccurrenceContextMap_differential' depends on axioms: [propext,
 Classical.choice,
 Quot.sound]
'ASGinzburg.CutQuiver.ginzburgSubstitutedOccurrenceOperator_mem_cohomological' depends on axioms: [propext,
 Classical.choice,
 Quot.sound]
'ASGinzburg.CutQuiver.ginzburgSubstitutedOccurrenceDerivative_mem_cohomological' depends on axioms: [propext,
 Classical.choice,
 Quot.sound]
'ASGinzburg.CutQuiver.ginzburgSubstitutedOccurrenceOperator_differential' depends on axioms: [propext,
 Classical.choice,
 Quot.sound]
'ASGinzburg.CutQuiver.ginzburgSubstitutedOccurrenceDerivative_differential' depends on axioms: [propext,
 Classical.choice,
 Quot.sound]
'ASGinzburg.CutQuiver.ginzburgCotangentDualImage' depends on axioms: [propext, Classical.choice, Quot.sound]
'ASGinzburg.CutQuiver.ginzburgCotangentArrowReplacement' depends on axioms: [propext, Classical.choice, Quot.sound]
'ASGinzburg.CutQuiver.ginzburgCotangentArrowReplacement_original' depends on axioms: [propext,
 Classical.choice,
 Quot.sound]
'ASGinzburg.CutQuiver.ginzburgCotangentDualImage_mem_cohomological' depends on axioms: [propext,
 Classical.choice,
 Quot.sound]
'ASGinzburg.CutQuiver.ginzburgCotangentArrowReplacement_mem_cohomological' depends on axioms: [propext,
 Classical.choice,
 Quot.sound]
'ASGinzburg.CutQuiver.VertexCutPathAutomorphism.pathCyclicDerivative_inverse_chainRule' depends on axioms: [propext,
 Classical.choice,
 Quot.sound]
'ASGinzburg.CutQuiver.ginzburgCotangentDualImage_differential' depends on axioms: [propext,
 Classical.choice,
 Quot.sound]
