'ASGinzburg.homogeneousBinaryProductDecompose' depends on axioms: [propext, Classical.choice, Quot.sound]
'ASGinzburg.homogeneousBinaryProduct_coe_fst' depends on axioms: [propext, Classical.choice, Quot.sound]
'ASGinzburg.homogeneousBinaryProduct_coe_snd' depends on axioms: [propext, Classical.choice, Quot.sound]
'ASGinzburg.homogeneousBinaryProductDecomposition' depends on axioms: [propext, Classical.choice, Quot.sound]
'ASGinzburg.GradedOrdinaryModuleData.binaryProductData' depends on axioms: [propext, Classical.choice, Quot.sound]
'ASGinzburg.GradedOrdinaryModuleData.binaryProductData_boundedBelow' depends on axioms: [propext,
 Classical.choice,
 Quot.sound]
'ASGinzburg.GradedOrdinaryModuleData.binaryProductFst' depends on axioms: [propext, Classical.choice, Quot.sound]
'ASGinzburg.GradedOrdinaryModuleData.binaryProductSnd' depends on axioms: [propext, Classical.choice, Quot.sound]
'ASGinzburg.GradedOrdinaryModuleData.binaryProductInl' depends on axioms: [propext, Classical.choice, Quot.sound]
'ASGinzburg.GradedOrdinaryModuleData.binaryProductInr' depends on axioms: [propext, Classical.choice, Quot.sound]
'ASGinzburg.GradedOrdinaryModuleData.binaryProductFst_preservesGrade' depends on axioms: [propext,
 Classical.choice,
 Quot.sound]
'ASGinzburg.GradedOrdinaryModuleData.binaryProductSnd_preservesGrade' depends on axioms: [propext,
 Classical.choice,
 Quot.sound]
'ASGinzburg.GradedOrdinaryModuleData.binaryProductInl_preservesGrade' depends on axioms: [propext,
 Classical.choice,
 Quot.sound]
'ASGinzburg.GradedOrdinaryModuleData.binaryProductInr_preservesGrade' depends on axioms: [propext,
 Classical.choice,
 Quot.sound]
'ASGinzburg.GradedOrdinaryModuleData.binaryProductData_projective' depends on axioms: [propext,
 Classical.choice,
 Quot.sound]
