work/ASGinzburgDraft/GinzburgSubstitutedOccurrenceWords.lean:24:8: error: unsolved goals
case nil
Q : CutQuiver
k : Type u
inst✝ : Field k
E : ↥(Q.VertexCutPathAutomorphism k)
i j : Q.Vertex
⊢ Finsupp.single (Path.originalGinzburg Q (Path.nil i)).toList 1 = Finsupp.single [] 1
work/ASGinzburgDraft/GinzburgSubstitutedOccurrenceWords.lean:26:43: warning: This simp argument is unused:
  Q.originalGinzburgLinearMap_id

Hint: Omit it from the simp argument list.
  simp [̵p̵a̵t̵h̵A̵r̵r̵o̵w̵S̵u̵b̵s̵t̵i̵t̵u̵t̵i̵o̵n̵P̵a̵t̵h̵,̵p̵a̵t̵h̵I̵d̵,̵Q̵.̵o̵r̵i̵g̵i̵n̵a̵l̵G̵i̵n̵z̵b̵u̵r̵g̵L̵i̵n̵e̵a̵r̵M̵a̵p̵_̵i̵d̵,̵
  ̵ ̵ ̵ ̵ ̵ ̵ ̵g̵i̵n̵z̵b̵u̵r̵g̵P̵a̵t̵h̵I̵d̵,̵Q̵.̵g̵i̵n̵z̵b̵u̵r̵g̵P̵a̵t̵h̵W̵o̵r̵d̵M̵a̵p̵_̵s̵i̵n̵g̵l̵e̵,̵P̵a̵t̵h̵.̵t̵o̵L̵i̵s̵t̵,̵G̵i̵n̵z̵b̵u̵r̵g̵P̵a̵t̵h̵.̵t̵o̵L̵i̵s̵t̵,̵[̲p̲a̲t̲h̲A̲r̲r̲o̲w̲S̲u̲b̲s̲t̲i̲t̲u̲t̲i̲o̲n̲P̲a̲t̲h̲,̲ ̲p̲a̲t̲h̲I̲d̲,̲ ̲g̲i̲n̲z̲b̲u̲r̲g̲P̲a̲t̲h̲I̲d̲,̲ ̲Q̲.̲g̲i̲n̲z̲b̲u̲r̲g̲P̲a̲t̲h̲W̲o̲r̲d̲M̲a̲p̲_̲s̲i̲n̲g̲l̲e̲,̲
  ̲ ̲ ̲ ̲ ̲ ̲ ̲P̲a̲t̲h̲.̲t̲o̲L̲i̲s̲t̲,̲ ̲G̲i̲n̲z̲b̲u̲r̲g̲P̲a̲t̲h̲.̲t̲o̲L̲i̲s̲t̲,̲ wordSubstitutionBetweenWord]

Note: This linter can be disabled with `set_option linter.unusedSimpArgs false`
work/ASGinzburgDraft/GinzburgSubstitutedOccurrenceWords.lean:27:6: warning: This simp argument is unused:
  ginzburgPathId

Hint: Omit it from the simp argument list.
  simp [pathArrowSubstitutionPath, ̲pathId, ̲Q.originalGinzburgLinearMap_id,
        g̵i̵n̵z̵b̵u̵r̵g̵P̵a̵t̵h̵I̵d̵,̵Q.ginzburgPathWordMap_single, ̲Path.toList, ̲GinzburgPath.toList,
  ̵  ̵ ̵ ̵ ̵ ̵wordSubstitutionBetweenWord]

Note: This linter can be disabled with `set_option linter.unusedSimpArgs false`
work/ASGinzburgDraft/GinzburgSubstitutedOccurrenceWords.lean:27:62: warning: This simp argument is unused:
  GinzburgPath.toList

Hint: Omit it from the simp argument list.
  simp [̵p̵a̵t̵h̵A̵r̵r̵o̵w̵S̵u̵b̵s̵t̵i̵t̵u̵t̵i̵o̵n̵P̵a̵t̵h̵,̵p̵a̵t̵h̵I̵d̵,̵Q̵.̵o̵r̵i̵g̵i̵n̵a̵l̵G̵i̵n̵z̵b̵u̵r̵g̵L̵i̵n̵e̵a̵r̵M̵a̵p̵_̵i̵d̵,̵
  ̵ ̵ ̵ ̵ ̵ ̵ ̵g̵i̵n̵z̵b̵u̵r̵g̵P̵a̵t̵h̵I̵d̵,̵Q̵.̵g̵i̵n̵z̵b̵u̵r̵g̵P̵a̵t̵h̵W̵o̵r̵d̵M̵a̵p̵_̵s̵i̵n̵g̵l̵e̵,̵P̵a̵t̵h̵.̵t̵o̵L̵i̵s̵t̵,̵G̵i̵n̵z̵b̵u̵r̵g̵P̵a̵t̵h̵.̵t̵o̵L̵i̵s̵t̵,̵[̲p̲a̲t̲h̲A̲r̲r̲o̲w̲S̲u̲b̲s̲t̲i̲t̲u̲t̲i̲o̲n̲P̲a̲t̲h̲,̲ ̲p̲a̲t̲h̲I̲d̲,̲ ̲Q̲.̲o̲r̲i̲g̲i̲n̲a̲l̲G̲i̲n̲z̲b̲u̲r̲g̲L̲i̲n̲e̲a̲r̲M̲a̲p̲_̲i̲d̲,̲ ̲g̲i̲n̲z̲b̲u̲r̲g̲P̲a̲t̲h̲I̲d̲,̲
  ̲ ̲ ̲ ̲ ̲ ̲ ̲Q̲.̲g̲i̲n̲z̲b̲u̲r̲g̲P̲a̲t̲h̲W̲o̲r̲d̲M̲a̲p̲_̲s̲i̲n̲g̲l̲e̲,̲ ̲P̲a̲t̲h̲.̲t̲o̲L̲i̲s̲t̲,̲ wordSubstitutionBetweenWord]

Note: This linter can be disabled with `set_option linter.unusedSimpArgs false`
work/ASGinzburgDraft/GinzburgSubstitutedOccurrenceWords.lean:58:63: error: unsolved goals
Q : CutQuiver
k : Type u
inst✝ : Field k
E : ↥(Q.VertexCutPathAutomorphism k)
b : Q.Arrow
i j : Q.Vertex
C : Q.PathOccurrenceContext b i j
a : Q.Arrow
ha : Q.source a = j
h : Q.GinzburgPathComponent k (Q.target a) i
hc :
  ((Q.pathComp k) (Finsupp.single ((Path.nil j).snoc a ha) 1)) (Finsupp.single C.afterPath 1) =
    Finsupp.single (C.afterPath.snoc a ha) 1
⊢ ((Q.ginzburgPathComp k)
        (((Q.ginzburgPathComp k)
            ((Q.originalGinzburgLinearMap k i (Q.source b))
              ((VertexCutPathAutomorphism.componentLinearEquiv Q k E i (Q.source b))
                (Finsupp.single (PathOccurrenceContext.snoc Q C a ha).beforePath 1))))
          h))
      (((Q.ginzburgPathComp k)
          ((Q.originalGinzburgLinearMap k j (Q.target a))
            ((VertexCutPathAutomorphism.componentLinearEquiv Q k E j (Q.target a))
              (Finsupp.single ((Path.nil j).snoc a ha) 1))))
        ((Q.originalGinzburgLinearMap k (Q.target b) j)
          ((VertexCutPathAutomorphism.componentLinearEquiv Q k E (Q.target b) j) (Finsupp.single C.afterPath 1)))) =
    ((Q.ginzburgPathComp k)
        ((Q.originalGinzburgLinearMap k i (Q.source b))
          ((VertexCutPathAutomorphism.componentLinearEquiv Q k E i (Q.source b)) (Finsupp.single C.beforePath 1))))
      (((Q.ginzburgPathComp k)
          (((Q.ginzburgPathComp k) h)
            ((Q.originalGinzburgLinearMap k j (Q.target a))
              ((VertexCutPathAutomorphism.componentLinearEquiv Q k E j (Q.target a))
                (Finsupp.single ((Path.nil j).snoc a ha) 1)))))
        ((Q.originalGinzburgLinearMap k (Q.target b) j)
          ((VertexCutPathAutomorphism.componentLinearEquiv Q k E (Q.target b) j) (Finsupp.single C.afterPath 1))))
work/ASGinzburgDraft/GinzburgSubstitutedOccurrenceWords.lean:120:4: error: unsolved goals
case neg
Q : CutQuiver
k : Type u
inst✝ : Field k
E : ↥(Q.VertexCutPathAutomorphism k)
b : Q.Arrow
i j✝ j : Q.Vertex
p : Q.Path i j
a : Q.Arrow
ha : Q.source a = j
ih :
  ∀ (h : Q.GinzburgPathComponent k j i),
    (Q.ginzburgPathWordMap k (Q.target b) (Q.source b)) ((Q.ginzburgSubstitutedOccurrenceOperator k E b p) h) =
      (wordSubstitutedOccurrenceContextWord (Q.ginzburgOriginalAutomorphismWordReplacement k E) b p.toList)
        ((Q.ginzburgPathWordMap k j i) h)
h : Q.GinzburgPathComponent k (Q.target a) i
hab : ¬a = b
hba : b ≠ a
⊢ (wordSubstitutedOccurrenceContextAux (Q.ginzburgOriginalAutomorphismWordReplacement k E) b [] p.toList)
      ((wordConcatenation (Q.ginzburgOriginalAutomorphismWordReplacement k E a))
        ((Q.ginzburgPathWordMap k (Q.target a) i) h)) =
    (wordSubstitutedOccurrenceContextAux (Q.ginzburgOriginalAutomorphismWordReplacement k E) b [] p.toList)
      ((wordConcatenation (wordSubstitutionBetweenWord (Q.ginzburgOriginalAutomorphismWordReplacement k E) [a]))
        ((Q.ginzburgPathWordMap k (Q.target a) i) h))
work/ASGinzburgDraft/GinzburgSubstitutedOccurrenceWords.lean:98:22: error: unsolved goals
case snoc.e_a
Q : CutQuiver
k : Type u
inst✝ : Field k
E : ↥(Q.VertexCutPathAutomorphism k)
b : Q.Arrow
i j✝ j : Q.Vertex
p : Q.Path i j
a : Q.Arrow
ha : Q.source a = j
ih :
  ∀ (h : Q.GinzburgPathComponent k j i),
    (Q.ginzburgPathWordMap k (Q.target b) (Q.source b)) ((Q.ginzburgSubstitutedOccurrenceOperator k E b p) h) =
      (wordSubstitutedOccurrenceContextWord (Q.ginzburgOriginalAutomorphismWordReplacement k E) b p.toList)
        ((Q.ginzburgPathWordMap k j i) h)
h : Q.GinzburgPathComponent k (Q.target a) i
⊢ (Q.ginzburgPathWordMap k (Q.target b) (Q.source b))
      ((List.map (Q.ginzburgSubstitutedOccurrenceContextMap k E)
            (if h : a = b then
              [{ beforePath := Path.transport ⋯ ⋯ p, afterPath := Path.transport ⋯ ⋯ (Path.nil (Q.target b)) }]
            else [])).sum
        h) =
    (wordSubstitutedOccurrenceContextWord (Q.ginzburgOriginalAutomorphismWordReplacement k E) b [a])
      ((wordConcatenation ((Q.ginzburgPathWordMap k (Q.target a) i) h))
        (wordSubstitutionBetweenWord (Q.ginzburgOriginalAutomorphismWordReplacement k E) p.toList))
work/ASGinzburgDraft/GinzburgSubstitutedOccurrenceWords.lean:117:12: warning: This simp argument is unused:
  Path.transport

Hint: Omit it from the simp argument list.
  simp [Path.tr̵a̵n̵s̵p̵or̵t̵,̵P̵a̵t̵h̵.̵t̵o̵List, ̲Q.ginzburgPathWordMap_substitutedOccurrenceContext,
          wordSubstitutedOccurrenceContextWord, ̲wordSubstitutedOccurrenceContextAux,
          wordSubstitutedOccurrenceSandwich_apply, ̲wordSubstitutionBetweenWord]

Note: This linter can be disabled with `set_option linter.unusedSimpArgs false`
work/ASGinzburgDraft/GinzburgSubstitutedOccurrenceWords.lean:117:27: warning: This simp argument is unused:
  Path.toList

Hint: Omit it from the simp argument list.
  simp [Path.transport,P̵a̵t̵h̵.̵t̵o̵L̵i̵s̵t̵,̵ ̲Q.ginzburgPathWordMap_substitutedOccurrenceContext,
          wordSubstitutedOccurrenceContextWord, ̲wordSubstitutedOccurrenceContextAux,
          wordSubstitutedOccurrenceSandwich_apply, ̲wordSubstitutionBetweenWord]

Note: This linter can be disabled with `set_option linter.unusedSimpArgs false`
work/ASGinzburgDraft/GinzburgSubstitutedOccurrenceWords.lean:117:39: warning: This simp argument is unused:
  Q.ginzburgPathWordMap_substitutedOccurrenceContext

Hint: Omit it from the simp argument list.
  simp [̵P̵a̵t̵h̵.̵t̵r̵a̵n̵s̵p̵o̵r̵t̵,̵P̵a̵t̵h̵.̵t̵o̵L̵i̵s̵t̵,̵Q̵.̵g̵i̵n̵z̵b̵u̵r̵g̵P̵a̵t̵h̵W̵o̵r̵d̵M̵a̵p̵_̵s̵u̵b̵s̵t̵i̵t̵u̵t̵e̵d̵O̵c̵c̵u̵r̵r̵e̵n̵c̵e̵C̵o̵n̵t̵e̵x̵t̵,̵
  ̵ ̵ ̵ ̵ ̵ ̵ ̵ ̵ ̵w̵o̵r̵d̵S̵u̵b̵s̵t̵i̵t̵u̵t̵e̵d̵O̵c̵c̵u̵r̵r̵e̵n̵c̵e̵C̵o̵n̵t̵e̵x̵t̵W̵o̵r̵d̵,̵w̵o̵r̵d̵S̵u̵b̵s̵t̵i̵t̵u̵t̵e̵d̵O̵c̵c̵u̵r̵r̵e̵n̵c̵e̵C̵o̵n̵t̵e̵x̵t̵A̵u̵x̵,̵
  ̵ ̵ ̵ ̵ ̵ ̵ ̵ ̵ ̵w̵o̵r̵d̵S̵u̵b̵s̵t̵i̵t̵u̵t̵e̵d̵O̵c̵c̵u̵r̵r̵e̵n̵c̵e̵S̵a̵n̵d̵w̵i̵c̵h̵_̵a̵p̵p̵l̵y̵,̵w̵o̵r̵d̵S̵u̵b̵s̵t̵i̵t̵u̵t̵i̵o̵n̵B̵e̵t̵w̵e̵e̵n̵W̵o̵r̵d̵]̵[̲P̲a̲t̲h̲.̲t̲r̲a̲n̲s̲p̲o̲r̲t̲,̲ ̲P̲a̲t̲h̲.̲t̲o̲L̲i̲s̲t̲,̲ ̲w̲o̲r̲d̲S̲u̲b̲s̲t̲i̲t̲u̲t̲e̲d̲O̲c̲c̲u̲r̲r̲e̲n̲c̲e̲C̲o̲n̲t̲e̲x̲t̲W̲o̲r̲d̲,̲
  ̲ ̲ ̲ ̲ ̲ ̲ ̲ ̲ ̲w̲o̲r̲d̲S̲u̲b̲s̲t̲i̲t̲u̲t̲e̲d̲O̲c̲c̲u̲r̲r̲e̲n̲c̲e̲C̲o̲n̲t̲e̲x̲t̲A̲u̲x̲,̲ ̲w̲o̲r̲d̲S̲u̲b̲s̲t̲i̲t̲u̲t̲e̲d̲O̲c̲c̲u̲r̲r̲e̲n̲c̲e̲S̲a̲n̲d̲w̲i̲c̲h̲_̲a̲p̲p̲l̲y̲,̲
  ̲ ̲ ̲ ̲ ̲ ̲ ̲ ̲ ̲w̲o̲r̲d̲S̲u̲b̲s̲t̲i̲t̲u̲t̲i̲o̲n̲B̲e̲t̲w̲e̲e̲n̲W̲o̲r̲d̲]̲

Note: This linter can be disabled with `set_option linter.unusedSimpArgs false`
work/ASGinzburgDraft/GinzburgSubstitutedOccurrenceWords.lean:118:45: warning: This simp argument is unused:
  wordSubstitutedOccurrenceContextAux

Hint: Omit it from the simp argument list.
  simp [̵P̵a̵t̵h̵.̵t̵r̵a̵n̵s̵p̵o̵r̵t̵,̵P̵a̵t̵h̵.̵t̵o̵L̵i̵s̵t̵,̵Q̵.̵g̵i̵n̵z̵b̵u̵r̵g̵P̵a̵t̵h̵W̵o̵r̵d̵M̵a̵p̵_̵s̵u̵b̵s̵t̵i̵t̵u̵t̵e̵d̵O̵c̵c̵u̵r̵r̵e̵n̵c̵e̵C̵o̵n̵t̵e̵x̵t̵,̵
  ̵ ̵ ̵ ̵ ̵ ̵ ̵ ̵ ̵w̵o̵r̵d̵S̵u̵b̵s̵t̵i̵t̵u̵t̵e̵d̵O̵c̵c̵u̵r̵r̵e̵n̵c̵e̵C̵o̵n̵t̵e̵x̵t̵W̵o̵r̵d̵,̵w̵o̵r̵d̵S̵u̵b̵s̵t̵i̵t̵u̵t̵e̵d̵O̵c̵c̵u̵r̵r̵e̵n̵c̵e̵C̵o̵n̵t̵e̵x̵t̵A̵u̵x̵,̵
  ̵ ̵ ̵ ̵ ̵ ̵ ̵ ̵ ̵w̵o̵r̵d̵S̵u̵b̵s̵t̵i̵t̵u̵t̵e̵d̵O̵c̵c̵u̵r̵r̵e̵n̵c̵e̵S̵a̵n̵d̵w̵i̵c̵h̵_̵a̵p̵p̵l̵y̵,̵w̵o̵r̵d̵S̵u̵b̵s̵t̵i̵t̵u̵t̵i̵o̵n̵B̵e̵t̵w̵e̵e̵n̵W̵o̵r̵d̵]̵[̲P̲a̲t̲h̲.̲t̲r̲a̲n̲s̲p̲o̲r̲t̲,̲ ̲P̲a̲t̲h̲.̲t̲o̲L̲i̲s̲t̲,̲ ̲Q̲.̲g̲i̲n̲z̲b̲u̲r̲g̲P̲a̲t̲h̲W̲o̲r̲d̲M̲a̲p̲_̲s̲u̲b̲s̲t̲i̲t̲u̲t̲e̲d̲O̲c̲c̲u̲r̲r̲e̲n̲c̲e̲C̲o̲n̲t̲e̲x̲t̲,̲
  ̲ ̲ ̲ ̲ ̲ ̲ ̲ ̲ ̲w̲o̲r̲d̲S̲u̲b̲s̲t̲i̲t̲u̲t̲e̲d̲O̲c̲c̲u̲r̲r̲e̲n̲c̲e̲C̲o̲n̲t̲e̲x̲t̲W̲o̲r̲d̲,̲ ̲w̲o̲r̲d̲S̲u̲b̲s̲t̲i̲t̲u̲t̲e̲d̲O̲c̲c̲u̲r̲r̲e̲n̲c̲e̲S̲a̲n̲d̲w̲i̲c̲h̲_̲a̲p̲p̲l̲y̲,̲
  ̲ ̲ ̲ ̲ ̲ ̲ ̲ ̲ ̲w̲o̲r̲d̲S̲u̲b̲s̲t̲i̲t̲u̲t̲i̲o̲n̲B̲e̲t̲w̲e̲e̲n̲W̲o̲r̲d̲]̲

Note: This linter can be disabled with `set_option linter.unusedSimpArgs false`
work/ASGinzburgDraft/GinzburgSubstitutedOccurrenceWords.lean:119:8: warning: This simp argument is unused:
  wordSubstitutedOccurrenceSandwich_apply

Hint: Omit it from the simp argument list.
  simp [̵P̵a̵t̵h̵.̵t̵r̵a̵n̵s̵p̵o̵r̵t̵,̵P̵a̵t̵h̵.̵t̵o̵L̵i̵s̵t̵,̵Q̵.̵g̵i̵n̵z̵b̵u̵r̵g̵P̵a̵t̵h̵W̵o̵r̵d̵M̵a̵p̵_̵s̵u̵b̵s̵t̵i̵t̵u̵t̵e̵d̵O̵c̵c̵u̵r̵r̵e̵n̵c̵e̵C̵o̵n̵t̵e̵x̵t̵,̵
  ̵ ̵ ̵ ̵ ̵ ̵ ̵ ̵ ̵w̵o̵r̵d̵S̵u̵b̵s̵t̵i̵t̵u̵t̵e̵d̵O̵c̵c̵u̵r̵r̵e̵n̵c̵e̵C̵o̵n̵t̵e̵x̵t̵W̵o̵r̵d̵,̵w̵o̵r̵d̵S̵u̵b̵s̵t̵i̵t̵u̵t̵e̵d̵O̵c̵c̵u̵r̵r̵e̵n̵c̵e̵C̵o̵n̵t̵e̵x̵t̵A̵u̵x̵,̵
  ̵ ̵ ̵ ̵ ̵ ̵ ̵ ̵ ̵w̵o̵r̵d̵S̵u̵b̵s̵t̵i̵t̵u̵t̵e̵d̵O̵c̵c̵u̵r̵r̵e̵n̵c̵e̵S̵a̵n̵d̵w̵i̵c̵h̵_̵a̵p̵p̵l̵y̵,̵w̵o̵r̵d̵S̵u̵b̵s̵t̵i̵t̵u̵t̵i̵o̵n̵B̵e̵t̵w̵e̵e̵n̵W̵o̵r̵d̵]̵[̲P̲a̲t̲h̲.̲t̲r̲a̲n̲s̲p̲o̲r̲t̲,̲ ̲P̲a̲t̲h̲.̲t̲o̲L̲i̲s̲t̲,̲ ̲Q̲.̲g̲i̲n̲z̲b̲u̲r̲g̲P̲a̲t̲h̲W̲o̲r̲d̲M̲a̲p̲_̲s̲u̲b̲s̲t̲i̲t̲u̲t̲e̲d̲O̲c̲c̲u̲r̲r̲e̲n̲c̲e̲C̲o̲n̲t̲e̲x̲t̲,̲
  ̲ ̲ ̲ ̲ ̲ ̲ ̲ ̲ ̲w̲o̲r̲d̲S̲u̲b̲s̲t̲i̲t̲u̲t̲e̲d̲O̲c̲c̲u̲r̲r̲e̲n̲c̲e̲C̲o̲n̲t̲e̲x̲t̲W̲o̲r̲d̲,̲ ̲w̲o̲r̲d̲S̲u̲b̲s̲t̲i̲t̲u̲t̲e̲d̲O̲c̲c̲u̲r̲r̲e̲n̲c̲e̲C̲o̲n̲t̲e̲x̲t̲A̲u̲x̲,̲
  ̲ ̲ ̲ ̲ ̲ ̲ ̲ ̲ ̲w̲o̲r̲d̲S̲u̲b̲s̲t̲i̲t̲u̲t̲i̲o̲n̲B̲e̲t̲w̲e̲e̲n̲W̲o̲r̲d̲]̲

Note: This linter can be disabled with `set_option linter.unusedSimpArgs false`
work/ASGinzburgDraft/GinzburgSubstitutedOccurrenceWords.lean:121:12: warning: This simp argument is unused:
  hab

Hint: Omit it from the simp argument list.
  simp [ha̵b,̵h̵b̵a, ̲wordSubstitutedOccurrenceContextWord,
  ̵  ̵ ̵ ̵ ̵ ̵ ̵ ̵wordSubstitutedOccurrenceContextAux]

Note: This linter can be disabled with `set_option linter.unusedSimpArgs false`
work/ASGinzburgDraft/GinzburgSubstitutedOccurrenceWords.lean:121:16: warning: This simp argument is unused:
  hba

Hint: Omit it from the simp argument list.
  simp [hab,h̵b̵a̵,̵ ̲wordSubstitutedOccurrenceContextWord,
  ̵  ̵ ̵ ̵ ̵ ̵ ̵ ̵wordSubstitutedOccurrenceContextAux]

Note: This linter can be disabled with `set_option linter.unusedSimpArgs false`
work/ASGinzburgDraft/GinzburgSubstitutedOccurrenceWords.lean:122:8: warning: This simp argument is unused:
  wordSubstitutedOccurrenceContextAux

Hint: Omit it from the simp argument list.
  simp [̵h̵a̵b̵,̵h̵b̵a̵,̵w̵o̵r̵d̵S̵u̵b̵s̵t̵i̵t̵u̵t̵e̵d̵O̵c̵c̵u̵r̵r̵e̵n̵c̵e̵C̵o̵n̵t̵e̵x̵t̵W̵o̵r̵d̵,̵
  ̵ ̵ ̵ ̵ ̵ ̵ ̵ ̵ ̵w̵o̵r̵d̵S̵u̵b̵s̵t̵i̵t̵u̵t̵e̵d̵O̵c̵c̵u̵r̵r̵e̵n̵c̵e̵C̵o̵n̵t̵e̵x̵t̵A̵u̵x̵]̵[̲h̲a̲b̲,̲ ̲h̲b̲a̲,̲ ̲w̲o̲r̲d̲S̲u̲b̲s̲t̲i̲t̲u̲t̲e̲d̲O̲c̲c̲u̲r̲r̲e̲n̲c̲e̲C̲o̲n̲t̲e̲x̲t̲W̲o̲r̲d̲]̲

Note: This linter can be disabled with `set_option linter.unusedSimpArgs false`
