Try this:
  abel_nf
Try this:
  abel_nf
Try this:
  abel_nf
work/ASGinzburgDraft/TriangleGinzburgLoopCoordinates.lean:49:57: error: unsolved goals
case «0»
k : Type u
inst✝ : Field k
⊢ Finsupp.single
        (((CutQuiver.GinzburgPath.nil 0).snoc (CutQuiver.GinzburgArrow.original 0) ⋯).snoc
          (CutQuiver.GinzburgArrow.dual 0) ⋯)
        1 +
      (Finsupp.single
          (((CutQuiver.GinzburgPath.nil 0).snoc (CutQuiver.GinzburgArrow.original 1) ⋯).snoc
            (CutQuiver.GinzburgArrow.dual 1) ⋯)
          1 +
        (Finsupp.single
            (((CutQuiver.GinzburgPath.nil 0).snoc (CutQuiver.GinzburgArrow.original 2) ⋯).snoc
              (CutQuiver.GinzburgArrow.dual 2) ⋯)
            1 +
          (-1 •
              Finsupp.single
                (((CutQuiver.GinzburgPath.nil 0).snoc (CutQuiver.GinzburgArrow.dual 6) ⋯).snoc
                  (CutQuiver.GinzburgArrow.original 6) ⋯)
                1 +
            (-1 •
                Finsupp.single
                  (((CutQuiver.GinzburgPath.nil 0).snoc (CutQuiver.GinzburgArrow.dual 7) ⋯).snoc
                    (CutQuiver.GinzburgArrow.original 7) ⋯)
                  1 +
              -1 •
                Finsupp.single
                  (((CutQuiver.GinzburgPath.nil 0).snoc (CutQuiver.GinzburgArrow.dual 8) ⋯).snoc
                    (CutQuiver.GinzburgArrow.original 8) ⋯)
                  1)))) =
    (({ vertices := 3, arrows := 9, at_least_three := triangle333._proof_5, source := fun a => ⟨↑a / 3, ⋯⟩,
                target := fun a => ⟨(↑a / 3 + 1) % 3, ⋯⟩, cut := fun a => decide (6 ≤ ↑a),
                forward := triangle333._proof_8, backward := triangle333._proof_9 }.ginzburgPathComp
            k)
          ((triangleGinzburgDualCoordinates k 0) (Pi.single 0 1)))
        ((triangleGinzburgOriginalCoordinates k 0) (Pi.single 0 1)) +
      ((({ vertices := 3, arrows := 9, at_least_three := triangle333._proof_5, source := fun a => ⟨↑a / 3, ⋯⟩,
                  target := fun a => ⟨(↑a / 3 + 1) % 3, ⋯⟩, cut := fun a => decide (6 ≤ ↑a),
                  forward := triangle333._proof_8, backward := triangle333._proof_9 }.ginzburgPathComp
              k)
            ((triangleGinzburgDualCoordinates k 0) (Pi.single 1 1)))
          ((triangleGinzburgOriginalCoordinates k 0) (Pi.single 1 1)) +
        ((({ vertices := 3, arrows := 9, at_least_three := triangle333._proof_5, source := fun a => ⟨↑a / 3, ⋯⟩,
                    target := fun a => ⟨(↑a / 3 + 1) % 3, ⋯⟩, cut := fun a => decide (6 ≤ ↑a),
                    forward := triangle333._proof_8, backward := triangle333._proof_9 }.ginzburgPathComp
                k)
              ((triangleGinzburgDualCoordinates k 0) (Pi.single 2 1)))
            ((triangleGinzburgOriginalCoordinates k 0) (Pi.single 2 1)) +
          (-1 •
              (({ vertices := 3, arrows := 9, at_least_three := triangle333._proof_5, source := fun a => ⟨↑a / 3, ⋯⟩,
                        target := fun a => ⟨(↑a / 3 + 1) % 3, ⋯⟩, cut := fun a => decide (6 ≤ ↑a),
                        forward := triangle333._proof_8, backward := triangle333._proof_9 }.ginzburgPathComp
                    k)
                  ((triangleGinzburgOriginalCoordinates k 2) (Pi.single 0 1)))
                ((triangleGinzburgDualCoordinates k 2) (Pi.single 0 1)) +
            (-1 •
                (({ vertices := 3, arrows := 9, at_least_three := triangle333._proof_5, source := fun a => ⟨↑a / 3, ⋯⟩,
                          target := fun a => ⟨(↑a / 3 + 1) % 3, ⋯⟩, cut := fun a => decide (6 ≤ ↑a),
                          forward := triangle333._proof_8, backward := triangle333._proof_9 }.ginzburgPathComp
                      k)
                    ((triangleGinzburgOriginalCoordinates k 2) (Pi.single 1 1)))
                  ((triangleGinzburgDualCoordinates k 2) (Pi.single 1 1)) +
              -1 •
                (({ vertices := 3, arrows := 9, at_least_three := triangle333._proof_5, source := fun a => ⟨↑a / 3, ⋯⟩,
                          target := fun a => ⟨(↑a / 3 + 1) % 3, ⋯⟩, cut := fun a => decide (6 ≤ ↑a),
                          forward := triangle333._proof_8, backward := triangle333._proof_9 }.ginzburgPathComp
                      k)
                    ((triangleGinzburgOriginalCoordinates k 2) (Pi.single 2 1)))
                  ((triangleGinzburgDualCoordinates k 2) (Pi.single 2 1))))))

case «1»
k : Type u
inst✝ : Field k
⊢ Finsupp.single
        (((CutQuiver.GinzburgPath.nil 1).snoc (CutQuiver.GinzburgArrow.original 3) ⋯).snoc
          (CutQuiver.GinzburgArrow.dual 3) ⋯)
        1 +
      (Finsupp.single
          (((CutQuiver.GinzburgPath.nil 1).snoc (CutQuiver.GinzburgArrow.original 4) ⋯).snoc
            (CutQuiver.GinzburgArrow.dual 4) ⋯)
          1 +
        (Finsupp.single
            (((CutQuiver.GinzburgPath.nil 1).snoc (CutQuiver.GinzburgArrow.original 5) ⋯).snoc
              (CutQuiver.GinzburgArrow.dual 5) ⋯)
            1 +
          (-1 •
              Finsupp.single
                (((CutQuiver.GinzburgPath.nil 1).snoc (CutQuiver.GinzburgArrow.dual 0) ⋯).snoc
                  (CutQuiver.GinzburgArrow.original 0) ⋯)
                1 +
            (-1 •
                Finsupp.single
                  (((CutQuiver.GinzburgPath.nil 1).snoc (CutQuiver.GinzburgArrow.dual 1) ⋯).snoc
                    (CutQuiver.GinzburgArrow.original 1) ⋯)
                  1 +
              -1 •
                Finsupp.single
                  (((CutQuiver.GinzburgPath.nil 1).snoc (CutQuiver.GinzburgArrow.dual 2) ⋯).snoc
                    (CutQuiver.GinzburgArrow.original 2) ⋯)
                  1)))) =
    (({ vertices := 3, arrows := 9, at_least_three := triangle333._proof_5, source := fun a => ⟨↑a / 3, ⋯⟩,
                target := fun a => ⟨(↑a / 3 + 1) % 3, ⋯⟩, cut := fun a => decide (6 ≤ ↑a),
                forward := triangle333._proof_8, backward := triangle333._proof_9 }.ginzburgPathComp
            k)
          ((triangleGinzburgDualCoordinates k 1) (Pi.single 0 1)))
        ((triangleGinzburgOriginalCoordinates k 1) (Pi.single 0 1)) +
      ((({ vertices := 3, arrows := 9, at_least_three := triangle333._proof_5, source := fun a => ⟨↑a / 3, ⋯⟩,
                  target := fun a => ⟨(↑a / 3 + 1) % 3, ⋯⟩, cut := fun a => decide (6 ≤ ↑a),
                  forward := triangle333._proof_8, backward := triangle333._proof_9 }.ginzburgPathComp
              k)
            ((triangleGinzburgDualCoordinates k 1) (Pi.single 1 1)))
          ((triangleGinzburgOriginalCoordinates k 1) (Pi.single 1 1)) +
        ((({ vertices := 3, arrows := 9, at_least_three := triangle333._proof_5, source := fun a => ⟨↑a / 3, ⋯⟩,
                    target := fun a => ⟨(↑a / 3 + 1) % 3, ⋯⟩, cut := fun a => decide (6 ≤ ↑a),
                    forward := triangle333._proof_8, backward := triangle333._proof_9 }.ginzburgPathComp
                k)
              ((triangleGinzburgDualCoordinates k 1) (Pi.single 2 1)))
            ((triangleGinzburgOriginalCoordinates k 1) (Pi.single 2 1)) +
          (-1 •
              (({ vertices := 3, arrows := 9, at_least_three := triangle333._proof_5, source := fun a => ⟨↑a / 3, ⋯⟩,
                        target := fun a => ⟨(↑a / 3 + 1) % 3, ⋯⟩, cut := fun a => decide (6 ≤ ↑a),
                        forward := triangle333._proof_8, backward := triangle333._proof_9 }.ginzburgPathComp
                    k)
                  ((triangleGinzburgOriginalCoordinates k 0) (Pi.single 0 1)))
                ((triangleGinzburgDualCoordinates k 0) (Pi.single 0 1)) +
            (-1 •
                (({ vertices := 3, arrows := 9, at_least_three := triangle333._proof_5, source := fun a => ⟨↑a / 3, ⋯⟩,
                          target := fun a => ⟨(↑a / 3 + 1) % 3, ⋯⟩, cut := fun a => decide (6 ≤ ↑a),
                          forward := triangle333._proof_8, backward := triangle333._proof_9 }.ginzburgPathComp
                      k)
                    ((triangleGinzburgOriginalCoordinates k 0) (Pi.single 1 1)))
                  ((triangleGinzburgDualCoordinates k 0) (Pi.single 1 1)) +
              -1 •
                (({ vertices := 3, arrows := 9, at_least_three := triangle333._proof_5, source := fun a => ⟨↑a / 3, ⋯⟩,
                          target := fun a => ⟨(↑a / 3 + 1) % 3, ⋯⟩, cut := fun a => decide (6 ≤ ↑a),
                          forward := triangle333._proof_8, backward := triangle333._proof_9 }.ginzburgPathComp
                      k)
                    ((triangleGinzburgOriginalCoordinates k 0) (Pi.single 2 1)))
                  ((triangleGinzburgDualCoordinates k 0) (Pi.single 2 1))))))

case «2»
k : Type u
inst✝ : Field k
⊢ Finsupp.single
        (((CutQuiver.GinzburgPath.nil 2).snoc (CutQuiver.GinzburgArrow.original 6) ⋯).snoc
          (CutQuiver.GinzburgArrow.dual 6) ⋯)
        1 +
      (Finsupp.single
          (((CutQuiver.GinzburgPath.nil 2).snoc (CutQuiver.GinzburgArrow.original 7) ⋯).snoc
            (CutQuiver.GinzburgArrow.dual 7) ⋯)
          1 +
        (Finsupp.single
            (((CutQuiver.GinzburgPath.nil 2).snoc (CutQuiver.GinzburgArrow.original 8) ⋯).snoc
              (CutQuiver.GinzburgArrow.dual 8) ⋯)
            1 +
          (-1 •
              Finsupp.single
                (((CutQuiver.GinzburgPath.nil 2).snoc (CutQuiver.GinzburgArrow.dual 3) ⋯).snoc
                  (CutQuiver.GinzburgArrow.original 3) ⋯)
                1 +
            (-1 •
                Finsupp.single
                  (((CutQuiver.GinzburgPath.nil 2).snoc (CutQuiver.GinzburgArrow.dual 4) ⋯).snoc
                    (CutQuiver.GinzburgArrow.original 4) ⋯)
                  1 +
              -1 •
                Finsupp.single
                  (((CutQuiver.GinzburgPath.nil 2).snoc (CutQuiver.GinzburgArrow.dual 5) ⋯).snoc
                    (CutQuiver.GinzburgArrow.original 5) ⋯)
                  1)))) =
    (({ vertices := 3, arrows := 9, at_least_three := triangle333._proof_5, source := fun a => ⟨↑a / 3, ⋯⟩,
                target := fun a => ⟨(↑a / 3 + 1) % 3, ⋯⟩, cut := fun a => decide (6 ≤ ↑a),
                forward := triangle333._proof_8, backward := triangle333._proof_9 }.ginzburgPathComp
            k)
          ((triangleGinzburgDualCoordinates k 2) (Pi.single 0 1)))
        ((triangleGinzburgOriginalCoordinates k 2) (Pi.single 0 1)) +
      ((({ vertices := 3, arrows := 9, at_least_three := triangle333._proof_5, source := fun a => ⟨↑a / 3, ⋯⟩,
                  target := fun a => ⟨(↑a / 3 + 1) % 3, ⋯⟩, cut := fun a => decide (6 ≤ ↑a),
                  forward := triangle333._proof_8, backward := triangle333._proof_9 }.ginzburgPathComp
              k)
            ((triangleGinzburgDualCoordinates k 2) (Pi.single 1 1)))
          ((triangleGinzburgOriginalCoordinates k 2) (Pi.single 1 1)) +
        ((({ vertices := 3, arrows := 9, at_least_three := triangle333._proof_5, source := fun a => ⟨↑a / 3, ⋯⟩,
                    target := fun a => ⟨(↑a / 3 + 1) % 3, ⋯⟩, cut := fun a => decide (6 ≤ ↑a),
                    forward := triangle333._proof_8, backward := triangle333._proof_9 }.ginzburgPathComp
                k)
              ((triangleGinzburgDualCoordinates k 2) (Pi.single 2 1)))
            ((triangleGinzburgOriginalCoordinates k 2) (Pi.single 2 1)) +
          (-1 •
              (({ vertices := 3, arrows := 9, at_least_three := triangle333._proof_5, source := fun a => ⟨↑a / 3, ⋯⟩,
                        target := fun a => ⟨(↑a / 3 + 1) % 3, ⋯⟩, cut := fun a => decide (6 ≤ ↑a),
                        forward := triangle333._proof_8, backward := triangle333._proof_9 }.ginzburgPathComp
                    k)
                  ((triangleGinzburgOriginalCoordinates k 1) (Pi.single 0 1)))
                ((triangleGinzburgDualCoordinates k 1) (Pi.single 0 1)) +
            (-1 •
                (({ vertices := 3, arrows := 9, at_least_three := triangle333._proof_5, source := fun a => ⟨↑a / 3, ⋯⟩,
                          target := fun a => ⟨(↑a / 3 + 1) % 3, ⋯⟩, cut := fun a => decide (6 ≤ ↑a),
                          forward := triangle333._proof_8, backward := triangle333._proof_9 }.ginzburgPathComp
                      k)
                    ((triangleGinzburgOriginalCoordinates k 1) (Pi.single 1 1)))
                  ((triangleGinzburgDualCoordinates k 1) (Pi.single 1 1)) +
              -1 •
                (({ vertices := 3, arrows := 9, at_least_three := triangle333._proof_5, source := fun a => ⟨↑a / 3, ⋯⟩,
                          target := fun a => ⟨(↑a / 3 + 1) % 3, ⋯⟩, cut := fun a => decide (6 ≤ ↑a),
                          forward := triangle333._proof_8, backward := triangle333._proof_9 }.ginzburgPathComp
                      k)
                    ((triangleGinzburgOriginalCoordinates k 1) (Pi.single 2 1)))
                  ((triangleGinzburgDualCoordinates k 1) (Pi.single 2 1))))))
work/ASGinzburgDraft/TriangleGinzburgLoopCoordinates.lean:54:6: warning: This simp argument is unused:
  triangleGinzburgOriginalCoordinates_single

Hint: Omit it from the simp argument list.
  simp [CutQuiver.ginzburgLoopDifferential, ̲triangleGinzburgOutgoingLoopCoordinates,
        triangleGinzburgIncomingLoopCoordinatesAt, ̲triangleGinzburgIncomingLoopCoordinates,
        triangleGinzburgO̵r̵i̵g̵i̵n̵a̵l̵C̵o̵o̵r̵d̵i̵n̵a̵t̵e̵s̵_̵s̵i̵n̵g̵l̵e̵,̵t̵r̵i̵a̵n̵g̵l̵e̵G̵i̵n̵z̵b̵u̵r̵g̵DualCoordinates_single,
  ̵  ̵ ̵ ̵ ̵ ̵triangleEdgePredecessor, ̲triangleEdgeTarget,
  ̲ ̲ ̲ ̲ ̲ ̲ ̲triangleEdgePath,
  ̵  ̵ ̵ ̵ ̵ ̵triangleEdgeDualGinzburgPath, ̲triangleEdgeArrow, ̲triangle333,
  ̲ ̲ ̲ ̲ ̲ ̲ ̲Fin.sum_univ_succ,
  ̵  ̵ ̵ ̵ ̵ ̵CutQuiver.GinzburgPath.transport, ̲CutQuiver.Path.transport,
        CutQuiver.originalGinzburgArrowPath, ̲CutQuiver.dualGinzburgArrowPath,
        CutQuiver.Path.originalGinzburg, ̲CutQuiver.GinzburgPath.comp]

Note: This linter can be disabled with `set_option linter.unusedSimpArgs false`
work/ASGinzburgDraft/TriangleGinzburgLoopCoordinates.lean:54:49: warning: This simp argument is unused:
  triangleGinzburgDualCoordinates_single

Hint: Omit it from the simp argument list.
  simp [CutQuiver.ginzburgLoopDifferential, ̲triangleGinzburgOutgoingLoopCoordinates,
        triangleGinzburgIncomingLoopCoordinatesAt, ̲triangleGinzburgIncomingLoopCoordinates,
        triangleGinzburgOriginalCoordinates_single,t̵r̵i̵a̵n̵g̵l̵e̵G̵i̵n̵z̵b̵u̵r̵g̵D̵u̵a̵l̵C̵o̵o̵r̵d̵i̵n̵a̵t̵e̵s̵_̵s̵i̵n̵g̵l̵e̵,̵
  ̵  ̵ ̵ ̵ ̵ ̵triangleEdgePredecessor, ̲triangleEdgeTarget,
  ̲ ̲ ̲ ̲ ̲ ̲ ̲triangleEdgePath,
  ̵  ̵ ̵ ̵ ̵ ̵triangleEdgeDualGinzburgPath, ̲triangleEdgeArrow, ̲triangle333,
  ̲ ̲ ̲ ̲ ̲ ̲ ̲Fin.sum_univ_succ,
  ̵  ̵ ̵ ̵ ̵ ̵CutQuiver.GinzburgPath.transport, ̲CutQuiver.Path.transport,
        CutQuiver.originalGinzburgArrowPath, ̲CutQuiver.dualGinzburgArrowPath,
        CutQuiver.Path.originalGinzburg, ̲CutQuiver.GinzburgPath.comp]

Note: This linter can be disabled with `set_option linter.unusedSimpArgs false`
work/ASGinzburgDraft/TriangleGinzburgLoopCoordinates.lean:55:49: warning: This simp argument is unused:
  triangleEdgePath

Hint: Omit it from the simp argument list.
  simp [CutQuiver.ginzburgLoopDifferential, ̲triangleGinzburgOutgoingLoopCoordinates,
        triangleGinzburgIncomingLoopCoordinatesAt, ̲triangleGinzburgIncomingLoopCoordinates,
        triangleGinzburgOriginalCoordinates_single, ̲triangleGinzburgDualCoordinates_single,
        triangleEdgePredecessor, ̲triangleEdgeTarget,t̵r̵i̵a̵n̵g̵l̵e̵E̵d̵g̵e̵P̵a̵t̵h̵,̵
  ̵  ̵ ̵ ̵ ̵ ̵triangleEdgeDualGinzburgPath, ̲triangleEdgeArrow,
  ̲ ̲ ̲ ̲ ̲ ̲ ̲triangle333, ̲Fin.sum_univ_succ,
  ̵  ̵ ̵ ̵ ̵ ̵CutQuiver.GinzburgPath.transport, ̲CutQuiver.Path.transport,
        CutQuiver.originalGinzburgArrowPath, ̲CutQuiver.dualGinzburgArrowPath,
        CutQuiver.Path.originalGinzburg, ̲CutQuiver.GinzburgPath.comp]

Note: This linter can be disabled with `set_option linter.unusedSimpArgs false`
work/ASGinzburgDraft/TriangleGinzburgLoopCoordinates.lean:56:6: warning: This simp argument is unused:
  triangleEdgeDualGinzburgPath

Hint: Omit it from the simp argument list.
  simp [CutQuiver.ginzburgLoopDifferential, ̲triangleGinzburgOutgoingLoopCoordinates,
        triangleGinzburgIncomingLoopCoordinatesAt, ̲triangleGinzburgIncomingLoopCoordinates,
        triangleGinzburgOriginalCoordinates_single, ̲triangleGinzburgDualCoordinates_single,
        triangleEdgePredecessor, ̲triangleEdgeTarget,t̵r̵i̵a̵n̵g̵l̵e̵E̵d̵g̵e̵P̵a̵t̵h̵,̵
  ̵  ̵ ̵ ̵ ̵ ̵triangleEdgeD̵u̵a̵l̵G̵i̵n̵z̵b̵u̵r̵g̵Path, ̲triangleEdgeArrow, ̲triangle333,
  ̲ ̲ ̲ ̲ ̲ ̲ ̲Fin.sum_univ_succ,
  ̵  ̵ ̵ ̵ ̵ ̵CutQuiver.GinzburgPath.transport, ̲CutQuiver.Path.transport,
        CutQuiver.originalGinzburgArrowPath, ̲CutQuiver.dualGinzburgArrowPath,
        CutQuiver.Path.originalGinzburg, ̲CutQuiver.GinzburgPath.comp]

Note: This linter can be disabled with `set_option linter.unusedSimpArgs false`
work/ASGinzburgDraft/TriangleGinzburgLoopCoordinates.lean:56:35: warning: This simp argument is unused:
  triangleEdgeArrow

Hint: Omit it from the simp argument list.
  simp [CutQuiver.ginzburgLoopDifferential, ̲triangleGinzburgOutgoingLoopCoordinates,
        triangleGinzburgIncomingLoopCoordinatesAt, ̲triangleGinzburgIncomingLoopCoordinates,
        triangleGinzburgOriginalCoordinates_single, ̲triangleGinzburgDualCoordinates_single,
        triangleEdgePredecessor, ̲triangleEdgeTarget, ̲triangleEdgePath,
  ̵  ̵ ̵ ̵ ̵ ̵triangleEdgeDualGinzburgPath,
  ̲ ̲ ̲ ̲ ̲ ̲ ̲triangleE̵d̵g̵e̵A̵r̵r̵o̵w̵,̵t̵r̵i̵a̵n̵g̵l̵e̵333, ̲Fin.sum_univ_succ,
  ̵  ̵ ̵ ̵ ̵ ̵CutQuiver.GinzburgPath.transport, ̲CutQuiver.Path.transport,
        CutQuiver.originalGinzburgArrowPath, ̲CutQuiver.dualGinzburgArrowPath,
        CutQuiver.Path.originalGinzburg, ̲CutQuiver.GinzburgPath.comp]

Note: This linter can be disabled with `set_option linter.unusedSimpArgs false`
work/ASGinzburgDraft/TriangleGinzburgLoopCoordinates.lean:57:39: warning: This simp argument is unused:
  CutQuiver.Path.transport

Hint: Omit it from the simp argument list.
  simp [CutQuiver.ginzburgLoopDifferential, ̲triangleGinzburgOutgoingLoopCoordinates,
        triangleGinzburgIncomingLoopCoordinatesAt, ̲triangleGinzburgIncomingLoopCoordinates,
        triangleGinzburgOriginalCoordinates_single, ̲triangleGinzburgDualCoordinates_single,
        triangleEdgePredecessor, ̲triangleEdgeTarget, ̲triangleEdgePath,
  ̵  ̵ ̵ ̵ ̵ ̵triangleEdgeDualGinzburgPath,
  ̲ ̲ ̲ ̲ ̲ ̲ ̲triangleEdgeArrow, ̲triangle333, ̲Fin.sum_univ_succ,
  ̵  ̵ ̵ ̵ ̵ ̵CutQuiver.GinzburgPath.transport,C̵u̵t̵Q̵u̵i̵v̵e̵r̵.̵P̵a̵t̵h̵.̵t̵r̵a̵n̵s̵p̵o̵r̵t̵,̵
        CutQuiver.originalGinzburgArrowPath, ̲CutQuiver.dualGinzburgArrowPath,
        CutQuiver.Path.originalGinzburg, ̲CutQuiver.GinzburgPath.comp]

Note: This linter can be disabled with `set_option linter.unusedSimpArgs false`
work/ASGinzburgDraft/TriangleGinzburgLoopCoordinates.lean:59:6: warning: This simp argument is unused:
  CutQuiver.Path.originalGinzburg

Hint: Omit it from the simp argument list.
  simp [CutQuiver.ginzburgLoopDifferential, ̲triangleGinzburgOutgoingLoopCoordinates,
        triangleGinzburgIncomingLoopCoordinatesAt, ̲triangleGinzburgIncomingLoopCoordinates,
        triangleGinzburgOriginalCoordinates_single, ̲triangleGinzburgDualCoordinates_single,
        triangleEdgePredecessor, ̲triangleEdgeTarget, ̲triangleEdgePath,
  ̵  ̵ ̵ ̵ ̵ ̵triangleEdgeDualGinzburgPath,
  ̲ ̲ ̲ ̲ ̲ ̲ ̲triangleEdgeArrow, ̲triangle333, ̲Fin.sum_univ_succ,
  ̵  ̵ ̵ ̵ ̵ ̵CutQuiver.GinzburgPath.transport,
  ̲ ̲ ̲ ̲ ̲ ̲ ̲CutQuiver.Path.transport,
  ̵  ̵ ̵ ̵ ̵ ̵CutQuiver.originalGinzburgArrowPath,
  ̲ ̲ ̲ ̲ ̲ ̲ ̲CutQuiver.dualGinzburgArrowPath,
  ̵  ̵ ̵ ̵ ̵ ̵CutQuiver.P̵a̵t̵h̵.̵o̵r̵i̵g̵i̵n̵a̵l̵Ginzburg,̵C̵u̵t̵Q̵u̵i̵v̵e̵r̵.̵G̵i̵n̵z̵b̵u̵r̵g̵Path.comp]

Note: This linter can be disabled with `set_option linter.unusedSimpArgs false`
