'ASGinzburg.CutQuiver.noncutJacobianContextTransposedTerm_projection_same_endpoints' depends on axioms: [propext,
 Classical.choice,
 Quot.sound]
'ASGinzburg.CutQuiver.noncutJacobianContextTransposedTerm_projection_different_endpoints' depends on axioms: [propext,
 Classical.choice,
 Quot.sound]
'ASGinzburg.CutQuiver.noncutJacobianContextTransposedLeadingCoordinates' depends on axioms: [propext,
 Classical.choice,
 Quot.sound]
'ASGinzburg.CutQuiver.noncutJacobianContextTransposedLinearMap_projection' depends on axioms: [propext,
 Classical.choice,
 Quot.sound]
'ASGinzburg.CutQuiver.noncutJacobianContextLeadingAggregationCoordinates' depends on axioms: [propext,
 Classical.choice,
 Quot.sound]
'ASGinzburg.CutQuiver.noncutJacobianContextLeadingAggregationCoordinates_apply' depends on axioms: [propext,
 Classical.choice,
 Quot.sound]
'ASGinzburg.CutQuiver.noncutJacobianContextLeadingAggregation_projection' depends on axioms: [propext,
 Classical.choice,
 Quot.sound]
'ASGinzburg.CutQuiver.zeroCutIsomorphismTransposedLeadingCoordinates' depends on axioms: [propext,
 Classical.choice,
 Quot.sound]
'ASGinzburg.CutQuiver.zeroCutIsomorphismTransposedReplacement_leading_coordinates_apply' depends on axioms: [propext,
 Classical.choice,
 Quot.sound]
'ASGinzburg.CutQuiver.zeroCutIsomorphismTransposedReplacement_leading_projection' depends on axioms: [propext,
 Classical.choice,
 Quot.sound]
'ASGinzburg.CutQuiver.zeroCutIsomorphismTransposedReplacement_noncut_leading_projection' depends on axioms: [propext,
 Classical.choice,
 Quot.sound]
