'ASGinzburg.triangleXPath_cutDegree' depends on axioms: [propext, Quot.sound]
'ASGinzburg.triangleYPath_cutDegree' depends on axioms: [propext, Quot.sound]
'ASGinzburg.triangleXYPath' depends on axioms: [propext, Quot.sound]
'ASGinzburg.triangleXYPath_toList' depends on axioms: [propext, Quot.sound]
'ASGinzburg.triangleXYPath_cutDegree' depends on axioms: [propext, Quot.sound]
'ASGinzburg.path_length_two_arrows' depends on axioms: [propext, Classical.choice, Quot.sound]
'ASGinzburg.triangleCutZeroPath02_normal_form' depends on axioms: [propext, Classical.choice, Quot.sound]
'ASGinzburg.triangleXYPathIndexEquiv' depends on axioms: [propext, Classical.choice, Quot.sound]
'ASGinzburg.triangleXYCutComponentEquiv' depends on axioms: [propext, Classical.choice, Quot.sound]
'ASGinzburg.triangleXYCutComponent_finrank' depends on axioms: [propext, Classical.choice, Quot.sound]
'ASGinzburg.triangleZ_source_two' depends on axioms: [propext, Quot.sound]
'ASGinzburg.triangleCutArrow_eq_Z' depends on axioms: [propext, Quot.sound]
'ASGinzburg.CutQuiver.transportPathComponent_mem_cut' depends on axioms: [propext, Classical.choice, Quot.sound]
'ASGinzburg.CutQuiver.pathJacobianContext_eq_transport_of_zero_cut' depends on axioms: [propext,
 Classical.choice,
 Quot.sound]
'ASGinzburg.triangleCutZDerivative' depends on axioms: [propext, Classical.choice, Quot.sound]
'ASGinzburg.triangleCutZDerivative_mem_ideal' depends on axioms: [propext, Classical.choice, Quot.sound]
'ASGinzburg.triangleJacobianHomogeneousContext02_eq_cutZ' depends on axioms: [propext, Classical.choice, Quot.sound]
'ASGinzburg.triangleJacobianCutIdeal_eq_span_cutZ' depends on axioms: [propext, Classical.choice, Quot.sound]
'ASGinzburg.triangleJacobianQuadraticQuotientEquiv' depends on axioms: [propext, Classical.choice, Quot.sound]
'ASGinzburg.triangleGinzburgRegular_hom02_finrank' depends on axioms: [propext, Classical.choice, Quot.sound]
'ASGinzburg.triangleGinzburgRegular_quadraticQuotient_finrank' depends on axioms: [propext,
 Classical.choice,
 Quot.sound]
'ASGinzburg.triangleGinzburgRegular_quadraticIdeal_finrank' depends on axioms: [propext, Classical.choice, Quot.sound]
'ASGinzburg.triangleCutZRelation' depends on axioms: [propext, Classical.choice, Quot.sound]
'ASGinzburg.triangleCutZRelation_span_eq_top' depends on axioms: [propext, Classical.choice, Quot.sound]
'ASGinzburg.triangleCutZRelationBasis' depends on axioms: [propext, Classical.choice, Quot.sound]
'ASGinzburg.triangleCutZRelationBasis_apply' depends on axioms: [propext, Classical.choice, Quot.sound]
'ASGinzburg.triangleJacobianHomogeneousContext_cut0_endpoints' depends on axioms: [propext,
 Classical.choice,
 Quot.sound]
'ASGinzburg.triangleJacobianCutIdeal_eq_bot_of_other_endpoints' depends on axioms: [propext,
 Classical.choice,
 Quot.sound]
'ASGinzburg.triangleCutZeroEdgeComponent_eq_arrow' depends on axioms: [propext, Classical.choice, Quot.sound]
'ASGinzburg.triangleXArrowCutEquiv' depends on axioms: [propext, Classical.choice, Quot.sound]
'ASGinzburg.triangleYArrowCutEquiv' depends on axioms: [propext, Classical.choice, Quot.sound]
'ASGinzburg.triangleXArrowCutEquiv_single' depends on axioms: [propext, Classical.choice, Quot.sound]
'ASGinzburg.triangleYArrowCutEquiv_single' depends on axioms: [propext, Classical.choice, Quot.sound]
'ASGinzburg.triangleJacobianXArrowEquiv' depends on axioms: [propext, Classical.choice, Quot.sound]
'ASGinzburg.triangleJacobianYArrowEquiv' depends on axioms: [propext, Classical.choice, Quot.sound]
'ASGinzburg.triangleJacobianXArrow' depends on axioms: [propext, Classical.choice, Quot.sound]
'ASGinzburg.triangleJacobianYArrow' depends on axioms: [propext, Classical.choice, Quot.sound]
'ASGinzburg.triangleJacobianXArrowEquiv_single' depends on axioms: [propext, Classical.choice, Quot.sound]
'ASGinzburg.triangleJacobianYArrowEquiv_single' depends on axioms: [propext, Classical.choice, Quot.sound]
'ASGinzburg.triangleJacobianXArrowBasis' depends on axioms: [propext, Classical.choice, Quot.sound]
'ASGinzburg.triangleJacobianYArrowBasis' depends on axioms: [propext, Classical.choice, Quot.sound]
'ASGinzburg.triangleJacobianXArrowBasis_apply' depends on axioms: [propext, Classical.choice, Quot.sound]
'ASGinzburg.triangleJacobianYArrowBasis_apply' depends on axioms: [propext, Classical.choice, Quot.sound]
'ASGinzburg.cyclicDerivative_triangleCubic_single' depends on axioms: [propext, Classical.choice, Quot.sound]
'ASGinzburg.triangleCoefficientPotential_cutZDerivative_val' depends on axioms: [propext, Classical.choice, Quot.sound]
'ASGinzburg.triangleXYCutComponentEquiv_symm_single' depends on axioms: [propext, Classical.choice, Quot.sound]
'ASGinzburg.triangleCoefficientPotential_cutZDerivative_coordinates' depends on axioms: [propext,
 Classical.choice,
 Quot.sound]
'ASGinzburg.triangleTensorPotential_cutZDerivative_coordinates' depends on axioms: [propext,
 Classical.choice,
 Quot.sound]
'ASGinzburg.submoduleBasis_val_linearIndependent' depends on axioms: [propext, Classical.choice, Quot.sound]
'ASGinzburg.triangleCutZDerivative_linearIndependent' depends on axioms: [propext, Classical.choice, Quot.sound]
'ASGinzburg.triangleGinzburgRegular_tensorCutRelations_linearIndependent' depends on axioms: [propext,
 Classical.choice,
 Quot.sound]
'ASGinzburg.triangleGinzburgRegular_originalTensorCutRelations_linearIndependent' depends on axioms: [propext,
 Classical.choice,
 Quot.sound]
'ASGinzburg.triangleJacobianQuadraticProjection' depends on axioms: [propext, Classical.choice, Quot.sound]
'ASGinzburg.triangleJacobianQuadraticProjection_surjective' depends on axioms: [propext, Classical.choice, Quot.sound]
'ASGinzburg.triangleJacobianQuadraticProjection_kernel' depends on axioms: [propext, Classical.choice, Quot.sound]
'ASGinzburg.triangleJacobianQuadraticProjection_kernel_eq_span' depends on axioms: [propext,
 Classical.choice,
 Quot.sound]
'ASGinzburg.triangleJacobianQuadraticProjection_cutZ' depends on axioms: [propext, Classical.choice, Quot.sound]
'ASGinzburg.triangleXYCutVector' depends on axioms: [propext, Classical.choice, Quot.sound]
'ASGinzburg.triangleJacobianQuadraticProjection_XY' depends on axioms: [propext, Classical.choice, Quot.sound]
'ASGinzburg.triangleJacobianXYEvaluation' depends on axioms: [propext, Classical.choice, Quot.sound]
'ASGinzburg.triangleJacobianXYEvaluation_single' depends on axioms: [propext, Classical.choice, Quot.sound]
'ASGinzburg.triangleJacobianXYEvaluation_kernel_eq_tensorSlices' depends on axioms: [propext,
 Classical.choice,
 Quot.sound]
'ASGinzburg.triangleJacobianXYEvaluation_surjective' depends on axioms: [propext, Classical.choice, Quot.sound]
