'ASGinzburg.CutQuiver.zeroCutFoundationComponentEquiv_mem_Jacobian_iff' depends on axioms: [propext,
 Classical.choice,
 Quot.sound]
'ASGinzburg.CutQuiver.zeroCutNativeUnrollingEquiv_cutDerivative' depends on axioms: [propext,
 Classical.choice,
 Quot.sound]
'ASGinzburg.CutQuiver.zeroCutFoundationComponentEquiv_cutDerivative' depends on axioms: [propext,
 Classical.choice,
 Quot.sound]
'ASGinzburg.CutQuiver.noncutJacobianContextConstantArrow' depends on axioms: [propext, Classical.choice, Quot.sound]
'ASGinzburg.CutQuiver.noncutJacobianContextConstantProjection' depends on axioms: [propext,
 Classical.choice,
 Quot.sound]
'ASGinzburg.CutQuiver.noncutJacobianContextConstantProjection_single' depends on axioms: [propext,
 Classical.choice,
 Quot.sound]
'ASGinzburg.CutQuiver.noncutJacobianContextCutValue' depends on axioms: [propext, Classical.choice, Quot.sound]
'ASGinzburg.CutQuiver.noncutJacobianContextNativeValue' depends on axioms: [propext, Classical.choice, Quot.sound]
'ASGinzburg.CutQuiver.noncutJacobianContextMinimalClass' depends on axioms: [propext, Classical.choice, Quot.sound]
'ASGinzburg.CutQuiver.noncutJacobianContextMinimalClass_zero_of_positive_length' depends on axioms: [propext,
 Classical.choice,
 Quot.sound]
'ASGinzburg.CutQuiver.noncutJacobianContextMinimalClass_formula' depends on axioms: [propext,
 Classical.choice,
 Quot.sound]
'ASGinzburg.CutQuiver.noncutJacobianContextMinimalClass_linearCombination' depends on axioms: [propext,
 Classical.choice,
 Quot.sound]
'ASGinzburg.CutQuiver.zeroCutJacobianRelationNativeElement' depends on axioms: [propext, Classical.choice, Quot.sound]
'ASGinzburg.CutQuiver.noncutJacobianContextNativeValue_expansion' depends on axioms: [propext,
 Classical.choice,
 Quot.sound]
'ASGinzburg.CutQuiver.zeroCutJacobianRelationNativeElement_minimalClass' depends on axioms: [propext,
 Classical.choice,
 Quot.sound]
