'ASGinzburg.GradedOrdinaryModuleData.topCoverConeIncoming_comp_fst' depends on axioms: [propext,
 Classical.choice,
 Quot.sound]
'ASGinzburg.GradedOrdinaryModuleData.binaryProductInl_comp_topCoverConeOutgoing' depends on axioms: [propext,
 Classical.choice,
 Quot.sound]
'ASGinzburg.GradedOrdinaryModuleData.binaryProductInr_comp_topCoverConeOutgoing' depends on axioms: [propext,
 Classical.choice,
 Quot.sound]
'ASGinzburg.GradedOrdinaryModuleData.topCoverConeOutgoing_comp_topProjection' depends on axioms: [propext,
 Classical.choice,
 Quot.sound]
'ASGinzburg.GradedOrdinaryModuleData.topCoverConeFunctor_exact_one' depends on axioms: [propext,
 Classical.choice,
 Quot.sound]
'ASGinzburg.GradedOrdinaryModuleData.topCoverConeFunctor_outgoing_epi' depends on axioms: [propext,
 Classical.choice,
 Quot.sound]
'ASGinzburg.GradedOrdinaryModuleData.topCoverConeFunctor_exact_two' depends on axioms: [propext,
 Classical.choice,
 Quot.sound]
