work/ASGinzburgDraft/TriangleASFoundationRelationIndependence.lean:17:4: error: omega could not prove the goal:
a possible counterexample may satisfy the constraints
  f ≥ 3
  e ≥ 0
  e - f ≥ 7
  d ≥ 0
  c ≥ 0
  c - d ≤ -1
  b ≥ 0
  b - d ≤ -1
where
 b := ↑↑2
 c := ↑↑0
 d := ↑triangle333.vertices
 e := ↑triangle333.arrows
 f := ↑(↑↑a - 6)
work/ASGinzburgDraft/TriangleASFoundationRelationIndependence.lean:52:5: error: (deterministic) timeout at `isDefEq`, maximum number of heartbeats (200000) has been reached

Note: Use `set_option maxHeartbeats <num>` to set the limit.

Hint: Additional diagnostic information may be available using the `set_option diagnostics true` command.
work/ASGinzburgDraft/TriangleASFoundationRelationIndependence.lean:72:6: error: Tactic `rewrite` failed: motive is not type correct:
  fun _a => ↑(triangleFoundationZRelation A hAS z) = ↑⟨triangle333.transportPathComponent k ⋯ ⋯ _a, ⋯⟩
Error: Application type mismatch: The argument
  triangleCutZDerivative._proof_1 k (foundationPotential A triangle333 hAS) z
has type
  triangle333.transportPathComponent k ⋯ ⋯
      ((triangle333.pathCyclicDerivative k (triangleZ z)) (foundationPotential A triangle333 hAS)) ∈
    triangle333.pathCutComponent k 0 2 0
but is expected to have type
  triangle333.transportPathComponent k ⋯ ⋯ _a ∈ triangle333.pathCutComponent k 0 2 0
in the application
  ⟨triangle333.transportPathComponent k ⋯ ⋯ _a, ⋯⟩

Explanation: The rewrite tactic rewrites an expression 'e' using an equality 'a = b' by the following process. First, it looks for all 'a' in 'e'. Second, it tries to abstract these occurrences of 'a' to create a function 'm := fun _a => ...', called the *motive*, with the property that 'm a' is definitionally equal to 'e'. Third, we observe that 'congrArg' implies that 'm a = m b', which can be used with lemmas such as 'Eq.mpr' to change the goal. However, if 'e' depends on specific properties of 'a', then the motive 'm' might not typecheck.

Possible solutions: use rewrite's 'occs' configuration option to limit which occurrences are rewritten, or use 'simp' or 'conv' mode, which have strategies for certain kinds of dependencies (these tactics can handle proofs and 'Decidable' instances whose types depend on the rewritten term, and 'simp' can apply user-defined '@[congr]' theorems as well).

case a
k : Type u
inst✝ : Field k
A : ZAlgebra k
hAS : A.ASRegular triangle333
z : Fin 3
⊢ ↑(triangleFoundationZRelation A hAS z) =
    ↑⟨triangle333.transportPathComponent k ⋯ ⋯
          ((triangle333.pathCyclicDerivative k (triangleZ z)) (foundationPotential A triangle333 hAS)),
        ⋯⟩
