'ASGinzburg.CutQuiver.zeroCutArrowElement' depends on axioms: [propext, Classical.choice, Quot.sound]
'ASGinzburg.CutQuiver.pathCutSubstitution_zeroCut_id' depends on axioms: [propext, Classical.choice, Quot.sound]
'ASGinzburg.CutQuiver.pathCutSubstitution_zeroCut_comp' depends on axioms: [propext, Classical.choice, Quot.sound]
'ASGinzburg.CutQuiver.zeroCutPathSubstitution_projection_path' depends on axioms: [propext,
 Classical.choice,
 Quot.sound]
'ASGinzburg.CutQuiver.zeroCutPathSubstitution_projection' depends on axioms: [propext, Classical.choice, Quot.sound]
'ASGinzburg.CutQuiver.zeroCutIsomorphismArrowLift' depends on axioms: [propext, Classical.choice, Quot.sound]
'ASGinzburg.CutQuiver.zeroCutIsomorphismArrowLift_projection' depends on axioms: [propext, Classical.choice, Quot.sound]
'ASGinzburg.CutQuiver.zeroCutIsomorphismArrowReplacement' depends on axioms: [propext, Classical.choice, Quot.sound]
'ASGinzburg.CutQuiver.zeroCutIsomorphismArrowReplacement_mem_cut' depends on axioms: [propext,
 Classical.choice,
 Quot.sound]
'ASGinzburg.CutQuiver.zeroCutIsomorphismArrowReplacement_cut' depends on axioms: [propext, Classical.choice, Quot.sound]
'ASGinzburg.CutQuiver.zeroCutIsomorphismArrowReplacement_projection' depends on axioms: [propext,
 Classical.choice,
 Quot.sound]
'ASGinzburg.CutQuiver.zeroCutIsomorphismSubstitution_projection' depends on axioms: [propext,
 Classical.choice,
 Quot.sound]
'ASGinzburg.CutQuiver.zeroCutIsomorphismSubstitution_comp_difference_mem_length' depends on axioms: [propext,
 Classical.choice,
 Quot.sound]
'ASGinzburg.CutQuiver.zeroCutIsomorphismSubstitution_leading_inverse_arrow' depends on axioms: [propext,
 Classical.choice,
 Quot.sound]
'ASGinzburg.CutQuiver.zeroCutIsomorphismSubstitution_leading_bijective' depends on axioms: [propext,
 Classical.choice,
 Quot.sound]
