work/ASGinzburgDraft/GinzburgCotangentInverseWordHelpers.lean:13:32: error: unsolved goals
A : Type u
B : Type v
k : Type w
inst✝¹ : Field k
inst✝ : DecidableEq A
σ : A → WordPolynomial k B
a b : A
h : WordPolynomial k B
⊢ (if a = b then wordSubstitutedOccurrenceSandwich σ [] [] else 0) h = if a = b then h else 0
work/ASGinzburgDraft/GinzburgCotangentInverseWordHelpers.lean:15:4: warning: This simp argument is unused:
  wordSubstitutedOccurrenceSandwich_apply

Hint: Omit it from the simp argument list.
  simp [̵w̵o̵r̵d̵S̵u̵b̵s̵t̵i̵t̵u̵t̵e̵d̵O̵c̵c̵u̵r̵r̵e̵n̵c̵e̵C̵o̵n̵t̵e̵x̵t̵W̵o̵r̵d̵,̵w̵o̵r̵d̵S̵u̵b̵s̵t̵i̵t̵u̵t̵e̵d̵O̵c̵c̵u̵r̵r̵e̵n̵c̵e̵C̵o̵n̵t̵e̵x̵t̵A̵u̵x̵,̵
  ̵ ̵ ̵ ̵ ̵w̵o̵r̵d̵S̵u̵b̵s̵t̵i̵t̵u̵t̵e̵d̵O̵c̵c̵u̵r̵r̵e̵n̵c̵e̵S̵a̵n̵d̵w̵i̵c̵h̵_̵a̵p̵p̵l̵y̵,̵w̵o̵r̵d̵S̵u̵b̵s̵t̵i̵t̵u̵t̵i̵o̵n̵B̵e̵t̵w̵e̵e̵n̵W̵o̵r̵d̵]̵[̲w̲o̲r̲d̲S̲u̲b̲s̲t̲i̲t̲u̲t̲e̲d̲O̲c̲c̲u̲r̲r̲e̲n̲c̲e̲C̲o̲n̲t̲e̲x̲t̲W̲o̲r̲d̲,̲ ̲w̲o̲r̲d̲S̲u̲b̲s̲t̲i̲t̲u̲t̲e̲d̲O̲c̲c̲u̲r̲r̲e̲n̲c̲e̲C̲o̲n̲t̲e̲x̲t̲A̲u̲x̲,̲
  ̲ ̲ ̲ ̲ ̲w̲o̲r̲d̲S̲u̲b̲s̲t̲i̲t̲u̲t̲i̲o̲n̲B̲e̲t̲w̲e̲e̲n̲W̲o̲r̲d̲]̲

Note: This linter can be disabled with `set_option linter.unusedSimpArgs false`
work/ASGinzburgDraft/GinzburgCotangentInverseWordHelpers.lean:15:44: warning: This simp argument is unused:
  wordSubstitutionBetweenWord

Hint: Omit it from the simp argument list.
  simp [̵w̵o̵r̵d̵S̵u̵b̵s̵t̵i̵t̵u̵t̵e̵d̵O̵c̵c̵u̵r̵r̵e̵n̵c̵e̵C̵o̵n̵t̵e̵x̵t̵W̵o̵r̵d̵,̵w̵o̵r̵d̵S̵u̵b̵s̵t̵i̵t̵u̵t̵e̵d̵O̵c̵c̵u̵r̵r̵e̵n̵c̵e̵C̵o̵n̵t̵e̵x̵t̵A̵u̵x̵,̵
  ̵ ̵ ̵ ̵ ̵w̵o̵r̵d̵S̵u̵b̵s̵t̵i̵t̵u̵t̵e̵d̵O̵c̵c̵u̵r̵r̵e̵n̵c̵e̵S̵a̵n̵d̵w̵i̵c̵h̵_̵a̵p̵p̵l̵y̵,̵w̵o̵r̵d̵S̵u̵b̵s̵t̵i̵t̵u̵t̵i̵o̵n̵B̵e̵t̵w̵e̵e̵n̵W̵o̵r̵d̵]̵[̲w̲o̲r̲d̲S̲u̲b̲s̲t̲i̲t̲u̲t̲e̲d̲O̲c̲c̲u̲r̲r̲e̲n̲c̲e̲C̲o̲n̲t̲e̲x̲t̲W̲o̲r̲d̲,̲ ̲w̲o̲r̲d̲S̲u̲b̲s̲t̲i̲t̲u̲t̲e̲d̲O̲c̲c̲u̲r̲r̲e̲n̲c̲e̲C̲o̲n̲t̲e̲x̲t̲A̲u̲x̲,̲
  ̲ ̲ ̲ ̲ ̲w̲o̲r̲d̲S̲u̲b̲s̲t̲i̲t̲u̲t̲e̲d̲O̲c̲c̲u̲r̲r̲e̲n̲c̲e̲S̲a̲n̲d̲w̲i̲c̲h̲_̲a̲p̲p̲l̲y̲]̲

Note: This linter can be disabled with `set_option linter.unusedSimpArgs false`
