work/ASGinzburgDraft/ZeroCutIsomorphismDerivativeBasisTransport.lean:27:68: error: failed to synthesize
  AddCommMonoid (Q.MinimalRelationComponent (Q.unrolledJacobianIdeal k φ) ↑↑i ↑↑j)
(deterministic) timeout at `typeclass`, maximum number of heartbeats (20000) has been reached

Note: Use `set_option synthInstance.maxHeartbeats <num>` to set the limit.

Hint: Additional diagnostic information may be available using the `set_option diagnostics true` command.

Hint: Additional diagnostic information may be available using the `set_option diagnostics true` command.
work/ASGinzburgDraft/ZeroCutIsomorphismDerivativeBasisTransport.lean:27:68: error: failed to synthesize
  AddCommMonoid (Q.MinimalRelationComponent (Q.unrolledJacobianIdeal k ψ) ↑↑i ↑↑j)
(deterministic) timeout at `typeclass`, maximum number of heartbeats (20000) has been reached

Note: Use `set_option synthInstance.maxHeartbeats <num>` to set the limit.

Hint: Additional diagnostic information may be available using the `set_option diagnostics true` command.

Hint: Additional diagnostic information may be available using the `set_option diagnostics true` command.
work/ASGinzburgDraft/ZeroCutIsomorphismDerivativeBasisTransport.lean:33:2: error: failed to synthesize
  AddCommMonoid (Q.MinimalRelationComponent (Q.unrolledJacobianIdeal k φ) ↑↑i ↑↑j)
(deterministic) timeout at `typeclass`, maximum number of heartbeats (20000) has been reached

Note: Use `set_option synthInstance.maxHeartbeats <num>` to set the limit.

Hint: Additional diagnostic information may be available using the `set_option diagnostics true` command.

Hint: Additional diagnostic information may be available using the `set_option diagnostics true` command.
work/ASGinzburgDraft/ZeroCutIsomorphismDerivativeBasisTransport.lean:40:52: error: Application type mismatch: The argument
  F
has type
  (Q.unrolledJacobianZAlgebra k φ).Isomorphism (Q.unrolledJacobianZAlgebra k ψ)
of sort `Type u` but is expected to have type
  Q.GinzburgRegular k ?m.12
of sort `Prop` in the application
  Q.zeroCutIsomorphismDerivativeCoordinateEquiv k F
work/ASGinzburgDraft/ZeroCutIsomorphismDerivativeBasisTransport.lean:41:6: error: Type mismatch
  (GinzburgRegular.foundationCutDerivativeMinimalRelationBasis Q k hψ i j).repr
    ((Q.zeroCutIsomorphismMinimalRelationEquiv k F i j) (Q.foundationMinimalCutDerivativeClass k φ i j a))
has type
  Q.FoundationRelationArrow i j →₀ k
but is expected to have type
  k
work/ASGinzburgDraft/ZeroCutIsomorphismDerivativeBasisTransport.lean:44:6: error: Failed to rewrite using equation theorems for `zeroCutIsomorphismDerivativeCoordinateEquiv`
work/ASGinzburgDraft/ZeroCutIsomorphismDerivativeBasisTransport.lean:44:6: warning: declaration uses 'sorry'
work/ASGinzburgDraft/ZeroCutIsomorphismDerivativeBasisTransport.lean:52:8: error: failed to synthesize
  AddCommMonoid (Q.MinimalRelationComponent (Q.unrolledJacobianIdeal k ψ) ↑↑i ↑↑j)
(deterministic) timeout at `typeclass`, maximum number of heartbeats (20000) has been reached

Note: Use `set_option synthInstance.maxHeartbeats <num>` to set the limit.

Hint: Additional diagnostic information may be available using the `set_option diagnostics true` command.

Hint: Additional diagnostic information may be available using the `set_option diagnostics true` command.
work/ASGinzburgDraft/ZeroCutIsomorphismDerivativeBasisTransport.lean:59:51: error: Application type mismatch: The argument
  F
has type
  (Q.unrolledJacobianZAlgebra k φ).Isomorphism (Q.unrolledJacobianZAlgebra k ψ)
of sort `Type u` but is expected to have type
  Q.GinzburgRegular k ?m.12
of sort `Prop` in the application
  Q.zeroCutIsomorphismDerivativeTransposeEquiv k F
work/ASGinzburgDraft/ZeroCutIsomorphismDerivativeBasisTransport.lean:60:54: error: Application type mismatch: The argument
  F
has type
  (Q.unrolledJacobianZAlgebra k φ).Isomorphism (Q.unrolledJacobianZAlgebra k ψ)
of sort `Type u` but is expected to have type
  Q.GinzburgRegular k ?m.24
of sort `Prop` in the application
  Q.zeroCutIsomorphismDerivativeCoordinateEquiv k F
work/ASGinzburgDraft/ZeroCutIsomorphismDerivativeBasisTransport.lean:62:6: error: Failed to rewrite using equation theorems for `zeroCutIsomorphismDerivativeTransposeEquiv`
work/ASGinzburgDraft/ZeroCutIsomorphismDerivativeBasisTransport.lean:62:6: warning: declaration uses 'sorry'
