work/ASGinzburgDraft/TriangleQuadraticTensorAction.lean:66:69: error: unsolved goals
case h
k : Type u
inst✝ : Field k
gX gY : ArrowSpace333 k ≃ₗ[k] ArrowSpace333 k
w : CubicTensor333 k
z : Fin 3
C : CubicTensor333 k →ₗ[k] Fin 3 × Fin 3 → k := LinearMap.proj z ∘ₗ ↑(tensorToCutRelations333 k)
ijl : Triple333
xy ij : Fin 3 × Fin 3
⊢ (if ij.2 = ijl.2.1 then if ij.1 = ijl.1 then if z = ijl.2.2 then 1 else 0 else 0 else 0) =
    if ij = (ijl.1, ijl.2.1) then if z = ijl.2.2 then 1 else 0 else 0
work/ASGinzburgDraft/TriangleQuadraticTensorAction.lean:69:8: error: Tactic `rewrite` failed: Did not find an occurrence of the pattern
  fun ij => Pi.single ijl.1 1 ij.1 * (Pi.single ijl.2.1 1 ij.2 * Pi.single ijl.2.2 1 z)
in the target expression
  { toFun := fun w z xy => w (xy.1, xy.2, z), map_add' := ⋯, map_smul' := ⋯,
        invFun := fun r xyz => r xyz.2.2 (xyz.1, xyz.2.1), left_inv := ⋯, right_inv := ⋯ }
      ((cubicCoordinates333 k) (gX (Pi.single ijl.1 1) ⊗ₜ[k] (gY (Pi.single ijl.2.1 1) ⊗ₜ[k] Pi.single ijl.2.2 1))) z
      xy =
    (triangleQuadraticBasisChange k gX gY)
      ({ toFun := fun w z xy => w (xy.1, xy.2, z), map_add' := ⋯, map_smul' := ⋯,
          invFun := fun r xyz => r xyz.2.2 (xyz.1, xyz.2.1), left_inv := ⋯, right_inv := ⋯ }
        ((cubicCoordinates333 k) (Pi.single ijl.1 1 ⊗ₜ[k] (Pi.single ijl.2.1 1 ⊗ₜ[k] Pi.single ijl.2.2 1))) z)
      xy

case h
k : Type u
inst✝ : Field k
gX gY : ArrowSpace333 k ≃ₗ[k] ArrowSpace333 k
w : CubicTensor333 k
z : Fin 3
C : CubicTensor333 k →ₗ[k] Fin 3 × Fin 3 → k := LinearMap.proj z ∘ₗ ↑(tensorToCutRelations333 k)
ijl : Triple333
xy : Fin 3 × Fin 3
hr :
  (fun ij => Pi.single ijl.1 1 ij.1 * (Pi.single ijl.2.1 1 ij.2 * Pi.single ijl.2.2 1 z)) =
    Pi.single ijl.2.2 1 z • Pi.single (ijl.1, ijl.2.1) 1
⊢ { toFun := fun w z xy => w (xy.1, xy.2, z), map_add' := ⋯, map_smul' := ⋯,
        invFun := fun r xyz => r xyz.2.2 (xyz.1, xyz.2.1), left_inv := ⋯, right_inv := ⋯ }
      ((cubicCoordinates333 k) (gX (Pi.single ijl.1 1) ⊗ₜ[k] (gY (Pi.single ijl.2.1 1) ⊗ₜ[k] Pi.single ijl.2.2 1))) z
      xy =
    (triangleQuadraticBasisChange k gX gY)
      ({ toFun := fun w z xy => w (xy.1, xy.2, z), map_add' := ⋯, map_smul' := ⋯,
          invFun := fun r xyz => r xyz.2.2 (xyz.1, xyz.2.1), left_inv := ⋯, right_inv := ⋯ }
        ((cubicCoordinates333 k) (Pi.single ijl.1 1 ⊗ₜ[k] (Pi.single ijl.2.1 1 ⊗ₜ[k] Pi.single ijl.2.2 1))) z)
      xy
work/ASGinzburgDraft/TriangleQuadraticTensorAction.lean:60:6: warning: This simp argument is unused:
  cubicCoordinates333_tmul

Hint: Omit it from the simp argument list.
  simp only [̵C̵,̵L̵i̵n̵e̵a̵r̵M̵a̵p̵.̵c̵o̵m̵p̵_̵a̵p̵p̵l̵y̵,̵L̵i̵n̵e̵a̵r̵M̵a̵p̵.̵p̵r̵o̵j̵_̵a̵p̵p̵l̵y̵,̵L̵i̵n̵e̵a̵r̵E̵q̵u̵i̵v̵.̵c̵o̵e̵_̵c̵o̵e̵,̵
  ̵ ̵ ̵ ̵ ̵ ̵ ̵c̵u̵b̵i̵c̵B̵a̵s̵i̵s̵3̵3̵3̵,̵M̵o̵d̵u̵l̵e̵.̵B̵a̵s̵i̵s̵.̵t̵e̵n̵s̵o̵r̵P̵r̵o̵d̵u̵c̵t̵_̵a̵p̵p̵l̵y̵'̵,̵P̵i̵.̵b̵a̵s̵i̵s̵F̵u̵n̵_̵a̵p̵p̵l̵y̵,̵
  ̵ ̵ ̵ ̵ ̵ ̵ ̵a̵r̵r̵o̵w̵B̵a̵s̵i̵s̵C̵h̵a̵n̵g̵e̵3̵3̵3̵_̵t̵m̵u̵l̵,̵L̵i̵n̵e̵a̵r̵E̵q̵u̵i̵v̵.̵r̵e̵f̵l̵_̵a̵p̵p̵l̵y̵,̵
  ̵ ̵ ̵ ̵ ̵ ̵ ̵t̵e̵n̵s̵o̵r̵T̵o̵C̵u̵t̵R̵e̵l̵a̵t̵i̵o̵n̵s̵3̵3̵3̵,̵L̵i̵n̵e̵a̵r̵E̵q̵u̵i̵v̵.̵t̵r̵a̵n̵s̵_̵a̵p̵p̵l̵y̵,̵c̵u̵t̵R̵e̵l̵a̵t̵i̵o̵n̵C̵o̵o̵r̵d̵i̵n̵a̵t̵e̵s̵3̵3̵3̵,̵
  ̵ ̵ ̵ ̵ ̵ ̵ ̵c̵u̵b̵i̵c̵C̵o̵o̵r̵d̵i̵n̵a̵t̵e̵s̵3̵3̵3̵_̵t̵m̵u̵l̵]̵[̲C̲,̲ ̲L̲i̲n̲e̲a̲r̲M̲a̲p̲.̲c̲o̲m̲p̲_̲a̲p̲p̲l̲y̲,̲ ̲L̲i̲n̲e̲a̲r̲M̲a̲p̲.̲p̲r̲o̲j̲_̲a̲p̲p̲l̲y̲,̲ ̲L̲i̲n̲e̲a̲r̲E̲q̲u̲i̲v̲.̲c̲o̲e̲_̲c̲o̲e̲,̲ ̲c̲u̲b̲i̲c̲B̲a̲s̲i̲s̲3̲3̲3̲,̲
  ̲ ̲ ̲ ̲ ̲ ̲ ̲M̲o̲d̲u̲l̲e̲.̲B̲a̲s̲i̲s̲.̲t̲e̲n̲s̲o̲r̲P̲r̲o̲d̲u̲c̲t̲_̲a̲p̲p̲l̲y̲'̲,̲ ̲P̲i̲.̲b̲a̲s̲i̲s̲F̲u̲n̲_̲a̲p̲p̲l̲y̲,̲ ̲a̲r̲r̲o̲w̲B̲a̲s̲i̲s̲C̲h̲a̲n̲g̲e̲3̲3̲3̲_̲t̲m̲u̲l̲,̲
  ̲ ̲ ̲ ̲ ̲ ̲ ̲L̲i̲n̲e̲a̲r̲E̲q̲u̲i̲v̲.̲r̲e̲f̲l̲_̲a̲p̲p̲l̲y̲,̲ ̲t̲e̲n̲s̲o̲r̲T̲o̲C̲u̲t̲R̲e̲l̲a̲t̲i̲o̲n̲s̲3̲3̲3̲,̲ ̲L̲i̲n̲e̲a̲r̲E̲q̲u̲i̲v̲.̲t̲r̲a̲n̲s̲_̲a̲p̲p̲l̲y̲,̲
  ̲ ̲ ̲ ̲ ̲ ̲ ̲c̲u̲t̲R̲e̲l̲a̲t̲i̲o̲n̲C̲o̲o̲r̲d̲i̲n̲a̲t̲e̲s̲3̲3̲3̲]̲

Note: This linter can be disabled with `set_option linter.unusedSimpArgs false`
work/ASGinzburgDraft/TriangleQuadraticTensorAction.lean:68:28: warning: This simp argument is unused:
  Prod.mk.injEq

Hint: Omit it from the simp argument list.
  simp [̵P̵i̵.̵s̵i̵n̵g̵l̵e̵_̵a̵p̵p̵l̵y̵,̵P̵r̵o̵d̵.̵m̵k̵.̵i̵n̵j̵E̵q̵,̵m̵u̵l̵_̵c̵o̵m̵m̵]̵[̲P̲i̲.̲s̲i̲n̲g̲l̲e̲_̲a̲p̲p̲l̲y̲,̲ ̲m̲u̲l̲_̲c̲o̲m̲m̲]̲

Note: This linter can be disabled with `set_option linter.unusedSimpArgs false`
