'ASGinzburg.CutQuiver.pathCutSubstitution' depends on axioms: [propext, Classical.choice, Quot.sound]
'ASGinzburg.CutQuiver.pathCutSubstitution_difference_pow_mem_length' depends on axioms: [propext,
 Classical.choice,
 Quot.sound]
'ASGinzburg.CutQuiver.pathCutSubstitution_difference_isNilpotent' depends on axioms: [propext,
 Classical.choice,
 Quot.sound]
'ASGinzburg.CutQuiver.pathCutSubstitution_bijective' depends on axioms: [propext, Classical.choice, Quot.sound]
'ASGinzburg.CutQuiver.pathArrowSubstitutionComponent_cutProjection' depends on axioms: [propext,
 Classical.choice,
 Quot.sound]
'ASGinzburg.CutQuiver.pathCutProjection_coeff' depends on axioms: [propext, Classical.choice, Quot.sound]
'ASGinzburg.CutQuiver.identityLeading_pathArrowSubstitutionComponent_injective' depends on axioms: [propext,
 Classical.choice,
 Quot.sound]
'ASGinzburg.CutQuiver.identityLeading_pathArrowSubstitutionComponent_surjective' depends on axioms: [propext,
 Classical.choice,
 Quot.sound]
'ASGinzburg.CutQuiver.identityLeading_pathArrowSubstitution_bijective' depends on axioms: [propext,
 Classical.choice,
 Quot.sound]
'ASGinzburg.CutQuiver.identityLeadingPathSubstitutionAutomorphism' depends on axioms: [propext,
 Classical.choice,
 Quot.sound]
