'ASGinzburg.CutQuiver.pathCutSubstitution' depends on axioms: [propext, Classical.choice, Quot.sound]
'ASGinzburg.CutQuiver.pathCutSubstitution_difference_pow_mem_length' depends on axioms: [propext,
 Classical.choice,
 Quot.sound]
'ASGinzburg.CutQuiver.pathCutSubstitution_difference_isNilpotent' depends on axioms: [propext,
 Classical.choice,
 Quot.sound]
'ASGinzburg.CutQuiver.pathCutSubstitution_bijective' depends on axioms: [propext, Classical.choice, Quot.sound]
'ASGinzburg.CutQuiver.pathArrowSubstitutionComponent_cutProjection' depends on axioms: [propext,
 Classical.choice,
 Quot.sound]
'ASGinzburg.CutQuiver.pathCutProjection_coeff' depends on axioms: [propext, Classical.choice, Quot.sound]
'ASGinzburg.CutQuiver.identityLeading_pathArrowSubstitutionComponent_injective' depends on axioms: [propext,
 Classical.choice,
 Quot.sound]
'ASGinzburg.CutQuiver.identityLeading_pathArrowSubstitutionComponent_surjective' depends on axioms: [propext,
 Classical.choice,
 Quot.sound]
'ASGinzburg.CutQuiver.identityLeading_pathArrowSubstitution_bijective' depends on axioms: [propext,
 Classical.choice,
 Quot.sound]
'ASGinzburg.CutQuiver.identityLeadingPathSubstitutionAutomorphism' depends on axioms: [propext,
 Classical.choice,
 Quot.sound]
'ASGinzburg.CutQuiver.pathArrowComponent' depends on axioms: [propext, Classical.choice, Quot.sound]
'ASGinzburg.CutQuiver.pathArrowProjection' depends on axioms: [propext, Classical.choice, Quot.sound]
'ASGinzburg.CutQuiver.pathArrowProjection_single' depends on axioms: [propext, Classical.choice, Quot.sound]
'ASGinzburg.CutQuiver.pathArrowProjection_mem' depends on axioms: [propext, Classical.choice, Quot.sound]
'ASGinzburg.CutQuiver.pathArrowProjection_on_arrow' depends on axioms: [propext, Classical.choice, Quot.sound]
'ASGinzburg.CutQuiver.pathArrowBasisElement' depends on axioms: [propext, Classical.choice, Quot.sound]
'ASGinzburg.CutQuiver.endpointArrowCutDegree' does not depend on any axioms
'ASGinzburg.CutQuiver.Path.cutDegree_of_length_one' depends on axioms: [propext, Classical.choice, Quot.sound]
'ASGinzburg.CutQuiver.endpointArrowCutDegree_arrow' depends on axioms: [propext, Classical.choice, Quot.sound]
'ASGinzburg.CutQuiver.pathArrowComponent_le_cut' depends on axioms: [propext, Classical.choice, Quot.sound]
'ASGinzburg.CutQuiver.sub_pathArrowProjection_mem_length_two' depends on axioms: [propext, Classical.choice, Quot.sound]
'ASGinzburg.CutQuiver.pathSubstitutionArrowLinearMap' depends on axioms: [propext, Classical.choice, Quot.sound]
'ASGinzburg.CutQuiver.pathArrowLinearExtension' depends on axioms: [propext, Classical.choice, Quot.sound]
'ASGinzburg.CutQuiver.pathArrowLinearExtension_on_arrow' depends on axioms: [propext, Classical.choice, Quot.sound]
'ASGinzburg.CutQuiver.pathLinearArrowReplacement' depends on axioms: [propext, Classical.choice, Quot.sound]
'ASGinzburg.CutQuiver.pathLinearArrowReplacement_mem_cut' depends on axioms: [propext, Classical.choice, Quot.sound]
'ASGinzburg.CutQuiver.pathLinearArrowSubstitution_on_arrow' depends on axioms: [propext, Classical.choice, Quot.sound]
'ASGinzburg.CutQuiver.pathLinearArrowSubstitution_inverse_on_arrow' depends on axioms: [propext,
 Classical.choice,
 Quot.sound]
'ASGinzburg.CutQuiver.pathArrowLinearAutomorphism' depends on axioms: [propext, Classical.choice, Quot.sound]
'ASGinzburg.CutQuiver.VertexCutPathAutomorphism.component_of_substitution' depends on axioms: [propext,
 Classical.choice,
 Quot.sound]
'ASGinzburg.CutQuiver.pathSubstitutionLeadingEquiv' depends on axioms: [propext, Classical.choice, Quot.sound]
'ASGinzburg.CutQuiver.pathSubstitutionLeadingEquiv_arrow' depends on axioms: [propext, Classical.choice, Quot.sound]
'ASGinzburg.CutQuiver.pathLeadingAutomorphism_arrow' depends on axioms: [propext, Classical.choice, Quot.sound]
'ASGinzburg.CutQuiver.pathSubstitutionNormalizedReplacement' depends on axioms: [propext, Classical.choice, Quot.sound]
'ASGinzburg.CutQuiver.pathSubstitutionNormalizedReplacement_mem_cut' depends on axioms: [propext,
 Classical.choice,
 Quot.sound]
'ASGinzburg.CutQuiver.pathSubstitutionNormalizedReplacement_sub_identity' depends on axioms: [propext,
 Classical.choice,
 Quot.sound]
'ASGinzburg.CutQuiver.invertibleLeadingPathSubstitutionAutomorphism' depends on axioms: [propext,
 Classical.choice,
 Quot.sound]
'ASGinzburg.CutQuiver.invertibleLeadingPathSubstitutionAutomorphism_arrow' depends on axioms: [propext,
 Classical.choice,
 Quot.sound]
'ASGinzburg.CutQuiver.invertibleLeadingPathSubstitutionAutomorphism_toAlgHom' depends on axioms: [propext,
 Classical.choice,
 Quot.sound]
'ASGinzburg.CutQuiver.zeroCutJacobianComponentProjection' depends on axioms: [propext, Classical.choice, Quot.sound]
'ASGinzburg.CutQuiver.zeroCutJacobianComponentProjection_surjective' depends on axioms: [propext,
 Classical.choice,
 Quot.sound]
'ASGinzburg.CutQuiver.zeroCutJacobianComponentProjection_id' depends on axioms: [propext, Classical.choice, Quot.sound]
'ASGinzburg.CutQuiver.zeroCutJacobianComponentProjection_comp' depends on axioms: [propext,
 Classical.choice,
 Quot.sound]
'ASGinzburg.CutQuiver.zeroCutFoundationComponentEquiv_native' depends on axioms: [propext, Classical.choice, Quot.sound]
'ASGinzburg.CutQuiver.zeroCutJacobianComponentProjection_eq_zero_iff' depends on axioms: [propext,
 Classical.choice,
 Quot.sound]
'ASGinzburg.CutQuiver.zeroCutJacobianComponentProjection_kernel_length' depends on axioms: [propext,
 Classical.choice,
 Quot.sound]
'ASGinzburg.CutQuiver.zeroCutArrowElement' depends on axioms: [propext, Classical.choice, Quot.sound]
'ASGinzburg.CutQuiver.pathCutSubstitution_zeroCut_id' depends on axioms: [propext, Classical.choice, Quot.sound]
'ASGinzburg.CutQuiver.pathCutSubstitution_zeroCut_comp' depends on axioms: [propext, Classical.choice, Quot.sound]
'ASGinzburg.CutQuiver.zeroCutPathSubstitution_projection_path' depends on axioms: [propext,
 Classical.choice,
 Quot.sound]
'ASGinzburg.CutQuiver.zeroCutPathSubstitution_projection' depends on axioms: [propext, Classical.choice, Quot.sound]
'ASGinzburg.CutQuiver.pathArrowProjection_eq_zero_of_length_two' depends on axioms: [propext,
 Classical.choice,
 Quot.sound]
'ASGinzburg.CutQuiver.pathArrowProjection_substitution_projection' depends on axioms: [propext,
 Classical.choice,
 Quot.sound]
'ASGinzburg.CutQuiver.pathSubstitutionArrowLinearMap_comp_arrow' depends on axioms: [propext,
 Classical.choice,
 Quot.sound]
'ASGinzburg.CutQuiver.pathSubstitutionArrowLinearMap_inverse_of_arrow' depends on axioms: [propext,
 Classical.choice,
 Quot.sound]
'ASGinzburg.CutQuiver.zeroCutIsomorphismArrowLift' depends on axioms: [propext, Classical.choice, Quot.sound]
'ASGinzburg.CutQuiver.zeroCutIsomorphismArrowLift_projection' depends on axioms: [propext, Classical.choice, Quot.sound]
'ASGinzburg.CutQuiver.zeroCutIsomorphismArrowReplacement' depends on axioms: [propext, Classical.choice, Quot.sound]
'ASGinzburg.CutQuiver.zeroCutIsomorphismArrowReplacement_mem_cut' depends on axioms: [propext,
 Classical.choice,
 Quot.sound]
'ASGinzburg.CutQuiver.zeroCutIsomorphismArrowReplacement_cut' depends on axioms: [propext, Classical.choice, Quot.sound]
'ASGinzburg.CutQuiver.zeroCutIsomorphismArrowReplacement_projection' depends on axioms: [propext,
 Classical.choice,
 Quot.sound]
'ASGinzburg.CutQuiver.zeroCutIsomorphismSubstitution_projection' depends on axioms: [propext,
 Classical.choice,
 Quot.sound]
'ASGinzburg.CutQuiver.zeroCutIsomorphismSubstitution_comp_difference_mem_length' depends on axioms: [propext,
 Classical.choice,
 Quot.sound]
'ASGinzburg.CutQuiver.zeroCutIsomorphismSubstitution_leading_inverse_arrow' depends on axioms: [propext,
 Classical.choice,
 Quot.sound]
'ASGinzburg.CutQuiver.zeroCutIsomorphismSubstitution_leading_bijective' depends on axioms: [propext,
 Classical.choice,
 Quot.sound]
'ASGinzburg.CutQuiver.VertexCutPathAutomorphism.zeroCutPathAlgEquiv' depends on axioms: [propext,
 Classical.choice,
 Quot.sound]
'ASGinzburg.CutQuiver.VertexCutPathAutomorphism.zeroCutPathAlgEquiv_apply' depends on axioms: [propext,
 Classical.choice,
 Quot.sound]
'ASGinzburg.CutQuiver.VertexCutPathAutomorphism.zeroCutPathAlgEquiv_vertex' depends on axioms: [propext,
 Classical.choice,
 Quot.sound]
'ASGinzburg.CutQuiver.zeroCutJacobianFoundationAlgHom' depends on axioms: [propext, Classical.choice, Quot.sound]
'ASGinzburg.CutQuiver.zeroCutIsomorphismPathAutomorphism' depends on axioms: [propext, Classical.choice, Quot.sound]
'ASGinzburg.CutQuiver.zeroCutIsomorphismPathAutomorphism_arrow' depends on axioms: [propext,
 Classical.choice,
 Quot.sound]
'ASGinzburg.CutQuiver.zeroCutIsomorphismPathAutomorphism_cut_arrow' depends on axioms: [propext,
 Classical.choice,
 Quot.sound]
'ASGinzburg.CutQuiver.zeroCutIsomorphismPathAutomorphism_projection' depends on axioms: [propext,
 Classical.choice,
 Quot.sound]
'ASGinzburg.CutQuiver.zeroCutIsomorphismPathAutomorphism_jacobian_mem_iff' depends on axioms: [propext,
 Classical.choice,
 Quot.sound]
'ASGinzburg.CutQuiver.zeroCutIsomorphismFreePathAlgEquiv' depends on axioms: [propext, Classical.choice, Quot.sound]
'ASGinzburg.CutQuiver.zeroCutIsomorphismFreePathAlgEquiv_intertwines' depends on axioms: [propext,
 Classical.choice,
 Quot.sound]
'ASGinzburg.CutQuiver.zeroCutComponentEmbeddingProjection' depends on axioms: [propext, Classical.choice, Quot.sound]
'ASGinzburg.CutQuiver.zeroCutComponentEmbeddingProjection_on_cut' depends on axioms: [propext,
 Classical.choice,
 Quot.sound]
'ASGinzburg.CutQuiver.zeroCutJacobianContext_embedding_mem' depends on axioms: [propext, Classical.choice, Quot.sound]
'ASGinzburg.CutQuiver.zeroCutJacobianComponent_embedding_mem' depends on axioms: [propext, Classical.choice, Quot.sound]
'ASGinzburg.CutQuiver.zeroCutJacobianFoundationAlgHom_surjective' depends on axioms: [propext,
 Classical.choice,
 Quot.sound]
'ASGinzburg.CutQuiver.zeroCutJacobianGenerator_evaluation_zero' depends on axioms: [propext,
 Classical.choice,
 Quot.sound]
'ASGinzburg.CutQuiver.zeroCutJacobianIdeal_le_foundationKernel' depends on axioms: [propext,
 Classical.choice,
 Quot.sound]
'ASGinzburg.CutQuiver.zeroCutJacobianFoundationKernel_le_ideal' depends on axioms: [propext,
 Classical.choice,
 Quot.sound]
'ASGinzburg.CutQuiver.zeroCutJacobianIdeal_eq_foundationKernel' depends on axioms: [propext,
 Classical.choice,
 Quot.sound]
'ASGinzburg.CutQuiver.zeroCutJacobianFoundationAlgEquiv' depends on axioms: [propext, Classical.choice, Quot.sound]
'ASGinzburg.CutQuiver.zeroCutJacobianFoundationAlgEquiv_apply_mk' depends on axioms: [propext,
 Classical.choice,
 Quot.sound]
'ASGinzburg.CutQuiver.zeroCutIsomorphismFreePathAlgEquiv_jacobian_mem_iff' depends on axioms: [propext,
 Classical.choice,
 Quot.sound]
'ASGinzburg.CutQuiver.zeroCutJacobianIsomorphismQuotientLift' depends on axioms: [propext, Classical.choice, Quot.sound]
'ASGinzburg.CutQuiver.zeroCutJacobianIsomorphismQuotientLift_apply_mk' depends on axioms: [propext,
 Classical.choice,
 Quot.sound]
'ASGinzburg.CutQuiver.generatedRelationModArrowIdeal' depends on axioms: [propext, Classical.choice, Quot.sound]
'ASGinzburg.CutQuiver.generated_hom_eq_span_sup_relationDecomposables' depends on axioms: [propext,
 Classical.choice,
 Quot.sound]
'ASGinzburg.CutQuiver.generatedRelationElement' depends on axioms: [propext, Classical.choice, Quot.sound]
'ASGinzburg.CutQuiver.generatedMinimalRelationClass' depends on axioms: [propext, Classical.choice, Quot.sound]
'ASGinzburg.CutQuiver.generatedRelationElement_decomposition' depends on axioms: [propext, Classical.choice, Quot.sound]
'ASGinzburg.CutQuiver.generatedMinimalRelationClass_span' depends on axioms: [propext, Classical.choice, Quot.sound]
'ASGinzburg.CutQuiver.foundationCutDerivativeGenerator' depends on axioms: [propext, Classical.choice, Quot.sound]
'ASGinzburg.CutQuiver.foundationCutDerivativeGenerator_surjective' depends on axioms: [propext,
 Classical.choice,
 Quot.sound]
'ASGinzburg.CutQuiver.foundationMinimalCutDerivativeClass' depends on axioms: [propext, Classical.choice, Quot.sound]
'ASGinzburg.CutQuiver.foundationMinimalCutDerivativeClass_span' depends on axioms: [propext,
 Classical.choice,
 Quot.sound]
'ASGinzburg.CutQuiver.ginzburgOriginalTermIso_inclusion' depends on axioms: [propext, Classical.choice, Quot.sound]
'ASGinzburg.CutQuiver.GinzburgRegular.nativeIncomingElement' depends on axioms: [propext, Classical.choice, Quot.sound]
'ASGinzburg.CutQuiver.GinzburgRegular.nativeIncomingElement_quotientArrow' depends on axioms: [propext,
 Classical.choice,
 Quot.sound]
'ASGinzburg.CutQuiver.unrolledHomTransport_eq_mapDomain' depends on axioms: [propext, Classical.choice, Quot.sound]
'ASGinzburg.CutQuiver.UnrolledPath.transport_trans' does not depend on any axioms
'ASGinzburg.CutQuiver.unrolledComponentHeightEquiv_transport_cancel' depends on axioms: [propext,
 Classical.choice,
 Quot.sound]
'ASGinzburg.CutQuiver.GinzburgRegular.nativePathEvaluation' depends on axioms: [propext, Classical.choice, Quot.sound]
'ASGinzburg.CutQuiver.GinzburgRegular.nativePathLinearEvaluation' depends on axioms: [propext,
 Classical.choice,
 Quot.sound]
'ASGinzburg.CutQuiver.GinzburgRegular.nativePathPresentationMap' depends on axioms: [propext,
 Classical.choice,
 Quot.sound]
'ASGinzburg.CutQuiver.GinzburgRegular.nativePathPresentation_kernel' depends on axioms: [propext,
 Classical.choice,
 Quot.sound]
'ASGinzburg.ZAlgebra.LinearIdeal.eq_of_hom_eq' depends on axioms: [propext, Classical.choice, Quot.sound]
'ASGinzburg.CutQuiver.GinzburgRegular.nativePathPresentation_kernelIdeal' depends on axioms: [propext,
 Classical.choice,
 Quot.sound]
'ASGinzburg.CutQuiver.GinzburgRegular.nativeMinimalRelation_finrank' depends on axioms: [propext,
 Classical.choice,
 Quot.sound]
'ASGinzburg.CutQuiver.GinzburgRegular.foundationCutDerivativeMinimalRelationBasis' depends on axioms: [propext,
 Classical.choice,
 Quot.sound]
'ASGinzburg.CutQuiver.GinzburgRegular.foundationCutDerivativeMinimalRelationBasis_apply' depends on axioms: [propext,
 Classical.choice,
 Quot.sound]
'ASGinzburg.CutQuiver.GinzburgRegular.foundationMinimalCutDerivativeClass_linearIndependent' depends on axioms: [propext,
 Classical.choice,
 Quot.sound]
'ASGinzburg.CutQuiver.NoncutJacobianContextIndex' does not depend on any axioms
'ASGinzburg.CutQuiver.noncutJacobianContextValue' depends on axioms: [propext, Classical.choice, Quot.sound]
'ASGinzburg.CutQuiver.noncutJacobianContextValue_range' depends on axioms: [propext, Classical.choice, Quot.sound]
'ASGinzburg.CutQuiver.noncutJacobianContextLinearMap' depends on axioms: [propext, Classical.choice, Quot.sound]
'ASGinzburg.CutQuiver.noncutJacobianContextLinearMap_range' depends on axioms: [propext, Classical.choice, Quot.sound]
'ASGinzburg.CutQuiver.noncutJacobianContextCoefficients' depends on axioms: [propext, Classical.choice, Quot.sound]
'ASGinzburg.CutQuiver.noncutJacobianContextCoefficients_expansion' depends on axioms: [propext,
 Classical.choice,
 Quot.sound]
'ASGinzburg.CutQuiver.zeroCutIsomorphismDerivativeImage' depends on axioms: [propext, Classical.choice, Quot.sound]
'ASGinzburg.CutQuiver.zeroCutIsomorphismDerivativeImage_mem' depends on axioms: [propext, Classical.choice, Quot.sound]
'ASGinzburg.CutQuiver.zeroCutIsomorphismDerivativeContextCoefficients' depends on axioms: [propext,
 Classical.choice,
 Quot.sound]
'ASGinzburg.CutQuiver.zeroCutIsomorphismDerivativeContextCoefficients_expansion' depends on axioms: [propext,
 Classical.choice,
 Quot.sound]
'ASGinzburg.cyclicTrace_wordContext_transpose' depends on axioms: [propext, Classical.choice, Quot.sound]
'ASGinzburg.CutQuiver.closedPathTrace_context_transpose' depends on axioms: [propext, Classical.choice, Quot.sound]
'ASGinzburg.CutQuiver.pathJacobianContextTranspose' does not depend on any axioms
'ASGinzburg.CutQuiver.pathJacobianContextTranspose_trace' depends on axioms: [propext, Classical.choice, Quot.sound]
'ASGinzburg.CutQuiver.pathJacobianContextTranspose_cutDegree' depends on axioms: [propext]
'ASGinzburg.CutQuiver.pathJacobianContextTranspose_mem_cut' depends on axioms: [propext, Classical.choice, Quot.sound]
'ASGinzburg.CutQuiver.pathJacobianContextTranspose_length' depends on axioms: [propext]
'ASGinzburg.CutQuiver.pathJacobianContextTranspose_winding_sum' depends on axioms: [propext]
'ASGinzburg.CutQuiver.pathJacobianContextTranspose_winding_eq' depends on axioms: [propext,
 Classical.choice,
 Quot.sound]
'ASGinzburg.CutQuiver.cutContext_winding_lt_of_positive_length' depends on axioms: [propext,
 Classical.choice,
 Quot.sound]
'ASGinzburg.CutQuiver.Path.endpoints_eq_of_length_zero' depends on axioms: [propext, Classical.choice, Quot.sound]
'ASGinzburg.CutQuiver.pathJacobianContextTranspose_length_one_iff' depends on axioms: [propext,
 Classical.choice,
 Quot.sound]
'ASGinzburg.CutQuiver.pathJacobianContextTranspose_leading_endpoints' depends on axioms: [propext,
 Classical.choice,
 Quot.sound]
'ASGinzburg.CutQuiver.pathJacobianContextTranspose_leading_word' depends on axioms: [propext,
 Classical.choice,
 Quot.sound]
'ASGinzburg.CutQuiver.foundationIdealProductGenerators' depends on axioms: [propext, Classical.choice, Quot.sound]
'ASGinzburg.CutQuiver.foundationIdealProduct_eq_span' depends on axioms: [propext, Classical.choice, Quot.sound]
'ASGinzburg.CutQuiver.foundationRelationProductGenerators' depends on axioms: [propext, Classical.choice, Quot.sound]
'ASGinzburg.CutQuiver.foundationRelationDecomposables_eq_span' depends on axioms: [propext,
 Classical.choice,
 Quot.sound]
'ASGinzburg.CutQuiver.VertexCutPathAutomorphism.foundationPathComponentLinearEquiv' depends on axioms: [propext,
 Classical.choice,
 Quot.sound]
'ASGinzburg.CutQuiver.VertexCutPathAutomorphism.foundationPathComponentLinearEquiv_on_cut' depends on axioms: [propext,
 Classical.choice,
 Quot.sound]
'ASGinzburg.CutQuiver.VertexCutPathAutomorphism.foundationPathComponentLinearEquiv_comp' depends on axioms: [propext,
 Classical.choice,
 Quot.sound]
'ASGinzburg.CutQuiver.VertexCutPathAutomorphism.foundationPathComponentLinearEquiv_id' depends on axioms: [propext,
 Classical.choice,
 Quot.sound]
'ASGinzburg.CutQuiver.unrolledArrowIdeal_linearEquiv_mem_iff' depends on axioms: [propext, Classical.choice, Quot.sound]
'ASGinzburg.CutQuiver.zeroCutIsomorphismJacobianComponent_mem_iff' depends on axioms: [propext,
 Classical.choice,
 Quot.sound]
'ASGinzburg.CutQuiver.zeroCutIsomorphismJacobianComponent_map' depends on axioms: [propext,
 Classical.choice,
 Quot.sound]
'ASGinzburg.CutQuiver.zeroCutIsomorphismJacobianComponentLinearEquiv' depends on axioms: [propext,
 Classical.choice,
 Quot.sound]
'ASGinzburg.CutQuiver.zeroCutIsomorphismJacobianComponentLinearEquiv_val' depends on axioms: [propext,
 Classical.choice,
 Quot.sound]
'ASGinzburg.CutQuiver.foundationIdealProduct_component_map' depends on axioms: [propext, Classical.choice, Quot.sound]
'ASGinzburg.CutQuiver.foundationRelationDecomposables_component_map' depends on axioms: [propext,
 Classical.choice,
 Quot.sound]
'ASGinzburg.CutQuiver.zeroCutIsomorphismRelationDecomposables_map' depends on axioms: [propext,
 Classical.choice,
 Quot.sound]
'ASGinzburg.CutQuiver.zeroCutIsomorphismMinimalRelationDenominator_map' depends on axioms: [propext,
 Classical.choice,
 Quot.sound]
'ASGinzburg.CutQuiver.zeroCutIsomorphismMinimalRelationEquiv' depends on axioms: [propext, Classical.choice, Quot.sound]
'ASGinzburg.CutQuiver.zeroCutIsomorphismMinimalRelationEquiv_mk' depends on axioms: [propext,
 Classical.choice,
 Quot.sound]
'ASGinzburg.CutQuiver.GinzburgRegular.zeroCutIsomorphismTransportedDerivativeBasis' depends on axioms: [propext,
 Classical.choice,
 Quot.sound]
'ASGinzburg.CutQuiver.GinzburgRegular.zeroCutIsomorphismTransportedDerivativeBasis_apply' depends on axioms: [propext,
 Classical.choice,
 Quot.sound]
'ASGinzburg.CutQuiver.zeroCutIsomorphismDerivativeCoordinateEquiv' depends on axioms: [propext,
 Classical.choice,
 Quot.sound]
'ASGinzburg.CutQuiver.zeroCutIsomorphismDerivativeCoordinateEquiv_single' depends on axioms: [propext,
 Classical.choice,
 Quot.sound]
'ASGinzburg.CutQuiver.zeroCutIsomorphismDerivativeTransposeEquiv' depends on axioms: [propext,
 Classical.choice,
 Quot.sound]
'ASGinzburg.CutQuiver.zeroCutIsomorphismDerivativeTransposeEquiv_single_apply' depends on axioms: [propext,
 Classical.choice,
 Quot.sound]
'ASGinzburg.CutQuiver.foundationCutArrowPath' does not depend on any axioms
'ASGinzburg.CutQuiver.foundationCutArrowPath_length' depends on axioms: [propext]
'ASGinzburg.CutQuiver.foundationCutArrowPath_bijective' depends on axioms: [propext, Classical.choice, Quot.sound]
'ASGinzburg.CutQuiver.foundationCutArrowPathEquiv' depends on axioms: [propext, Classical.choice, Quot.sound]
'ASGinzburg.CutQuiver.foundationCutArrowCoordinateEquiv' depends on axioms: [propext, Classical.choice, Quot.sound]
'ASGinzburg.CutQuiver.foundationCutArrowCoordinateEquiv_single' depends on axioms: [propext,
 Classical.choice,
 Quot.sound]
'ASGinzburg.CutQuiver.zeroCutIsomorphismTransposeArrowLinearEquiv' depends on axioms: [propext,
 Classical.choice,
 Quot.sound]
'ASGinzburg.CutQuiver.zeroCutIsomorphismTransposeArrowLinearEquiv_backward' depends on axioms: [propext,
 Classical.choice,
 Quot.sound]
'ASGinzburg.CutQuiver.zeroCutIsomorphismTransposeArrowLinearEquiv_forward' depends on axioms: [propext,
 Classical.choice,
 Quot.sound]
'ASGinzburg.CutQuiver.zeroCutIsomorphismTransposeArrowAutomorphism' depends on axioms: [propext,
 Classical.choice,
 Quot.sound]
'ASGinzburg.CutQuiver.zeroCutIsomorphismTransposeArrowAutomorphism_arrow' depends on axioms: [propext,
 Classical.choice,
 Quot.sound]
'ASGinzburg.CutQuiver.zeroCutIsomorphismTransposeArrowAutomorphism_cut_arrow' depends on axioms: [propext,
 Classical.choice,
 Quot.sound]
'ASGinzburg.CutQuiver.zeroCutIsomorphismTransposeArrowAutomorphism_noncut_arrow' depends on axioms: [propext,
 Classical.choice,
 Quot.sound]
'ASGinzburg.CutQuiver.noncutJacobianContextTransposedTerm' depends on axioms: [propext, Classical.choice, Quot.sound]
'ASGinzburg.CutQuiver.noncutJacobianContextTransposedTerm_mem_cut' depends on axioms: [propext,
 Classical.choice,
 Quot.sound]
'ASGinzburg.CutQuiver.noncutJacobianContextTransposedTerm_noncut' depends on axioms: [propext,
 Classical.choice,
 Quot.sound]
'ASGinzburg.CutQuiver.noncutJacobianContextTransposedLinearMap' depends on axioms: [propext,
 Classical.choice,
 Quot.sound]
'ASGinzburg.CutQuiver.noncutJacobianContextTransposedLinearMap_mem_cut' depends on axioms: [propext,
 Classical.choice,
 Quot.sound]
'ASGinzburg.CutQuiver.noncutJacobianContextTransposedTerm_trace' depends on axioms: [propext,
 Classical.choice,
 Quot.sound]
'ASGinzburg.CutQuiver.noncutJacobianContextTransposedLinearMap_trace' depends on axioms: [propext,
 Classical.choice,
 Quot.sound]
'ASGinzburg.CutQuiver.zeroCutIsomorphismTransposedReplacement' depends on axioms: [propext,
 Classical.choice,
 Quot.sound]
'ASGinzburg.CutQuiver.zeroCutIsomorphismTransposedReplacement_noncut' depends on axioms: [propext,
 Classical.choice,
 Quot.sound]
'ASGinzburg.CutQuiver.zeroCutIsomorphismTransposedReplacement_mem_cut' depends on axioms: [propext,
 Classical.choice,
 Quot.sound]
'ASGinzburg.CutQuiver.zeroCutIsomorphismTransposedReplacement_trace' depends on axioms: [propext,
 Classical.choice,
 Quot.sound]
'ASGinzburg.CutQuiver.closedPathTrace_close_arrow' depends on axioms: [propext, Classical.choice, Quot.sound]
'ASGinzburg.CutQuiver.potential_cut_closedPathTrace_identity' depends on axioms: [propext, Classical.choice, Quot.sound]
'ASGinzburg.CutQuiver.pathArrowSubstitutionPath_eq_self_of_noncut_fixed' depends on axioms: [propext,
 Classical.choice,
 Quot.sound]
'ASGinzburg.CutQuiver.pathArrowSubstitutionComponent_eq_self_of_noncut_fixed' depends on axioms: [propext,
 Classical.choice,
 Quot.sound]
'ASGinzburg.CutQuiver.closedPathTrace_substitution' depends on axioms: [propext, Classical.choice, Quot.sound]
'ASGinzburg.CutQuiver.potential_cut_closedPathTrace_substitution' depends on axioms: [propext,
 Classical.choice,
 Quot.sound]
'ASGinzburg.CutQuiver.cutArrow_sum_subtype' depends on axioms: [propext, Classical.choice, Quot.sound]
'ASGinzburg.CutQuiver.zeroCutIsomorphismPotential_closedTrace' depends on axioms: [propext,
 Classical.choice,
 Quot.sound]
'ASGinzburg.CutQuiver.zeroCutIsomorphismTransposedCyclicSubstitution' depends on axioms: [propext,
 Classical.choice,
 Quot.sound]
'ASGinzburg.CutQuiver.zeroCutFoundationComponentEquiv_mem_Jacobian_iff' depends on axioms: [propext,
 Classical.choice,
 Quot.sound]
'ASGinzburg.CutQuiver.zeroCutNativeUnrollingEquiv_cutDerivative' depends on axioms: [propext,
 Classical.choice,
 Quot.sound]
'ASGinzburg.CutQuiver.zeroCutFoundationComponentEquiv_cutDerivative' depends on axioms: [propext,
 Classical.choice,
 Quot.sound]
'ASGinzburg.CutQuiver.noncutJacobianContextConstantArrow' depends on axioms: [propext, Classical.choice, Quot.sound]
'ASGinzburg.CutQuiver.noncutJacobianContextConstantProjection' depends on axioms: [propext,
 Classical.choice,
 Quot.sound]
'ASGinzburg.CutQuiver.noncutJacobianContextConstantProjection_single' depends on axioms: [propext,
 Classical.choice,
 Quot.sound]
'ASGinzburg.CutQuiver.noncutJacobianContextCutValue' depends on axioms: [propext, Classical.choice, Quot.sound]
'ASGinzburg.CutQuiver.noncutJacobianContextNativeValue' depends on axioms: [propext, Classical.choice, Quot.sound]
'ASGinzburg.CutQuiver.noncutJacobianContextMinimalClass' depends on axioms: [propext, Classical.choice, Quot.sound]
'ASGinzburg.CutQuiver.noncutJacobianContextMinimalClass_zero_of_positive_length' depends on axioms: [propext,
 Classical.choice,
 Quot.sound]
'ASGinzburg.CutQuiver.noncutJacobianContextMinimalClass_formula' depends on axioms: [propext,
 Classical.choice,
 Quot.sound]
'ASGinzburg.CutQuiver.noncutJacobianContextMinimalClass_linearCombination' depends on axioms: [propext,
 Classical.choice,
 Quot.sound]
'ASGinzburg.CutQuiver.zeroCutJacobianRelationNativeElement' depends on axioms: [propext, Classical.choice, Quot.sound]
'ASGinzburg.CutQuiver.noncutJacobianContextNativeValue_expansion' depends on axioms: [propext,
 Classical.choice,
 Quot.sound]
'ASGinzburg.CutQuiver.zeroCutJacobianRelationNativeElement_minimalClass' depends on axioms: [propext,
 Classical.choice,
 Quot.sound]
'ASGinzburg.CutQuiver.zeroCutIsomorphismDerivativeImage_minimalClass' depends on axioms: [propext,
 Classical.choice,
 Quot.sound]
'ASGinzburg.CutQuiver.zeroCutIsomorphismDerivativeImage_constantCoordinates' depends on axioms: [propext,
 Classical.choice,
 Quot.sound]
'ASGinzburg.CutQuiver.zeroCutIsomorphismDerivativeCoordinateEquiv_constantProjection' depends on axioms: [propext,
 Classical.choice,
 Quot.sound]
'ASGinzburg.CutQuiver.pathSubstitutionArrowLinearMap_eq_of_arrow_images' depends on axioms: [propext,
 Classical.choice,
 Quot.sound]
'ASGinzburg.CutQuiver.pathSubstitutionArrowLinearMap_bijective_of_arrow_images' depends on axioms: [propext,
 Classical.choice,
 Quot.sound]
'ASGinzburg.CutQuiver.noncutJacobianContextTransposedTerm_projection_same_endpoints' depends on axioms: [propext,
 Classical.choice,
 Quot.sound]
'ASGinzburg.CutQuiver.noncutJacobianContextTransposedTerm_projection_different_endpoints' depends on axioms: [propext,
 Classical.choice,
 Quot.sound]
'ASGinzburg.CutQuiver.noncutJacobianContextTransposedLeadingCoordinates' depends on axioms: [propext,
 Classical.choice,
 Quot.sound]
'ASGinzburg.CutQuiver.noncutJacobianContextTransposedLinearMap_projection' depends on axioms: [propext,
 Classical.choice,
 Quot.sound]
'ASGinzburg.CutQuiver.noncutJacobianContextLeadingAggregationCoordinates' depends on axioms: [propext,
 Classical.choice,
 Quot.sound]
'ASGinzburg.CutQuiver.noncutJacobianContextLeadingAggregationCoordinates_apply' depends on axioms: [propext,
 Classical.choice,
 Quot.sound]
'ASGinzburg.CutQuiver.noncutJacobianContextLeadingAggregation_projection' depends on axioms: [propext,
 Classical.choice,
 Quot.sound]
'ASGinzburg.CutQuiver.zeroCutIsomorphismTransposedLeadingCoordinates' depends on axioms: [propext,
 Classical.choice,
 Quot.sound]
'ASGinzburg.CutQuiver.zeroCutIsomorphismTransposedReplacement_leading_coordinates_apply' depends on axioms: [propext,
 Classical.choice,
 Quot.sound]
'ASGinzburg.CutQuiver.zeroCutIsomorphismTransposedReplacement_leading_projection' depends on axioms: [propext,
 Classical.choice,
 Quot.sound]
'ASGinzburg.CutQuiver.zeroCutIsomorphismTransposedReplacement_noncut_leading_projection' depends on axioms: [propext,
 Classical.choice,
 Quot.sound]
'ASGinzburg.CutQuiver.zeroCutIsomorphismDerivativeTransposeEquiv_coeff_transport' depends on axioms: [propext,
 Classical.choice,
 Quot.sound]
'ASGinzburg.CutQuiver.zeroCutIsomorphismTransposedConstantCoefficient' depends on axioms: [propext,
 Classical.choice,
 Quot.sound]
'ASGinzburg.CutQuiver.zeroCutIsomorphismTransposedLeadingCoordinates_eq_transpose' depends on axioms: [propext,
 Classical.choice,
 Quot.sound]
'ASGinzburg.CutQuiver.zeroCutIsomorphismTransposedReplacement_leading_arrow' depends on axioms: [propext,
 Classical.choice,
 Quot.sound]
'ASGinzburg.CutQuiver.zeroCutIsomorphismTransposedReplacement_leading_bijective' depends on axioms: [propext,
 Classical.choice,
 Quot.sound]
'ASGinzburg.CutQuiver.zeroCutIsomorphismTransposedAutomorphism' depends on axioms: [propext,
 Classical.choice,
 Quot.sound]
'ASGinzburg.CutQuiver.zeroCutIsomorphismTransposedAutomorphism_arrow' depends on axioms: [propext,
 Classical.choice,
 Quot.sound]
'ASGinzburg.CutQuiver.zeroCutIsomorphismTransposedAutomorphism_potential' depends on axioms: [propext,
 Classical.choice,
 Quot.sound]
'ASGinzburg.CutQuiver.nativeJacobianIsomorphismPotentialAutomorphism' depends on axioms: [propext,
 Classical.choice,
 Quot.sound]
'ASGinzburg.CutQuiver.nativeJacobianIsomorphismPotentialAutomorphism_potential' depends on axioms: [propext,
 Classical.choice,
 Quot.sound]
'ASGinzburg.CutQuiver.GinzburgRegular.nativeJacobianIsomorphism_potentialOrbit' depends on axioms: [propext,
 Classical.choice,
 Quot.sound]
'ASGinzburg.asGinzburgClassInjection' depends on axioms: [propext, Classical.choice, Quot.sound]
'ASGinzburg.GinzburgRegularPotential.pathClass_eq_iff_asClass_eq' depends on axioms: [propext,
 Classical.choice,
 Quot.sound]
'ASGinzburg.ginzburgRegularPotentialASClassMap_injective' depends on axioms: [propext, Classical.choice, Quot.sound]
