'ASGinzburg.wordSubstitutionBetweenWord' depends on axioms: [propext, Classical.choice, Quot.sound]
'ASGinzburg.wordSubstitutionBetween' depends on axioms: [propext, Classical.choice, Quot.sound]
'ASGinzburg.wordSubstitutionBetween_single' depends on axioms: [propext, Classical.choice, Quot.sound]
'ASGinzburg.wordSubstitutionBetweenWord_append' depends on axioms: [propext, Classical.choice, Quot.sound]
'ASGinzburg.wordSubstitutionBetween_concatenation' depends on axioms: [propext, Classical.choice, Quot.sound]
'ASGinzburg.wordSubstitutionBetweenWord_same' depends on axioms: [propext, Classical.choice, Quot.sound]
'ASGinzburg.wordSubstitutionBetween_same' depends on axioms: [propext, Classical.choice, Quot.sound]
'ASGinzburg.wordSubstitutionBetweenWord_composition' depends on axioms: [propext, Classical.choice, Quot.sound]
'ASGinzburg.wordSubstitutionBetween_composition' depends on axioms: [propext, Classical.choice, Quot.sound]
'ASGinzburg.wordSubstitutedOccurrenceSandwich' depends on axioms: [propext, Classical.choice, Quot.sound]
'ASGinzburg.wordSubstitutedOccurrenceSandwich_apply' depends on axioms: [propext, Classical.choice, Quot.sound]
'ASGinzburg.wordSubstitutedOccurrenceContextAux' depends on axioms: [propext, Classical.choice, Quot.sound]
'ASGinzburg.wordSubstitutedOccurrenceContextWord' depends on axioms: [propext, Classical.choice, Quot.sound]
'ASGinzburg.wordSubstitutedOccurrenceContext' depends on axioms: [propext, Classical.choice, Quot.sound]
'ASGinzburg.wordSubstitutedOccurrenceContext_single' depends on axioms: [propext, Classical.choice, Quot.sound]
'ASGinzburg.wordSubstitutedOccurrenceContextAux_prefix' depends on axioms: [propext, Classical.choice, Quot.sound]
'ASGinzburg.wordSubstitutedOccurrenceContextWord_cons' depends on axioms: [propext, Classical.choice, Quot.sound]
'ASGinzburg.wordSubstitutedOccurrenceContextWord_append' depends on axioms: [propext, Classical.choice, Quot.sound]
'ASGinzburg.wordSubstitutedOccurrenceContext_concatenation' depends on axioms: [propext, Classical.choice, Quot.sound]
'ASGinzburg.wordSubstitutedOccurrenceContextWord_chain' depends on axioms: [propext, Classical.choice, Quot.sound]
'ASGinzburg.wordSubstitutedOccurrenceContext_chain' depends on axioms: [propext, Classical.choice, Quot.sound]
'ASGinzburg.wordSubstitutedOccurrenceContextWord_composition' depends on axioms: [propext, Classical.choice, Quot.sound]
'ASGinzburg.wordSubstitutedOccurrenceContext_composition' depends on axioms: [propext, Classical.choice, Quot.sound]
'ASGinzburg.wordSubstitutedOccurrenceContextWord_transport' depends on axioms: [propext, Classical.choice, Quot.sound]
'ASGinzburg.wordSubstitutedOccurrenceContext_transport' depends on axioms: [propext, Classical.choice, Quot.sound]
