'ASGinzburg.CutQuiver.foundationCutArrowPath' does not depend on any axioms
'ASGinzburg.CutQuiver.foundationCutArrowPath_length' depends on axioms: [propext]
'ASGinzburg.CutQuiver.foundationCutArrowPath_bijective' depends on axioms: [propext, Classical.choice, Quot.sound]
'ASGinzburg.CutQuiver.foundationCutArrowPathEquiv' depends on axioms: [propext, Classical.choice, Quot.sound]
'ASGinzburg.CutQuiver.foundationCutArrowCoordinateEquiv' depends on axioms: [propext, Classical.choice, Quot.sound]
'ASGinzburg.CutQuiver.foundationCutArrowCoordinateEquiv_single' depends on axioms: [propext,
 Classical.choice,
 Quot.sound]
'ASGinzburg.CutQuiver.zeroCutIsomorphismTransposeArrowLinearEquiv' depends on axioms: [propext,
 Classical.choice,
 Quot.sound]
'ASGinzburg.CutQuiver.zeroCutIsomorphismTransposeArrowLinearEquiv_backward' depends on axioms: [propext,
 Classical.choice,
 Quot.sound]
'ASGinzburg.CutQuiver.zeroCutIsomorphismTransposeArrowLinearEquiv_forward' depends on axioms: [propext,
 Classical.choice,
 Quot.sound]
'ASGinzburg.CutQuiver.zeroCutIsomorphismTransposeArrowAutomorphism' depends on axioms: [propext,
 Classical.choice,
 Quot.sound]
'ASGinzburg.CutQuiver.zeroCutIsomorphismTransposeArrowAutomorphism_arrow' depends on axioms: [propext,
 Classical.choice,
 Quot.sound]
'ASGinzburg.CutQuiver.zeroCutIsomorphismTransposeArrowAutomorphism_cut_arrow' depends on axioms: [propext,
 Classical.choice,
 Quot.sound]
'ASGinzburg.CutQuiver.zeroCutIsomorphismTransposeArrowAutomorphism_noncut_arrow' depends on axioms: [propext,
 Classical.choice,
 Quot.sound]
