'ASGinzburg.CutQuiver.ginzburgWordStartsAt' does not depend on any axioms
'ASGinzburg.CutQuiver.ginzburgWordStartsAtDecidable' does not depend on any axioms
'ASGinzburg.CutQuiver.ginzburgWordStartsAt_append_of_nonempty' does not depend on any axioms
'ASGinzburg.CutQuiver.GinzburgPath.wordStartsAt_source' depends on axioms: [propext]
'ASGinzburg.CutQuiver.GinzburgPath.wordStartsAt_iff' depends on axioms: [propext]
'ASGinzburg.CutQuiver.GinzburgPath.toList_ne_nil_of_cohomologicalDegree_ne_zero' depends on axioms: [propext]
'ASGinzburg.CutQuiver.ginzburgVertexWordProjection' depends on axioms: [propext, Classical.choice, Quot.sound]
'ASGinzburg.CutQuiver.ginzburgVertexWordProjection_single' depends on axioms: [propext, Classical.choice, Quot.sound]
'ASGinzburg.CutQuiver.ginzburgVertexWordProjection_pathWordMap_single_of_nonempty' depends on axioms: [propext,
 Classical.choice,
 Quot.sound]
'ASGinzburg.CutQuiver.ginzburgVertexWordProjection_pathWordMap_of_nonempty' depends on axioms: [propext,
 Classical.choice,
 Quot.sound]
'ASGinzburg.CutQuiver.ginzburgVertexWordProjection_pathWordMap_of_cohomological' depends on axioms: [propext,
 Classical.choice,
 Quot.sound]
'ASGinzburg.CutQuiver.ginzburgVertexWordProjection_sum_pathWordMap_of_cohomological' depends on axioms: [propext,
 Classical.choice,
 Quot.sound]
