work/ASGinzburgDraft/ZeroCutIsomorphismTransposedAutomorphism.lean:47:55: error(lean.unknownIdentifier): Unknown identifier `hφ`
work/ASGinzburgDraft/ZeroCutIsomorphismTransposedAutomorphism.lean:47:58: error(lean.unknownIdentifier): Unknown identifier `hψ`
work/ASGinzburgDraft/ZeroCutIsomorphismTransposedAutomorphism.lean:48:65: error(lean.unknownIdentifier): Unknown identifier `hφ`
work/ASGinzburgDraft/ZeroCutIsomorphismTransposedAutomorphism.lean:48:68: error(lean.unknownIdentifier): Unknown identifier `hψ`
work/ASGinzburgDraft/ZeroCutIsomorphismTransposedAutomorphism.lean:53:69: error: Application type mismatch: The argument
  hφ
has type
  Q.GinzburgRegular k φ
of sort `Prop` but is expected to have type
  Q.Vertex
of sort `Type` in the application
  zeroCutIsomorphismTransposedReplacement_leading_bijective Q k F hφ
work/ASGinzburgDraft/ZeroCutIsomorphismTransposedAutomorphism.lean:57:7: error: Function expected at
  Q.zeroCutIsomorphismTransposedAutomorphism k F
but this term has type
  ↥(Q.VertexCutPathAutomorphism k)

Note: Expected a function because this term is being applied to the argument
  hφ
work/ASGinzburgDraft/ZeroCutIsomorphismTransposedAutomorphism.lean:62:5: error: Function expected at
  Q.zeroCutIsomorphismTransposedAutomorphism k F
but this term has type
  ↥(Q.VertexCutPathAutomorphism k)

Note: Expected a function because this term is being applied to the argument
  hφ
work/ASGinzburgDraft/ZeroCutIsomorphismTransposedAutomorphism.lean:79:3: error: Function expected at
  Q.zeroCutIsomorphismTransposedAutomorphism k F
but this term has type
  ↥(Q.VertexCutPathAutomorphism k)

Note: Expected a function because this term is being applied to the argument
  hφ
work/ASGinzburgDraft/ZeroCutIsomorphismTransposedAutomorphism.lean:83:5: error: Function expected at
  Q.nativeJacobianIsomorphismPotentialAutomorphism k F
but this term has type
  ↥(Q.VertexCutPathAutomorphism k)

Note: Expected a function because this term is being applied to the argument
  hφ
work/ASGinzburgDraft/ZeroCutIsomorphismTransposedAutomorphism.lean:84:6: error: Failed to rewrite using equation theorems for `nativeJacobianIsomorphismPotentialAutomorphism`
work/ASGinzburgDraft/ZeroCutIsomorphismTransposedAutomorphism.lean:84:6: warning: declaration uses 'sorry'
work/ASGinzburgDraft/ZeroCutIsomorphismTransposedAutomorphism.lean:92:3: error: Function expected at
  Q.nativeJacobianIsomorphismPotentialAutomorphism k F
but this term has type
  ↥(Q.VertexCutPathAutomorphism k)

Note: Expected a function because this term is being applied to the argument
  hφ
work/ASGinzburgDraft/ZeroCutIsomorphismTransposedAutomorphism.lean:93:4: error: Invalid field `nativeJacobianIsomorphismPotentialAutomorphism_potential`: The environment does not contain `ASGinzburg.CutQuiver.nativeJacobianIsomorphismPotentialAutomorphism_potential`
  Q
has type
  CutQuiver
