'ASGinzburg.balancedTensorAdjunction_unit_apply' depends on axioms: [propext, Classical.choice, Quot.sound]
'ASGinzburg.balancedTensorAdjunction_counit_tmul' depends on axioms: [propext, Classical.choice, Quot.sound]
'ASGinzburg.balancedTensorIdealAction' depends on axioms: [propext, Quot.sound]
'ASGinzburg.balancedTensorIdealAction_mem' depends on axioms: [propext, Quot.sound]
'ASGinzburg.balancedTensorIdealAction_smul_mem' depends on axioms: [propext, Classical.choice, Quot.sound]
'ASGinzburg.BalancedTensorIdealQuotient' depends on axioms: [propext, Quot.sound]
'ASGinzburg.balancedTensorQuotientScalar' depends on axioms: [propext, Quot.sound]
'ASGinzburg.balancedTensorQuotientCoefficient' depends on axioms: [propext, Classical.choice, Quot.sound]
'ASGinzburg.balancedTensorQuotientCoefficient_mk' depends on axioms: [propext, Classical.choice, Quot.sound]
'ASGinzburg.balancedTensorQuotientBilinear' depends on axioms: [propext, Classical.choice, Quot.sound]
'ASGinzburg.balancedTensorQuotientMap' depends on axioms: [propext, Classical.choice, Quot.sound]
'ASGinzburg.balancedTensorQuotientMap_tmul_mk' depends on axioms: [propext, Classical.choice, Quot.sound]
'ASGinzburg.balancedTensorQuotientInverse' depends on axioms: [propext, Classical.choice, Quot.sound]
'ASGinzburg.balancedTensorQuotientInverse_mk' depends on axioms: [propext, Classical.choice, Quot.sound]
'ASGinzburg.balancedTensorQuotientEquiv' depends on axioms: [propext, Classical.choice, Quot.sound]
'ASGinzburg.balancedTensorQuotientEquiv_tmul_mk' depends on axioms: [propext, Classical.choice, Quot.sound]
'ASGinzburg.balancedTensorQuotientEquiv_symm_mk' depends on axioms: [propext, Classical.choice, Quot.sound]
'ASGinzburg.ZAlgebra.rightModule_eq_zero_of_boundedAbove_radical_top' depends on axioms: [propext,
 Classical.choice,
 Quot.sound]
'ASGinzburg.ZAlgebra.rightModule_isZero_of_boundedAbove_radical_top' depends on axioms: [propext,
 Classical.choice,
 Quot.sound]
'ASGinzburg.ZAlgebra.rightModule_isZero_of_boundedAbove_radical_quotient' depends on axioms: [propext,
 Classical.choice,
 Quot.sound]
'ASGinzburg.balancedTensorScalarRestrictionMap' depends on axioms: [propext, Classical.choice, Quot.sound]
'ASGinzburg.balancedTensorScalarRestrictionInverse' depends on axioms: [propext, Classical.choice, Quot.sound]
'ASGinzburg.balancedTensorScalarRestrictionIso' depends on axioms: [propext, Classical.choice, Quot.sound]
'ASGinzburg.ZAlgebra.rightModule_surjective_of_boundedAbove_range_add_radical' depends on axioms: [propext,
 Classical.choice,
 Quot.sound]
'ASGinzburg.ZAlgebra.rightModule_epi_of_boundedAbove_range_add_radical' depends on axioms: [propext,
 Classical.choice,
 Quot.sound]
'ASGinzburg.ZAlgebra.rightSmallCoproductProjection' depends on axioms: [propext, Classical.choice, Quot.sound]
'ASGinzburg.ZAlgebra.rightSmallCoproduct_inclusion_projection' depends on axioms: [propext,
 Classical.choice,
 Quot.sound]
'ASGinzburg.ZAlgebra.rightSmallCoproduct_inclusion_projection_off' depends on axioms: [propext,
 Classical.choice,
 Quot.sound]
'ASGinzburg.ZAlgebra.rightSmallCoproductComponentIso' depends on axioms: [propext, Classical.choice, Quot.sound]
'ASGinzburg.ZAlgebra.rightSmallCoproductComponentIso_lof_inv' depends on axioms: [propext, Classical.choice, Quot.sound]
'ASGinzburg.ZAlgebra.rightSmallCoproductComponentIso_projection' depends on axioms: [propext,
 Classical.choice,
 Quot.sound]
'ASGinzburg.ZAlgebra.rightSmallCoproduct_radical_iff' depends on axioms: [propext, Classical.choice, Quot.sound]
'ASGinzburg.ZAlgebra.rightSmallCoproductTopMap' depends on axioms: [propext, Classical.choice, Quot.sound]
'ASGinzburg.ZAlgebra.rightSmallCoproductTopMap_surjective' depends on axioms: [propext, Classical.choice, Quot.sound]
'ASGinzburg.ZAlgebra.rightSmallCoproductTopMap_ker' depends on axioms: [propext, Classical.choice, Quot.sound]
'ASGinzburg.ZAlgebra.rightSmallCoproductTopEquiv' depends on axioms: [propext, Classical.choice, Quot.sound]
'ASGinzburg.ZAlgebra.RightModuleTopSpace' depends on axioms: [propext, Classical.choice, Quot.sound]
'ASGinzburg.ZAlgebra.rightTopBasisIndex' depends on axioms: [propext, Classical.choice, Quot.sound]
'ASGinzburg.ZAlgebra.rightTopBasisLift' depends on axioms: [propext, Classical.choice, Quot.sound]
'ASGinzburg.ZAlgebra.rightTopBasisLift_mkQ' depends on axioms: [propext, Classical.choice, Quot.sound]
'ASGinzburg.ZAlgebra.rightTopBasisFreeModule' depends on axioms: [propext, Classical.choice, Quot.sound]
'ASGinzburg.ZAlgebra.rightTopBasisFreeModuleπ' depends on axioms: [propext, Classical.choice, Quot.sound]
'ASGinzburg.ZAlgebra.rightTopBasisFreeModule_projective' depends on axioms: [propext, Classical.choice, Quot.sound]
'ASGinzburg.ZAlgebra.rightTopBasisFreeModuleπ_generator' depends on axioms: [propext, Classical.choice, Quot.sound]
'ASGinzburg.ZAlgebra.rightTopBasisFreeModuleπ_top_surjective' depends on axioms: [propext, Classical.choice, Quot.sound]
'ASGinzburg.ZAlgebra.rightTopBasisFreeModuleπ_range_add_radical' depends on axioms: [propext,
 Classical.choice,
 Quot.sound]
'ASGinzburg.ZAlgebra.rightTopBasisFreeModuleπ_epi' depends on axioms: [propext, Classical.choice, Quot.sound]
'ASGinzburg.ZAlgebra.rightTopBasisIndex_le_of_height_bound' depends on axioms: [propext, Classical.choice, Quot.sound]
'ASGinzburg.ZAlgebra.rightTopBasisFreeModule_isZero_above_of_height_bound' depends on axioms: [propext,
 Classical.choice,
 Quot.sound]
'ASGinzburg.ZAlgebra.rightTopBasisFreeModuleπ_kernel_isZero_above_of_height_bound' depends on axioms: [propext,
 Classical.choice,
 Quot.sound]
'ASGinzburg.ZAlgebra.representable_component_mem_radical_of_ne' depends on axioms: [propext,
 Classical.choice,
 Quot.sound]
'ASGinzburg.ZAlgebra.rightTopBasisFreeModuleπ_coordinate' depends on axioms: [propext, Classical.choice, Quot.sound]
'ASGinzburg.ZAlgebra.rightTopBasisFreeModuleπ_mem_radical_of_map_eq_zero' depends on axioms: [propext,
 Classical.choice,
 Quot.sound]
'ASGinzburg.ZAlgebra.rightTopBasisFreeModuleπ_kernel_inclusion_minimal' depends on axioms: [propext,
 Classical.choice,
 Quot.sound]
'ASGinzburg.ZAlgebra.PeriodIso.cornerCoverHom_diagonal_eq_zero_of_mem_radical' depends on axioms: [propext,
 Classical.choice,
 Quot.sound]
'ASGinzburg.ZAlgebra.PeriodIso.cornerModuleMap_mem_positiveActionSpan_of_radical' depends on axioms: [propext,
 Classical.choice,
 Quot.sound]
'ASGinzburg.ZAlgebra.PeriodIso.cornerPositiveActionSpan_component_lof_mem' depends on axioms: [propext,
 Classical.choice,
 Quot.sound]
'ASGinzburg.ZAlgebra.PeriodIso.cutHomogeneousRadicalAction_component_lof_mem' depends on axioms: [propext,
 Classical.choice,
 Quot.sound]
'ASGinzburg.ZAlgebra.PeriodIso.cutRightRepresentation_radical_component_mem' depends on axioms: [propext,
 Classical.choice,
 Quot.sound]
'ASGinzburg.ZAlgebra.PeriodIso.cornerRadicalActionSpan_component_mem' depends on axioms: [propext,
 Classical.choice,
 Quot.sound]
'ASGinzburg.ZAlgebra.PeriodIso.cornerRadicalActionSpan_mem_iff_components' depends on axioms: [propext,
 Classical.choice,
 Quot.sound]
'ASGinzburg.ZAlgebra.PeriodIso.cornerRadicalActionSpan_eq_top_iff_components' depends on axioms: [propext,
 Classical.choice,
 Quot.sound]
'ASGinzburg.ZAlgebra.PeriodIso.cornerCoverHeight_above_bound_of_degree_below' depends on axioms: [propext,
 Classical.choice,
 Quot.sound]
'ASGinzburg.ZAlgebra.PeriodIso.cornerModuleDegreeSpace_subsingleton_of_height_bound' depends on axioms: [propext,
 Classical.choice,
 Quot.sound]
'ASGinzburg.ZAlgebra.PeriodIso.cornerGradedRightModule_grade_eq_bot_of_height_bound' depends on axioms: [propext,
 Classical.choice,
 Quot.sound]
'ASGinzburg.ZAlgebra.PeriodIso.CutGradedRightModule.recoveredRightModule_isZero_above_of_grade_lower_bound' depends on axioms: [propext,
 Classical.choice,
 Quot.sound]
'ASGinzburg.ZAlgebra.PeriodIso.CutGradedRightModule.recoveredRightModule_isZero_iff_subsingleton_space' depends on axioms: [propext,
 Classical.choice,
 Quot.sound]
'ASGinzburg.ZAlgebra.PeriodIso.CutGradedRightModule.recoveredTotalEquiv_symm_mem_radical' depends on axioms: [propext,
 Classical.choice,
 Quot.sound]
'ASGinzburg.ZAlgebra.PeriodIso.CutGradedRightModule.recoveredTotalEquiv_mem_radical' depends on axioms: [propext,
 Classical.choice,
 Quot.sound]
'ASGinzburg.ZAlgebra.PeriodIso.CutGradedRightModule.recoveredTotalEquiv_mem_radical_iff' depends on axioms: [propext,
 Classical.choice,
 Quot.sound]
'ASGinzburg.ZAlgebra.PeriodIso.CutGradedRightModule.subsingleton_space_of_grade_lower_bound_radical_top' depends on axioms: [propext,
 Classical.choice,
 Quot.sound]
'ASGinzburg.ZAlgebra.PeriodIso.CutGradedRightModule.subsingleton_space_of_grade_lower_bound_radical_quotient' depends on axioms: [propext,
 Classical.choice,
 Quot.sound]
'ASGinzburg.ZAlgebra.PeriodIso.CutGradedRightModule.balancedTensorIdealAction_eq_gradedRadicalActionSpan' depends on axioms: [propext,
 Classical.choice,
 Quot.sound]
'ASGinzburg.ZAlgebra.PeriodIso.CutGradedRightModule.subsingleton_space_of_grade_lower_bound_tensor_radical_quotient' depends on axioms: [propext,
 Classical.choice,
 Quot.sound]
'ASGinzburg.ZAlgebra.PeriodIso.CutGradedRightModule.ringModule_isZero_of_grade_lower_bound_tensor_radical_quotient' depends on axioms: [propext,
 Classical.choice,
 Quot.sound]
'ASGinzburg.ZAlgebra.PeriodIso.CutGradedRightModule.ringModule_isZero_of_grade_lower_bound_tensor_functor' depends on axioms: [propext,
 Classical.choice,
 Quot.sound]
'ASGinzburg.balancedTensorRightUnitBilinear' depends on axioms: [propext, Quot.sound]
'ASGinzburg.balancedTensorRightUnitMap' depends on axioms: [propext, Classical.choice, Quot.sound]
'ASGinzburg.balancedTensorRightUnitInverse' depends on axioms: [propext, Quot.sound]
'ASGinzburg.balancedTensorRightUnitMap_tmul' depends on axioms: [propext, Classical.choice, Quot.sound]
'ASGinzburg.balancedTensorRightUnitInverse_apply' depends on axioms: [propext, Quot.sound]
'ASGinzburg.balancedTensorRightUnitEquiv' depends on axioms: [propext, Classical.choice, Quot.sound]
'ASGinzburg.balancedTensorDualCurry' depends on axioms: [propext, Classical.choice, Quot.sound]
'ASGinzburg.balancedTensorDualCurry_apply' depends on axioms: [propext, Classical.choice, Quot.sound]
'ASGinzburg.balancedTensorDualRestrict' depends on axioms: [propext, Quot.sound]
'ASGinzburg.balancedTensorDualRestrict_apply' depends on axioms: [propext, Quot.sound]
'ASGinzburg.balancedTensorDualRestrict_surjective' depends on axioms: [propext, Classical.choice, Quot.sound]
'ASGinzburg.balancedTensorDualUncurry' depends on axioms: [propext, Classical.choice, Quot.sound]
'ASGinzburg.balancedTensorDualUncurry_tmul' depends on axioms: [propext, Classical.choice, Quot.sound]
'ASGinzburg.balancedTensorFunctional_exists_extension' depends on axioms: [propext, Classical.choice, Quot.sound]
'ASGinzburg.balancedTensorMapRight_injective_of_projective' depends on axioms: [propext, Classical.choice, Quot.sound]
'ASGinzburg.balancedTensorRightFunctorPreservesMonomorphisms' depends on axioms: [propext, Classical.choice, Quot.sound]
'ASGinzburg.balancedTensorRightFunctorPreservesHomology' depends on axioms: [propext, Classical.choice, Quot.sound]
'ASGinzburg.balancedTensorRightFunctor_map_exact' depends on axioms: [propext, Classical.choice, Quot.sound]
'ASGinzburg.balancedTensorRight_projective_resolution_exactAt' depends on axioms: [propext,
 Classical.choice,
 Quot.sound]
'ASGinzburg.balancedTensorTor_projective_right_succ' depends on axioms: [propext, Classical.choice, Quot.sound]
'ASGinzburg.ZAlgebra.HeightBoundedRightModule' depends on axioms: [propext, Classical.choice, Quot.sound]
'ASGinzburg.ZAlgebra.HeightBoundedRightModule.kernelTopBasis' depends on axioms: [propext, Classical.choice, Quot.sound]
'ASGinzburg.ZAlgebra.HeightBoundedRightModule.syzygy' depends on axioms: [propext, Classical.choice, Quot.sound]
'ASGinzburg.ZAlgebra.HeightBoundedRightModule.term' depends on axioms: [propext, Classical.choice, Quot.sound]
'ASGinzburg.ZAlgebra.HeightBoundedRightModule.cover' depends on axioms: [propext, Classical.choice, Quot.sound]
'ASGinzburg.ZAlgebra.HeightBoundedRightModule.term_projective' depends on axioms: [propext,
 Classical.choice,
 Quot.sound]
'ASGinzburg.ZAlgebra.HeightBoundedRightModule.cover_epi' depends on axioms: [propext, Classical.choice, Quot.sound]
'ASGinzburg.ZAlgebra.HeightBoundedRightModule.term_isZero_above' depends on axioms: [propext,
 Classical.choice,
 Quot.sound]
'ASGinzburg.ZAlgebra.HeightBoundedRightModule.differential' depends on axioms: [propext, Classical.choice, Quot.sound]
'ASGinzburg.ZAlgebra.HeightBoundedRightModule.differential_cover' depends on axioms: [propext,
 Classical.choice,
 Quot.sound]
'ASGinzburg.ZAlgebra.HeightBoundedRightModule.differential_sq' depends on axioms: [propext,
 Classical.choice,
 Quot.sound]
'ASGinzburg.ZAlgebra.HeightBoundedRightModule.differential_minimal' depends on axioms: [propext,
 Classical.choice,
 Quot.sound]
'ASGinzburg.ZAlgebra.HeightBoundedRightModule.differential_cover_exact' depends on axioms: [propext,
 Classical.choice,
 Quot.sound]
'ASGinzburg.ZAlgebra.HeightBoundedRightModule.differential_exact' depends on axioms: [propext,
 Classical.choice,
 Quot.sound]
'ASGinzburg.ZAlgebra.HeightBoundedRightModule.complex' depends on axioms: [propext, Classical.choice, Quot.sound]
'ASGinzburg.ZAlgebra.HeightBoundedRightModule.complex_exactAt_succ' depends on axioms: [propext,
 Classical.choice,
 Quot.sound]
'ASGinzburg.ZAlgebra.HeightBoundedRightModule.augmentation' depends on axioms: [propext, Classical.choice, Quot.sound]
'ASGinzburg.ZAlgebra.HeightBoundedRightModule.augmentation_quasiIso' depends on axioms: [propext,
 Classical.choice,
 Quot.sound]
'ASGinzburg.ZAlgebra.HeightBoundedRightModule.resolution' depends on axioms: [propext, Classical.choice, Quot.sound]
'ASGinzburg.ZAlgebra.HeightBoundedRightModule.complex_d_minimal' depends on axioms: [propext,
 Classical.choice,
 Quot.sound]
'ASGinzburg.ZAlgebra.rightBoundedMinimalResolution' depends on axioms: [propext, Classical.choice, Quot.sound]
'ASGinzburg.ZAlgebra.rightBoundedMinimalResolution_term_isZero_above' depends on axioms: [propext,
 Classical.choice,
 Quot.sound]
'ASGinzburg.ZAlgebra.rightBoundedMinimalResolution_d_minimal' depends on axioms: [propext, Classical.choice, Quot.sound]
'ASGinzburg.ZAlgebra.exists_heightBounded_minimal_projectiveResolution' depends on axioms: [propext,
 Classical.choice,
 Quot.sound]
'ASGinzburg.module_eq_zero_of_ideal_power_annihilates_action_span_top' depends on axioms: [propext,
 Classical.choice,
 Quot.sound]
'ASGinzburg.module_subsingleton_of_nilpotent_ideal_action_span_top' depends on axioms: [propext,
 Classical.choice,
 Quot.sound]
