'ASGinzburg.regularTensorOrbitClass_eq_iff_potentialPathClass' depends on axioms: [propext,
 Classical.choice,
 Quot.sound]
'ASGinzburg.corollary52ClassStatement_iff_triangleClassCorrespondence' depends on axioms: [propext,
 Classical.choice,
 Quot.sound]
'ASGinzburg.corollary52Statement_iff_triangleCorrespondence' depends on axioms: [propext, Classical.choice, Quot.sound]
'ASGinzburg.corollary52Statement_of_triangleCorrespondence' depends on axioms: [propext, Classical.choice, Quot.sound]
'ASGinzburg.corollary52ClassEquiv_of_triangleCorrespondence' depends on axioms: [propext, Classical.choice, Quot.sound]
'ASGinzburg.triangleTensorPotentialOrbitEquiv' depends on axioms: [propext, Classical.choice, Quot.sound]
'ASGinzburg.triangleTensorPotentialOrbitEquiv_apply' depends on axioms: [propext, Classical.choice, Quot.sound]
'ASGinzburg.triangleRegularTensorPotentialOrbitEquiv' depends on axioms: [propext, Classical.choice, Quot.sound]
'ASGinzburg.triangleRegularTensorPotentialOrbitEquiv_apply' depends on axioms: [propext, Classical.choice, Quot.sound]
'ASGinzburg.triangle_zero_cut_return_path_is_quadratic' depends on axioms: [propext, Classical.choice, Quot.sound]
'ASGinzburg.ZAlgebra.QuadraticASRegular.triangleFoundationTensor' depends on axioms: [propext,
 Classical.choice,
 Quot.sound]
'ASGinzburg.ZAlgebra.QuadraticASRegular.triangleFoundationTensor_potential' depends on axioms: [propext,
 Classical.choice,
 Quot.sound]
'ASGinzburg.ZAlgebra.QuadraticASRegular.triangleFoundationTensor_cubic_formula' depends on axioms: [propext,
 Classical.choice,
 Quot.sound]
'ASGinzburg.ZAlgebra.QuadraticASRegular.triangleFoundationTensor_cut_derivative' depends on axioms: [propext,
 Classical.choice,
 Quot.sound]
'ASGinzburg.ZAlgebra.QuadraticASRegular.triangleFoundationTensor_Z_derivative' depends on axioms: [propext,
 Classical.choice,
 Quot.sound]
'ASGinzburg.ZAlgebra.QuadraticASRegular.triangleFoundationTensor_relations_quadratic' depends on axioms: [propext,
 Classical.choice,
 Quot.sound]
'ASGinzburg.ZAlgebra.QuadraticASRegular.triangleFoundationTensorFoundationAlgEquiv' depends on axioms: [propext,
 Classical.choice,
 Quot.sound]
