'ASGinzburg.triangleArrowTranspose_symm' depends on axioms: [propext, Classical.choice, Quot.sound]
'ASGinzburg.triangleArrowTranspose_refl' depends on axioms: [propext, Classical.choice, Quot.sound]
'ASGinzburg.triangleArrowContragredient' depends on axioms: [propext, Classical.choice, Quot.sound]
'ASGinzburg.triangleArrowContragredient_single_apply' depends on axioms: [propext, Classical.choice, Quot.sound]
'ASGinzburg.triangleArrowContragredient_symm' depends on axioms: [propext, Classical.choice, Quot.sound]
'ASGinzburg.triangleArrow_basis_expansion' depends on axioms: [propext, Classical.choice, Quot.sound]
'ASGinzburg.triangleArrow_inverse_matrix_sum' depends on axioms: [propext, Classical.choice, Quot.sound]
'ASGinzburg.triangleArrow_bilinear_coordinates' depends on axioms: [propext, Classical.choice, Quot.sound]
'ASGinzburg.triangleArrow_bilinear_contraction_invariant' depends on axioms: [propext, Classical.choice, Quot.sound]
'ASGinzburg.triangleEdgeDualGinzburgPath' depends on axioms: [propext, Quot.sound]
'ASGinzburg.triangleGinzburgOriginalCoordinates' depends on axioms: [propext, Classical.choice, Quot.sound]
'ASGinzburg.triangleGinzburgOriginalCoordinates_single' depends on axioms: [propext, Classical.choice, Quot.sound]
'ASGinzburg.triangleGinzburgDualCoordinates' depends on axioms: [propext, Classical.choice, Quot.sound]
'ASGinzburg.triangleGinzburgDualCoordinates_single' depends on axioms: [propext, Classical.choice, Quot.sound]
'ASGinzburg.triangleGinzburgDualCoordinates_apply' depends on axioms: [propext, Classical.choice, Quot.sound]
'ASGinzburg.triangleGinzburgDualCoordinates_mem_cohomological' depends on axioms: [propext,
 Classical.choice,
 Quot.sound]
'ASGinzburg.triangleGinzburgGLArrowReplacement' depends on axioms: [propext, Classical.choice, Quot.sound]
'ASGinzburg.triangleGinzburgGLArrowReplacement_mem_cohomological' depends on axioms: [propext,
 Classical.choice,
 Quot.sound]
