source comparison ready
target comparison ready
square proof ready
range equality ready
quotient comparison ready
[diag] Diagnostics
  [reduction] unfolded declarations (max: 16874, num: 66):
    [reduction] Add.add ↦ 16874
    [reduction] HAdd.hAdd ↦ 16772
    [reduction] AddMonoid.toZero ↦ 11615
    [reduction] HSMul.hSMul ↦ 7156
    [reduction] SMul.smul ↦ 7156
    [reduction] AddMonoid.nsmul ↦ 4606
    [reduction] cutRightModuleOrdinaryData ↦ 2566
    [reduction] Membership.mem ↦ 2446
    [reduction] Set ↦ 2404
    [reduction] CutGradedRightModule.ringModule ↦ 1349
    [reduction] SetLike.coe ↦ 1246
    [reduction] Quiver.Hom ↦ 1227
    [reduction] Set.Mem ↦ 1208
    [reduction] OfNat.ofNat ↦ 990
    [reduction] Mul.mul ↦ 984
    [reduction] HMul.hMul ↦ 960
    [reduction] Semiring.toOne ↦ 910
    [reduction] Semiring.toNatCast ↦ 717
    [reduction] Zero.zero ↦ 700
    [reduction] NonAssocSemiring.toNatCast ↦ 696
    [reduction] NonAssocSemiring.toOne ↦ 688
    [reduction] DFunLike.coe ↦ 661
    [reduction] Int.rec ↦ 656
    [reduction] MulOpposite ↦ 570
    [reduction] GradedOrdinaryModuleData.ringDualGrade ↦ 449
    [reduction] HPow.hPow ↦ 420
    [reduction] Pow.pow ↦ 420
    [reduction] CutGradedRightModule.homSubmodule ↦ 420
    [reduction] NatCast.natCast ↦ 389
    [reduction] NonUnitalNonAssocSemiring.toMul ↦ 389
    [reduction] Nat.rec ↦ 384
    [reduction] Submodule.toAddSubgroup ↦ 359
    [reduction] DirectSum.GSemiring.toGOne ↦ 344
    [reduction] Semiring.npow ↦ 342
    [reduction] DirectSum ↦ 308
    [reduction] Monoid.npow ↦ 280
    [reduction] Int.mul ↦ 260
    [reduction] cutRegularGradedRightModule ↦ 180
    [reduction] CutGradedRightModule.shifted ↦ 180
    [reduction] Int.pow ↦ 176
    [reduction] HasQuotient.quotient' ↦ 172
    [reduction] setOf ↦ 152
    [reduction] Nat.mul ↦ 152
    [reduction] NatPow.pow ↦ 140
    [reduction] Submodule.map ↦ 131
    [reduction] Submodule.comap ↦ 126
    [reduction] cutRightModuleOrdinaryGrade ↦ 126
    [reduction] cutIntegerOppositeHomogeneousSpace ↦ 124
    [reduction] Int.add ↦ 104
    [reduction] DFinsupp.zipWith ↦ 70
    [reduction] EquivLike.coe ↦ 63
    [reduction] Nat.add ↦ 56
    [reduction] MulOpposite.op ↦ 34
    [reduction] LinearMap.range ↦ 32
    [reduction] SubNegMonoid.zsmul ↦ 32
    [reduction] Submodule.copy ↦ 32
    [reduction] cutGradedForgetFunctor ↦ 29
    [reduction] cutOrdinaryRingDualShiftedHomEquiv ↦ 28
    [reduction] Set.range ↦ 26
    [reduction] CoeFun.coe ↦ 24
    [reduction] DFinsupp.liftAddHom ↦ 24
    [reduction] DFinsupp.sumAddHom ↦ 24
    [reduction] DFinsupp.sumZeroHom ↦ 24
    [reduction] DirectSum.toAddMonoid ↦ 24
    [reduction] Function.comp ↦ 24
    [reduction] ConcreteCategory.hom ↦ 24
  [reduction] unfolded instances (max: 68254, num: 172):
    [reduction] AddCommGroup.toAddGroup ↦ 68254
    [reduction] AddGroup.toSubNegMonoid ↦ 52197
    [reduction] SubNegMonoid.toAddMonoid ↦ 33762
    [reduction] AddZeroClass.toAddZero ↦ 21766
    [reduction] AddZero.toZero ↦ 19414
    [reduction] instHAdd ↦ 17243
    [reduction] AddCommMonoid.toAddMonoid ↦ 15792
    [reduction] Pi.addCommGroup ↦ 12162
    [reduction] Pi.addGroup ↦ 12162
    [reduction] Pi.subNegMonoid ↦ 12162
    [reduction] AddCommGroup.toAddCommMonoid ↦ 12046
    [reduction] AddMonoid.toAddZeroClass ↦ 11752
    [reduction] Pi.addMonoid ↦ 10550
    [reduction] Ring.toSemiring ↦ 9685
    [reduction] instAddNat ↦ 8112
    [reduction] SeminormedAddCommGroup.toAddCommGroup ↦ 7744
    [reduction] Int.instAdd ↦ 7740
    [reduction] instHSMul ↦ 7156
    [reduction] Pi.addZeroClass ↦ 6956
    [reduction] AddMonoid.toAddSemigroup ↦ 5730
    [reduction] Semiring.toNonUnitalSemiring ↦ 5369
    [reduction] NonUnitalNonAssocSemiring.toAddCommMonoid ↦ 5205
    [reduction] NonUnitalSemiring.toNonUnitalNonAssocSemiring ↦ 5125
    [reduction] AddSemigroup.toAdd ↦ 4758
    [reduction] AddMonoid.toNatSMul ↦ 4606
    [reduction] DirectSum.ring ↦ 4086
    [reduction] MulOpposite.instRing ↦ 3762
    [reduction] Pi.addCommMonoid ↦ 3452
    [reduction] DirectSum.semiring ↦ 3243
    [reduction] MulOpposite.instSemiring ↦ 2828
    [reduction] instAddCommMonoidDirectSum ↦ 2574
    [reduction] DFinsupp.addCommMonoid ↦ 2574
    [reduction] NormedAddCommGroup.toAddCommGroup ↦ 2422
    [reduction] AddZero.toAdd ↦ 2316
    [reduction] DirectSum.instNonUnitalNonAssocSemiring ↦ 2211
    [reduction] MulOpposite.instNonUnitalSemiring ↦ 2140
    [reduction] DirectSum.GRing.toGSemiring ↦ 2114
    [reduction] Field.toCommRing ↦ 2106
    [reduction] CommRing.toRing ↦ 2070
    [reduction] MulOpposite.instNonUnitalNonAssocSemiring ↦ 1796
    [reduction] MulOpposite.instAddCommMonoid ↦ 1708
    [reduction] Pi.addSemigroup ↦ 1690
    [reduction] Semiring.toNonAssocSemiring ↦ 1642
    [reduction] CommSemiring.toSemiring ↦ 1501
    [reduction] Semifield.toCommSemiring ↦ 1501
    [reduction] Field.toSemifield ↦ 1495
    [reduction] AddCommMonoid.toAddCommSemigroup ↦ 1411
    [reduction] AddCommSemigroup.toAddSemigroup ↦ 1411
    [reduction] AddCommMagma.toAdd ↦ 1325
    [reduction] AddCommSemigroup.toAddCommMagma ↦ 1325
    [reduction] NonUnitalNonAssocRing.toNonUnitalNonAssocSemiring ↦ 1284
    [reduction] Set.instMembership ↦ 1216
    [reduction] SetLike.instMembership ↦ 1214
    [reduction] CategoryStruct.toQuiver ↦ 1116
    [reduction] SMulZeroClass.toSMul ↦ 1099
    [reduction] Category.toCategoryStruct ↦ 1089
    [reduction] CutGradedRightModule.category ↦ 1067
    [reduction] DFinsupp.hasNatScalar ↦ 1036
    [reduction] NonAssocRing.toNonUnitalNonAssocRing ↦ 1018
    [reduction] NonUnitalNonAssocRing.toAddCommGroup ↦ 1018
    [reduction] Ring.toNonAssocRing ↦ 1018
    [reduction] DivisionSemiring.toSemiring ↦ 1014
    [reduction] Semifield.toDivisionSemiring ↦ 988
    [reduction] DistribSMul.toSMulZeroClass ↦ 847
    [reduction] MulOpposite.instSMul ↦ 838
    [reduction] MulOpposite.instAddMonoid ↦ 834
    [reduction] Module.toDistribMulAction ↦ 736
    [reduction] MulOneClass.toMulOne ↦ 734
    [reduction] MulZeroOneClass.toMulOneClass ↦ 734
    [reduction] DistribMulAction.toMulAction ↦ 728
    [reduction] MulAction.toSMul ↦ 720
    [reduction] Submodule.setLike ↦ 702
    [reduction] AddMonoidWithOne.toNatCast ↦ 697
    [reduction] AddCommMonoidWithOne.toAddMonoidWithOne ↦ 693
    [reduction] cutBlockGRing ↦ 692
    [reduction] MulOne.toOne ↦ 688
    [reduction] MulOpposite.instNonAssocSemiring ↦ 688
    [reduction] DistribMulAction.toDistribSMul ↦ 599
    [reduction] Zero.toOfNat0 ↦ 592
    [reduction] DivisionRing.toRing ↦ 590
    [reduction] NonAssocSemiring.toNonUnitalNonAssocSemiring ↦ 588
    [reduction] Pi.instAdd ↦ 574
    [reduction] Field.toDivisionRing ↦ 570
    [reduction] LinearMap.instFunLike ↦ 434
    [reduction] AddSubgroup.toAddCommGroup ↦ 422
    [reduction] AddSubgroupClass.toAddCommGroup ↦ 422
    [reduction] Submodule.addCommGroup ↦ 422
    [reduction] AddSubgroupClass.toAddGroup ↦ 418
    [reduction] NonAssocSemiring.toAddCommMonoidWithOne ↦ 348
    [reduction] DirectSum.GSemiring.toGNonUnitalNonAssocSemiring ↦ 348
    [reduction] MulOpposite.instAddCommMonoidWithOne ↦ 344
    [reduction] MulOpposite.instAddMonoidWithOne ↦ 344
    [reduction] MulOpposite.instMulOneClass ↦ 344
    [reduction] MulOpposite.instMulZeroOneClass ↦ 344
    [reduction] NonAssocSemiring.toMulZeroOneClass ↦ 344
    [reduction] DirectSum.GSemiring.toGMonoid ↦ 344
    [reduction] GradedMonoid.GMonoid.toGOne ↦ 344
    [reduction] AddSubgroup.instSetLike ↦ 306
    [reduction] Ring.toAddCommGroup ↦ 285
    [reduction] Algebra.toModule ↦ 253
    [reduction] MonoidWithZero.toMonoid ↦ 250
    [reduction] Semiring.toMonoidWithZero ↦ 250
    [reduction] Preadditive.homGroup ↦ 223
    [reduction] CutGradedRightModule.preadditive ↦ 223
    [reduction] AddSubmonoid.instSetLike ↦ 222
    [reduction] Algebra.toSMul ↦ 210
    [reduction] Pi.distribMulAction ↦ 210
    [reduction] Pi.module ↦ 210
    [reduction] Pi.mulAction ↦ 210
    [reduction] LinearMap.addCommGroup ↦ 209
    [reduction] DFinsupp.distribMulAction ↦ 206
    [reduction] DFinsupp.instSMulZeroClass ↦ 206
    [reduction] DFinsupp.module ↦ 206
    [reduction] DirectSum.instModule ↦ 206
    [reduction] LinearMap.addCommMonoid ↦ 197
    [reduction] LinearMap.instAdd ↦ 190
    [reduction] DFinsupp.instAdd ↦ 182
    [reduction] MulOpposite.instAdd ↦ 146
    [reduction] AddSubmonoidClass.toAddMonoid ↦ 106
    [reduction] DirectSum.instAlgebra ↦ 105
    [reduction] MulOpposite.instAlgebra ↦ 105
    [reduction] Pi.instZero ↦ 102
    [reduction] MulOpposite.instDistribMulAction ↦ 101
    [reduction] MulOpposite.instModule ↦ 101
    [reduction] MulOpposite.instMulAction ↦ 101
    [reduction] AddMemClass.toAddSemigroup ↦ 100
    [reduction] instHMul ↦ 98
    [reduction] Pi.instSMul ↦ 98
    [reduction] AddMemClass.add ↦ 94
    [reduction] Distrib.toMul ↦ 94
    [reduction] AddMonoidHom.instFunLike ↦ 92
    [reduction] LinearMap.instSMul ↦ 90
    [reduction] Submodule.hasQuotient ↦ 90
    [reduction] MulOpposite.instDistrib ↦ 88
    [reduction] MulOpposite.instMul ↦ 88
    [reduction] MulZeroClass.toMul ↦ 88
    [reduction] MulZeroClass.toSMulWithZero ↦ 88
    [reduction] SMulWithZero.toSMulZeroClass ↦ 88
    [reduction] AddCommMonoid.toNatModule ↦ 86
    [reduction] EquivLike.toFunLike ↦ 55
    [reduction] AddSubmonoidClass.nSMul ↦ 52
    [reduction] LinearMap.instZero ↦ 52
    [reduction] MulOpposite.instZero ↦ 52
    [reduction] ZeroMemClass.zero ↦ 52
    [reduction] Monoid.toSemigroup ↦ 48
    [reduction] Semigroup.toMul ↦ 48
    [reduction] MonoidWithZero.toMulActionWithZero ↦ 46
    [reduction] MonoidWithZero.toMulZeroOneClass ↦ 46
    [reduction] MulActionWithZero.toMulAction ↦ 46
    [reduction] MulOne.toMul ↦ 46
    [reduction] MulZeroOneClass.toMulZeroClass ↦ 46
    [reduction] Semiring.toModule ↦ 46
    [reduction] Linear.homModule ↦ 46
    [reduction] CutGradedRightModule.linear ↦ 46
    [reduction] NonUnitalNonAssocSemiring.toMulZeroClass ↦ 44
    [reduction] instDistribSMul ↦ 42
    [reduction] AddSubmonoid.toAddCommMonoid ↦ 42
    [reduction] AddSubmonoidClass.toAddCommMonoid ↦ 42
    [reduction] Submodule.addCommMonoid ↦ 42
    [reduction] DFinsupp.addCommGroup ↦ 40
    [reduction] DirectSum.instAddCommGroup ↦ 40
    [reduction] LinearEquiv.instEquivLike ↦ 31
    [reduction] DFinsupp.instEquivLikeLinearEquiv ↦ 30
    [reduction] LinearMap.module ↦ 28
    [reduction] Distrib.toAdd ↦ 26
    [reduction] AddCon.addGroup ↦ 24
    [reduction] AddEquiv.instEquivLike ↦ 24
    [reduction] ModuleCat.instConcreteCategoryLinearMapIdCarrier ↦ 24
    [reduction] QuotientAddGroup.Quotient.addCommGroup ↦ 24
    [reduction] QuotientAddGroup.Quotient.addGroup ↦ 24
    [reduction] Submodule.Quotient.addCommGroup ↦ 24
    [reduction] ModuleCat.moduleCategory ↦ 22
  [reduction] unfolded reducible declarations (max: 54384, num: 59):
    [reduction] homAdd ↦ 54384
    [reduction] CutQuiver.Vertex ↦ 46789
    [reduction] CutGradedHom ↦ 13182
    [reduction] Hom ↦ 12890
    [reduction] GradedOrdinaryModuleData.ringModule ↦ 5145
    [reduction] Function.Injective.addMonoid ↦ 4970
    [reduction] Function.Injective.addCommMonoid ↦ 4720
    [reduction] inferInstance ↦ 4523
    [reduction] ModuleCat.carrier ↦ 3977
    [reduction] ModuleCat.of ↦ 3800
    [reduction] ModuleCat.isAddCommGroup ↦ 3540
    [reduction] Function.Injective.addZeroClass ↦ 3496
    [reduction] ordinaryRingDual ↦ 2271
    [reduction] AddSubmonoid.toAddSubsemigroup ↦ 2240
    [reduction] Submodule.toAddSubmonoid ↦ 2051
    [reduction] CutGradedRightModule.space ↦ 2040
    [reduction] LinearMap.toAddHom ↦ 1561
    [reduction] CutGradedBlock ↦ 1485
    [reduction] AddSubsemigroup.carrier ↦ 1116
    [reduction] Nat.casesOn ↦ 1076
    [reduction] Subtype.val ↦ 986
    [reduction] inferInstanceAs ↦ 871
    [reduction] Int.casesOn ↦ 744
    [reduction] outParam ↦ 652
    [reduction] AddSubgroup.toAddSubmonoid ↦ 612
    [reduction] AddHom.toFun ↦ 524
    [reduction] CutGradedRing ↦ 514
    [reduction] ModuleCat.isModule ↦ 386
    [reduction] homModule ↦ 342
    [reduction] Nat.cast ↦ 334
    [reduction] CutQuiver.vertices ↦ 324
    [reduction] FunLike ↦ 275
    [reduction] Function.Injective.addCommGroup ↦ 253
    [reduction] GradedOrdinaryModuleData.grade ↦ 250
    [reduction] HasQuotient.Quotient ↦ 227
    [reduction] Fin.val ↦ 208
    [reduction] Function.Injective.distribMulAction ↦ 206
    [reduction] Function.Injective.distribSMul ↦ 206
    [reduction] Function.Injective.smulZeroClass ↦ 206
    [reduction] cutOrdinaryRingDualTopHomAddCommGroup ↦ 180
    [reduction] ordinaryRingDualUnbundledAddCommGroup ↦ 165
    [reduction] AddMonoidHom.toZeroHom ↦ 144
    [reduction] ZeroHom.toFun ↦ 100
    [reduction] GradedOrdinaryModuleData.ringDualHomogeneousTopQuotient ↦ 96
    [reduction] DFinsupp.toFun ↦ 94
    [reduction] semiOutParam ↦ 88
    [reduction] Ideal ↦ 65
    [reduction] LinearEquiv.toLinearMap ↦ 65
    [reduction] GradedOrdinaryModuleData.ringDualGradeHasQuotient ↦ 47
    [reduction] cutOrdinaryRingDualTopHomFieldModule ↦ 44
    [reduction] PreOpposite.unop' ↦ 42
    [reduction] DecidableEq ↦ 24
    [reduction] AddEquiv.toEquiv ↦ 24
    [reduction] DFinsupp.support' ↦ 24
    [reduction] DirectSum.mulHom ↦ 24
    [reduction] Eq.ndrec ↦ 24
    [reduction] Equiv.toFun ↦ 24
    [reduction] Function.Injective.subNegMonoid ↦ 24
    [reduction] Functor.obj ↦ 22
  [type_class] used instances (max: 238, num: 39):
    [type_class] Pi.addZeroClass ↦ 238
    [type_class] DenselyNormedField.toNontriviallyNormedField ↦ 32
    [type_class] DenselyNormedField.toNormedField ↦ 32
    [type_class] NontriviallyNormedField.toNormedField ↦ 32
    [type_class] NormedCommRing.toNormedRing ↦ 32
    [type_class] NormedDivisionRing.toNormedRing ↦ 32
    [type_class] NormedField.toNormedCommRing ↦ 32
    [type_class] NormedField.toNormedDivisionRing ↦ 32
    [type_class] RCLike.toDenselyNormedField ↦ 32
    [type_class] DivisionSemiring.toSemiring ↦ 31
    [type_class] Field.toSemifield ↦ 31
    [type_class] IdemCommSemiring.toIdemSemiring ↦ 31
    [type_class] IdemSemiring.toSemiring ↦ 31
    [type_class] KleeneAlgebra.toIdemSemiring ↦ 31
    [type_class] Semifield.toDivisionSemiring ↦ 31
    [type_class] DirectSum.GradeZero.semiring ↦ 31
    [type_class] NormedCommRing.toSeminormedCommRing ↦ 30
    [type_class] NormedRing.toSeminormedRing ↦ 30
    [type_class] SemiRingCat.semiring ↦ 30
    [type_class] SeminormedCommRing.toSeminormedRing ↦ 30
    [type_class] cutOrdinaryRingDualTopHomFieldModule ↦ 30
    [type_class] NonUnitalNormedCommRing.toNonUnitalNormedRing ↦ 27
    [type_class] NonUnitalNormedRing.toNormedAddCommGroup ↦ 27
    [type_class] NormedCommRing.toNonUnitalNormedCommRing ↦ 27
    [type_class] NormedRing.toNonUnitalNormedRing ↦ 27
    [type_class] NonUnitalNormedCommRing.toNonUnitalSeminormedCommRing ↦ 25
    [type_class] NonUnitalNormedRing.toNonUnitalSeminormedRing ↦ 25
    [type_class] NonUnitalSeminormedCommRing.toNonUnitalSeminormedRing ↦ 25
    [type_class] NonUnitalSeminormedRing.toSeminormedAddCommGroup ↦ 25
    [type_class] NormedAddCommGroup.toSeminormedAddCommGroup ↦ 25
    [type_class] SeminormedCommRing.toNonUnitalSeminormedCommRing ↦ 25
    [type_class] SeminormedRing.toNonUnitalSeminormedRing ↦ 25
    [type_class] DivisionRing.toRing ↦ 22
    [type_class] Field.toDivisionRing ↦ 22
    [type_class] NormedDivisionRing.toDivisionRing ↦ 22
    [type_class] NormedRing.toRing ↦ 22
    [type_class] SeminormedRing.toRing ↦ 22
    [type_class] DirectSum.GradeZero.ring ↦ 22
    [type_class] AddCommMonCat.FilteredColimits.colimitAddCommMonoid ↦ 21
  [def_eq] heuristic for solving `f a =?= f b` (max: 8184, num: 50):
    [def_eq] instHAdd ↦ 8184
    [def_eq] Int.add ↦ 7707
    [def_eq] Pi.instZero ↦ 3456
    [def_eq] Pi.addMonoid ↦ 2314
    [def_eq] DFinsupp.mapRange ↦ 623
    [def_eq] Pi.instAdd ↦ 596
    [def_eq] Pi.addCommMonoid ↦ 459
    [def_eq] DirectSum.semiring ↦ 448
    [def_eq] MulOpposite.op ↦ 448
    [def_eq] MulOpposite.instAdd ↦ 377
    [def_eq] MulOpposite.instSemiring ↦ 347
    [def_eq] Pi.addCommGroup ↦ 324
    [def_eq] Pi.module ↦ 302
    [def_eq] LinearMap.module ↦ 301
    [def_eq] DFinsupp.instZero ↦ 291
    [def_eq] DFinsupp.instAdd ↦ 290
    [def_eq] MulOpposite.instZero ↦ 273
    [def_eq] AddSubmonoidClass.toAddMonoid ↦ 201
    [def_eq] RingHom.id ↦ 179
    [def_eq] Submodule.toAddSubgroup ↦ 179
    [def_eq] DirectSum.instNatCast ↦ 172
    [def_eq] DirectSum.instNonUnitalNonAssocSemiring ↦ 172
    [def_eq] DirectSum.instOne ↦ 172
    [def_eq] MulOpposite.instNatCast ↦ 172
    [def_eq] MulOpposite.instNonUnitalNonAssocSemiring ↦ 172
    [def_eq] MulOpposite.instOne ↦ 172
    [def_eq] Semiring.toModule ↦ 172
    [def_eq] DirectSum ↦ 135
    [def_eq] MulOpposite.instSMul ↦ 103
    [def_eq] MulOpposite.instAddCommMonoid ↦ 101
    [def_eq] MulOpposite.unop ↦ 101
    [def_eq] DirectSum.instAlgebra ↦ 94
    [def_eq] MulOpposite.instAlgebra ↦ 94
    [def_eq] Set.image ↦ 65
    [def_eq] Submodule.module ↦ 60
    [def_eq] LinearMap.addCommMonoid ↦ 59
    [def_eq] GradedOrdinaryModuleData.ringDualGrade ↦ 59
    [def_eq] MulOpposite.instRing ↦ 50
    [def_eq] Algebra.toModule ↦ 47
    [def_eq] DirectSum.ring ↦ 47
    [def_eq] Submodule.addCommMonoid ↦ 47
    [def_eq] SetLike.instMembership ↦ 46
    [def_eq] Nat.add ↦ 40
    [def_eq] CutGradedRightModule.ringModule ↦ 38
    [def_eq] AddMemClass.add ↦ 29
    [def_eq] ZeroMemClass.zero ↦ 29
    [def_eq] AddMemClass.toAddSemigroup ↦ 26
    [def_eq] DFinsupp.zipWith ↦ 26
    [def_eq] HasQuotient.Quotient ↦ 26
    [def_eq] Set.preimage ↦ 26
  [kernel] unfolded declarations (max: 13904, num: 136):
    [kernel] HAdd.hAdd ↦ 13904
    [kernel] CutGradedHom ↦ 11701
    [kernel] Add.add ↦ 9150
    [kernel] Hom ↦ 6076
    [kernel] AddCommGroup.toAddCommMonoid ↦ 3371
    [kernel] Ring.toSemiring ↦ 2948
    [kernel] SubNegMonoid.toAddMonoid ↦ 2875
    [kernel] DFunLike.coe ↦ 1955
    [kernel] ModuleCat.carrier ↦ 1608
    [kernel] AddSemigroup.toAdd ↦ 1320
    [kernel] AddMonoid.toAddSemigroup ↦ 1139
    [kernel] AddZero.toZero ↦ 989
    [kernel] instHAdd ↦ 955
    [kernel] AddCommMonoid.toAddMonoid ↦ 954
    [kernel] AddGroup.toSubNegMonoid ↦ 949
    [kernel] AddCommGroup.toAddGroup ↦ 927
    [kernel] HSMul.hSMul ↦ 902
    [kernel] NonUnitalNonAssocSemiring.toAddCommMonoid ↦ 899
    [kernel] homAdd ↦ 806
    [kernel] SMulZeroClass.toSMul ↦ 731
    [kernel] SMul.smul ↦ 718
    [kernel] DFinsupp.toFun ↦ 694
    [kernel] Membership.mem ↦ 678
    [kernel] Semiring.toNonAssocSemiring ↦ 642
    [kernel] AddZeroClass.toAddZero ↦ 639
    [kernel] ModuleCat.isModule ↦ 616
    [kernel] DirectSum.GRing.toGSemiring ↦ 616
    [kernel] homModule ↦ 614
    [kernel] Pi.addMonoid ↦ 592
    [kernel] OfNat.ofNat ↦ 478
    [kernel] Pi.instAdd ↦ 447
    [kernel] Pi.addSemigroup ↦ 440
    [kernel] AddZero.toAdd ↦ 439
    [kernel] AddMonoid.toAddZeroClass ↦ 435
    [kernel] Pi.subNegMonoid ↦ 418
    [kernel] ZeroHom.toFun ↦ 411
    [kernel] AddHom.toFun ↦ 396
    [kernel] Pi.addCommGroup ↦ 396
    [kernel] Pi.addGroup ↦ 396
    [kernel] AddMonoidHom.toZeroHom ↦ 287
    [kernel] DFinsupp.support' ↦ 287
    [kernel] AddMonoid.nsmul ↦ 268
    [kernel] CutGradedBlock ↦ 267
    [kernel] AddMonoid.toZero ↦ 265
    [kernel] Pi.addCommMonoid ↦ 230
    [kernel] Subtype.val ↦ 204
    [kernel] AddCommMagma.toAdd ↦ 195
    [kernel] Function.Injective.addMonoid ↦ 193
    [kernel] Trunc.lift ↦ 171
    [kernel] MulOpposite.instAdd ↦ 170
    [kernel] Function.Injective.addCommMonoid ↦ 161
    [kernel] AddCommSemigroup.toAddSemigroup ↦ 154
    [kernel] instHSMul ↦ 146
    [kernel] HMul.hMul ↦ 134
    [kernel] Mul.mul ↦ 134
    [kernel] AddMonoidHom.instFunLike ↦ 130
    [kernel] CommSemiring.toSemiring ↦ 125
    [kernel] CommRing.toRing ↦ 121
    [kernel] Function.Injective.addZeroClass ↦ 121
    [kernel] MulOpposite.instAddCommMonoid ↦ 115
    [kernel] MulOpposite.unop ↦ 115
    [kernel] PreOpposite.unop' ↦ 115
    [kernel] LinearMap.toAddHom ↦ 108
    [kernel] AddCommMonoid.toAddCommSemigroup ↦ 107
    [kernel] CutQuiver.Vertex ↦ 106
    [kernel] DivisionSemiring.toSemiring ↦ 89
    [kernel] inferInstance ↦ 86
    [kernel] DistribSMul.toSMulZeroClass ↦ 81
    [kernel] EquivLike.coe ↦ 81
    [kernel] GradedOrdinaryModuleData.ringModule ↦ 78
    [kernel] EquivLike.toFunLike ↦ 77
    [kernel] outParam ↦ 76
    [kernel] MulAction.toSMul ↦ 73
    [kernel] Function.Injective.addSemigroup ↦ 71
    [kernel] MulOpposite.op ↦ 69
    [kernel] AddEquiv.instEquivLike ↦ 65
    [kernel] AddEquiv.toEquiv ↦ 65
    [kernel] DFinsupp.liftAddHom ↦ 65
    [kernel] DFinsupp.sumAddHom ↦ 65
    [kernel] DFinsupp.sumZeroHom ↦ 65
    [kernel] DirectSum.toAddMonoid ↦ 65
    [kernel] Equiv.toFun ↦ 65
    [kernel] Trunc.bind ↦ 64
    [kernel] Trunc.liftOn ↦ 64
    [kernel] AddCommSemigroup.toAddCommMagma ↦ 63
    [kernel] AddMonoid.toNatSMul ↦ 60
    [kernel] DivisionRing.toRing ↦ 58
    [kernel] AddMonoidHom.flip ↦ 57
    [kernel] ZeroHom.funLike ↦ 57
    [kernel] Module.toDistribMulAction ↦ 54
    [kernel] DistribMulAction.toMulAction ↦ 53
    [kernel] MonoidWithZero.toMonoid ↦ 51
    [kernel] DFinsupp.instAdd ↦ 50
    [kernel] NonUnitalSemiring.toNonUnitalNonAssocSemiring ↦ 49
    [kernel] Zero.zero ↦ 48
    [kernel] Linear.homModule ↦ 47
    [kernel] cutOrdinaryRingDualTopHomFieldModule ↦ 47
    [kernel] DistribMulAction.toDistribSMul ↦ 45
    [kernel] DFinsupp.zipWith ↦ 44
    [kernel] MulOpposite.instSMul ↦ 44
    [kernel] Submodule.toAddSubmonoid ↦ 44
    [kernel] inferInstanceAs ↦ 42
    [kernel] SetLike.coe ↦ 42
    [kernel] Algebra.toSMul ↦ 39
    [kernel] ordinaryRingDual ↦ 36
    [kernel] CutGradedRing ↦ 36
    [kernel] Semiring.toNonUnitalSemiring ↦ 35
    [kernel] SetLike.instMembership ↦ 35
    [kernel] AddSubsemigroup.carrier ↦ 34
    [kernel] Zero.toOfNat0 ↦ 33
    [kernel] instHMul ↦ 31
    [kernel] Algebra.toModule ↦ 31
    [kernel] DirectSum ↦ 30
    [kernel] instAddCommMonoidDirectSum ↦ 30
    [kernel] DFinsupp.addCommMonoid ↦ 30
    [kernel] ModuleCat.of ↦ 30
    [kernel] Distrib.toMul ↦ 29
    [kernel] AddSubmonoid.toAddSubsemigroup ↦ 28
    [kernel] MulOpposite.instAddMonoid ↦ 28
    [kernel] LinearMap.instFunLike ↦ 27
    [kernel] MulOpposite.instNonUnitalNonAssocSemiring ↦ 27
    [kernel] NonUnitalNonAssocSemiring.toMul ↦ 27
    [kernel] MulOpposite.instModule ↦ 25
    [kernel] MulOpposite.instMulAction ↦ 25
    [kernel] Function.Injective.addCommSemigroup ↦ 25
    [kernel] LinearMap.instAdd ↦ 24
    [kernel] Set.instMembership ↦ 24
    [kernel] NonAssocSemiring.toNonUnitalNonAssocSemiring ↦ 23
    [kernel] AddMemClass.add ↦ 22
    [kernel] DirectSum.instNonUnitalNonAssocSemiring ↦ 22
    [kernel] DirectSum.semiring ↦ 22
    [kernel] Pi.addCommSemigroup ↦ 22
    [kernel] Semifield.toCommSemiring ↦ 22
    [kernel] Semifield.toDivisionSemiring ↦ 22
    [kernel] Submodule.setLike ↦ 22
    [kernel] MulOpposite.instMul ↦ 21
  use `set_option diagnostics.threshold <num>` to control threshold for reporting counters
work/ASGinzburgDraft/PeriodCutOrdinaryRingDualTopHomQuotient.lean:44:2: warning: 'trace "source comparison ready"' tactic does nothing

Note: This linter can be disabled with `set_option linter.unusedTactic false`
work/ASGinzburgDraft/PeriodCutOrdinaryRingDualTopHomQuotient.lean:48:2: warning: 'trace "target comparison ready"' tactic does nothing

Note: This linter can be disabled with `set_option linter.unusedTactic false`
work/ASGinzburgDraft/PeriodCutOrdinaryRingDualTopHomQuotient.lean:52:2: warning: 'trace "square proof ready"' tactic does nothing

Note: This linter can be disabled with `set_option linter.unusedTactic false`
work/ASGinzburgDraft/PeriodCutOrdinaryRingDualTopHomQuotient.lean:64:2: warning: 'trace "range equality ready"' tactic does nothing

Note: This linter can be disabled with `set_option linter.unusedTactic false`
work/ASGinzburgDraft/PeriodCutOrdinaryRingDualTopHomQuotient.lean:66:2: warning: 'trace "quotient comparison ready"' tactic does nothing

Note: This linter can be disabled with `set_option linter.unusedTactic false`
[diag] Diagnostics
  [reduction] unfolded declarations (max: 2072, num: 25):
    [reduction] AddMonoid.toZero ↦ 2072
    [reduction] HSMul.hSMul ↦ 1779
    [reduction] SMul.smul ↦ 1779
    [reduction] AddMonoid.nsmul ↦ 1057
    [reduction] Add.add ↦ 800
    [reduction] HAdd.hAdd ↦ 800
    [reduction] Membership.mem ↦ 511
    [reduction] Set ↦ 470
    [reduction] OfNat.ofNat ↦ 276
    [reduction] Set.Mem ↦ 256
    [reduction] SetLike.coe ↦ 256
    [reduction] GradedOrdinaryModuleData.ringDualGrade ↦ 252
    [reduction] Zero.zero ↦ 228
    [reduction] DFunLike.coe ↦ 128
    [reduction] Submodule.toAddSubgroup ↦ 126
    [reduction] NonUnitalNonAssocSemiring.toMul ↦ 118
    [reduction] Quiver.Hom ↦ 98
    [reduction] cutRightModuleOrdinaryData ↦ 77
    [reduction] Semiring.npow ↦ 66
    [reduction] Semiring.toOne ↦ 66
    [reduction] CutGradedRightModule.ringModule ↦ 64
    [reduction] HasQuotient.quotient' ↦ 33
    [reduction] HMul.hMul ↦ 26
    [reduction] Mul.mul ↦ 26
    [reduction] NatCast.natCast ↦ 26
  [reduction] unfolded instances (max: 7020, num: 121):
    [reduction] AddCommGroup.toAddGroup ↦ 7020
    [reduction] AddGroup.toSubNegMonoid ↦ 5810
    [reduction] SubNegMonoid.toAddMonoid ↦ 4574
    [reduction] AddCommMonoid.toAddMonoid ↦ 3966
    [reduction] AddZeroClass.toAddZero ↦ 3886
    [reduction] AddZero.toZero ↦ 3452
    [reduction] AddCommGroup.toAddCommMonoid ↦ 2067
    [reduction] AddMonoid.toAddZeroClass ↦ 2000
    [reduction] instHSMul ↦ 1779
    [reduction] Pi.addMonoid ↦ 1716
    [reduction] Ring.toSemiring ↦ 1648
    [reduction] NonUnitalNonAssocSemiring.toAddCommMonoid ↦ 1339
    [reduction] Semiring.toNonUnitalSemiring ↦ 1191
    [reduction] Pi.addZeroClass ↦ 1188
    [reduction] NonUnitalSemiring.toNonUnitalNonAssocSemiring ↦ 1121
    [reduction] Pi.addCommGroup ↦ 1080
    [reduction] Pi.addCommMonoid ↦ 1080
    [reduction] Pi.addGroup ↦ 1080
    [reduction] Pi.subNegMonoid ↦ 1080
    [reduction] AddMonoid.toNatSMul ↦ 1057
    [reduction] instHAdd ↦ 872
    [reduction] AddMonoid.toAddSemigroup ↦ 704
    [reduction] MulOpposite.instRing ↦ 641
    [reduction] AddSemigroup.toAdd ↦ 638
    [reduction] Field.toCommRing ↦ 584
    [reduction] CommRing.toRing ↦ 581
    [reduction] MulOpposite.instNonUnitalNonAssocSemiring ↦ 564
    [reduction] MulOpposite.instNonUnitalSemiring ↦ 564
    [reduction] MulOpposite.instSemiring ↦ 564
    [reduction] MulOpposite.instAddCommMonoid ↦ 538
    [reduction] instAddCommMonoidDirectSum ↦ 524
    [reduction] DFinsupp.addCommMonoid ↦ 524
    [reduction] Semifield.toCommSemiring ↦ 460
    [reduction] CommSemiring.toSemiring ↦ 458
    [reduction] Field.toSemifield ↦ 458
    [reduction] DirectSum.ring ↦ 444
    [reduction] AddZero.toAdd ↦ 434
    [reduction] DirectSum.instNonUnitalNonAssocSemiring ↦ 425
    [reduction] DirectSum.semiring ↦ 425
    [reduction] NonUnitalNonAssocRing.toNonUnitalNonAssocSemiring ↦ 376
    [reduction] SMulZeroClass.toSMul ↦ 375
    [reduction] instAddNat ↦ 363
    [reduction] AddCommMagma.toAdd ↦ 335
    [reduction] AddCommMonoid.toAddCommSemigroup ↦ 335
    [reduction] AddCommSemigroup.toAddCommMagma ↦ 335
    [reduction] AddCommSemigroup.toAddSemigroup ↦ 335
    [reduction] DivisionSemiring.toSemiring ↦ 308
    [reduction] Semifield.toDivisionSemiring ↦ 300
    [reduction] DistribSMul.toSMulZeroClass ↦ 296
    [reduction] Int.instAdd ↦ 293
    [reduction] NonAssocRing.toNonUnitalNonAssocRing ↦ 264
    [reduction] NonUnitalNonAssocRing.toAddCommGroup ↦ 264
    [reduction] Ring.toNonAssocRing ↦ 264
    [reduction] Set.instMembership ↦ 256
    [reduction] SetLike.instMembership ↦ 255
    [reduction] DFinsupp.hasNatScalar ↦ 254
    [reduction] DistribMulAction.toMulAction ↦ 250
    [reduction] Module.toDistribMulAction ↦ 250
    [reduction] MulAction.toSMul ↦ 250
    [reduction] DistribMulAction.toDistribSMul ↦ 217
    [reduction] Ring.toAddCommGroup ↦ 192
    [reduction] Zero.toOfNat0 ↦ 192
    [reduction] MulOpposite.instAddMonoid ↦ 188
    [reduction] MulOpposite.instSMul ↦ 188
    [reduction] NonAssocSemiring.toNonUnitalNonAssocSemiring ↦ 187
    [reduction] Semiring.toNonAssocSemiring ↦ 187
    [reduction] DivisionRing.toRing ↦ 161
    [reduction] Field.toDivisionRing ↦ 161
    [reduction] Pi.addSemigroup ↦ 132
    [reduction] LinearMap.instFunLike ↦ 128
    [reduction] AddSubmonoid.instSetLike ↦ 109
    [reduction] LinearMap.addCommGroup ↦ 100
    [reduction] LinearMap.addCommMonoid ↦ 94
    [reduction] AddSubgroup.instSetLike ↦ 90
    [reduction] Algebra.toModule ↦ 82
    [reduction] MonoidWithZero.toMonoid ↦ 79
    [reduction] Semiring.toMonoidWithZero ↦ 79
    [reduction] Algebra.toSMul ↦ 66
    [reduction] DFinsupp.distribMulAction ↦ 66
    [reduction] DFinsupp.instSMulZeroClass ↦ 66
    [reduction] DFinsupp.module ↦ 66
    [reduction] DirectSum.instModule ↦ 66
    [reduction] Pi.distribMulAction ↦ 66
    [reduction] Pi.module ↦ 66
    [reduction] Pi.mulAction ↦ 66
    [reduction] CategoryStruct.toQuiver ↦ 62
    [reduction] Submodule.setLike ↦ 57
    [reduction] AddCommMonoid.toNatModule ↦ 56
    [reduction] LinearMap.instSMul ↦ 56
    [reduction] Pi.instSMul ↦ 56
    [reduction] DFinsupp.instAdd ↦ 54
    [reduction] LinearMap.instAdd ↦ 54
    [reduction] MulOpposite.instAdd ↦ 54
    [reduction] Pi.instAdd ↦ 54
    [reduction] Category.toCategoryStruct ↦ 50
    [reduction] CutGradedRightModule.category ↦ 37
    [reduction] AddMemClass.add ↦ 36
    [reduction] AddMemClass.toAddSemigroup ↦ 36
    [reduction] AddSubmonoidClass.nSMul ↦ 36
    [reduction] AddSubmonoidClass.toAddMonoid ↦ 36
    [reduction] LinearMap.instZero ↦ 36
    [reduction] MulOpposite.instZero ↦ 36
    [reduction] Pi.instZero ↦ 36
    [reduction] ZeroMemClass.zero ↦ 36
    [reduction] DirectSum.GRing.toGSemiring ↦ 36
    [reduction] DirectSum.instAlgebra ↦ 33
    [reduction] MulOpposite.instAlgebra ↦ 33
    [reduction] MulOpposite.instDistribMulAction ↦ 33
    [reduction] MulOpposite.instModule ↦ 33
    [reduction] MulOpposite.instMulAction ↦ 33
    [reduction] instHMul ↦ 26
    [reduction] Distrib.toMul ↦ 26
    [reduction] MulOpposite.instDistrib ↦ 26
    [reduction] MulOpposite.instMul ↦ 26
    [reduction] MulZeroClass.toMul ↦ 26
    [reduction] MulZeroClass.toSMulWithZero ↦ 26
    [reduction] SMulWithZero.toSMulZeroClass ↦ 26
    [reduction] AddSubgroup.toAddCommGroup ↦ 22
    [reduction] AddSubgroupClass.toAddCommGroup ↦ 22
    [reduction] AddSubgroupClass.toAddGroup ↦ 22
    [reduction] Submodule.addCommGroup ↦ 22
  [reduction] unfolded reducible declarations (max: 7849, num: 32):
    [reduction] CutQuiver.Vertex ↦ 7849
    [reduction] homAdd ↦ 5558
    [reduction] Function.Injective.addMonoid ↦ 1259
    [reduction] Function.Injective.addCommMonoid ↦ 1256
    [reduction] CutGradedHom ↦ 1042
    [reduction] Hom ↦ 942
    [reduction] inferInstance ↦ 751
    [reduction] Function.Injective.addZeroClass ↦ 724
    [reduction] ModuleCat.carrier ↦ 655
    [reduction] Subtype.val ↦ 546
    [reduction] LinearMap.toAddHom ↦ 512
    [reduction] ModuleCat.of ↦ 437
    [reduction] AddSubmonoid.toAddSubsemigroup ↦ 434
    [reduction] Submodule.toAddSubmonoid ↦ 380
    [reduction] ordinaryRingDual ↦ 373
    [reduction] CutGradedBlock ↦ 290
    [reduction] GradedOrdinaryModuleData.ringModule ↦ 236
    [reduction] AddSubsemigroup.carrier ↦ 218
    [reduction] inferInstanceAs ↦ 185
    [reduction] AddSubgroup.toAddSubmonoid ↦ 180
    [reduction] outParam ↦ 166
    [reduction] AddHom.toFun ↦ 128
    [reduction] ordinaryRingDualUnbundledAddCommGroup ↦ 107
    [reduction] Function.Injective.addCommGroup ↦ 100
    [reduction] CutGradedRing ↦ 98
    [reduction] Function.Injective.distribMulAction ↦ 66
    [reduction] Function.Injective.distribSMul ↦ 66
    [reduction] Function.Injective.smulZeroClass ↦ 66
    [reduction] CutGradedRightModule.space ↦ 64
    [reduction] FunLike ↦ 44
    [reduction] HasQuotient.Quotient ↦ 44
    [reduction] homModule ↦ 38
  [type_class] used instances (max: 60, num: 1):
    [type_class] Pi.addZeroClass ↦ 60
  [def_eq] heuristic for solving `f a =?= f b` (max: 594, num: 19):
    [def_eq] Pi.instZero ↦ 594
    [def_eq] instHAdd ↦ 363
    [def_eq] Int.add ↦ 291
    [def_eq] DFinsupp.mapRange ↦ 160
    [def_eq] Pi.addMonoid ↦ 148
    [def_eq] MulOpposite.op ↦ 112
    [def_eq] Pi.addCommGroup ↦ 80
    [def_eq] MulOpposite.instAdd ↦ 66
    [def_eq] Pi.instAdd ↦ 66
    [def_eq] MulOpposite.unop ↦ 64
    [def_eq] Pi.addCommMonoid ↦ 59
    [def_eq] Pi.module ↦ 38
    [def_eq] DirectSum ↦ 37
    [def_eq] DFinsupp.instAdd ↦ 33
    [def_eq] DFinsupp.instZero ↦ 33
    [def_eq] MulOpposite.instAddCommMonoid ↦ 33
    [def_eq] MulOpposite.instSMul ↦ 33
    [def_eq] MulOpposite.instZero ↦ 33
    [def_eq] LinearMap.module ↦ 24
  use `set_option diagnostics.threshold <num>` to control threshold for reporting counters
[diag] Diagnostics
  [reduction] unfolded declarations (max: 2072, num: 25):
    [reduction] AddMonoid.toZero ↦ 2072
    [reduction] HSMul.hSMul ↦ 1779
    [reduction] SMul.smul ↦ 1779
    [reduction] AddMonoid.nsmul ↦ 1057
    [reduction] Add.add ↦ 800
    [reduction] HAdd.hAdd ↦ 800
    [reduction] Membership.mem ↦ 511
    [reduction] Set ↦ 470
    [reduction] OfNat.ofNat ↦ 276
    [reduction] Set.Mem ↦ 256
    [reduction] SetLike.coe ↦ 256
    [reduction] GradedOrdinaryModuleData.ringDualGrade ↦ 252
    [reduction] Zero.zero ↦ 228
    [reduction] DFunLike.coe ↦ 154
    [reduction] Submodule.toAddSubgroup ↦ 126
    [reduction] NonUnitalNonAssocSemiring.toMul ↦ 118
    [reduction] Quiver.Hom ↦ 98
    [reduction] cutRightModuleOrdinaryData ↦ 77
    [reduction] Semiring.npow ↦ 66
    [reduction] Semiring.toOne ↦ 66
    [reduction] CutGradedRightModule.ringModule ↦ 64
    [reduction] HasQuotient.quotient' ↦ 33
    [reduction] HMul.hMul ↦ 26
    [reduction] Mul.mul ↦ 26
    [reduction] NatCast.natCast ↦ 26
  [reduction] unfolded instances (max: 7028, num: 121):
    [reduction] AddCommGroup.toAddGroup ↦ 7028
    [reduction] AddGroup.toSubNegMonoid ↦ 5818
    [reduction] SubNegMonoid.toAddMonoid ↦ 4582
    [reduction] AddCommMonoid.toAddMonoid ↦ 3966
    [reduction] AddZeroClass.toAddZero ↦ 3886
    [reduction] AddZero.toZero ↦ 3452
    [reduction] AddCommGroup.toAddCommMonoid ↦ 2075
    [reduction] AddMonoid.toAddZeroClass ↦ 2000
    [reduction] instHSMul ↦ 1779
    [reduction] Pi.addMonoid ↦ 1716
    [reduction] Ring.toSemiring ↦ 1653
    [reduction] NonUnitalNonAssocSemiring.toAddCommMonoid ↦ 1339
    [reduction] Semiring.toNonUnitalSemiring ↦ 1191
    [reduction] Pi.addZeroClass ↦ 1188
    [reduction] NonUnitalSemiring.toNonUnitalNonAssocSemiring ↦ 1121
    [reduction] Pi.addCommGroup ↦ 1080
    [reduction] Pi.addCommMonoid ↦ 1080
    [reduction] Pi.addGroup ↦ 1080
    [reduction] Pi.subNegMonoid ↦ 1080
    [reduction] AddMonoid.toNatSMul ↦ 1057
    [reduction] instHAdd ↦ 872
    [reduction] AddMonoid.toAddSemigroup ↦ 704
    [reduction] MulOpposite.instRing ↦ 641
    [reduction] AddSemigroup.toAdd ↦ 638
    [reduction] Field.toCommRing ↦ 595
    [reduction] CommRing.toRing ↦ 590
    [reduction] MulOpposite.instNonUnitalNonAssocSemiring ↦ 564
    [reduction] MulOpposite.instNonUnitalSemiring ↦ 564
    [reduction] MulOpposite.instSemiring ↦ 564
    [reduction] MulOpposite.instAddCommMonoid ↦ 538
    [reduction] instAddCommMonoidDirectSum ↦ 524
    [reduction] DFinsupp.addCommMonoid ↦ 524
    [reduction] Semifield.toCommSemiring ↦ 462
    [reduction] CommSemiring.toSemiring ↦ 460
    [reduction] Field.toSemifield ↦ 460
    [reduction] DirectSum.ring ↦ 444
    [reduction] AddZero.toAdd ↦ 434
    [reduction] DirectSum.instNonUnitalNonAssocSemiring ↦ 425
    [reduction] DirectSum.semiring ↦ 425
    [reduction] NonUnitalNonAssocRing.toNonUnitalNonAssocSemiring ↦ 376
    [reduction] SMulZeroClass.toSMul ↦ 375
    [reduction] instAddNat ↦ 363
    [reduction] AddCommMagma.toAdd ↦ 335
    [reduction] AddCommMonoid.toAddCommSemigroup ↦ 335
    [reduction] AddCommSemigroup.toAddCommMagma ↦ 335
    [reduction] AddCommSemigroup.toAddSemigroup ↦ 335
    [reduction] DivisionSemiring.toSemiring ↦ 310
    [reduction] Semifield.toDivisionSemiring ↦ 302
    [reduction] DistribSMul.toSMulZeroClass ↦ 296
    [reduction] Int.instAdd ↦ 293
    [reduction] NonAssocRing.toNonUnitalNonAssocRing ↦ 264
    [reduction] NonUnitalNonAssocRing.toAddCommGroup ↦ 264
    [reduction] Ring.toNonAssocRing ↦ 264
    [reduction] Set.instMembership ↦ 256
    [reduction] SetLike.instMembership ↦ 255
    [reduction] DFinsupp.hasNatScalar ↦ 254
    [reduction] DistribMulAction.toMulAction ↦ 250
    [reduction] Module.toDistribMulAction ↦ 250
    [reduction] MulAction.toSMul ↦ 250
    [reduction] DistribMulAction.toDistribSMul ↦ 217
    [reduction] Ring.toAddCommGroup ↦ 192
    [reduction] Zero.toOfNat0 ↦ 192
    [reduction] MulOpposite.instAddMonoid ↦ 188
    [reduction] MulOpposite.instSMul ↦ 188
    [reduction] NonAssocSemiring.toNonUnitalNonAssocSemiring ↦ 187
    [reduction] Semiring.toNonAssocSemiring ↦ 187
    [reduction] DivisionRing.toRing ↦ 166
    [reduction] Field.toDivisionRing ↦ 166
    [reduction] LinearMap.instFunLike ↦ 148
    [reduction] Pi.addSemigroup ↦ 132
    [reduction] AddSubmonoid.instSetLike ↦ 109
    [reduction] LinearMap.addCommGroup ↦ 100
    [reduction] LinearMap.addCommMonoid ↦ 94
    [reduction] AddSubgroup.instSetLike ↦ 90
    [reduction] Algebra.toModule ↦ 82
    [reduction] MonoidWithZero.toMonoid ↦ 79
    [reduction] Semiring.toMonoidWithZero ↦ 79
    [reduction] Algebra.toSMul ↦ 66
    [reduction] DFinsupp.distribMulAction ↦ 66
    [reduction] DFinsupp.instSMulZeroClass ↦ 66
    [reduction] DFinsupp.module ↦ 66
    [reduction] DirectSum.instModule ↦ 66
    [reduction] Pi.distribMulAction ↦ 66
    [reduction] Pi.module ↦ 66
    [reduction] Pi.mulAction ↦ 66
    [reduction] CategoryStruct.toQuiver ↦ 62
    [reduction] Submodule.setLike ↦ 57
    [reduction] AddCommMonoid.toNatModule ↦ 56
    [reduction] LinearMap.instSMul ↦ 56
    [reduction] Pi.instSMul ↦ 56
    [reduction] DFinsupp.instAdd ↦ 54
    [reduction] LinearMap.instAdd ↦ 54
    [reduction] MulOpposite.instAdd ↦ 54
    [reduction] Pi.instAdd ↦ 54
    [reduction] Category.toCategoryStruct ↦ 50
    [reduction] CutGradedRightModule.category ↦ 37
    [reduction] AddMemClass.add ↦ 36
    [reduction] AddMemClass.toAddSemigroup ↦ 36
    [reduction] AddSubmonoidClass.nSMul ↦ 36
    [reduction] AddSubmonoidClass.toAddMonoid ↦ 36
    [reduction] LinearMap.instZero ↦ 36
    [reduction] MulOpposite.instZero ↦ 36
    [reduction] Pi.instZero ↦ 36
    [reduction] ZeroMemClass.zero ↦ 36
    [reduction] DirectSum.GRing.toGSemiring ↦ 36
    [reduction] DirectSum.instAlgebra ↦ 33
    [reduction] MulOpposite.instAlgebra ↦ 33
    [reduction] MulOpposite.instDistribMulAction ↦ 33
    [reduction] MulOpposite.instModule ↦ 33
    [reduction] MulOpposite.instMulAction ↦ 33
    [reduction] AddSubgroup.toAddCommGroup ↦ 30
    [reduction] AddSubgroupClass.toAddCommGroup ↦ 30
    [reduction] AddSubgroupClass.toAddGroup ↦ 30
    [reduction] Submodule.addCommGroup ↦ 30
    [reduction] instHMul ↦ 26
    [reduction] Distrib.toMul ↦ 26
    [reduction] MulOpposite.instDistrib ↦ 26
    [reduction] MulOpposite.instMul ↦ 26
    [reduction] MulZeroClass.toMul ↦ 26
    [reduction] MulZeroClass.toSMulWithZero ↦ 26
    [reduction] SMulWithZero.toSMulZeroClass ↦ 26
  [reduction] unfolded reducible declarations (max: 7849, num: 32):
    [reduction] CutQuiver.Vertex ↦ 7849
    [reduction] homAdd ↦ 5558
    [reduction] Function.Injective.addMonoid ↦ 1259
    [reduction] Function.Injective.addCommMonoid ↦ 1256
    [reduction] CutGradedHom ↦ 1042
    [reduction] Hom ↦ 942
    [reduction] inferInstance ↦ 755
    [reduction] Function.Injective.addZeroClass ↦ 724
    [reduction] ModuleCat.carrier ↦ 655
    [reduction] Subtype.val ↦ 546
    [reduction] LinearMap.toAddHom ↦ 544
    [reduction] ModuleCat.of ↦ 437
    [reduction] AddSubmonoid.toAddSubsemigroup ↦ 434
    [reduction] Submodule.toAddSubmonoid ↦ 380
    [reduction] ordinaryRingDual ↦ 373
    [reduction] CutGradedBlock ↦ 290
    [reduction] GradedOrdinaryModuleData.ringModule ↦ 236
    [reduction] AddSubsemigroup.carrier ↦ 218
    [reduction] inferInstanceAs ↦ 201
    [reduction] AddSubgroup.toAddSubmonoid ↦ 180
    [reduction] outParam ↦ 166
    [reduction] AddHom.toFun ↦ 146
    [reduction] ordinaryRingDualUnbundledAddCommGroup ↦ 107
    [reduction] Function.Injective.addCommGroup ↦ 100
    [reduction] CutGradedRing ↦ 98
    [reduction] Function.Injective.distribMulAction ↦ 66
    [reduction] Function.Injective.distribSMul ↦ 66
    [reduction] Function.Injective.smulZeroClass ↦ 66
    [reduction] CutGradedRightModule.space ↦ 64
    [reduction] FunLike ↦ 52
    [reduction] HasQuotient.Quotient ↦ 44
    [reduction] homModule ↦ 38
  [type_class] used instances (max: 60, num: 1):
    [type_class] Pi.addZeroClass ↦ 60
  [def_eq] heuristic for solving `f a =?= f b` (max: 594, num: 20):
    [def_eq] Pi.instZero ↦ 594
    [def_eq] instHAdd ↦ 363
    [def_eq] Int.add ↦ 291
    [def_eq] DFinsupp.mapRange ↦ 160
    [def_eq] Pi.addMonoid ↦ 148
    [def_eq] MulOpposite.op ↦ 112
    [def_eq] Pi.addCommGroup ↦ 80
    [def_eq] MulOpposite.instAdd ↦ 66
    [def_eq] Pi.instAdd ↦ 66
    [def_eq] MulOpposite.unop ↦ 64
    [def_eq] Pi.addCommMonoid ↦ 59
    [def_eq] Pi.module ↦ 38
    [def_eq] DirectSum ↦ 37
    [def_eq] DFinsupp.instAdd ↦ 33
    [def_eq] DFinsupp.instZero ↦ 33
    [def_eq] MulOpposite.instAddCommMonoid ↦ 33
    [def_eq] MulOpposite.instSMul ↦ 33
    [def_eq] MulOpposite.instZero ↦ 33
    [def_eq] LinearMap.module ↦ 28
    [def_eq] AddSubmonoidClass.toAddMonoid ↦ 24
  [kernel] unfolded declarations (max: 1932, num: 88):
    [kernel] HAdd.hAdd ↦ 1932
    [kernel] Add.add ↦ 1600
    [kernel] DFunLike.coe ↦ 1547
    [kernel] DFinsupp.toFun ↦ 624
    [kernel] AddSemigroup.toAdd ↦ 620
    [kernel] instHAdd ↦ 558
    [kernel] AddMonoid.toAddSemigroup ↦ 536
    [kernel] SubNegMonoid.toAddMonoid ↦ 492
    [kernel] Membership.mem ↦ 484
    [kernel] AddGroup.toSubNegMonoid ↦ 478
    [kernel] AddCommGroup.toAddGroup ↦ 474
    [kernel] HSMul.hSMul ↦ 426
    [kernel] SMul.smul ↦ 350
    [kernel] Pi.addMonoid ↦ 320
    [kernel] AddCommGroup.toAddCommMonoid ↦ 296
    [kernel] AddCommMonoid.toAddMonoid ↦ 292
    [kernel] Pi.instAdd ↦ 292
    [kernel] ZeroHom.toFun ↦ 290
    [kernel] Pi.addSemigroup ↦ 288
    [kernel] Pi.subNegMonoid ↦ 284
    [kernel] Pi.addCommGroup ↦ 280
    [kernel] Pi.addGroup ↦ 280
    [kernel] AddHom.toFun ↦ 260
    [kernel] AddZero.toAdd ↦ 258
    [kernel] AddZeroClass.toAddZero ↦ 246
    [kernel] DFinsupp.support' ↦ 240
    [kernel] AddZero.toZero ↦ 220
    [kernel] AddMonoid.toAddZeroClass ↦ 198
    [kernel] AddMonoidHom.toZeroHom ↦ 184
    [kernel] homAdd ↦ 180
    [kernel] Ring.toSemiring ↦ 162
    [kernel] CutGradedBlock ↦ 158
    [kernel] Subtype.val ↦ 146
    [kernel] AddMonoid.nsmul ↦ 132
    [kernel] Trunc.lift ↦ 132
    [kernel] CommRing.toRing ↦ 129
    [kernel] NonUnitalNonAssocSemiring.toAddCommMonoid ↦ 128
    [kernel] OfNat.ofNat ↦ 124
    [kernel] AddCommMagma.toAdd ↦ 110
    [kernel] MulOpposite.unop ↦ 96
    [kernel] PreOpposite.unop' ↦ 96
    [kernel] HMul.hMul ↦ 80
    [kernel] Mul.mul ↦ 80
    [kernel] AddMonoidHom.instFunLike ↦ 77
    [kernel] CommSemiring.toSemiring ↦ 77
    [kernel] MulOpposite.instAdd ↦ 74
    [kernel] AddMonoid.toZero ↦ 70
    [kernel] DivisionSemiring.toSemiring ↦ 69
    [kernel] DivisionRing.toRing ↦ 66
    [kernel] LinearMap.toAddHom ↦ 66
    [kernel] MulOpposite.op ↦ 60
    [kernel] Trunc.bind ↦ 60
    [kernel] Trunc.liftOn ↦ 60
    [kernel] instHSMul ↦ 58
    [kernel] ModuleCat.carrier ↦ 58
    [kernel] SMulZeroClass.toSMul ↦ 52
    [kernel] Function.Injective.addMonoid ↦ 52
    [kernel] Function.Injective.addCommMonoid ↦ 48
    [kernel] Zero.zero ↦ 44
    [kernel] DFinsupp.zipWith ↦ 40
    [kernel] EquivLike.coe ↦ 40
    [kernel] EquivLike.toFunLike ↦ 40
    [kernel] AddCommSemigroup.toAddSemigroup ↦ 38
    [kernel] AddEquiv.instEquivLike ↦ 38
    [kernel] AddEquiv.toEquiv ↦ 38
    [kernel] DFinsupp.liftAddHom ↦ 38
    [kernel] DFinsupp.sumAddHom ↦ 38
    [kernel] DFinsupp.sumZeroHom ↦ 38
    [kernel] DirectSum.toAddMonoid ↦ 38
    [kernel] Equiv.toFun ↦ 38
    [kernel] Pi.addCommMonoid ↦ 38
    [kernel] Function.Injective.addZeroClass ↦ 38
    [kernel] AddMonoidHom.flip ↦ 36
    [kernel] ZeroHom.funLike ↦ 36
    [kernel] Hom ↦ 36
    [kernel] MulOpposite.instAddCommMonoid ↦ 32
    [kernel] AddSubmonoid.toAddCommMonoid ↦ 30
    [kernel] AddSubmonoidClass.toAddCommMonoid ↦ 30
    [kernel] MulAction.toSMul ↦ 30
    [kernel] Submodule.addCommMonoid ↦ 30
    [kernel] HasQuotient.Quotient ↦ 28
    [kernel] AddMonoid.toNatSMul ↦ 26
    [kernel] AddCommMonoid.toAddCommSemigroup ↦ 24
    [kernel] Zero.toOfNat0 ↦ 24
    [kernel] Function.Injective.addSemigroup ↦ 24
    [kernel] outParam ↦ 22
    [kernel] AddMemClass.add ↦ 22
    [kernel] DistribSMul.toSMulZeroClass ↦ 22
  use `set_option diagnostics.threshold <num>` to control threshold for reporting counters
