source comparison ready
target comparison ready
square proof ready
work/ASGinzburgDraft/PeriodCutOrdinaryRingDualTopHomQuotient.lean:49:11: error: (deterministic) timeout at `isDefEq`, maximum number of heartbeats (60000) has been reached

Note: Use `set_option maxHeartbeats <num>` to set the limit.
[diag] Diagnostics
  [reduction] unfolded declarations (max: 4248, num: 35):
    [reduction] AddMonoid.toZero ↦ 4248
    [reduction] HSMul.hSMul ↦ 2948
    [reduction] SMul.smul ↦ 2948
    [reduction] Add.add ↦ 2428
    [reduction] HAdd.hAdd ↦ 2358
    [reduction] AddMonoid.nsmul ↦ 1784
    [reduction] Membership.mem ↦ 1626
    [reduction] Set ↦ 1500
    [reduction] Quiver.Hom ↦ 1107
    [reduction] SetLike.coe ↦ 830
    [reduction] Set.Mem ↦ 798
    [reduction] OfNat.ofNat ↦ 792
    [reduction] Zero.zero ↦ 600
    [reduction] MulOpposite ↦ 564
    [reduction] CutGradedRightModule.homSubmodule ↦ 420
    [reduction] Submodule.toAddSubgroup ↦ 314
    [reduction] DirectSum ↦ 300
    [reduction] GradedOrdinaryModuleData.ringDualGrade ↦ 284
    [reduction] DFunLike.coe ↦ 250
    [reduction] NonUnitalNonAssocSemiring.toMul ↦ 204
    [reduction] cutRegularGradedRightModule ↦ 180
    [reduction] CutGradedRightModule.shifted ↦ 180
    [reduction] cutRightModuleOrdinaryData ↦ 175
    [reduction] HasQuotient.quotient' ↦ 164
    [reduction] Semiring.npow ↦ 120
    [reduction] Semiring.toOne ↦ 120
    [reduction] CutGradedRightModule.ringModule ↦ 120
    [reduction] NatCast.natCast ↦ 104
    [reduction] DFinsupp.zipWith ↦ 70
    [reduction] HMul.hMul ↦ 42
    [reduction] Mul.mul ↦ 42
    [reduction] MulOpposite.op ↦ 34
    [reduction] EquivLike.coe ↦ 32
    [reduction] CoeOTC.coe ↦ 24
    [reduction] cutGradedForgetFunctor ↦ 23
  [reduction] unfolded instances (max: 24877, num: 146):
    [reduction] AddCommGroup.toAddGroup ↦ 24877
    [reduction] AddGroup.toSubNegMonoid ↦ 20385
    [reduction] SubNegMonoid.toAddMonoid ↦ 10779
    [reduction] AddZeroClass.toAddZero ↦ 8366
    [reduction] AddCommMonoid.toAddMonoid ↦ 7867
    [reduction] SeminormedAddCommGroup.toAddCommGroup ↦ 7744
    [reduction] AddZero.toZero ↦ 7110
    [reduction] AddMonoid.toAddZeroClass ↦ 4448
    [reduction] AddCommGroup.toAddCommMonoid ↦ 4312
    [reduction] Pi.addMonoid ↦ 3878
    [reduction] AddMonoid.toAddSemigroup ↦ 3116
    [reduction] instHSMul ↦ 2948
    [reduction] instHAdd ↦ 2931
    [reduction] Ring.toSemiring ↦ 2903
    [reduction] Pi.addCommGroup ↦ 2640
    [reduction] Pi.addGroup ↦ 2640
    [reduction] Pi.subNegMonoid ↦ 2640
    [reduction] AddSemigroup.toAdd ↦ 2602
    [reduction] Pi.addZeroClass ↦ 2432
    [reduction] NormedAddCommGroup.toAddCommGroup ↦ 2422
    [reduction] NonUnitalNonAssocSemiring.toAddCommMonoid ↦ 2253
    [reduction] Pi.addCommMonoid ↦ 2150
    [reduction] Semiring.toNonUnitalSemiring ↦ 2036
    [reduction] NonUnitalSemiring.toNonUnitalNonAssocSemiring ↦ 1900
    [reduction] AddMonoid.toNatSMul ↦ 1784
    [reduction] AddZero.toAdd ↦ 1256
    [reduction] Field.toCommRing ↦ 1102
    [reduction] CommRing.toRing ↦ 1099
    [reduction] MulOpposite.instRing ↦ 1043
    [reduction] CategoryStruct.toQuiver ↦ 1030
    [reduction] Category.toCategoryStruct ↦ 1020
    [reduction] CutGradedRightModule.category ↦ 1000
    [reduction] instAddNat ↦ 990
    [reduction] instAddCommMonoidDirectSum ↦ 936
    [reduction] DFinsupp.addCommMonoid ↦ 936
    [reduction] MulOpposite.instNonUnitalNonAssocSemiring ↦ 902
    [reduction] MulOpposite.instNonUnitalSemiring ↦ 902
    [reduction] MulOpposite.instSemiring ↦ 902
    [reduction] Semifield.toCommSemiring ↦ 886
    [reduction] CommSemiring.toSemiring ↦ 878
    [reduction] Field.toSemifield ↦ 878
    [reduction] MulOpposite.instAddCommMonoid ↦ 860
    [reduction] AddCommMonoid.toAddCommSemigroup ↦ 831
    [reduction] AddCommSemigroup.toAddSemigroup ↦ 831
    [reduction] Set.instMembership ↦ 806
    [reduction] SetLike.instMembership ↦ 804
    [reduction] DirectSum.ring ↦ 800
    [reduction] AddCommMagma.toAdd ↦ 759
    [reduction] AddCommSemigroup.toAddCommMagma ↦ 759
    [reduction] DirectSum.instNonUnitalNonAssocSemiring ↦ 758
    [reduction] DirectSum.semiring ↦ 758
    [reduction] Pi.addSemigroup ↦ 730
    [reduction] Int.instAdd ↦ 639
    [reduction] NonUnitalNonAssocRing.toNonUnitalNonAssocSemiring ↦ 635
    [reduction] SMulZeroClass.toSMul ↦ 621
    [reduction] DivisionSemiring.toSemiring ↦ 586
    [reduction] Semifield.toDivisionSemiring ↦ 562
    [reduction] Pi.instAdd ↦ 550
    [reduction] DistribSMul.toSMulZeroClass ↦ 482
    [reduction] NonAssocRing.toNonUnitalNonAssocRing ↦ 462
    [reduction] NonUnitalNonAssocRing.toAddCommGroup ↦ 462
    [reduction] Ring.toNonAssocRing ↦ 462
    [reduction] Zero.toOfNat0 ↦ 456
    [reduction] DFinsupp.hasNatScalar ↦ 430
    [reduction] DistribMulAction.toMulAction ↦ 402
    [reduction] Module.toDistribMulAction ↦ 402
    [reduction] MulAction.toSMul ↦ 402
    [reduction] Submodule.setLike ↦ 357
    [reduction] DistribMulAction.toDistribSMul ↦ 343
    [reduction] MulOpposite.instAddMonoid ↦ 312
    [reduction] MulOpposite.instSMul ↦ 312
    [reduction] NonAssocSemiring.toNonUnitalNonAssocSemiring ↦ 311
    [reduction] Semiring.toNonAssocSemiring ↦ 311
    [reduction] DivisionRing.toRing ↦ 292
    [reduction] Field.toDivisionRing ↦ 280
    [reduction] AddSubgroup.instSetLike ↦ 274
    [reduction] Ring.toAddCommGroup ↦ 214
    [reduction] LinearMap.instFunLike ↦ 210
    [reduction] AddSubmonoid.instSetLike ↦ 183
    [reduction] LinearMap.addCommMonoid ↦ 176
    [reduction] LinearMap.instAdd ↦ 172
    [reduction] LinearMap.addCommGroup ↦ 168
    [reduction] DFinsupp.instAdd ↦ 164
    [reduction] MonoidWithZero.toMonoid ↦ 141
    [reduction] Semiring.toMonoidWithZero ↦ 141
    [reduction] Algebra.toModule ↦ 133
    [reduction] MulOpposite.instAdd ↦ 128
    [reduction] Algebra.toSMul ↦ 118
    [reduction] DFinsupp.distribMulAction ↦ 118
    [reduction] DFinsupp.instSMulZeroClass ↦ 118
    [reduction] DFinsupp.module ↦ 118
    [reduction] DirectSum.instModule ↦ 118
    [reduction] Pi.distribMulAction ↦ 118
    [reduction] Pi.module ↦ 118
    [reduction] Pi.mulAction ↦ 118
    [reduction] AddMemClass.add ↦ 82
    [reduction] AddMemClass.toAddSemigroup ↦ 82
    [reduction] AddSubmonoidClass.toAddMonoid ↦ 82
    [reduction] Submodule.hasQuotient ↦ 82
    [reduction] DirectSum.GRing.toGSemiring ↦ 76
    [reduction] AddCommMonoid.toNatModule ↦ 72
    [reduction] LinearMap.instSMul ↦ 72
    [reduction] Pi.instSMul ↦ 72
    [reduction] MulOpposite.instDistribMulAction ↦ 60
    [reduction] MulOpposite.instModule ↦ 60
    [reduction] DirectSum.instAlgebra ↦ 59
    [reduction] MulOpposite.instAlgebra ↦ 59
    [reduction] MulOpposite.instMulAction ↦ 59
    [reduction] Preadditive.homGroup ↦ 52
    [reduction] AddSubgroup.toAddCommGroup ↦ 50
    [reduction] AddSubgroupClass.toAddCommGroup ↦ 50
    [reduction] AddSubgroupClass.toAddGroup ↦ 50
    [reduction] Submodule.addCommGroup ↦ 50
    [reduction] instHMul ↦ 42
    [reduction] Distrib.toMul ↦ 42
    [reduction] MulOpposite.instDistrib ↦ 42
    [reduction] MulOpposite.instMul ↦ 42
    [reduction] MulZeroClass.toMul ↦ 42
    [reduction] MulZeroClass.toSMulWithZero ↦ 42
    [reduction] SMulWithZero.toSMulZeroClass ↦ 42
    [reduction] CutGradedRightModule.preadditive ↦ 42
    [reduction] AddSubmonoidClass.nSMul ↦ 40
    [reduction] LinearMap.instZero ↦ 40
    [reduction] MulOpposite.instZero ↦ 40
    [reduction] Pi.instZero ↦ 40
    [reduction] ZeroMemClass.zero ↦ 40
    [reduction] DFinsupp.addCommGroup ↦ 36
    [reduction] DirectSum.instAddCommGroup ↦ 36
    [reduction] AddSubmonoid.toAddCommMonoid ↦ 35
    [reduction] AddSubmonoidClass.toAddCommMonoid ↦ 35
    [reduction] Submodule.addCommMonoid ↦ 35
    [reduction] LinearMap.module ↦ 28
    [reduction] EquivLike.toFunLike ↦ 24
    [reduction] LinearEquiv.instEquivLike ↦ 24
    [reduction] instDistribSMul ↦ 21
    [reduction] Monoid.toSemigroup ↦ 21
    [reduction] MonoidWithZero.toMulActionWithZero ↦ 21
    [reduction] MonoidWithZero.toMulZeroOneClass ↦ 21
    [reduction] MulActionWithZero.toMulAction ↦ 21
    [reduction] MulOne.toMul ↦ 21
    [reduction] MulOneClass.toMulOne ↦ 21
    [reduction] MulZeroOneClass.toMulOneClass ↦ 21
    [reduction] MulZeroOneClass.toMulZeroClass ↦ 21
    [reduction] NonUnitalNonAssocSemiring.toMulZeroClass ↦ 21
    [reduction] Semigroup.toMul ↦ 21
    [reduction] Semiring.toModule ↦ 21
  [reduction] unfolded reducible declarations (max: 21374, num: 43):
    [reduction] CutQuiver.Vertex ↦ 21374
    [reduction] homAdd ↦ 13427
    [reduction] CutGradedHom ↦ 2698
    [reduction] Hom ↦ 2476
    [reduction] ModuleCat.carrier ↦ 2407
    [reduction] Function.Injective.addMonoid ↦ 2204
    [reduction] Function.Injective.addCommMonoid ↦ 2176
    [reduction] ModuleCat.of ↦ 2011
    [reduction] ordinaryRingDual ↦ 1711
    [reduction] Function.Injective.addZeroClass ↦ 1446
    [reduction] AddSubmonoid.toAddSubsemigroup ↦ 1444
    [reduction] inferInstance ↦ 1368
    [reduction] Submodule.toAddSubmonoid ↦ 1274
    [reduction] CutGradedRightModule.space ↦ 1169
    [reduction] CutGradedBlock ↦ 1002
    [reduction] LinearMap.toAddHom ↦ 832
    [reduction] Subtype.val ↦ 750
    [reduction] AddSubsemigroup.carrier ↦ 708
    [reduction] AddSubgroup.toAddSubmonoid ↦ 548
    [reduction] GradedOrdinaryModuleData.ringModule ↦ 491
    [reduction] CutGradedRing ↦ 458
    [reduction] ModuleCat.isAddCommGroup ↦ 456
    [reduction] outParam ↦ 310
    [reduction] inferInstanceAs ↦ 308
    [reduction] AddHom.toFun ↦ 302
    [reduction] HasQuotient.Quotient ↦ 218
    [reduction] Function.Injective.addCommGroup ↦ 204
    [reduction] ordinaryRingDualUnbundledAddCommGroup ↦ 118
    [reduction] Function.Injective.distribMulAction ↦ 118
    [reduction] Function.Injective.distribSMul ↦ 118
    [reduction] Function.Injective.smulZeroClass ↦ 118
    [reduction] semiOutParam ↦ 113
    [reduction] FunLike ↦ 102
    [reduction] GradedOrdinaryModuleData.ringDualHomogeneousTopQuotient ↦ 94
    [reduction] homModule ↦ 84
    [reduction] DFinsupp.toFun ↦ 70
    [reduction] Nat.cast ↦ 68
    [reduction] Ideal ↦ 64
    [reduction] GradedOrdinaryModuleData.ringDualGradeHasQuotient ↦ 45
    [reduction] PreOpposite.unop' ↦ 34
    [reduction] DecidableEq ↦ 32
    [reduction] LinearEquiv.toLinearMap ↦ 32
    [reduction] GradedOrdinaryModuleData.grade ↦ 26
  [type_class] used instances (max: 250, num: 31):
    [type_class] Pi.addZeroClass ↦ 250
    [type_class] DenselyNormedField.toNontriviallyNormedField ↦ 29
    [type_class] DenselyNormedField.toNormedField ↦ 29
    [type_class] DivisionSemiring.toSemiring ↦ 29
    [type_class] Field.toSemifield ↦ 29
    [type_class] IdemCommSemiring.toIdemSemiring ↦ 29
    [type_class] IdemSemiring.toSemiring ↦ 29
    [type_class] KleeneAlgebra.toIdemSemiring ↦ 29
    [type_class] NontriviallyNormedField.toNormedField ↦ 29
    [type_class] NormedCommRing.toNormedRing ↦ 29
    [type_class] NormedDivisionRing.toNormedRing ↦ 29
    [type_class] NormedField.toNormedCommRing ↦ 29
    [type_class] NormedField.toNormedDivisionRing ↦ 29
    [type_class] RCLike.toDenselyNormedField ↦ 29
    [type_class] Semifield.toDivisionSemiring ↦ 29
    [type_class] DirectSum.GradeZero.semiring ↦ 29
    [type_class] NormedCommRing.toSeminormedCommRing ↦ 27
    [type_class] NormedRing.toSeminormedRing ↦ 27
    [type_class] SeminormedCommRing.toSeminormedRing ↦ 27
    [type_class] NonUnitalNormedCommRing.toNonUnitalNormedRing ↦ 25
    [type_class] NonUnitalNormedRing.toNormedAddCommGroup ↦ 25
    [type_class] NormedCommRing.toNonUnitalNormedCommRing ↦ 25
    [type_class] NormedRing.toNonUnitalNormedRing ↦ 25
    [type_class] NonUnitalNormedCommRing.toNonUnitalSeminormedCommRing ↦ 23
    [type_class] NonUnitalNormedRing.toNonUnitalSeminormedRing ↦ 23
    [type_class] NonUnitalSeminormedCommRing.toNonUnitalSeminormedRing ↦ 23
    [type_class] NonUnitalSeminormedRing.toSeminormedAddCommGroup ↦ 23
    [type_class] NormedAddCommGroup.toSeminormedAddCommGroup ↦ 23
    [type_class] SeminormedCommRing.toNonUnitalSeminormedCommRing ↦ 23
    [type_class] SeminormedRing.toNonUnitalSeminormedRing ↦ 23
    [type_class] CutGradedRightModule.category ↦ 22
  [def_eq] heuristic for solving `f a =?= f b` (max: 1216, num: 22):
    [def_eq] Pi.instZero ↦ 1216
    [def_eq] instHAdd ↦ 1060
    [def_eq] Int.add ↦ 630
    [def_eq] Pi.addMonoid ↦ 304
    [def_eq] DFinsupp.mapRange ↦ 274
    [def_eq] MulOpposite.op ↦ 176
    [def_eq] Pi.addCommGroup ↦ 168
    [def_eq] Pi.addCommMonoid ↦ 134
    [def_eq] Pi.instAdd ↦ 120
    [def_eq] MulOpposite.instAdd ↦ 119
    [def_eq] Pi.module ↦ 84
    [def_eq] MulOpposite.unop ↦ 80
    [def_eq] DirectSum ↦ 72
    [def_eq] DFinsupp.instAdd ↦ 60
    [def_eq] DFinsupp.instZero ↦ 60
    [def_eq] MulOpposite.instAddCommMonoid ↦ 60
    [def_eq] MulOpposite.instZero ↦ 60
    [def_eq] LinearMap.module ↦ 59
    [def_eq] MulOpposite.instSMul ↦ 59
    [def_eq] DirectSum.semiring ↦ 42
    [def_eq] SetLike.instMembership ↦ 39
    [def_eq] HasQuotient.Quotient ↦ 26
  use `set_option diagnostics.threshold <num>` to control threshold for reporting counters
work/ASGinzburgDraft/PeriodCutOrdinaryRingDualTopHomQuotient.lean:21:18: error: (deterministic) timeout at `whnf`, maximum number of heartbeats (60000) has been reached

Note: Use `set_option maxHeartbeats <num>` to set the limit.
work/ASGinzburgDraft/PeriodCutOrdinaryRingDualTopHomQuotient.lean:67:4: error: Invalid field `cutOrdinaryRingDualTopShiftedHomQuotientEquiv`: The environment does not contain `ASGinzburg.ZAlgebra.PeriodIso.cutOrdinaryRingDualTopShiftedHomQuotientEquiv`
  E
has type
  A.PeriodIso ↑Q.vertices
[diag] Diagnostics
  [reduction] unfolded declarations (max: 304, num: 10):
    [reduction] AddMonoid.toZero ↦ 304
    [reduction] Add.add ↦ 248
    [reduction] HAdd.hAdd ↦ 248
    [reduction] OfNat.ofNat ↦ 168
    [reduction] HSMul.hSMul ↦ 156
    [reduction] SMul.smul ↦ 156
    [reduction] Zero.zero ↦ 120
    [reduction] AddMonoid.nsmul ↦ 100
    [reduction] Quiver.Hom ↦ 61
    [reduction] NatCast.natCast ↦ 26
  [reduction] unfolded instances (max: 1017, num: 58):
    [reduction] AddCommGroup.toAddGroup ↦ 1017
    [reduction] AddGroup.toSubNegMonoid ↦ 801
    [reduction] SubNegMonoid.toAddMonoid ↦ 572
    [reduction] AddZeroClass.toAddZero ↦ 528
    [reduction] AddZero.toZero ↦ 504
    [reduction] AddCommMonoid.toAddMonoid ↦ 448
    [reduction] AddMonoid.toAddZeroClass ↦ 304
    [reduction] AddCommGroup.toAddCommMonoid ↦ 273
    [reduction] Pi.addMonoid ↦ 208
    [reduction] Ring.toSemiring ↦ 200
    [reduction] instHAdd ↦ 177
    [reduction] Pi.addCommGroup ↦ 161
    [reduction] Pi.addCommMonoid ↦ 161
    [reduction] Pi.addGroup ↦ 161
    [reduction] Pi.subNegMonoid ↦ 161
    [reduction] instHSMul ↦ 156
    [reduction] Pi.addZeroClass ↦ 144
    [reduction] Field.toCommRing ↦ 111
    [reduction] CommRing.toRing ↦ 110
    [reduction] Semiring.toNonUnitalSemiring ↦ 102
    [reduction] AddMonoid.toNatSMul ↦ 100
    [reduction] NonUnitalNonAssocSemiring.toAddCommMonoid ↦ 94
    [reduction] NonUnitalSemiring.toNonUnitalNonAssocSemiring ↦ 92
    [reduction] Int.instAdd ↦ 90
    [reduction] instAddNat ↦ 87
    [reduction] Zero.toOfNat0 ↦ 84
    [reduction] Semifield.toCommSemiring ↦ 77
    [reduction] CommSemiring.toSemiring ↦ 75
    [reduction] Field.toSemifield ↦ 75
    [reduction] DivisionSemiring.toSemiring ↦ 60
    [reduction] MulOpposite.instRing ↦ 53
    [reduction] Semifield.toDivisionSemiring ↦ 52
    [reduction] instAddCommMonoidDirectSum ↦ 48
    [reduction] AddMonoid.toAddSemigroup ↦ 48
    [reduction] DFinsupp.addCommMonoid ↦ 48
    [reduction] DivisionRing.toRing ↦ 45
    [reduction] Field.toDivisionRing ↦ 45
    [reduction] CategoryStruct.toQuiver ↦ 43
    [reduction] DirectSum.ring ↦ 42
    [reduction] AddSemigroup.toAdd ↦ 40
    [reduction] MulOpposite.instNonUnitalNonAssocSemiring ↦ 40
    [reduction] MulOpposite.instNonUnitalSemiring ↦ 40
    [reduction] MulOpposite.instSemiring ↦ 40
    [reduction] SMulZeroClass.toSMul ↦ 40
    [reduction] DirectSum.instNonUnitalNonAssocSemiring ↦ 36
    [reduction] DirectSum.semiring ↦ 36
    [reduction] MulOpposite.instAddCommMonoid ↦ 36
    [reduction] Category.toCategoryStruct ↦ 31
    [reduction] CutGradedRightModule.category ↦ 31
    [reduction] DistribSMul.toSMulZeroClass ↦ 30
    [reduction] AddZero.toAdd ↦ 24
    [reduction] DFinsupp.hasNatScalar ↦ 24
    [reduction] DistribMulAction.toMulAction ↦ 24
    [reduction] Module.toDistribMulAction ↦ 24
    [reduction] MulAction.toSMul ↦ 24
    [reduction] NonAssocSemiring.toNonUnitalNonAssocSemiring ↦ 24
    [reduction] Semiring.toNonAssocSemiring ↦ 24
    [reduction] NonUnitalNonAssocRing.toNonUnitalNonAssocSemiring ↦ 22
  [reduction] unfolded reducible declarations (max: 3441, num: 11):
    [reduction] CutQuiver.Vertex ↦ 3441
    [reduction] homAdd ↦ 914
    [reduction] CutGradedHom ↦ 360
    [reduction] Hom ↦ 328
    [reduction] outParam ↦ 85
    [reduction] Function.Injective.addCommMonoid ↦ 84
    [reduction] Function.Injective.addMonoid ↦ 76
    [reduction] CutGradedBlock ↦ 64
    [reduction] inferInstance ↦ 60
    [reduction] Function.Injective.addZeroClass ↦ 48
    [reduction] FunLike ↦ 23
  [type_class] used instances (max: 60, num: 1):
    [type_class] Pi.addZeroClass ↦ 60
  [def_eq] heuristic for solving `f a =?= f b` (max: 87, num: 5):
    [def_eq] instHAdd ↦ 87
    [def_eq] Int.add ↦ 87
    [def_eq] Pi.instZero ↦ 72
    [def_eq] Pi.addMonoid ↦ 38
    [def_eq] Pi.addCommGroup ↦ 22
  use `set_option diagnostics.threshold <num>` to control threshold for reporting counters
[diag] Diagnostics
  [reduction] unfolded declarations (max: 304, num: 10):
    [reduction] AddMonoid.toZero ↦ 304
    [reduction] Add.add ↦ 248
    [reduction] HAdd.hAdd ↦ 248
    [reduction] OfNat.ofNat ↦ 168
    [reduction] HSMul.hSMul ↦ 156
    [reduction] SMul.smul ↦ 156
    [reduction] Zero.zero ↦ 120
    [reduction] AddMonoid.nsmul ↦ 100
    [reduction] Quiver.Hom ↦ 61
    [reduction] NatCast.natCast ↦ 26
  [reduction] unfolded instances (max: 1017, num: 58):
    [reduction] AddCommGroup.toAddGroup ↦ 1017
    [reduction] AddGroup.toSubNegMonoid ↦ 801
    [reduction] SubNegMonoid.toAddMonoid ↦ 572
    [reduction] AddZeroClass.toAddZero ↦ 528
    [reduction] AddZero.toZero ↦ 504
    [reduction] AddCommMonoid.toAddMonoid ↦ 448
    [reduction] AddMonoid.toAddZeroClass ↦ 304
    [reduction] AddCommGroup.toAddCommMonoid ↦ 273
    [reduction] Pi.addMonoid ↦ 208
    [reduction] Ring.toSemiring ↦ 200
    [reduction] instHAdd ↦ 177
    [reduction] Pi.addCommGroup ↦ 161
    [reduction] Pi.addCommMonoid ↦ 161
    [reduction] Pi.addGroup ↦ 161
    [reduction] Pi.subNegMonoid ↦ 161
    [reduction] instHSMul ↦ 156
    [reduction] Pi.addZeroClass ↦ 144
    [reduction] Field.toCommRing ↦ 111
    [reduction] CommRing.toRing ↦ 110
    [reduction] Semiring.toNonUnitalSemiring ↦ 102
    [reduction] AddMonoid.toNatSMul ↦ 100
    [reduction] NonUnitalNonAssocSemiring.toAddCommMonoid ↦ 94
    [reduction] NonUnitalSemiring.toNonUnitalNonAssocSemiring ↦ 92
    [reduction] Int.instAdd ↦ 90
    [reduction] instAddNat ↦ 87
    [reduction] Zero.toOfNat0 ↦ 84
    [reduction] Semifield.toCommSemiring ↦ 77
    [reduction] CommSemiring.toSemiring ↦ 75
    [reduction] Field.toSemifield ↦ 75
    [reduction] DivisionSemiring.toSemiring ↦ 60
    [reduction] MulOpposite.instRing ↦ 53
    [reduction] Semifield.toDivisionSemiring ↦ 52
    [reduction] instAddCommMonoidDirectSum ↦ 48
    [reduction] AddMonoid.toAddSemigroup ↦ 48
    [reduction] DFinsupp.addCommMonoid ↦ 48
    [reduction] DivisionRing.toRing ↦ 45
    [reduction] Field.toDivisionRing ↦ 45
    [reduction] CategoryStruct.toQuiver ↦ 43
    [reduction] DirectSum.ring ↦ 42
    [reduction] AddSemigroup.toAdd ↦ 40
    [reduction] MulOpposite.instNonUnitalNonAssocSemiring ↦ 40
    [reduction] MulOpposite.instNonUnitalSemiring ↦ 40
    [reduction] MulOpposite.instSemiring ↦ 40
    [reduction] SMulZeroClass.toSMul ↦ 40
    [reduction] DirectSum.instNonUnitalNonAssocSemiring ↦ 36
    [reduction] DirectSum.semiring ↦ 36
    [reduction] MulOpposite.instAddCommMonoid ↦ 36
    [reduction] Category.toCategoryStruct ↦ 31
    [reduction] CutGradedRightModule.category ↦ 31
    [reduction] DistribSMul.toSMulZeroClass ↦ 30
    [reduction] AddZero.toAdd ↦ 24
    [reduction] DFinsupp.hasNatScalar ↦ 24
    [reduction] DistribMulAction.toMulAction ↦ 24
    [reduction] Module.toDistribMulAction ↦ 24
    [reduction] MulAction.toSMul ↦ 24
    [reduction] NonAssocSemiring.toNonUnitalNonAssocSemiring ↦ 24
    [reduction] Semiring.toNonAssocSemiring ↦ 24
    [reduction] NonUnitalNonAssocRing.toNonUnitalNonAssocSemiring ↦ 22
  [reduction] unfolded reducible declarations (max: 3441, num: 11):
    [reduction] CutQuiver.Vertex ↦ 3441
    [reduction] homAdd ↦ 914
    [reduction] CutGradedHom ↦ 360
    [reduction] Hom ↦ 328
    [reduction] outParam ↦ 85
    [reduction] Function.Injective.addCommMonoid ↦ 84
    [reduction] Function.Injective.addMonoid ↦ 76
    [reduction] CutGradedBlock ↦ 64
    [reduction] inferInstance ↦ 60
    [reduction] Function.Injective.addZeroClass ↦ 48
    [reduction] FunLike ↦ 24
  [type_class] used instances (max: 60, num: 1):
    [type_class] Pi.addZeroClass ↦ 60
  [def_eq] heuristic for solving `f a =?= f b` (max: 87, num: 5):
    [def_eq] instHAdd ↦ 87
    [def_eq] Int.add ↦ 87
    [def_eq] Pi.instZero ↦ 72
    [def_eq] Pi.addMonoid ↦ 38
    [def_eq] Pi.addCommGroup ↦ 22
  [kernel] unfolded declarations (max: 276, num: 36):
    [kernel] HAdd.hAdd ↦ 276
    [kernel] AddZero.toZero ↦ 178
    [kernel] Add.add ↦ 160
    [kernel] AddSemigroup.toAdd ↦ 146
    [kernel] AddCommMonoid.toAddMonoid ↦ 140
    [kernel] HSMul.hSMul ↦ 134
    [kernel] AddMonoid.toAddSemigroup ↦ 120
    [kernel] SMul.smul ↦ 106
    [kernel] instHAdd ↦ 76
    [kernel] AddZeroClass.toAddZero ↦ 74
    [kernel] Ring.toSemiring ↦ 72
    [kernel] AddGroup.toSubNegMonoid ↦ 70
    [kernel] SubNegMonoid.toAddMonoid ↦ 70
    [kernel] AddCommGroup.toAddGroup ↦ 66
    [kernel] OfNat.ofNat ↦ 64
    [kernel] Pi.addMonoid ↦ 56
    [kernel] AddMonoid.toZero ↦ 52
    [kernel] AddMonoid.toAddZeroClass ↦ 50
    [kernel] CommRing.toRing ↦ 48
    [kernel] homAdd ↦ 48
    [kernel] NonUnitalNonAssocSemiring.toAddCommMonoid ↦ 42
    [kernel] AddMonoid.nsmul ↦ 40
    [kernel] AddZero.toAdd ↦ 38
    [kernel] Pi.addCommMonoid ↦ 38
    [kernel] Hom ↦ 36
    [kernel] CommSemiring.toSemiring ↦ 34
    [kernel] Function.Injective.addMonoid ↦ 34
    [kernel] AddCommSemigroup.toAddSemigroup ↦ 28
    [kernel] DivisionSemiring.toSemiring ↦ 28
    [kernel] MulOpposite.instAdd ↦ 26
    [kernel] Function.Injective.addCommMonoid ↦ 26
    [kernel] AddCommGroup.toAddCommMonoid ↦ 24
    [kernel] DivisionRing.toRing ↦ 24
    [kernel] Pi.addSemigroup ↦ 24
    [kernel] Pi.instAdd ↦ 24
    [kernel] CutGradedBlock ↦ 24
  use `set_option diagnostics.threshold <num>` to control threshold for reporting counters
