@ASGinzburg.linearCokernelSquareEquiv : {k : Type u_1} →
  [inst : Field k] →
    {M : Type u_2} →
      [inst_1 : AddCommGroup M] →
        [inst_2 : Module k M] →
          {M' : Type u_3} →
            [inst_3 : AddCommGroup M'] →
              [inst_4 : Module k M'] →
                {N : Type u_4} →
                  [inst_5 : AddCommGroup N] →
                    [inst_6 : Module k N] →
                      {N' : Type u_5} →
                        [inst_7 : AddCommGroup N'] →
                          [inst_8 : Module k N'] →
                            (f : M →ₗ[k] N) →
                              (g : M' →ₗ[k] N') →
                                (eM : M ≃ₗ[k] M') →
                                  (eN : N ≃ₗ[k] N') →
                                    (∀ (x : M), eN (f x) = g (eM x)) →
                                      (N ⧸ LinearMap.range f) ≃ₗ[k] N' ⧸ LinearMap.range g
@Submodule.addCommGroup : {R : Type u_1} →
  {M : Type u_2} →
    [inst : Ring R] → [inst_1 : AddCommGroup M] → {module_M : Module R M} → (p : Submodule R M) → AddCommGroup ↥p
@Submodule.module : {R : Type u_1} →
  {M : Type u_2} →
    [inst : Semiring R] → [inst_1 : AddCommMonoid M] → {module_M : Module R M} → (p : Submodule R M) → Module R ↥p
work/tensor_linear_cokernel_signature_probe.lean:6:8: error(lean.unknownIdentifier): Unknown identifier `CategoryTheory.Preadditive.homGroup`
work/tensor_linear_cokernel_signature_probe.lean:7:8: error(lean.unknownIdentifier): Unknown identifier `CategoryTheory.Linear.homModule`
