source comparison ready
target comparison ready
square proof ready
work/ASGinzburgDraft/PeriodCutOrdinaryRingDualTopHomQuotient.lean:59:13: error: (deterministic) timeout at `whnf`, maximum number of heartbeats (60000) has been reached

Note: Use `set_option maxHeartbeats <num>` to set the limit.
work/ASGinzburgDraft/PeriodCutOrdinaryRingDualTopHomQuotient.lean:53:74: error: (deterministic) timeout at `«tactic execution»`, maximum number of heartbeats (60000) has been reached

Note: Use `set_option maxHeartbeats <num>` to set the limit.
work/ASGinzburgDraft/PeriodCutOrdinaryRingDualTopHomQuotient.lean:65:2: error: (deterministic) timeout at `«tactic execution»`, maximum number of heartbeats (60000) has been reached

Note: Use `set_option maxHeartbeats <num>` to set the limit.
[diag] Diagnostics
  [reduction] unfolded declarations (max: 4494, num: 34):
    [reduction] AddMonoid.toZero ↦ 4494
    [reduction] HSMul.hSMul ↦ 2834
    [reduction] SMul.smul ↦ 2834
    [reduction] Add.add ↦ 2226
    [reduction] HAdd.hAdd ↦ 2156
    [reduction] AddMonoid.nsmul ↦ 1778
    [reduction] Membership.mem ↦ 1316
    [reduction] Set ↦ 1196
    [reduction] Quiver.Hom ↦ 1159
    [reduction] OfNat.ofNat ↦ 690
    [reduction] SetLike.coe ↦ 675
    [reduction] Set.Mem ↦ 643
    [reduction] MulOpposite ↦ 551
    [reduction] Zero.zero ↦ 474
    [reduction] CutGradedRightModule.homSubmodule ↦ 420
    [reduction] DirectSum ↦ 287
    [reduction] NonUnitalNonAssocSemiring.toMul ↦ 240
    [reduction] Submodule.toAddSubgroup ↦ 223
    [reduction] cutRegularGradedRightModule ↦ 180
    [reduction] CutGradedRightModule.shifted ↦ 180
    [reduction] HasQuotient.quotient' ↦ 164
    [reduction] Semiring.npow ↦ 132
    [reduction] Semiring.toOne ↦ 132
    [reduction] cutRightModuleOrdinaryData ↦ 127
    [reduction] GradedOrdinaryModuleData.ringDualGrade ↦ 116
    [reduction] DFunLike.coe ↦ 114
    [reduction] NatCast.natCast ↦ 78
    [reduction] CutGradedRightModule.ringModule ↦ 72
    [reduction] DFinsupp.zipWith ↦ 70
    [reduction] HMul.hMul ↦ 54
    [reduction] Mul.mul ↦ 54
    [reduction] MulOpposite.op ↦ 34
    [reduction] setOf ↦ 27
    [reduction] cutGradedForgetFunctor ↦ 23
  [reduction] unfolded instances (max: 25862, num: 141):
    [reduction] AddCommGroup.toAddGroup ↦ 25862
    [reduction] AddGroup.toSubNegMonoid ↦ 21182
    [reduction] SubNegMonoid.toAddMonoid ↦ 11404
    [reduction] AddZeroClass.toAddZero ↦ 8720
    [reduction] AddCommMonoid.toAddMonoid ↦ 7875
    [reduction] SeminormedAddCommGroup.toAddCommGroup ↦ 7744
    [reduction] AddZero.toZero ↦ 7596
    [reduction] AddMonoid.toAddZeroClass ↦ 4746
    [reduction] AddCommGroup.toAddCommMonoid ↦ 4654
    [reduction] Pi.addMonoid ↦ 4236
    [reduction] AddMonoid.toAddSemigroup ↦ 2980
    [reduction] Ring.toSemiring ↦ 2850
    [reduction] instHSMul ↦ 2834
    [reduction] Pi.addCommGroup ↦ 2822
    [reduction] Pi.addGroup ↦ 2822
    [reduction] Pi.subNegMonoid ↦ 2822
    [reduction] instHAdd ↦ 2699
    [reduction] Pi.addZeroClass ↦ 2678
    [reduction] AddSemigroup.toAdd ↦ 2452
    [reduction] NormedAddCommGroup.toAddCommGroup ↦ 2422
    [reduction] Pi.addCommMonoid ↦ 2332
    [reduction] NonUnitalNonAssocSemiring.toAddCommMonoid ↦ 2046
    [reduction] Semiring.toNonUnitalSemiring ↦ 1969
    [reduction] NonUnitalSemiring.toNonUnitalNonAssocSemiring ↦ 1821
    [reduction] AddMonoid.toNatSMul ↦ 1778
    [reduction] Field.toCommRing ↦ 1132
    [reduction] CommRing.toRing ↦ 1129
    [reduction] AddZero.toAdd ↦ 1124
    [reduction] CategoryStruct.toQuiver ↦ 1064
    [reduction] Category.toCategoryStruct ↦ 1042
    [reduction] CutGradedRightModule.category ↦ 1022
    [reduction] MulOpposite.instRing ↦ 994
    [reduction] Semifield.toCommSemiring ↦ 938
    [reduction] CommSemiring.toSemiring ↦ 932
    [reduction] Field.toSemifield ↦ 932
    [reduction] instAddNat ↦ 926
    [reduction] instAddCommMonoidDirectSum ↦ 924
    [reduction] DFinsupp.addCommMonoid ↦ 924
    [reduction] MulOpposite.instNonUnitalNonAssocSemiring ↦ 832
    [reduction] MulOpposite.instNonUnitalSemiring ↦ 832
    [reduction] MulOpposite.instSemiring ↦ 832
    [reduction] MulOpposite.instAddCommMonoid ↦ 778
    [reduction] DirectSum.ring ↦ 766
    [reduction] Pi.addSemigroup ↦ 758
    [reduction] DirectSum.instNonUnitalNonAssocSemiring ↦ 725
    [reduction] DirectSum.semiring ↦ 725
    [reduction] AddCommMonoid.toAddCommSemigroup ↦ 684
    [reduction] AddCommSemigroup.toAddSemigroup ↦ 684
    [reduction] SMulZeroClass.toSMul ↦ 666
    [reduction] Set.instMembership ↦ 651
    [reduction] SetLike.instMembership ↦ 649
    [reduction] Int.instAdd ↦ 627
    [reduction] DivisionSemiring.toSemiring ↦ 618
    [reduction] AddCommMagma.toAdd ↦ 612
    [reduction] AddCommSemigroup.toAddCommMagma ↦ 612
    [reduction] Semifield.toDivisionSemiring ↦ 594
    [reduction] NonUnitalNonAssocRing.toNonUnitalNonAssocSemiring ↦ 543
    [reduction] Pi.instAdd ↦ 511
    [reduction] DistribSMul.toSMulZeroClass ↦ 507
    [reduction] DFinsupp.hasNatScalar ↦ 428
    [reduction] DistribMulAction.toMulAction ↦ 414
    [reduction] Module.toDistribMulAction ↦ 414
    [reduction] MulAction.toSMul ↦ 414
    [reduction] NonAssocRing.toNonUnitalNonAssocRing ↦ 388
    [reduction] NonUnitalNonAssocRing.toAddCommGroup ↦ 388
    [reduction] Ring.toNonAssocRing ↦ 388
    [reduction] NonAssocSemiring.toNonUnitalNonAssocSemiring ↦ 375
    [reduction] Semiring.toNonAssocSemiring ↦ 375
    [reduction] Zero.toOfNat0 ↦ 366
    [reduction] DistribMulAction.toDistribSMul ↦ 348
    [reduction] Submodule.setLike ↦ 345
    [reduction] MulOpposite.instAddMonoid ↦ 294
    [reduction] MulOpposite.instSMul ↦ 294
    [reduction] DivisionRing.toRing ↦ 256
    [reduction] Field.toDivisionRing ↦ 244
    [reduction] AddSubgroup.toAddCommGroup ↦ 227
    [reduction] AddSubgroupClass.toAddCommGroup ↦ 227
    [reduction] AddSubgroupClass.toAddGroup ↦ 227
    [reduction] Submodule.addCommGroup ↦ 227
    [reduction] AddSubgroup.instSetLike ↦ 209
    [reduction] Algebra.toModule ↦ 162
    [reduction] MonoidWithZero.toMonoid ↦ 159
    [reduction] Semiring.toMonoidWithZero ↦ 159
    [reduction] Preadditive.homGroup ↦ 137
    [reduction] CutGradedRightModule.preadditive ↦ 137
    [reduction] LinearMap.instAdd ↦ 133
    [reduction] Algebra.toSMul ↦ 132
    [reduction] DFinsupp.distribMulAction ↦ 132
    [reduction] DFinsupp.instSMulZeroClass ↦ 132
    [reduction] DFinsupp.module ↦ 132
    [reduction] DirectSum.instModule ↦ 132
    [reduction] Pi.distribMulAction ↦ 132
    [reduction] Pi.module ↦ 132
    [reduction] Pi.mulAction ↦ 132
    [reduction] DFinsupp.instAdd ↦ 125
    [reduction] AddSubmonoid.instSetLike ↦ 105
    [reduction] LinearMap.addCommGroup ↦ 102
    [reduction] LinearMap.addCommMonoid ↦ 95
    [reduction] LinearMap.instFunLike ↦ 94
    [reduction] MulOpposite.instAdd ↦ 89
    [reduction] Ring.toAddCommGroup ↦ 84
    [reduction] Submodule.hasQuotient ↦ 82
    [reduction] DirectSum.GRing.toGSemiring ↦ 76
    [reduction] MulOpposite.instModule ↦ 67
    [reduction] DirectSum.instAlgebra ↦ 66
    [reduction] MulOpposite.instAlgebra ↦ 66
    [reduction] MulOpposite.instDistribMulAction ↦ 66
    [reduction] MulOpposite.instMulAction ↦ 66
    [reduction] AddMemClass.add ↦ 56
    [reduction] AddMemClass.toAddSemigroup ↦ 56
    [reduction] AddSubmonoidClass.toAddMonoid ↦ 56
    [reduction] instHMul ↦ 54
    [reduction] Distrib.toMul ↦ 54
    [reduction] MulOpposite.instDistrib ↦ 54
    [reduction] MulOpposite.instMul ↦ 54
    [reduction] MulZeroClass.toMul ↦ 54
    [reduction] MulZeroClass.toSMulWithZero ↦ 54
    [reduction] SMulWithZero.toSMulZeroClass ↦ 54
    [reduction] DFinsupp.addCommGroup ↦ 36
    [reduction] DirectSum.instAddCommGroup ↦ 36
    [reduction] Linear.homModule ↦ 30
    [reduction] CutGradedRightModule.linear ↦ 30
    [reduction] AddCommMonoid.toNatModule ↦ 28
    [reduction] LinearMap.instSMul ↦ 28
    [reduction] LinearMap.module ↦ 28
    [reduction] Pi.instSMul ↦ 28
    [reduction] instDistribSMul ↦ 27
    [reduction] Monoid.toSemigroup ↦ 27
    [reduction] MonoidWithZero.toMulActionWithZero ↦ 27
    [reduction] MonoidWithZero.toMulZeroOneClass ↦ 27
    [reduction] MulActionWithZero.toMulAction ↦ 27
    [reduction] MulOne.toMul ↦ 27
    [reduction] MulOneClass.toMulOne ↦ 27
    [reduction] MulZeroOneClass.toMulOneClass ↦ 27
    [reduction] MulZeroOneClass.toMulZeroClass ↦ 27
    [reduction] NonUnitalNonAssocSemiring.toMulZeroClass ↦ 27
    [reduction] Semigroup.toMul ↦ 27
    [reduction] Semiring.toModule ↦ 27
    [reduction] AddSubmonoid.toAddCommMonoid ↦ 22
    [reduction] AddSubmonoidClass.toAddCommMonoid ↦ 22
    [reduction] Submodule.addCommMonoid ↦ 22
  [reduction] unfolded reducible declarations (max: 19579, num: 44):
    [reduction] CutQuiver.Vertex ↦ 19579
    [reduction] homAdd ↦ 14333
    [reduction] CutGradedHom ↦ 2593
    [reduction] Hom ↦ 2378
    [reduction] ModuleCat.carrier ↦ 2086
    [reduction] Function.Injective.addCommMonoid ↦ 1935
    [reduction] ModuleCat.of ↦ 1875
    [reduction] Function.Injective.addMonoid ↦ 1864
    [reduction] ordinaryRingDual ↦ 1623
    [reduction] Function.Injective.addZeroClass ↦ 1286
    [reduction] inferInstance ↦ 1275
    [reduction] AddSubmonoid.toAddSubsemigroup ↦ 1174
    [reduction] CutGradedRightModule.space ↦ 1119
    [reduction] Submodule.toAddSubmonoid ↦ 1043
    [reduction] CutGradedBlock ↦ 1022
    [reduction] AddSubsemigroup.carrier ↦ 579
    [reduction] inferInstanceAs ↦ 484
    [reduction] ModuleCat.isAddCommGroup ↦ 456
    [reduction] CutGradedRing ↦ 427
    [reduction] AddSubgroup.toAddSubmonoid ↦ 418
    [reduction] outParam ↦ 412
    [reduction] LinearMap.toAddHom ↦ 404
    [reduction] GradedOrdinaryModuleData.ringModule ↦ 299
    [reduction] Subtype.val ↦ 288
    [reduction] HasQuotient.Quotient ↦ 218
    [reduction] AddHom.toFun ↦ 174
    [reduction] FunLike ↦ 145
    [reduction] Function.Injective.addCommGroup ↦ 138
    [reduction] Function.Injective.distribMulAction ↦ 132
    [reduction] Function.Injective.distribSMul ↦ 132
    [reduction] Function.Injective.smulZeroClass ↦ 132
    [reduction] cutOrdinaryRingDualTopHomAddCommGroup ↦ 95
    [reduction] GradedOrdinaryModuleData.ringDualHomogeneousTopQuotient ↦ 94
    [reduction] semiOutParam ↦ 83
    [reduction] homModule ↦ 82
    [reduction] DFinsupp.toFun ↦ 70
    [reduction] Ideal ↦ 65
    [reduction] ordinaryRingDualUnbundledAddCommGroup ↦ 52
    [reduction] Nat.cast ↦ 51
    [reduction] GradedOrdinaryModuleData.ringDualGradeHasQuotient ↦ 45
    [reduction] PreOpposite.unop' ↦ 34
    [reduction] GradedOrdinaryModuleData.grade ↦ 26
    [reduction] cutOrdinaryRingDualTopHomFieldModule ↦ 26
    [reduction] DecidableEq ↦ 24
  [type_class] used instances (max: 222, num: 31):
    [type_class] Pi.addZeroClass ↦ 222
    [type_class] DivisionSemiring.toSemiring ↦ 28
    [type_class] Field.toSemifield ↦ 28
    [type_class] IdemCommSemiring.toIdemSemiring ↦ 28
    [type_class] IdemSemiring.toSemiring ↦ 28
    [type_class] KleeneAlgebra.toIdemSemiring ↦ 28
    [type_class] Semifield.toDivisionSemiring ↦ 28
    [type_class] DirectSum.GradeZero.semiring ↦ 28
    [type_class] DenselyNormedField.toNontriviallyNormedField ↦ 27
    [type_class] DenselyNormedField.toNormedField ↦ 27
    [type_class] NontriviallyNormedField.toNormedField ↦ 27
    [type_class] NormedCommRing.toNormedRing ↦ 27
    [type_class] NormedDivisionRing.toNormedRing ↦ 27
    [type_class] NormedField.toNormedCommRing ↦ 27
    [type_class] NormedField.toNormedDivisionRing ↦ 27
    [type_class] RCLike.toDenselyNormedField ↦ 27
    [type_class] NonUnitalNormedCommRing.toNonUnitalNormedRing ↦ 25
    [type_class] NonUnitalNormedRing.toNormedAddCommGroup ↦ 25
    [type_class] NormedCommRing.toNonUnitalNormedCommRing ↦ 25
    [type_class] NormedCommRing.toSeminormedCommRing ↦ 25
    [type_class] NormedRing.toNonUnitalNormedRing ↦ 25
    [type_class] NormedRing.toSeminormedRing ↦ 25
    [type_class] SeminormedCommRing.toSeminormedRing ↦ 25
    [type_class] NonUnitalNormedCommRing.toNonUnitalSeminormedCommRing ↦ 23
    [type_class] NonUnitalNormedRing.toNonUnitalSeminormedRing ↦ 23
    [type_class] NonUnitalSeminormedCommRing.toNonUnitalSeminormedRing ↦ 23
    [type_class] NonUnitalSeminormedRing.toSeminormedAddCommGroup ↦ 23
    [type_class] NormedAddCommGroup.toSeminormedAddCommGroup ↦ 23
    [type_class] SemiRingCat.semiring ↦ 23
    [type_class] SeminormedCommRing.toNonUnitalSeminormedCommRing ↦ 23
    [type_class] SeminormedRing.toNonUnitalSeminormedRing ↦ 23
  [def_eq] heuristic for solving `f a =?= f b` (max: 1338, num: 24):
    [def_eq] Pi.instZero ↦ 1338
    [def_eq] instHAdd ↦ 996
    [def_eq] Int.add ↦ 618
    [def_eq] Pi.addMonoid ↦ 306
    [def_eq] DFinsupp.mapRange ↦ 280
    [def_eq] Pi.addCommGroup ↦ 166
    [def_eq] LinearMap.module ↦ 156
    [def_eq] MulOpposite.op ↦ 154
    [def_eq] Pi.instAdd ↦ 134
    [def_eq] MulOpposite.instAdd ↦ 133
    [def_eq] Pi.addCommMonoid ↦ 129
    [def_eq] AddSubmonoidClass.toAddMonoid ↦ 102
    [def_eq] Submodule.toAddSubgroup ↦ 95
    [def_eq] Pi.module ↦ 82
    [def_eq] DirectSum ↦ 74
    [def_eq] DFinsupp.instAdd ↦ 67
    [def_eq] DFinsupp.instZero ↦ 67
    [def_eq] MulOpposite.instAddCommMonoid ↦ 67
    [def_eq] MulOpposite.instZero ↦ 67
    [def_eq] MulOpposite.instSMul ↦ 66
    [def_eq] DirectSum.semiring ↦ 41
    [def_eq] SetLike.instMembership ↦ 40
    [def_eq] MulOpposite.unop ↦ 30
    [def_eq] HasQuotient.Quotient ↦ 26
  use `set_option diagnostics.threshold <num>` to control threshold for reporting counters
work/ASGinzburgDraft/PeriodCutOrdinaryRingDualTopHomQuotient.lean:25:18: error: (deterministic) timeout at `whnf`, maximum number of heartbeats (60000) has been reached

Note: Use `set_option maxHeartbeats <num>` to set the limit.
work/ASGinzburgDraft/PeriodCutOrdinaryRingDualTopHomQuotient.lean:71:4: error: Invalid field `cutOrdinaryRingDualTopShiftedHomQuotientEquiv`: The environment does not contain `ASGinzburg.ZAlgebra.PeriodIso.cutOrdinaryRingDualTopShiftedHomQuotientEquiv`
  E
has type
  A.PeriodIso ↑Q.vertices
[diag] Diagnostics
  [reduction] unfolded declarations (max: 304, num: 10):
    [reduction] AddMonoid.toZero ↦ 304
    [reduction] Add.add ↦ 248
    [reduction] HAdd.hAdd ↦ 248
    [reduction] OfNat.ofNat ↦ 168
    [reduction] HSMul.hSMul ↦ 156
    [reduction] SMul.smul ↦ 156
    [reduction] Zero.zero ↦ 120
    [reduction] AddMonoid.nsmul ↦ 100
    [reduction] Quiver.Hom ↦ 61
    [reduction] NatCast.natCast ↦ 26
  [reduction] unfolded instances (max: 1021, num: 58):
    [reduction] AddCommGroup.toAddGroup ↦ 1021
    [reduction] AddGroup.toSubNegMonoid ↦ 805
    [reduction] SubNegMonoid.toAddMonoid ↦ 576
    [reduction] AddZeroClass.toAddZero ↦ 528
    [reduction] AddZero.toZero ↦ 504
    [reduction] AddCommMonoid.toAddMonoid ↦ 448
    [reduction] AddMonoid.toAddZeroClass ↦ 304
    [reduction] AddCommGroup.toAddCommMonoid ↦ 283
    [reduction] Pi.addMonoid ↦ 208
    [reduction] Ring.toSemiring ↦ 197
    [reduction] instHAdd ↦ 177
    [reduction] Pi.addCommGroup ↦ 161
    [reduction] Pi.addCommMonoid ↦ 161
    [reduction] Pi.addGroup ↦ 161
    [reduction] Pi.subNegMonoid ↦ 161
    [reduction] instHSMul ↦ 156
    [reduction] Pi.addZeroClass ↦ 144
    [reduction] Field.toCommRing ↦ 108
    [reduction] CommRing.toRing ↦ 107
    [reduction] Semiring.toNonUnitalSemiring ↦ 102
    [reduction] AddMonoid.toNatSMul ↦ 100
    [reduction] NonUnitalNonAssocSemiring.toAddCommMonoid ↦ 94
    [reduction] NonUnitalSemiring.toNonUnitalNonAssocSemiring ↦ 92
    [reduction] Int.instAdd ↦ 90
    [reduction] instAddNat ↦ 87
    [reduction] Zero.toOfNat0 ↦ 84
    [reduction] Semifield.toCommSemiring ↦ 76
    [reduction] CommSemiring.toSemiring ↦ 74
    [reduction] Field.toSemifield ↦ 74
    [reduction] DivisionSemiring.toSemiring ↦ 59
    [reduction] MulOpposite.instRing ↦ 53
    [reduction] Semifield.toDivisionSemiring ↦ 51
    [reduction] instAddCommMonoidDirectSum ↦ 48
    [reduction] AddMonoid.toAddSemigroup ↦ 48
    [reduction] DFinsupp.addCommMonoid ↦ 48
    [reduction] CategoryStruct.toQuiver ↦ 43
    [reduction] DirectSum.ring ↦ 42
    [reduction] DivisionRing.toRing ↦ 42
    [reduction] Field.toDivisionRing ↦ 42
    [reduction] AddSemigroup.toAdd ↦ 40
    [reduction] MulOpposite.instNonUnitalNonAssocSemiring ↦ 40
    [reduction] MulOpposite.instNonUnitalSemiring ↦ 40
    [reduction] MulOpposite.instSemiring ↦ 40
    [reduction] SMulZeroClass.toSMul ↦ 40
    [reduction] DirectSum.instNonUnitalNonAssocSemiring ↦ 36
    [reduction] DirectSum.semiring ↦ 36
    [reduction] MulOpposite.instAddCommMonoid ↦ 36
    [reduction] Category.toCategoryStruct ↦ 31
    [reduction] CutGradedRightModule.category ↦ 31
    [reduction] DistribSMul.toSMulZeroClass ↦ 30
    [reduction] AddZero.toAdd ↦ 24
    [reduction] DFinsupp.hasNatScalar ↦ 24
    [reduction] DistribMulAction.toMulAction ↦ 24
    [reduction] Module.toDistribMulAction ↦ 24
    [reduction] MulAction.toSMul ↦ 24
    [reduction] NonAssocSemiring.toNonUnitalNonAssocSemiring ↦ 24
    [reduction] Semiring.toNonAssocSemiring ↦ 24
    [reduction] NonUnitalNonAssocRing.toNonUnitalNonAssocSemiring ↦ 22
  [reduction] unfolded reducible declarations (max: 3441, num: 11):
    [reduction] CutQuiver.Vertex ↦ 3441
    [reduction] homAdd ↦ 914
    [reduction] CutGradedHom ↦ 360
    [reduction] Hom ↦ 328
    [reduction] outParam ↦ 85
    [reduction] Function.Injective.addCommMonoid ↦ 84
    [reduction] Function.Injective.addMonoid ↦ 76
    [reduction] CutGradedBlock ↦ 64
    [reduction] inferInstance ↦ 60
    [reduction] Function.Injective.addZeroClass ↦ 48
    [reduction] FunLike ↦ 23
  [type_class] used instances (max: 60, num: 1):
    [type_class] Pi.addZeroClass ↦ 60
  [def_eq] heuristic for solving `f a =?= f b` (max: 87, num: 5):
    [def_eq] instHAdd ↦ 87
    [def_eq] Int.add ↦ 87
    [def_eq] Pi.instZero ↦ 72
    [def_eq] Pi.addMonoid ↦ 38
    [def_eq] Pi.addCommGroup ↦ 22
  use `set_option diagnostics.threshold <num>` to control threshold for reporting counters
[diag] Diagnostics
  [reduction] unfolded declarations (max: 304, num: 10):
    [reduction] AddMonoid.toZero ↦ 304
    [reduction] Add.add ↦ 248
    [reduction] HAdd.hAdd ↦ 248
    [reduction] OfNat.ofNat ↦ 168
    [reduction] HSMul.hSMul ↦ 156
    [reduction] SMul.smul ↦ 156
    [reduction] Zero.zero ↦ 120
    [reduction] AddMonoid.nsmul ↦ 100
    [reduction] Quiver.Hom ↦ 61
    [reduction] NatCast.natCast ↦ 26
  [reduction] unfolded instances (max: 1021, num: 58):
    [reduction] AddCommGroup.toAddGroup ↦ 1021
    [reduction] AddGroup.toSubNegMonoid ↦ 805
    [reduction] SubNegMonoid.toAddMonoid ↦ 576
    [reduction] AddZeroClass.toAddZero ↦ 528
    [reduction] AddZero.toZero ↦ 504
    [reduction] AddCommMonoid.toAddMonoid ↦ 448
    [reduction] AddMonoid.toAddZeroClass ↦ 304
    [reduction] AddCommGroup.toAddCommMonoid ↦ 283
    [reduction] Pi.addMonoid ↦ 208
    [reduction] Ring.toSemiring ↦ 197
    [reduction] instHAdd ↦ 177
    [reduction] Pi.addCommGroup ↦ 161
    [reduction] Pi.addCommMonoid ↦ 161
    [reduction] Pi.addGroup ↦ 161
    [reduction] Pi.subNegMonoid ↦ 161
    [reduction] instHSMul ↦ 156
    [reduction] Pi.addZeroClass ↦ 144
    [reduction] Field.toCommRing ↦ 108
    [reduction] CommRing.toRing ↦ 107
    [reduction] Semiring.toNonUnitalSemiring ↦ 102
    [reduction] AddMonoid.toNatSMul ↦ 100
    [reduction] NonUnitalNonAssocSemiring.toAddCommMonoid ↦ 94
    [reduction] NonUnitalSemiring.toNonUnitalNonAssocSemiring ↦ 92
    [reduction] Int.instAdd ↦ 90
    [reduction] instAddNat ↦ 87
    [reduction] Zero.toOfNat0 ↦ 84
    [reduction] Semifield.toCommSemiring ↦ 76
    [reduction] CommSemiring.toSemiring ↦ 74
    [reduction] Field.toSemifield ↦ 74
    [reduction] DivisionSemiring.toSemiring ↦ 59
    [reduction] MulOpposite.instRing ↦ 53
    [reduction] Semifield.toDivisionSemiring ↦ 51
    [reduction] instAddCommMonoidDirectSum ↦ 48
    [reduction] AddMonoid.toAddSemigroup ↦ 48
    [reduction] DFinsupp.addCommMonoid ↦ 48
    [reduction] CategoryStruct.toQuiver ↦ 43
    [reduction] DirectSum.ring ↦ 42
    [reduction] DivisionRing.toRing ↦ 42
    [reduction] Field.toDivisionRing ↦ 42
    [reduction] AddSemigroup.toAdd ↦ 40
    [reduction] MulOpposite.instNonUnitalNonAssocSemiring ↦ 40
    [reduction] MulOpposite.instNonUnitalSemiring ↦ 40
    [reduction] MulOpposite.instSemiring ↦ 40
    [reduction] SMulZeroClass.toSMul ↦ 40
    [reduction] DirectSum.instNonUnitalNonAssocSemiring ↦ 36
    [reduction] DirectSum.semiring ↦ 36
    [reduction] MulOpposite.instAddCommMonoid ↦ 36
    [reduction] Category.toCategoryStruct ↦ 31
    [reduction] CutGradedRightModule.category ↦ 31
    [reduction] DistribSMul.toSMulZeroClass ↦ 30
    [reduction] AddZero.toAdd ↦ 24
    [reduction] DFinsupp.hasNatScalar ↦ 24
    [reduction] DistribMulAction.toMulAction ↦ 24
    [reduction] Module.toDistribMulAction ↦ 24
    [reduction] MulAction.toSMul ↦ 24
    [reduction] NonAssocSemiring.toNonUnitalNonAssocSemiring ↦ 24
    [reduction] Semiring.toNonAssocSemiring ↦ 24
    [reduction] NonUnitalNonAssocRing.toNonUnitalNonAssocSemiring ↦ 22
  [reduction] unfolded reducible declarations (max: 3441, num: 11):
    [reduction] CutQuiver.Vertex ↦ 3441
    [reduction] homAdd ↦ 914
    [reduction] CutGradedHom ↦ 360
    [reduction] Hom ↦ 328
    [reduction] outParam ↦ 85
    [reduction] Function.Injective.addCommMonoid ↦ 84
    [reduction] Function.Injective.addMonoid ↦ 76
    [reduction] CutGradedBlock ↦ 64
    [reduction] inferInstance ↦ 60
    [reduction] Function.Injective.addZeroClass ↦ 48
    [reduction] FunLike ↦ 24
  [type_class] used instances (max: 60, num: 1):
    [type_class] Pi.addZeroClass ↦ 60
  [def_eq] heuristic for solving `f a =?= f b` (max: 87, num: 5):
    [def_eq] instHAdd ↦ 87
    [def_eq] Int.add ↦ 87
    [def_eq] Pi.instZero ↦ 72
    [def_eq] Pi.addMonoid ↦ 38
    [def_eq] Pi.addCommGroup ↦ 22
  [kernel] unfolded declarations (max: 276, num: 36):
    [kernel] HAdd.hAdd ↦ 276
    [kernel] AddZero.toZero ↦ 178
    [kernel] Add.add ↦ 160
    [kernel] AddSemigroup.toAdd ↦ 146
    [kernel] AddCommMonoid.toAddMonoid ↦ 140
    [kernel] HSMul.hSMul ↦ 134
    [kernel] AddMonoid.toAddSemigroup ↦ 120
    [kernel] SMul.smul ↦ 106
    [kernel] instHAdd ↦ 76
    [kernel] AddZeroClass.toAddZero ↦ 74
    [kernel] Ring.toSemiring ↦ 72
    [kernel] AddGroup.toSubNegMonoid ↦ 70
    [kernel] SubNegMonoid.toAddMonoid ↦ 70
    [kernel] AddCommGroup.toAddGroup ↦ 66
    [kernel] OfNat.ofNat ↦ 64
    [kernel] Pi.addMonoid ↦ 56
    [kernel] AddMonoid.toZero ↦ 52
    [kernel] AddMonoid.toAddZeroClass ↦ 50
    [kernel] CommRing.toRing ↦ 48
    [kernel] homAdd ↦ 48
    [kernel] NonUnitalNonAssocSemiring.toAddCommMonoid ↦ 42
    [kernel] AddMonoid.nsmul ↦ 40
    [kernel] AddZero.toAdd ↦ 38
    [kernel] Pi.addCommMonoid ↦ 38
    [kernel] Hom ↦ 36
    [kernel] CommSemiring.toSemiring ↦ 34
    [kernel] Function.Injective.addMonoid ↦ 34
    [kernel] AddCommSemigroup.toAddSemigroup ↦ 28
    [kernel] DivisionSemiring.toSemiring ↦ 28
    [kernel] MulOpposite.instAdd ↦ 26
    [kernel] Function.Injective.addCommMonoid ↦ 26
    [kernel] AddCommGroup.toAddCommMonoid ↦ 24
    [kernel] DivisionRing.toRing ↦ 24
    [kernel] Pi.addSemigroup ↦ 24
    [kernel] Pi.instAdd ↦ 24
    [kernel] CutGradedBlock ↦ 24
  use `set_option diagnostics.threshold <num>` to control threshold for reporting counters
