source comparison ready
target comparison ready
square proof ready
work/ASGinzburgDraft/PeriodCutOrdinaryRingDualTopHomQuotient.lean:48:10: error: (deterministic) timeout at `isDefEq`, maximum number of heartbeats (60000) has been reached

Note: Use `set_option maxHeartbeats <num>` to set the limit.
[diag] Diagnostics
  [reduction] unfolded declarations (max: 4412, num: 34):
    [reduction] AddMonoid.toZero ↦ 4412
    [reduction] Add.add ↦ 2370
    [reduction] OfNat.ofNat ↦ 2308
    [reduction] HAdd.hAdd ↦ 2239
    [reduction] Zero.zero ↦ 2069
    [reduction] SMul.smul ↦ 1902
    [reduction] HSMul.hSMul ↦ 1866
    [reduction] Membership.mem ↦ 1418
    [reduction] Set ↦ 1240
    [reduction] AddMonoid.nsmul ↦ 1166
    [reduction] Quiver.Hom ↦ 1105
    [reduction] MulOpposite ↦ 1013
    [reduction] SetLike.coe ↦ 738
    [reduction] Set.Mem ↦ 682
    [reduction] CutGradedRightModule.homSubmodule ↦ 420
    [reduction] DirectSum ↦ 403
    [reduction] Submodule.toAddSubgroup ↦ 223
    [reduction] cutRegularGradedRightModule ↦ 180
    [reduction] CutGradedRightModule.shifted ↦ 180
    [reduction] HasQuotient.quotient' ↦ 176
    [reduction] NonUnitalNonAssocSemiring.toMul ↦ 162
    [reduction] cutRightModuleOrdinaryData ↦ 124
    [reduction] NatCast.natCast ↦ 122
    [reduction] GradedOrdinaryModuleData.ringDualGrade ↦ 114
    [reduction] DFunLike.coe ↦ 108
    [reduction] DFinsupp.zipWith ↦ 99
    [reduction] Semiring.npow ↦ 86
    [reduction] Semiring.toOne ↦ 86
    [reduction] CutGradedRightModule.ringModule ↦ 69
    [reduction] MulOpposite.op ↦ 63
    [reduction] HMul.hMul ↦ 56
    [reduction] Mul.mul ↦ 56
    [reduction] Int.rec ↦ 24
    [reduction] cutGradedForgetFunctor ↦ 23
  [reduction] unfolded instances (max: 27859, num: 137):
    [reduction] AddCommGroup.toAddGroup ↦ 27859
    [reduction] AddGroup.toSubNegMonoid ↦ 23279
    [reduction] SubNegMonoid.toAddMonoid ↦ 9555
    [reduction] SeminormedAddCommGroup.toAddCommGroup ↦ 8955
    [reduction] AddZeroClass.toAddZero ↦ 8544
    [reduction] AddZero.toZero ↦ 7207
    [reduction] AddCommMonoid.toAddMonoid ↦ 6885
    [reduction] AddMonoid.toAddZeroClass ↦ 4780
    [reduction] AddMonoid.toAddSemigroup ↦ 3643
    [reduction] NormedAddCommGroup.toAddCommGroup ↦ 3633
    [reduction] AddCommGroup.toAddCommMonoid ↦ 3603
    [reduction] Pi.addMonoid ↦ 3349
    [reduction] AddSemigroup.toAdd ↦ 3017
    [reduction] instHAdd ↦ 3012
    [reduction] Pi.addCommGroup ↦ 2345
    [reduction] Pi.addGroup ↦ 2345
    [reduction] Pi.subNegMonoid ↦ 2345
    [reduction] Ring.toSemiring ↦ 2274
    [reduction] Pi.addZeroClass ↦ 1944
    [reduction] instHSMul ↦ 1866
    [reduction] NonUnitalNonAssocSemiring.toAddCommMonoid ↦ 1704
    [reduction] Pi.addCommMonoid ↦ 1676
    [reduction] Semiring.toNonUnitalSemiring ↦ 1527
    [reduction] NonUnitalSemiring.toNonUnitalNonAssocSemiring ↦ 1427
    [reduction] AddZero.toAdd ↦ 1337
    [reduction] Zero.toOfNat0 ↦ 1175
    [reduction] AddMonoid.toNatSMul ↦ 1166
    [reduction] CategoryStruct.toQuiver ↦ 1028
    [reduction] Category.toCategoryStruct ↦ 1014
    [reduction] CutGradedRightModule.category ↦ 994
    [reduction] Field.toCommRing ↦ 925
    [reduction] CommRing.toRing ↦ 922
    [reduction] instAddNat ↦ 914
    [reduction] Pi.addSemigroup ↦ 889
    [reduction] MulOpposite.instRing ↦ 776
    [reduction] AddCommMonoid.toAddCommSemigroup ↦ 745
    [reduction] AddCommSemigroup.toAddSemigroup ↦ 745
    [reduction] Pi.instAdd ↦ 728
    [reduction] Set.instMembership ↦ 696
    [reduction] SetLike.instMembership ↦ 694
    [reduction] instAddCommMonoidDirectSum ↦ 690
    [reduction] DFinsupp.addCommMonoid ↦ 690
    [reduction] Semifield.toCommSemiring ↦ 690
    [reduction] CommSemiring.toSemiring ↦ 682
    [reduction] Field.toSemifield ↦ 682
    [reduction] MulOpposite.instNonUnitalNonAssocSemiring ↦ 681
    [reduction] MulOpposite.instNonUnitalSemiring ↦ 681
    [reduction] MulOpposite.instSemiring ↦ 681
    [reduction] AddCommMagma.toAdd ↦ 673
    [reduction] AddCommSemigroup.toAddCommMagma ↦ 673
    [reduction] MulOpposite.instAddCommMonoid ↦ 639
    [reduction] DirectSum.ring ↦ 594
    [reduction] DirectSum.instNonUnitalNonAssocSemiring ↦ 562
    [reduction] DirectSum.semiring ↦ 562
    [reduction] Int.instAdd ↦ 489
    [reduction] NonUnitalNonAssocRing.toNonUnitalNonAssocSemiring ↦ 475
    [reduction] DivisionSemiring.toSemiring ↦ 472
    [reduction] Semifield.toDivisionSemiring ↦ 450
    [reduction] SMulZeroClass.toSMul ↦ 428
    [reduction] NonAssocRing.toNonUnitalNonAssocRing ↦ 369
    [reduction] NonUnitalNonAssocRing.toAddCommGroup ↦ 369
    [reduction] Ring.toNonAssocRing ↦ 369
    [reduction] Submodule.setLike ↦ 369
    [reduction] DivisionRing.toRing ↦ 325
    [reduction] Field.toDivisionRing ↦ 313
    [reduction] DistribSMul.toSMulZeroClass ↦ 307
    [reduction] DFinsupp.hasNatScalar ↦ 280
    [reduction] DistribMulAction.toMulAction ↦ 276
    [reduction] MulAction.toSMul ↦ 276
    [reduction] Module.toDistribMulAction ↦ 264
    [reduction] NonAssocSemiring.toNonUnitalNonAssocSemiring ↦ 236
    [reduction] Semiring.toNonAssocSemiring ↦ 236
    [reduction] DistribMulAction.toDistribSMul ↦ 210
    [reduction] AddSubgroup.instSetLike ↦ 209
    [reduction] MulOpposite.instAddMonoid ↦ 194
    [reduction] MulOpposite.instSMul ↦ 194
    [reduction] DFinsupp.instAdd ↦ 183
    [reduction] MulOpposite.instAdd ↦ 169
    [reduction] LinearMap.instAdd ↦ 166
    [reduction] AddSubmonoid.instSetLike ↦ 132
    [reduction] LinearMap.addCommMonoid ↦ 121
    [reduction] MonoidWithZero.toMonoid ↦ 111
    [reduction] Semiring.toMonoidWithZero ↦ 111
    [reduction] LinearMap.addCommGroup ↦ 99
    [reduction] Algebra.toModule ↦ 92
    [reduction] LinearMap.instFunLike ↦ 88
    [reduction] Submodule.hasQuotient ↦ 88
    [reduction] Algebra.toSMul ↦ 84
    [reduction] DFinsupp.distribMulAction ↦ 84
    [reduction] DFinsupp.instSMulZeroClass ↦ 84
    [reduction] DFinsupp.module ↦ 84
    [reduction] DirectSum.instModule ↦ 84
    [reduction] Pi.distribMulAction ↦ 84
    [reduction] Pi.module ↦ 84
    [reduction] Pi.mulAction ↦ 84
    [reduction] Ring.toAddCommGroup ↦ 79
    [reduction] AddMemClass.add ↦ 62
    [reduction] AddMemClass.toAddSemigroup ↦ 62
    [reduction] AddSubmonoidClass.toAddMonoid ↦ 62
    [reduction] DirectSum.GRing.toGSemiring ↦ 56
    [reduction] Preadditive.homGroup ↦ 52
    [reduction] MulZeroClass.toSMulWithZero ↦ 50
    [reduction] SMulWithZero.toSMulZeroClass ↦ 50
    [reduction] LinearMap.module ↦ 49
    [reduction] MulOpposite.instDistribMulAction ↦ 43
    [reduction] MulOpposite.instModule ↦ 43
    [reduction] DirectSum.instAlgebra ↦ 42
    [reduction] MulOpposite.instAlgebra ↦ 42
    [reduction] MulOpposite.instMulAction ↦ 42
    [reduction] CutGradedRightModule.preadditive ↦ 42
    [reduction] instHMul ↦ 39
    [reduction] Distrib.toMul ↦ 38
    [reduction] MulOpposite.instDistrib ↦ 38
    [reduction] MulOpposite.instMul ↦ 38
    [reduction] MulZeroClass.toMul ↦ 38
    [reduction] AddSubgroup.toAddCommGroup ↦ 37
    [reduction] AddSubgroupClass.toAddCommGroup ↦ 37
    [reduction] AddSubgroupClass.toAddGroup ↦ 37
    [reduction] MonoidWithZero.toMulActionWithZero ↦ 37
    [reduction] MulActionWithZero.toMulAction ↦ 37
    [reduction] Submodule.addCommGroup ↦ 37
    [reduction] DFinsupp.addCommGroup ↦ 36
    [reduction] DirectSum.instAddCommGroup ↦ 36
    [reduction] AddSubmonoid.toAddCommMonoid ↦ 25
    [reduction] AddSubmonoidClass.toAddCommMonoid ↦ 25
    [reduction] Monoid.toSemigroup ↦ 25
    [reduction] MonoidWithZero.toMulZeroOneClass ↦ 25
    [reduction] MulOne.toMul ↦ 25
    [reduction] MulOneClass.toMulOne ↦ 25
    [reduction] MulZeroOneClass.toMulOneClass ↦ 25
    [reduction] MulZeroOneClass.toMulZeroClass ↦ 25
    [reduction] Semigroup.toMul ↦ 25
    [reduction] Submodule.addCommMonoid ↦ 25
    [reduction] AddCommMonoid.toNatModule ↦ 22
    [reduction] LinearMap.instSMul ↦ 22
    [reduction] Pi.instSMul ↦ 22
    [reduction] Semiring.toModule ↦ 21
  [reduction] unfolded reducible declarations (max: 19313, num: 42):
    [reduction] CutQuiver.Vertex ↦ 19313
    [reduction] homAdd ↦ 12025
    [reduction] ModuleCat.carrier ↦ 2970
    [reduction] ModuleCat.of ↦ 2721
    [reduction] ordinaryRingDual ↦ 2472
    [reduction] CutGradedHom ↦ 2411
    [reduction] Hom ↦ 2239
    [reduction] Function.Injective.addCommMonoid ↦ 1585
    [reduction] Function.Injective.addMonoid ↦ 1578
    [reduction] Function.Injective.addZeroClass ↦ 1233
    [reduction] AddSubmonoid.toAddSubsemigroup ↦ 1204
    [reduction] Submodule.toAddSubmonoid ↦ 1121
    [reduction] CutGradedRightModule.space ↦ 1116
    [reduction] CutGradedBlock ↦ 1072
    [reduction] inferInstance ↦ 1021
    [reduction] CutGradedRing ↦ 619
    [reduction] AddSubsemigroup.carrier ↦ 576
    [reduction] ModuleCat.isAddCommGroup ↦ 456
    [reduction] AddSubgroup.toAddSubmonoid ↦ 418
    [reduction] LinearMap.toAddHom ↦ 407
    [reduction] GradedOrdinaryModuleData.ringModule ↦ 336
    [reduction] Subtype.val ↦ 294
    [reduction] outParam ↦ 286
    [reduction] HasQuotient.Quotient ↦ 224
    [reduction] AddHom.toFun ↦ 195
    [reduction] inferInstanceAs ↦ 156
    [reduction] Function.Injective.addCommGroup ↦ 135
    [reduction] semiOutParam ↦ 106
    [reduction] DFinsupp.toFun ↦ 99
    [reduction] GradedOrdinaryModuleData.ringDualHomogeneousTopQuotient ↦ 94
    [reduction] Nat.cast ↦ 86
    [reduction] Function.Injective.distribMulAction ↦ 84
    [reduction] Function.Injective.distribSMul ↦ 84
    [reduction] Function.Injective.smulZeroClass ↦ 84
    [reduction] FunLike ↦ 83
    [reduction] Ideal ↦ 64
    [reduction] homModule ↦ 64
    [reduction] PreOpposite.unop' ↦ 63
    [reduction] GradedOrdinaryModuleData.ringDualGradeHasQuotient ↦ 45
    [reduction] DecidableEq ↦ 32
    [reduction] GradedOrdinaryModuleData.grade ↦ 26
    [reduction] Int.casesOn ↦ 24
  [type_class] used instances (max: 251, num: 62):
    [type_class] Pi.addZeroClass ↦ 251
    [type_class] DenselyNormedField.toNontriviallyNormedField ↦ 36
    [type_class] DenselyNormedField.toNormedField ↦ 36
    [type_class] NontriviallyNormedField.toNormedField ↦ 36
    [type_class] NormedCommRing.toNormedRing ↦ 36
    [type_class] NormedDivisionRing.toNormedRing ↦ 36
    [type_class] NormedField.toNormedCommRing ↦ 36
    [type_class] NormedField.toNormedDivisionRing ↦ 36
    [type_class] RCLike.toDenselyNormedField ↦ 36
    [type_class] NormedCommRing.toSeminormedCommRing ↦ 34
    [type_class] NormedRing.toSeminormedRing ↦ 34
    [type_class] SeminormedCommRing.toSeminormedRing ↦ 34
    [type_class] NonUnitalNormedCommRing.toNonUnitalNormedRing ↦ 32
    [type_class] NonUnitalNormedRing.toNormedAddCommGroup ↦ 32
    [type_class] NormedCommRing.toNonUnitalNormedCommRing ↦ 32
    [type_class] NormedRing.toNonUnitalNormedRing ↦ 32
    [type_class] DivisionSemiring.toSemiring ↦ 31
    [type_class] Field.toSemifield ↦ 31
    [type_class] IdemCommSemiring.toIdemSemiring ↦ 31
    [type_class] IdemSemiring.toSemiring ↦ 31
    [type_class] KleeneAlgebra.toIdemSemiring ↦ 31
    [type_class] Semifield.toDivisionSemiring ↦ 31
    [type_class] DirectSum.GradeZero.semiring ↦ 31
    [type_class] NonUnitalNormedCommRing.toNonUnitalSeminormedCommRing ↦ 30
    [type_class] NonUnitalNormedRing.toNonUnitalSeminormedRing ↦ 30
    [type_class] NonUnitalSeminormedCommRing.toNonUnitalSeminormedRing ↦ 30
    [type_class] NonUnitalSeminormedRing.toSeminormedAddCommGroup ↦ 30
    [type_class] NormedAddCommGroup.toSeminormedAddCommGroup ↦ 30
    [type_class] SeminormedCommRing.toNonUnitalSeminormedCommRing ↦ 30
    [type_class] SeminormedRing.toNonUnitalSeminormedRing ↦ 30
    [type_class] DivisionRing.toRing ↦ 26
    [type_class] Field.toDivisionRing ↦ 26
    [type_class] NormedDivisionRing.toDivisionRing ↦ 26
    [type_class] NormedRing.toRing ↦ 26
    [type_class] SeminormedRing.toRing ↦ 26
    [type_class] DirectSum.GradeZero.ring ↦ 26
    [type_class] NormedAddCommGroup.toNormedAddGroup ↦ 25
    [type_class] NormedAddGroup.toSeminormedAddGroup ↦ 25
    [type_class] SeminormedAddCommGroup.toSeminormedAddGroup ↦ 25
    [type_class] CommRing.toRing ↦ 24
    [type_class] EuclideanDomain.toCommRing ↦ 24
    [type_class] Field.toCommRing ↦ 24
    [type_class] Field.toEuclideanDomain ↦ 24
    [type_class] NormedCommRing.toCommRing ↦ 24
    [type_class] NormedField.toField ↦ 24
    [type_class] SeminormedCommRing.toCommRing ↦ 24
    [type_class] DirectSum.GradeZero.commRing ↦ 24
    [type_class] CommRing.toAddCommGroupWithOne ↦ 22
    [type_class] CommRing.toNonUnitalCommRing ↦ 22
    [type_class] NonAssocRing.toAddCommGroupWithOne ↦ 22
    [type_class] NonAssocRing.toNonUnitalNonAssocRing ↦ 22
    [type_class] NonUnitalCommRing.toNonUnitalNonAssocCommRing ↦ 22
    [type_class] NonUnitalCommRing.toNonUnitalRing ↦ 22
    [type_class] NonUnitalNonAssocCommRing.toNonUnitalNonAssocRing ↦ 22
    [type_class] NonUnitalNormedCommRing.toNonUnitalCommRing ↦ 22
    [type_class] NonUnitalNormedRing.toNonUnitalRing ↦ 22
    [type_class] NonUnitalRing.toNonUnitalNonAssocRing ↦ 22
    [type_class] NonUnitalSeminormedCommRing.toNonUnitalCommRing ↦ 22
    [type_class] NonUnitalSeminormedRing.toNonUnitalRing ↦ 22
    [type_class] Ring.toNonAssocRing ↦ 22
    [type_class] Ring.toNonUnitalRing ↦ 22
    [type_class] DirectSum.GradeZero.nonUnitalNonAssocRing ↦ 22
  [type_class] max synth pending failures (maxSynthPendingDepth: 1), use `set_option maxSynthPendingDepth <limit>`
    [type_class] AddZeroClass (ModuleCat (E.CutGradedRing fun i => ↑↑i)ᵐᵒᵖᵐᵒᵖ)
    [type_class] AddZeroClass ?m.131
    [type_class] (i : ℕ) → AddCommGroup (E.CutGradedBlock (fun i => ↑↑i) i)
    [type_class] (i : ℕ) → AddCommGroup (E.CutGradedBlock (fun i => ↑↑i) i)
    [type_class] AddZeroClass (Ring (E.CutGradedRing fun i => ↑↑i)ᵐᵒᵖᵐᵒᵖ)
    [type_class] AddZeroClass (AddCommMonoid (E.CutGradedRing fun i => ↑↑i)ᵐᵒᵖ)
    [type_class] AddCommGroup (E.CutGradedRing fun i => ↑↑i)ᵐᵒᵖ
    [type_class] (i : ℕ) → AddCommGroup (E.CutGradedBlock (fun i => ↑↑i) i)
    [type_class] (i : ℕ) → AddCommGroup (E.CutGradedBlock (fun i => ↑↑i) i)
    [type_class] AddZeroClass (AddCommMonoid (E.CutGradedRing fun i => ↑↑i)ᵐᵒᵖ)
    [type_class] AddZeroClass (Ring (E.CutGradedRing fun i => ↑↑i)ᵐᵒᵖᵐᵒᵖ)
    [type_class] (i : ℕ) → AddCommGroup (E.CutGradedBlock (fun i => ↑↑i) i)
    [type_class] (i : ℕ) → AddCommGroup (E.CutGradedBlock (fun i => ↑↑i) i)
    [type_class] Ring (E.CutGradedRing fun i => ↑↑i)ᵐᵒᵖ
    [type_class] AddZeroClass ?m.129
  [def_eq] heuristic for solving `f a =?= f b` (max: 1013, num: 22):
    [def_eq] instHAdd ↦ 1013
    [def_eq] Pi.instZero ↦ 972
    [def_eq] Int.add ↦ 480
    [def_eq] Pi.addMonoid ↦ 224
    [def_eq] DFinsupp.mapRange ↦ 182
    [def_eq] Pi.addCommGroup ↦ 128
    [def_eq] MulOpposite.op ↦ 104
    [def_eq] Pi.addCommMonoid ↦ 104
    [def_eq] Pi.instAdd ↦ 86
    [def_eq] MulOpposite.instAdd ↦ 85
    [def_eq] LinearMap.module ↦ 72
    [def_eq] Pi.module ↦ 64
    [def_eq] SetLike.instMembership ↦ 56
    [def_eq] DirectSum ↦ 52
    [def_eq] DFinsupp.instAdd ↦ 43
    [def_eq] DFinsupp.instZero ↦ 43
    [def_eq] MulOpposite.instAddCommMonoid ↦ 43
    [def_eq] MulOpposite.instZero ↦ 43
    [def_eq] MulOpposite.instSMul ↦ 42
    [def_eq] DirectSum.semiring ↦ 32
    [def_eq] MulOpposite.unop ↦ 27
    [def_eq] HasQuotient.Quotient ↦ 26
  use `set_option diagnostics.threshold <num>` to control threshold for reporting counters
work/ASGinzburgDraft/PeriodCutOrdinaryRingDualTopHomQuotient.lean:19:18: error: (deterministic) timeout at `whnf`, maximum number of heartbeats (60000) has been reached

Note: Use `set_option maxHeartbeats <num>` to set the limit.
work/ASGinzburgDraft/PeriodCutOrdinaryRingDualTopHomQuotient.lean:65:4: error: Invalid field `cutOrdinaryRingDualTopShiftedHomQuotientEquiv`: The environment does not contain `ASGinzburg.ZAlgebra.PeriodIso.cutOrdinaryRingDualTopShiftedHomQuotientEquiv`
  E
has type
  A.PeriodIso ↑Q.vertices
[diag] Diagnostics
  [reduction] unfolded declarations (max: 304, num: 10):
    [reduction] AddMonoid.toZero ↦ 304
    [reduction] Add.add ↦ 248
    [reduction] HAdd.hAdd ↦ 248
    [reduction] OfNat.ofNat ↦ 168
    [reduction] HSMul.hSMul ↦ 156
    [reduction] SMul.smul ↦ 156
    [reduction] Zero.zero ↦ 120
    [reduction] AddMonoid.nsmul ↦ 100
    [reduction] Quiver.Hom ↦ 61
    [reduction] NatCast.natCast ↦ 26
  [reduction] unfolded instances (max: 1017, num: 58):
    [reduction] AddCommGroup.toAddGroup ↦ 1017
    [reduction] AddGroup.toSubNegMonoid ↦ 801
    [reduction] SubNegMonoid.toAddMonoid ↦ 572
    [reduction] AddZeroClass.toAddZero ↦ 528
    [reduction] AddZero.toZero ↦ 504
    [reduction] AddCommMonoid.toAddMonoid ↦ 448
    [reduction] AddMonoid.toAddZeroClass ↦ 304
    [reduction] AddCommGroup.toAddCommMonoid ↦ 273
    [reduction] Pi.addMonoid ↦ 208
    [reduction] Ring.toSemiring ↦ 200
    [reduction] instHAdd ↦ 177
    [reduction] Pi.addCommGroup ↦ 161
    [reduction] Pi.addCommMonoid ↦ 161
    [reduction] Pi.addGroup ↦ 161
    [reduction] Pi.subNegMonoid ↦ 161
    [reduction] instHSMul ↦ 156
    [reduction] Pi.addZeroClass ↦ 144
    [reduction] Field.toCommRing ↦ 111
    [reduction] CommRing.toRing ↦ 110
    [reduction] Semiring.toNonUnitalSemiring ↦ 102
    [reduction] AddMonoid.toNatSMul ↦ 100
    [reduction] NonUnitalNonAssocSemiring.toAddCommMonoid ↦ 94
    [reduction] NonUnitalSemiring.toNonUnitalNonAssocSemiring ↦ 92
    [reduction] Int.instAdd ↦ 90
    [reduction] instAddNat ↦ 87
    [reduction] Zero.toOfNat0 ↦ 84
    [reduction] Semifield.toCommSemiring ↦ 77
    [reduction] CommSemiring.toSemiring ↦ 75
    [reduction] Field.toSemifield ↦ 75
    [reduction] DivisionSemiring.toSemiring ↦ 60
    [reduction] MulOpposite.instRing ↦ 53
    [reduction] Semifield.toDivisionSemiring ↦ 52
    [reduction] instAddCommMonoidDirectSum ↦ 48
    [reduction] AddMonoid.toAddSemigroup ↦ 48
    [reduction] DFinsupp.addCommMonoid ↦ 48
    [reduction] DivisionRing.toRing ↦ 45
    [reduction] Field.toDivisionRing ↦ 45
    [reduction] CategoryStruct.toQuiver ↦ 43
    [reduction] DirectSum.ring ↦ 42
    [reduction] AddSemigroup.toAdd ↦ 40
    [reduction] MulOpposite.instNonUnitalNonAssocSemiring ↦ 40
    [reduction] MulOpposite.instNonUnitalSemiring ↦ 40
    [reduction] MulOpposite.instSemiring ↦ 40
    [reduction] SMulZeroClass.toSMul ↦ 40
    [reduction] DirectSum.instNonUnitalNonAssocSemiring ↦ 36
    [reduction] DirectSum.semiring ↦ 36
    [reduction] MulOpposite.instAddCommMonoid ↦ 36
    [reduction] Category.toCategoryStruct ↦ 31
    [reduction] CutGradedRightModule.category ↦ 31
    [reduction] DistribSMul.toSMulZeroClass ↦ 30
    [reduction] AddZero.toAdd ↦ 24
    [reduction] DFinsupp.hasNatScalar ↦ 24
    [reduction] DistribMulAction.toMulAction ↦ 24
    [reduction] Module.toDistribMulAction ↦ 24
    [reduction] MulAction.toSMul ↦ 24
    [reduction] NonAssocSemiring.toNonUnitalNonAssocSemiring ↦ 24
    [reduction] Semiring.toNonAssocSemiring ↦ 24
    [reduction] NonUnitalNonAssocRing.toNonUnitalNonAssocSemiring ↦ 22
  [reduction] unfolded reducible declarations (max: 3441, num: 11):
    [reduction] CutQuiver.Vertex ↦ 3441
    [reduction] homAdd ↦ 914
    [reduction] CutGradedHom ↦ 360
    [reduction] Hom ↦ 328
    [reduction] outParam ↦ 85
    [reduction] Function.Injective.addCommMonoid ↦ 84
    [reduction] Function.Injective.addMonoid ↦ 76
    [reduction] CutGradedBlock ↦ 64
    [reduction] inferInstance ↦ 60
    [reduction] Function.Injective.addZeroClass ↦ 48
    [reduction] FunLike ↦ 23
  [type_class] used instances (max: 60, num: 1):
    [type_class] Pi.addZeroClass ↦ 60
  [def_eq] heuristic for solving `f a =?= f b` (max: 87, num: 5):
    [def_eq] instHAdd ↦ 87
    [def_eq] Int.add ↦ 87
    [def_eq] Pi.instZero ↦ 72
    [def_eq] Pi.addMonoid ↦ 38
    [def_eq] Pi.addCommGroup ↦ 22
  use `set_option diagnostics.threshold <num>` to control threshold for reporting counters
[diag] Diagnostics
  [reduction] unfolded declarations (max: 304, num: 10):
    [reduction] AddMonoid.toZero ↦ 304
    [reduction] Add.add ↦ 248
    [reduction] HAdd.hAdd ↦ 248
    [reduction] OfNat.ofNat ↦ 168
    [reduction] HSMul.hSMul ↦ 156
    [reduction] SMul.smul ↦ 156
    [reduction] Zero.zero ↦ 120
    [reduction] AddMonoid.nsmul ↦ 100
    [reduction] Quiver.Hom ↦ 61
    [reduction] NatCast.natCast ↦ 26
  [reduction] unfolded instances (max: 1017, num: 58):
    [reduction] AddCommGroup.toAddGroup ↦ 1017
    [reduction] AddGroup.toSubNegMonoid ↦ 801
    [reduction] SubNegMonoid.toAddMonoid ↦ 572
    [reduction] AddZeroClass.toAddZero ↦ 528
    [reduction] AddZero.toZero ↦ 504
    [reduction] AddCommMonoid.toAddMonoid ↦ 448
    [reduction] AddMonoid.toAddZeroClass ↦ 304
    [reduction] AddCommGroup.toAddCommMonoid ↦ 273
    [reduction] Pi.addMonoid ↦ 208
    [reduction] Ring.toSemiring ↦ 200
    [reduction] instHAdd ↦ 177
    [reduction] Pi.addCommGroup ↦ 161
    [reduction] Pi.addCommMonoid ↦ 161
    [reduction] Pi.addGroup ↦ 161
    [reduction] Pi.subNegMonoid ↦ 161
    [reduction] instHSMul ↦ 156
    [reduction] Pi.addZeroClass ↦ 144
    [reduction] Field.toCommRing ↦ 111
    [reduction] CommRing.toRing ↦ 110
    [reduction] Semiring.toNonUnitalSemiring ↦ 102
    [reduction] AddMonoid.toNatSMul ↦ 100
    [reduction] NonUnitalNonAssocSemiring.toAddCommMonoid ↦ 94
    [reduction] NonUnitalSemiring.toNonUnitalNonAssocSemiring ↦ 92
    [reduction] Int.instAdd ↦ 90
    [reduction] instAddNat ↦ 87
    [reduction] Zero.toOfNat0 ↦ 84
    [reduction] Semifield.toCommSemiring ↦ 77
    [reduction] CommSemiring.toSemiring ↦ 75
    [reduction] Field.toSemifield ↦ 75
    [reduction] DivisionSemiring.toSemiring ↦ 60
    [reduction] MulOpposite.instRing ↦ 53
    [reduction] Semifield.toDivisionSemiring ↦ 52
    [reduction] instAddCommMonoidDirectSum ↦ 48
    [reduction] AddMonoid.toAddSemigroup ↦ 48
    [reduction] DFinsupp.addCommMonoid ↦ 48
    [reduction] DivisionRing.toRing ↦ 45
    [reduction] Field.toDivisionRing ↦ 45
    [reduction] CategoryStruct.toQuiver ↦ 43
    [reduction] DirectSum.ring ↦ 42
    [reduction] AddSemigroup.toAdd ↦ 40
    [reduction] MulOpposite.instNonUnitalNonAssocSemiring ↦ 40
    [reduction] MulOpposite.instNonUnitalSemiring ↦ 40
    [reduction] MulOpposite.instSemiring ↦ 40
    [reduction] SMulZeroClass.toSMul ↦ 40
    [reduction] DirectSum.instNonUnitalNonAssocSemiring ↦ 36
    [reduction] DirectSum.semiring ↦ 36
    [reduction] MulOpposite.instAddCommMonoid ↦ 36
    [reduction] Category.toCategoryStruct ↦ 31
    [reduction] CutGradedRightModule.category ↦ 31
    [reduction] DistribSMul.toSMulZeroClass ↦ 30
    [reduction] AddZero.toAdd ↦ 24
    [reduction] DFinsupp.hasNatScalar ↦ 24
    [reduction] DistribMulAction.toMulAction ↦ 24
    [reduction] Module.toDistribMulAction ↦ 24
    [reduction] MulAction.toSMul ↦ 24
    [reduction] NonAssocSemiring.toNonUnitalNonAssocSemiring ↦ 24
    [reduction] Semiring.toNonAssocSemiring ↦ 24
    [reduction] NonUnitalNonAssocRing.toNonUnitalNonAssocSemiring ↦ 22
  [reduction] unfolded reducible declarations (max: 3441, num: 11):
    [reduction] CutQuiver.Vertex ↦ 3441
    [reduction] homAdd ↦ 914
    [reduction] CutGradedHom ↦ 360
    [reduction] Hom ↦ 328
    [reduction] outParam ↦ 85
    [reduction] Function.Injective.addCommMonoid ↦ 84
    [reduction] Function.Injective.addMonoid ↦ 76
    [reduction] CutGradedBlock ↦ 64
    [reduction] inferInstance ↦ 60
    [reduction] Function.Injective.addZeroClass ↦ 48
    [reduction] FunLike ↦ 24
  [type_class] used instances (max: 60, num: 1):
    [type_class] Pi.addZeroClass ↦ 60
  [def_eq] heuristic for solving `f a =?= f b` (max: 87, num: 5):
    [def_eq] instHAdd ↦ 87
    [def_eq] Int.add ↦ 87
    [def_eq] Pi.instZero ↦ 72
    [def_eq] Pi.addMonoid ↦ 38
    [def_eq] Pi.addCommGroup ↦ 22
  [kernel] unfolded declarations (max: 276, num: 36):
    [kernel] HAdd.hAdd ↦ 276
    [kernel] AddZero.toZero ↦ 178
    [kernel] Add.add ↦ 160
    [kernel] AddSemigroup.toAdd ↦ 146
    [kernel] AddCommMonoid.toAddMonoid ↦ 140
    [kernel] HSMul.hSMul ↦ 134
    [kernel] AddMonoid.toAddSemigroup ↦ 120
    [kernel] SMul.smul ↦ 106
    [kernel] instHAdd ↦ 76
    [kernel] AddZeroClass.toAddZero ↦ 74
    [kernel] Ring.toSemiring ↦ 72
    [kernel] AddGroup.toSubNegMonoid ↦ 70
    [kernel] SubNegMonoid.toAddMonoid ↦ 70
    [kernel] AddCommGroup.toAddGroup ↦ 66
    [kernel] OfNat.ofNat ↦ 64
    [kernel] Pi.addMonoid ↦ 56
    [kernel] AddMonoid.toZero ↦ 52
    [kernel] AddMonoid.toAddZeroClass ↦ 50
    [kernel] CommRing.toRing ↦ 48
    [kernel] homAdd ↦ 48
    [kernel] NonUnitalNonAssocSemiring.toAddCommMonoid ↦ 42
    [kernel] AddMonoid.nsmul ↦ 40
    [kernel] AddZero.toAdd ↦ 38
    [kernel] Pi.addCommMonoid ↦ 38
    [kernel] Hom ↦ 36
    [kernel] CommSemiring.toSemiring ↦ 34
    [kernel] Function.Injective.addMonoid ↦ 34
    [kernel] AddCommSemigroup.toAddSemigroup ↦ 28
    [kernel] DivisionSemiring.toSemiring ↦ 28
    [kernel] MulOpposite.instAdd ↦ 26
    [kernel] Function.Injective.addCommMonoid ↦ 26
    [kernel] AddCommGroup.toAddCommMonoid ↦ 24
    [kernel] DivisionRing.toRing ↦ 24
    [kernel] Pi.addSemigroup ↦ 24
    [kernel] Pi.instAdd ↦ 24
    [kernel] CutGradedBlock ↦ 24
  use `set_option diagnostics.threshold <num>` to control threshold for reporting counters
