work/ASGinzburgDraft/LinearCokernelSquareEquiv.lean:23:11: error(lean.unknownIdentifier): Unknown identifier `eM`
work/ASGinzburgDraft/LinearCokernelSquareEquiv.lean:23:18: error(lean.unknownIdentifier): Unknown identifier `h`
work/ASGinzburgDraft/LinearCokernelSquareEquiv.lean:25:15: error(lean.unknownIdentifier): Unknown identifier `eM.symm`
work/ASGinzburgDraft/LinearCokernelSquareEquiv.lean:25:28: error(lean.unknownIdentifier): Unknown identifier `eM.symm`
work/ASGinzburgDraft/LinearCokernelSquareEquiv.lean:26:8: error(lean.unknownIdentifier): Unknown identifier `h`
work/ASGinzburgDraft/LinearCokernelSquareEquiv.lean:31:47: error: Application type mismatch: The argument
  eM
has type
  LinearEquiv.{u, u, v, v'} (RingHom.id k) M M'
of sort `Type (max v v')` but is expected to have type
  LinearEquiv.{u, u, w, w'} (RingHom.id k) N N'
of sort `Type (max w w')` in the application
  linearMapRange_map_eq_of_equiv_square f g eM
work/ASGinzburgDraft/LinearCokernelSquareEquiv.lean:34:34: error: Application type mismatch: The argument
  eM
has type
  LinearEquiv.{u, u, v, v'} (RingHom.id k) M M'
of sort `Type (max v v')` but is expected to have type
  LinearEquiv.{u, u, w, w'} (RingHom.id k) N N'
of sort `Type (max w w')` in the application
  linearCokernelSquareEquiv f g eM
