[diag] Diagnostics
  [reduction] unfolded declarations (max: 1397, num: 24):
    [reduction] Membership.mem ↦ 1397
    [reduction] Set ↦ 771
    [reduction] SetLike.coe ↦ 715
    [reduction] Set.Mem ↦ 693
    [reduction] Add.add ↦ 472
    [reduction] HAdd.hAdd ↦ 392
    [reduction] NonUnitalNonAssocSemiring.toMul ↦ 392
    [reduction] SMul.smul ↦ 250
    [reduction] HSMul.hSMul ↦ 230
    [reduction] AddMonoid.toZero ↦ 152
    [reduction] Zero.zero ↦ 114
    [reduction] OfNat.ofNat ↦ 101
    [reduction] AddMonoid.nsmul ↦ 96
    [reduction] DFunLike.coe ↦ 96
    [reduction] HMul.hMul ↦ 92
    [reduction] Mul.mul ↦ 92
    [reduction] ringDualGrade ↦ 88
    [reduction] HasQuotient.quotient' ↦ 84
    [reduction] Submodule.toAddSubgroup ↦ 42
    [reduction] Quiver.Hom ↦ 36
    [reduction] LinearMap.range ↦ 33
    [reduction] Semiring.npow ↦ 30
    [reduction] Submodule.copy ↦ 28
    [reduction] setOf ↦ 22
  [reduction] unfolded instances (max: 10514, num: 88):
    [reduction] AddCommGroup.toAddGroup ↦ 10514
    [reduction] AddGroup.toSubNegMonoid ↦ 9477
    [reduction] Ring.toSemiring ↦ 6387
    [reduction] AddCommMonoid.toAddMonoid ↦ 6270
    [reduction] Semiring.toNonUnitalSemiring ↦ 6255
    [reduction] NonUnitalSemiring.toNonUnitalNonAssocSemiring ↦ 5226
    [reduction] NonUnitalNonAssocSemiring.toAddCommMonoid ↦ 4961
    [reduction] SubNegMonoid.toAddMonoid ↦ 3964
    [reduction] NonUnitalNonAssocRing.toAddCommGroup ↦ 2352
    [reduction] NonUnitalNonAssocRing.toNonUnitalNonAssocSemiring ↦ 2058
    [reduction] Semiring.toNonAssocSemiring ↦ 2055
    [reduction] NonAssocSemiring.toNonUnitalNonAssocSemiring ↦ 2049
    [reduction] AddCommGroup.toAddCommMonoid ↦ 1989
    [reduction] AddMonoid.toAddSemigroup ↦ 1941
    [reduction] NonAssocRing.toNonUnitalNonAssocRing ↦ 1936
    [reduction] Ring.toNonAssocRing ↦ 1936
    [reduction] AddCommMonoid.toAddCommSemigroup ↦ 1348
    [reduction] AddCommSemigroup.toAddSemigroup ↦ 1348
    [reduction] AddSemigroup.toAdd ↦ 1152
    [reduction] CommSemiring.toSemiring ↦ 975
    [reduction] AddCommMagma.toAdd ↦ 852
    [reduction] AddCommSemigroup.toAddCommMagma ↦ 852
    [reduction] Set.instMembership ↦ 697
    [reduction] SetLike.instMembership ↦ 692
    [reduction] instHAdd ↦ 588
    [reduction] Module.toDistribMulAction ↦ 496
    [reduction] Ring.toAddCommGroup ↦ 467
    [reduction] DistribMulAction.toMulAction ↦ 436
    [reduction] AddZeroClass.toAddZero ↦ 431
    [reduction] Field.toCommRing ↦ 370
    [reduction] MulZeroClass.toMul ↦ 368
    [reduction] CommRing.toRing ↦ 350
    [reduction] Submodule.setLike ↦ 350
    [reduction] AddSubmonoid.instSetLike ↦ 327
    [reduction] SMulZeroClass.toSMul ↦ 308
    [reduction] Semiring.toMonoidWithZero ↦ 284
    [reduction] DistribSMul.toSMulZeroClass ↦ 272
    [reduction] DivisionRing.toRing ↦ 269
    [reduction] Field.toDivisionRing ↦ 269
    [reduction] MonoidWithZero.toMonoid ↦ 254
    [reduction] DistribMulAction.toDistribSMul ↦ 246
    [reduction] AddZero.toAdd ↦ 238
    [reduction] MulAction.toSMul ↦ 236
    [reduction] instHSMul ↦ 230
    [reduction] LinearMap.addCommMonoid ↦ 230
    [reduction] Monoid.toSemigroup ↦ 224
    [reduction] MonoidWithZero.toMulZeroOneClass ↦ 224
    [reduction] MulOne.toMul ↦ 224
    [reduction] MulOneClass.toMulOne ↦ 224
    [reduction] MulZeroOneClass.toMulOneClass ↦ 224
    [reduction] MulZeroOneClass.toMulZeroClass ↦ 224
    [reduction] Semigroup.toMul ↦ 224
    [reduction] AddZero.toZero ↦ 183
    [reduction] Pi.instAdd ↦ 178
    [reduction] LinearMap.instAdd ↦ 156
    [reduction] DivisionSemiring.toSemiring ↦ 148
    [reduction] Semifield.toDivisionSemiring ↦ 148
    [reduction] AddMonoid.toAddZeroClass ↦ 147
    [reduction] NonUnitalNonAssocSemiring.toMulZeroClass ↦ 144
    [reduction] Algebra.toModule ↦ 122
    [reduction] AddSubmonoid.toAddCommMonoid ↦ 108
    [reduction] AddSubmonoidClass.toAddCommMonoid ↦ 108
    [reduction] Submodule.addCommMonoid ↦ 108
    [reduction] Field.toSemifield ↦ 101
    [reduction] Semifield.toCommSemiring ↦ 101
    [reduction] Zero.toOfNat0 ↦ 101
    [reduction] instAddNat ↦ 98
    [reduction] AddMonoid.toNatSMul ↦ 96
    [reduction] LinearMap.instFunLike ↦ 94
    [reduction] instHMul ↦ 92
    [reduction] AddSubmonoidClass.toAddMonoid ↦ 83
    [reduction] MulZeroClass.toSMulWithZero ↦ 82
    [reduction] SMulWithZero.toSMulZeroClass ↦ 82
    [reduction] AddMemClass.add ↦ 70
    [reduction] AddMemClass.toAddSemigroup ↦ 70
    [reduction] LinearMap.addCommGroup ↦ 64
    [reduction] LinearMap.instSMul ↦ 60
    [reduction] Pi.instSMul ↦ 60
    [reduction] AddCommMonoid.toNatModule ↦ 56
    [reduction] Semiring.toModule ↦ 48
    [reduction] MonoidWithZero.toMulActionWithZero ↦ 46
    [reduction] MulActionWithZero.toMulAction ↦ 46
    [reduction] Submodule.hasQuotient ↦ 42
    [reduction] LinearMap.instZero ↦ 38
    [reduction] Pi.instZero ↦ 38
    [reduction] instDistribSMul ↦ 36
    [reduction] AddSubgroup.instSetLike ↦ 30
    [reduction] ZeroMemClass.zero ↦ 25
  [reduction] unfolded reducible declarations (max: 2278, num: 22):
    [reduction] ModuleCat.carrier ↦ 2278
    [reduction] ordinaryRingDual ↦ 2006
    [reduction] ModuleCat.of ↦ 2006
    [reduction] LinearMap.toAddHom ↦ 435
    [reduction] Submodule.toAddSubmonoid ↦ 329
    [reduction] ringModule ↦ 313
    [reduction] Function.Injective.addZeroClass ↦ 310
    [reduction] Function.Injective.addCommMonoid ↦ 294
    [reduction] Function.Injective.addMonoid ↦ 284
    [reduction] AddSubmonoid.toAddSubsemigroup ↦ 269
    [reduction] Subtype.val ↦ 257
    [reduction] AddHom.toFun ↦ 187
    [reduction] outParam ↦ 152
    [reduction] HasQuotient.Quotient ↦ 116
    [reduction] AddSubsemigroup.carrier ↦ 111
    [reduction] FunLike ↦ 81
    [reduction] Function.Injective.addCommGroup ↦ 64
    [reduction] AddSubgroup.toAddSubmonoid ↦ 60
    [reduction] ringDualHomogeneousTopQuotient ↦ 46
    [reduction] Ideal ↦ 40
    [reduction] ModuleCat.isModule ↦ 24
    [reduction] ringDualGradeHasQuotient ↦ 22
  [type_class] used instances (max: 55, num: 6):
    [type_class] Semiring.toModule ↦ 55
    [type_class] EuclideanDomain.toCommRing ↦ 27
    [type_class] Field.toCommRing ↦ 27
    [type_class] Field.toEuclideanDomain ↦ 27
    [type_class] Field.toDivisionRing ↦ 23
    [type_class] Field.toSemifield ↦ 23
  [type_class] max synth pending failures (maxSynthPendingDepth: 1), use `set_option maxSynthPendingDepth <limit>`
    [type_class] AddCommGroup R
    [type_class] AddCommGroup R
  [def_eq] heuristic for solving `f a =?= f b` (max: 98, num: 10):
    [def_eq] instHAdd ↦ 98
    [def_eq] AddCommMonoid.toAddMonoid ↦ 84
    [def_eq] NonUnitalNonAssocSemiring.toAddCommMonoid ↦ 55
    [def_eq] Semiring.toNonUnitalSemiring ↦ 45
    [def_eq] LinearMap.module ↦ 26
    [def_eq] MonoidWithZero.toMonoid ↦ 25
    [def_eq] Semiring.toMonoidWithZero ↦ 25
    [def_eq] AddMonoid.toAddZeroClass ↦ 23
    [def_eq] LinearMap.instAdd ↦ 22
    [def_eq] LinearMap.instZero ↦ 22
  use `set_option diagnostics.threshold <num>` to control threshold for reporting counters
work/top-quotient-mapq-prototype.lean:18:73: error: (deterministic) timeout at `whnf`, maximum number of heartbeats (20000) has been reached

Note: Use `set_option maxHeartbeats <num>` to set the limit.
