[diag] Diagnostics
  [reduction] unfolded instances (max: 76, num: 10):
    [reduction] CommRing.toRing ↦ 76
    [reduction] Field.toCommRing ↦ 76
    [reduction] DivisionRing.toRing ↦ 52
    [reduction] Field.toDivisionRing ↦ 52
    [reduction] Ring.toSemiring ↦ 52
    [reduction] CommSemiring.toSemiring ↦ 22
    [reduction] DivisionSemiring.toSemiring ↦ 22
    [reduction] Field.toSemifield ↦ 22
    [reduction] Semifield.toCommSemiring ↦ 22
    [reduction] Semifield.toDivisionSemiring ↦ 22
  [reduction] unfolded reducible declarations (max: 22, num: 1):
    [reduction] CutGradedRightModule.space ↦ 22
  [kernel] unfolded declarations (max: 66, num: 6):
    [kernel] HAdd.hAdd ↦ 66
    [kernel] Add.add ↦ 62
    [kernel] AddHom.toFun ↦ 36
    [kernel] DFunLike.coe ↦ 36
    [kernel] CommRing.toRing ↦ 29
    [kernel] Ring.toSemiring ↦ 26
  use `set_option diagnostics.threshold <num>` to control threshold for reporting counters
[diag] Diagnostics
  [reduction] unfolded declarations (max: 56, num: 10):
    [reduction] Set ↦ 56
    [reduction] Membership.mem ↦ 56
    [reduction] OfNat.ofNat ↦ 40
    [reduction] CutGradedRightModule.homSubmodule ↦ 32
    [reduction] Quiver.Hom ↦ 30
    [reduction] Set.Mem ↦ 28
    [reduction] SetLike.coe ↦ 28
    [reduction] HSMul.hSMul ↦ 22
    [reduction] SMul.smul ↦ 22
    [reduction] Zero.zero ↦ 22
  [reduction] unfolded instances (max: 78, num: 24):
    [reduction] CommRing.toRing ↦ 78
    [reduction] Field.toCommRing ↦ 78
    [reduction] AddCommMonoid.toAddMonoid ↦ 50
    [reduction] DivisionRing.toRing ↦ 48
    [reduction] Field.toDivisionRing ↦ 48
    [reduction] Ring.toSemiring ↦ 48
    [reduction] AddCommGroup.toAddGroup ↦ 40
    [reduction] AddGroup.toSubNegMonoid ↦ 38
    [reduction] SubNegMonoid.toAddMonoid ↦ 36
    [reduction] AddZeroClass.toAddZero ↦ 34
    [reduction] AddCommGroup.toAddCommMonoid ↦ 28
    [reduction] Set.instMembership ↦ 28
    [reduction] SetLike.instMembership ↦ 28
    [reduction] AddZero.toZero ↦ 26
    [reduction] instHAdd ↦ 24
    [reduction] AddMonoid.toAddSemigroup ↦ 24
    [reduction] instHSMul ↦ 22
    [reduction] Module.toDistribMulAction ↦ 22
    [reduction] Zero.toOfNat0 ↦ 22
    [reduction] CommSemiring.toSemiring ↦ 21
    [reduction] DivisionSemiring.toSemiring ↦ 21
    [reduction] Field.toSemifield ↦ 21
    [reduction] Semifield.toCommSemiring ↦ 21
    [reduction] Semifield.toDivisionSemiring ↦ 21
  [reduction] unfolded reducible declarations (max: 95, num: 8):
    [reduction] CutGradedRightModule.space ↦ 95
    [reduction] Subtype.val ↦ 72
    [reduction] AddSubmonoid.toAddSubsemigroup ↦ 56
    [reduction] Submodule.toAddSubmonoid ↦ 50
    [reduction] LinearMap.toAddHom ↦ 48
    [reduction] ModuleCat.carrier ↦ 37
    [reduction] ModuleCat.isAddCommGroup ↦ 32
    [reduction] AddSubsemigroup.carrier ↦ 28
  [kernel] unfolded declarations (max: 88, num: 7):
    [kernel] Membership.mem ↦ 88
    [kernel] HAdd.hAdd ↦ 82
    [kernel] DFunLike.coe ↦ 72
    [kernel] Add.add ↦ 66
    [kernel] HSMul.hSMul ↦ 38
    [kernel] AddHom.toFun ↦ 36
    [kernel] SMul.smul ↦ 34
  use `set_option diagnostics.threshold <num>` to control threshold for reporting counters
source comparison ready
target comparison ready
square proof ready
work/native-top-quotient-partial-app-prototype.lean:60:12: error: (deterministic) timeout at `isDefEq`, maximum number of heartbeats (60000) has been reached

Note: Use `set_option maxHeartbeats <num>` to set the limit.
[diag] Diagnostics
  [reduction] unfolded declarations (max: 4324, num: 34):
    [reduction] AddMonoid.toZero ↦ 4324
    [reduction] HSMul.hSMul ↦ 2894
    [reduction] SMul.smul ↦ 2894
    [reduction] Add.add ↦ 2388
    [reduction] HAdd.hAdd ↦ 2318
    [reduction] AddMonoid.nsmul ↦ 1776
    [reduction] Membership.mem ↦ 1506
    [reduction] Set ↦ 1390
    [reduction] Quiver.Hom ↦ 1105
    [reduction] SetLike.coe ↦ 770
    [reduction] OfNat.ofNat ↦ 762
    [reduction] Set.Mem ↦ 738
    [reduction] Zero.zero ↦ 570
    [reduction] MulOpposite ↦ 559
    [reduction] CutGradedRightModule.homSubmodule ↦ 420
    [reduction] DirectSum ↦ 295
    [reduction] Submodule.toAddSubgroup ↦ 279
    [reduction] GradedOrdinaryModuleData.ringDualGrade ↦ 224
    [reduction] NonUnitalNonAssocSemiring.toMul ↦ 216
    [reduction] cutRegularGradedRightModule ↦ 180
    [reduction] CutGradedRightModule.shifted ↦ 180
    [reduction] DFunLike.coe ↦ 174
    [reduction] HasQuotient.quotient' ↦ 168
    [reduction] cutRightModuleOrdinaryData ↦ 157
    [reduction] Semiring.npow ↦ 124
    [reduction] Semiring.toOne ↦ 124
    [reduction] NatCast.natCast ↦ 104
    [reduction] CutGradedRightModule.ringModule ↦ 102
    [reduction] DFinsupp.zipWith ↦ 70
    [reduction] HMul.hMul ↦ 46
    [reduction] Mul.mul ↦ 46
    [reduction] MulOpposite.op ↦ 34
    [reduction] CoeOTC.coe ↦ 24
    [reduction] cutGradedForgetFunctor ↦ 23
  [reduction] unfolded instances (max: 25206, num: 146):
    [reduction] AddCommGroup.toAddGroup ↦ 25206
    [reduction] AddGroup.toSubNegMonoid ↦ 20660
    [reduction] SubNegMonoid.toAddMonoid ↦ 11000
    [reduction] AddZeroClass.toAddZero ↦ 8466
    [reduction] AddCommMonoid.toAddMonoid ↦ 7841
    [reduction] SeminormedAddCommGroup.toAddCommGroup ↦ 7744
    [reduction] AddZero.toZero ↦ 7264
    [reduction] AddMonoid.toAddZeroClass ↦ 4544
    [reduction] AddCommGroup.toAddCommMonoid ↦ 4453
    [reduction] Pi.addMonoid ↦ 3990
    [reduction] AddMonoid.toAddSemigroup ↦ 3060
    [reduction] instHSMul ↦ 2894
    [reduction] Ring.toSemiring ↦ 2874
    [reduction] instHAdd ↦ 2851
    [reduction] Pi.addCommGroup ↦ 2696
    [reduction] Pi.addGroup ↦ 2696
    [reduction] Pi.subNegMonoid ↦ 2696
    [reduction] AddSemigroup.toAdd ↦ 2542
    [reduction] Pi.addZeroClass ↦ 2508
    [reduction] NormedAddCommGroup.toAddCommGroup ↦ 2422
    [reduction] Pi.addCommMonoid ↦ 2206
    [reduction] NonUnitalNonAssocSemiring.toAddCommMonoid ↦ 2161
    [reduction] Semiring.toNonUnitalSemiring ↦ 1999
    [reduction] NonUnitalSemiring.toNonUnitalNonAssocSemiring ↦ 1859
    [reduction] AddMonoid.toNatSMul ↦ 1776
    [reduction] AddZero.toAdd ↦ 1202
    [reduction] Field.toCommRing ↦ 1115
    [reduction] CommRing.toRing ↦ 1112
    [reduction] CategoryStruct.toQuiver ↦ 1036
    [reduction] MulOpposite.instRing ↦ 1019
    [reduction] Category.toCategoryStruct ↦ 1014
    [reduction] CutGradedRightModule.category ↦ 994
    [reduction] instAddNat ↦ 970
    [reduction] instAddCommMonoidDirectSum ↦ 926
    [reduction] DFinsupp.addCommMonoid ↦ 926
    [reduction] Semifield.toCommSemiring ↦ 905
    [reduction] CommSemiring.toSemiring ↦ 897
    [reduction] Field.toSemifield ↦ 897
    [reduction] MulOpposite.instNonUnitalNonAssocSemiring ↦ 870
    [reduction] MulOpposite.instNonUnitalSemiring ↦ 870
    [reduction] MulOpposite.instSemiring ↦ 870
    [reduction] MulOpposite.instAddCommMonoid ↦ 824
    [reduction] DirectSum.ring ↦ 783
    [reduction] AddCommMonoid.toAddCommSemigroup ↦ 777
    [reduction] AddCommSemigroup.toAddSemigroup ↦ 777
    [reduction] Set.instMembership ↦ 746
    [reduction] SetLike.instMembership ↦ 744
    [reduction] DirectSum.instNonUnitalNonAssocSemiring ↦ 741
    [reduction] DirectSum.semiring ↦ 741
    [reduction] Pi.addSemigroup ↦ 738
    [reduction] AddCommMagma.toAdd ↦ 705
    [reduction] AddCommSemigroup.toAddCommMagma ↦ 705
    [reduction] Int.instAdd ↦ 639
    [reduction] SMulZeroClass.toSMul ↦ 631
    [reduction] DivisionSemiring.toSemiring ↦ 599
    [reduction] NonUnitalNonAssocRing.toNonUnitalNonAssocSemiring ↦ 596
    [reduction] Semifield.toDivisionSemiring ↦ 573
    [reduction] Pi.instAdd ↦ 535
    [reduction] DistribSMul.toSMulZeroClass ↦ 486
    [reduction] NonAssocRing.toNonUnitalNonAssocRing ↦ 429
    [reduction] NonUnitalNonAssocRing.toAddCommGroup ↦ 429
    [reduction] Ring.toNonAssocRing ↦ 429
    [reduction] DFinsupp.hasNatScalar ↦ 428
    [reduction] Zero.toOfNat0 ↦ 426
    [reduction] DistribMulAction.toMulAction ↦ 402
    [reduction] Module.toDistribMulAction ↦ 402
    [reduction] MulAction.toSMul ↦ 402
    [reduction] Submodule.setLike ↦ 352
    [reduction] DistribMulAction.toDistribSMul ↦ 341
    [reduction] NonAssocSemiring.toNonUnitalNonAssocSemiring ↦ 330
    [reduction] Semiring.toNonAssocSemiring ↦ 330
    [reduction] MulOpposite.instAddMonoid ↦ 304
    [reduction] MulOpposite.instSMul ↦ 304
    [reduction] DivisionRing.toRing ↦ 282
    [reduction] Field.toDivisionRing ↦ 270
    [reduction] AddSubgroup.instSetLike ↦ 249
    [reduction] Ring.toAddCommGroup ↦ 174
    [reduction] LinearMap.instAdd ↦ 157
    [reduction] LinearMap.instFunLike ↦ 154
    [reduction] AddSubmonoid.instSetLike ↦ 153
    [reduction] DFinsupp.instAdd ↦ 149
    [reduction] LinearMap.addCommGroup ↦ 148
    [reduction] MonoidWithZero.toMonoid ↦ 147
    [reduction] Semiring.toMonoidWithZero ↦ 147
    [reduction] Algebra.toModule ↦ 141
    [reduction] LinearMap.addCommMonoid ↦ 141
    [reduction] AddSubgroup.toAddCommGroup ↦ 137
    [reduction] AddSubgroupClass.toAddCommGroup ↦ 137
    [reduction] AddSubgroupClass.toAddGroup ↦ 137
    [reduction] Submodule.addCommGroup ↦ 137
    [reduction] Algebra.toSMul ↦ 122
    [reduction] DFinsupp.distribMulAction ↦ 122
    [reduction] DFinsupp.instSMulZeroClass ↦ 122
    [reduction] DFinsupp.module ↦ 122
    [reduction] DirectSum.instModule ↦ 122
    [reduction] Pi.distribMulAction ↦ 122
    [reduction] Pi.module ↦ 122
    [reduction] Pi.mulAction ↦ 122
    [reduction] MulOpposite.instAdd ↦ 113
    [reduction] Preadditive.homGroup ↦ 88
    [reduction] CutGradedRightModule.preadditive ↦ 88
    [reduction] Submodule.hasQuotient ↦ 82
    [reduction] DirectSum.GRing.toGSemiring ↦ 76
    [reduction] AddMemClass.add ↦ 72
    [reduction] AddMemClass.toAddSemigroup ↦ 72
    [reduction] AddSubmonoidClass.toAddMonoid ↦ 72
    [reduction] MulOpposite.instDistribMulAction ↦ 62
    [reduction] MulOpposite.instModule ↦ 62
    [reduction] DirectSum.instAlgebra ↦ 61
    [reduction] MulOpposite.instAlgebra ↦ 61
    [reduction] MulOpposite.instMulAction ↦ 61
    [reduction] AddCommMonoid.toNatModule ↦ 56
    [reduction] LinearMap.instSMul ↦ 56
    [reduction] Pi.instSMul ↦ 56
    [reduction] instHMul ↦ 46
    [reduction] Distrib.toMul ↦ 46
    [reduction] MulOpposite.instDistrib ↦ 46
    [reduction] MulOpposite.instMul ↦ 46
    [reduction] MulZeroClass.toMul ↦ 46
    [reduction] MulZeroClass.toSMulWithZero ↦ 46
    [reduction] SMulWithZero.toSMulZeroClass ↦ 46
    [reduction] DFinsupp.addCommGroup ↦ 36
    [reduction] DirectSum.instAddCommGroup ↦ 36
    [reduction] AddSubmonoid.toAddCommMonoid ↦ 30
    [reduction] AddSubmonoidClass.nSMul ↦ 30
    [reduction] AddSubmonoidClass.toAddCommMonoid ↦ 30
    [reduction] LinearMap.instZero ↦ 30
    [reduction] MulOpposite.instZero ↦ 30
    [reduction] Pi.instZero ↦ 30
    [reduction] Submodule.addCommMonoid ↦ 30
    [reduction] ZeroMemClass.zero ↦ 30
    [reduction] Linear.homModule ↦ 30
    [reduction] CutGradedRightModule.linear ↦ 30
    [reduction] LinearMap.module ↦ 28
    [reduction] instDistribSMul ↦ 23
    [reduction] Monoid.toSemigroup ↦ 23
    [reduction] MonoidWithZero.toMulActionWithZero ↦ 23
    [reduction] MonoidWithZero.toMulZeroOneClass ↦ 23
    [reduction] MulActionWithZero.toMulAction ↦ 23
    [reduction] MulOne.toMul ↦ 23
    [reduction] MulOneClass.toMulOne ↦ 23
    [reduction] MulZeroOneClass.toMulOneClass ↦ 23
    [reduction] MulZeroOneClass.toMulZeroClass ↦ 23
    [reduction] NonUnitalNonAssocSemiring.toMulZeroClass ↦ 23
    [reduction] Semigroup.toMul ↦ 23
    [reduction] Semiring.toModule ↦ 23
  [reduction] unfolded reducible declarations (max: 21599, num: 43):
    [reduction] CutQuiver.Vertex ↦ 21599
    [reduction] homAdd ↦ 13702
    [reduction] CutGradedHom ↦ 2721
    [reduction] Hom ↦ 2499
    [reduction] ModuleCat.carrier ↦ 2285
    [reduction] Function.Injective.addCommMonoid ↦ 2075
    [reduction] Function.Injective.addMonoid ↦ 2072
    [reduction] ModuleCat.of ↦ 1942
    [reduction] ordinaryRingDual ↦ 1660
    [reduction] Function.Injective.addZeroClass ↦ 1378
    [reduction] AddSubmonoid.toAddSubsemigroup ↦ 1344
    [reduction] inferInstance ↦ 1322
    [reduction] Submodule.toAddSubmonoid ↦ 1189
    [reduction] CutGradedRightModule.space ↦ 1149
    [reduction] CutGradedBlock ↦ 1011
    [reduction] AddSubsemigroup.carrier ↦ 658
    [reduction] LinearMap.toAddHom ↦ 644
    [reduction] Subtype.val ↦ 540
    [reduction] AddSubgroup.toAddSubmonoid ↦ 498
    [reduction] ModuleCat.isAddCommGroup ↦ 456
    [reduction] CutGradedRing ↦ 448
    [reduction] GradedOrdinaryModuleData.ringModule ↦ 437
    [reduction] inferInstanceAs ↦ 412
    [reduction] outParam ↦ 328
    [reduction] AddHom.toFun ↦ 234
    [reduction] HasQuotient.Quotient ↦ 227
    [reduction] Function.Injective.addCommGroup ↦ 184
    [reduction] Function.Injective.distribMulAction ↦ 122
    [reduction] Function.Injective.distribSMul ↦ 122
    [reduction] Function.Injective.smulZeroClass ↦ 122
    [reduction] semiOutParam ↦ 112
    [reduction] FunLike ↦ 100
    [reduction] ordinaryRingDualUnbundledAddCommGroup ↦ 98
    [reduction] GradedOrdinaryModuleData.ringDualHomogeneousTopQuotient ↦ 94
    [reduction] homModule ↦ 84
    [reduction] DFinsupp.toFun ↦ 70
    [reduction] Nat.cast ↦ 68
    [reduction] Ideal ↦ 64
    [reduction] prototypeNativeTopHomAddCommGroup ↦ 46
    [reduction] GradedOrdinaryModuleData.ringDualGradeHasQuotient ↦ 45
    [reduction] PreOpposite.unop' ↦ 34
    [reduction] DecidableEq ↦ 32
    [reduction] GradedOrdinaryModuleData.grade ↦ 26
  [type_class] used instances (max: 250, num: 30):
    [type_class] Pi.addZeroClass ↦ 250
    [type_class] DivisionSemiring.toSemiring ↦ 29
    [type_class] Field.toSemifield ↦ 29
    [type_class] IdemCommSemiring.toIdemSemiring ↦ 29
    [type_class] IdemSemiring.toSemiring ↦ 29
    [type_class] KleeneAlgebra.toIdemSemiring ↦ 29
    [type_class] Semifield.toDivisionSemiring ↦ 29
    [type_class] DirectSum.GradeZero.semiring ↦ 29
    [type_class] DenselyNormedField.toNontriviallyNormedField ↦ 28
    [type_class] DenselyNormedField.toNormedField ↦ 28
    [type_class] NontriviallyNormedField.toNormedField ↦ 28
    [type_class] NormedCommRing.toNormedRing ↦ 28
    [type_class] NormedDivisionRing.toNormedRing ↦ 28
    [type_class] NormedField.toNormedCommRing ↦ 28
    [type_class] NormedField.toNormedDivisionRing ↦ 28
    [type_class] RCLike.toDenselyNormedField ↦ 28
    [type_class] NormedCommRing.toSeminormedCommRing ↦ 26
    [type_class] NormedRing.toSeminormedRing ↦ 26
    [type_class] SeminormedCommRing.toSeminormedRing ↦ 26
    [type_class] NonUnitalNormedCommRing.toNonUnitalNormedRing ↦ 25
    [type_class] NonUnitalNormedRing.toNormedAddCommGroup ↦ 25
    [type_class] NormedCommRing.toNonUnitalNormedCommRing ↦ 25
    [type_class] NormedRing.toNonUnitalNormedRing ↦ 25
    [type_class] NonUnitalNormedCommRing.toNonUnitalSeminormedCommRing ↦ 23
    [type_class] NonUnitalNormedRing.toNonUnitalSeminormedRing ↦ 23
    [type_class] NonUnitalSeminormedCommRing.toNonUnitalSeminormedRing ↦ 23
    [type_class] NonUnitalSeminormedRing.toSeminormedAddCommGroup ↦ 23
    [type_class] NormedAddCommGroup.toSeminormedAddCommGroup ↦ 23
    [type_class] SeminormedCommRing.toNonUnitalSeminormedCommRing ↦ 23
    [type_class] SeminormedRing.toNonUnitalSeminormedRing ↦ 23
  [def_eq] heuristic for solving `f a =?= f b` (max: 1254, num: 24):
    [def_eq] Pi.instZero ↦ 1254
    [def_eq] instHAdd ↦ 1040
    [def_eq] Int.add ↦ 630
    [def_eq] Pi.addMonoid ↦ 304
    [def_eq] DFinsupp.mapRange ↦ 275
    [def_eq] Pi.addCommGroup ↦ 168
    [def_eq] MulOpposite.op ↦ 167
    [def_eq] Pi.addCommMonoid ↦ 134
    [def_eq] Pi.instAdd ↦ 124
    [def_eq] MulOpposite.instAdd ↦ 123
    [def_eq] LinearMap.module ↦ 107
    [def_eq] Pi.module ↦ 84
    [def_eq] DirectSum ↦ 72
    [def_eq] DFinsupp.instAdd ↦ 62
    [def_eq] DFinsupp.instZero ↦ 62
    [def_eq] MulOpposite.instAddCommMonoid ↦ 62
    [def_eq] MulOpposite.instZero ↦ 62
    [def_eq] AddSubmonoidClass.toAddMonoid ↦ 61
    [def_eq] MulOpposite.instSMul ↦ 61
    [def_eq] MulOpposite.unop ↦ 60
    [def_eq] Submodule.toAddSubgroup ↦ 46
    [def_eq] DirectSum.semiring ↦ 42
    [def_eq] SetLike.instMembership ↦ 39
    [def_eq] HasQuotient.Quotient ↦ 26
  use `set_option diagnostics.threshold <num>` to control threshold for reporting counters
work/native-top-quotient-partial-app-prototype.lean:32:18: error: (deterministic) timeout at `whnf`, maximum number of heartbeats (60000) has been reached

Note: Use `set_option maxHeartbeats <num>` to set the limit.
