[diag] Diagnostics
  [reduction] unfolded instances (max: 76, num: 10):
    [reduction] CommRing.toRing ↦ 76
    [reduction] Field.toCommRing ↦ 76
    [reduction] DivisionRing.toRing ↦ 52
    [reduction] Field.toDivisionRing ↦ 52
    [reduction] Ring.toSemiring ↦ 52
    [reduction] CommSemiring.toSemiring ↦ 22
    [reduction] DivisionSemiring.toSemiring ↦ 22
    [reduction] Field.toSemifield ↦ 22
    [reduction] Semifield.toCommSemiring ↦ 22
    [reduction] Semifield.toDivisionSemiring ↦ 22
  [reduction] unfolded reducible declarations (max: 24, num: 1):
    [reduction] CutGradedRightModule.space ↦ 24
  [kernel] unfolded declarations (max: 66, num: 6):
    [kernel] HAdd.hAdd ↦ 66
    [kernel] Add.add ↦ 62
    [kernel] AddHom.toFun ↦ 36
    [kernel] DFunLike.coe ↦ 36
    [kernel] CommRing.toRing ↦ 29
    [kernel] Ring.toSemiring ↦ 26
  use `set_option diagnostics.threshold <num>` to control threshold for reporting counters
[diag] Diagnostics
  [reduction] unfolded declarations (max: 56, num: 10):
    [reduction] Set ↦ 56
    [reduction] Membership.mem ↦ 56
    [reduction] OfNat.ofNat ↦ 40
    [reduction] CutGradedRightModule.homSubmodule ↦ 32
    [reduction] Quiver.Hom ↦ 30
    [reduction] Set.Mem ↦ 28
    [reduction] SetLike.coe ↦ 28
    [reduction] HSMul.hSMul ↦ 22
    [reduction] SMul.smul ↦ 22
    [reduction] Zero.zero ↦ 22
  [reduction] unfolded instances (max: 78, num: 24):
    [reduction] CommRing.toRing ↦ 78
    [reduction] Field.toCommRing ↦ 78
    [reduction] AddCommMonoid.toAddMonoid ↦ 50
    [reduction] DivisionRing.toRing ↦ 48
    [reduction] Field.toDivisionRing ↦ 48
    [reduction] Ring.toSemiring ↦ 48
    [reduction] AddCommGroup.toAddGroup ↦ 40
    [reduction] AddGroup.toSubNegMonoid ↦ 38
    [reduction] SubNegMonoid.toAddMonoid ↦ 36
    [reduction] AddZeroClass.toAddZero ↦ 34
    [reduction] AddCommGroup.toAddCommMonoid ↦ 28
    [reduction] Set.instMembership ↦ 28
    [reduction] SetLike.instMembership ↦ 28
    [reduction] AddZero.toZero ↦ 26
    [reduction] instHAdd ↦ 24
    [reduction] AddMonoid.toAddSemigroup ↦ 24
    [reduction] instHSMul ↦ 22
    [reduction] Module.toDistribMulAction ↦ 22
    [reduction] Zero.toOfNat0 ↦ 22
    [reduction] CommSemiring.toSemiring ↦ 21
    [reduction] DivisionSemiring.toSemiring ↦ 21
    [reduction] Field.toSemifield ↦ 21
    [reduction] Semifield.toCommSemiring ↦ 21
    [reduction] Semifield.toDivisionSemiring ↦ 21
  [reduction] unfolded reducible declarations (max: 97, num: 8):
    [reduction] CutGradedRightModule.space ↦ 97
    [reduction] Subtype.val ↦ 72
    [reduction] AddSubmonoid.toAddSubsemigroup ↦ 56
    [reduction] Submodule.toAddSubmonoid ↦ 50
    [reduction] LinearMap.toAddHom ↦ 48
    [reduction] ModuleCat.carrier ↦ 38
    [reduction] ModuleCat.isAddCommGroup ↦ 32
    [reduction] AddSubsemigroup.carrier ↦ 28
  [kernel] unfolded declarations (max: 88, num: 7):
    [kernel] Membership.mem ↦ 88
    [kernel] HAdd.hAdd ↦ 82
    [kernel] DFunLike.coe ↦ 72
    [kernel] Add.add ↦ 66
    [kernel] HSMul.hSMul ↦ 38
    [kernel] AddHom.toFun ↦ 36
    [kernel] SMul.smul ↦ 34
  use `set_option diagnostics.threshold <num>` to control threshold for reporting counters
source comparison ready
target comparison ready
square proof ready
work/native-top-quotient-grade-both-pinned-prototype.lean:73:12: error: (deterministic) timeout at `whnf`, maximum number of heartbeats (60000) has been reached

Note: Use `set_option maxHeartbeats <num>` to set the limit.
[diag] Diagnostics
  [reduction] unfolded declarations (max: 4564, num: 34):
    [reduction] AddMonoid.toZero ↦ 4564
    [reduction] HSMul.hSMul ↦ 2889
    [reduction] SMul.smul ↦ 2889
    [reduction] Add.add ↦ 2306
    [reduction] HAdd.hAdd ↦ 2236
    [reduction] AddMonoid.nsmul ↦ 1799
    [reduction] Membership.mem ↦ 1514
    [reduction] Set ↦ 1394
    [reduction] Quiver.Hom ↦ 1105
    [reduction] SetLike.coe ↦ 774
    [reduction] OfNat.ofNat ↦ 768
    [reduction] Set.Mem ↦ 742
    [reduction] Zero.zero ↦ 576
    [reduction] MulOpposite ↦ 560
    [reduction] CutGradedRightModule.homSubmodule ↦ 420
    [reduction] DirectSum ↦ 296
    [reduction] Submodule.toAddSubgroup ↦ 288
    [reduction] GradedOrdinaryModuleData.ringDualGrade ↦ 227
    [reduction] NonUnitalNonAssocSemiring.toMul ↦ 184
    [reduction] cutRegularGradedRightModule ↦ 180
    [reduction] CutGradedRightModule.shifted ↦ 180
    [reduction] HasQuotient.quotient' ↦ 168
    [reduction] DFunLike.coe ↦ 154
    [reduction] cutRightModuleOrdinaryData ↦ 147
    [reduction] Semiring.npow ↦ 132
    [reduction] Semiring.toOne ↦ 132
    [reduction] NatCast.natCast ↦ 104
    [reduction] CutGradedRightModule.ringModule ↦ 92
    [reduction] DFinsupp.zipWith ↦ 70
    [reduction] MulOpposite.op ↦ 34
    [reduction] HMul.hMul ↦ 26
    [reduction] Mul.mul ↦ 26
    [reduction] CoeOTC.coe ↦ 24
    [reduction] cutGradedForgetFunctor ↦ 23
  [reduction] unfolded instances (max: 25568, num: 134):
    [reduction] AddCommGroup.toAddGroup ↦ 25568
    [reduction] AddGroup.toSubNegMonoid ↦ 20962
    [reduction] SubNegMonoid.toAddMonoid ↦ 11243
    [reduction] AddZeroClass.toAddZero ↦ 8858
    [reduction] AddCommMonoid.toAddMonoid ↦ 8002
    [reduction] SeminormedAddCommGroup.toAddCommGroup ↦ 7744
    [reduction] AddZero.toZero ↦ 7644
    [reduction] AddMonoid.toAddZeroClass ↦ 4780
    [reduction] AddCommGroup.toAddCommMonoid ↦ 4551
    [reduction] Pi.addMonoid ↦ 4202
    [reduction] AddMonoid.toAddSemigroup ↦ 3100
    [reduction] instHSMul ↦ 2889
    [reduction] instHAdd ↦ 2777
    [reduction] Pi.addCommGroup ↦ 2766
    [reduction] Pi.addGroup ↦ 2766
    [reduction] Pi.subNegMonoid ↦ 2766
    [reduction] Ring.toSemiring ↦ 2735
    [reduction] Pi.addZeroClass ↦ 2656
    [reduction] AddSemigroup.toAdd ↦ 2574
    [reduction] NormedAddCommGroup.toAddCommGroup ↦ 2422
    [reduction] Pi.addCommMonoid ↦ 2276
    [reduction] NonUnitalNonAssocSemiring.toAddCommMonoid ↦ 2002
    [reduction] Semiring.toNonUnitalSemiring ↦ 1915
    [reduction] AddMonoid.toNatSMul ↦ 1799
    [reduction] NonUnitalSemiring.toNonUnitalNonAssocSemiring ↦ 1767
    [reduction] AddZero.toAdd ↦ 1214
    [reduction] Field.toCommRing ↦ 1111
    [reduction] CommRing.toRing ↦ 1108
    [reduction] CategoryStruct.toQuiver ↦ 1036
    [reduction] Category.toCategoryStruct ↦ 1014
    [reduction] CutGradedRightModule.category ↦ 994
    [reduction] instAddCommMonoidDirectSum ↦ 956
    [reduction] DFinsupp.addCommMonoid ↦ 956
    [reduction] Semifield.toCommSemiring ↦ 931
    [reduction] instAddNat ↦ 929
    [reduction] CommSemiring.toSemiring ↦ 923
    [reduction] Field.toSemifield ↦ 923
    [reduction] MulOpposite.instRing ↦ 870
    [reduction] DirectSum.ring ↦ 797
    [reduction] AddCommMonoid.toAddCommSemigroup ↦ 776
    [reduction] AddCommSemigroup.toAddSemigroup ↦ 776
    [reduction] DirectSum.instNonUnitalNonAssocSemiring ↦ 758
    [reduction] DirectSum.semiring ↦ 758
    [reduction] Pi.addSemigroup ↦ 754
    [reduction] Set.instMembership ↦ 750
    [reduction] SetLike.instMembership ↦ 748
    [reduction] MulOpposite.instNonUnitalNonAssocSemiring ↦ 745
    [reduction] MulOpposite.instNonUnitalSemiring ↦ 745
    [reduction] MulOpposite.instSemiring ↦ 745
    [reduction] MulOpposite.instAddCommMonoid ↦ 719
    [reduction] AddCommMagma.toAdd ↦ 704
    [reduction] AddCommSemigroup.toAddCommMagma ↦ 704
    [reduction] DivisionSemiring.toSemiring ↦ 607
    [reduction] Int.instAdd ↦ 594
    [reduction] SMulZeroClass.toSMul ↦ 584
    [reduction] Semifield.toDivisionSemiring ↦ 571
    [reduction] Pi.instAdd ↦ 538
    [reduction] NonUnitalNonAssocRing.toNonUnitalNonAssocSemiring ↦ 525
    [reduction] DistribSMul.toSMulZeroClass ↦ 439
    [reduction] Zero.toOfNat0 ↦ 432
    [reduction] DFinsupp.hasNatScalar ↦ 428
    [reduction] DistribMulAction.toMulAction ↦ 360
    [reduction] Module.toDistribMulAction ↦ 360
    [reduction] MulAction.toSMul ↦ 360
    [reduction] NonAssocRing.toNonUnitalNonAssocRing ↦ 360
    [reduction] NonUnitalNonAssocRing.toAddCommGroup ↦ 360
    [reduction] Ring.toNonAssocRing ↦ 360
    [reduction] Submodule.setLike ↦ 342
    [reduction] MulOpposite.instAddMonoid ↦ 296
    [reduction] MulOpposite.instSMul ↦ 296
    [reduction] DistribMulAction.toDistribSMul ↦ 294
    [reduction] NonAssocSemiring.toNonUnitalNonAssocSemiring ↦ 291
    [reduction] Semiring.toNonAssocSemiring ↦ 291
    [reduction] AddSubgroup.instSetLike ↦ 255
    [reduction] DivisionRing.toRing ↦ 237
    [reduction] Field.toDivisionRing ↦ 225
    [reduction] AddSubmonoid.instSetLike ↦ 161
    [reduction] LinearMap.instAdd ↦ 160
    [reduction] DFinsupp.instAdd ↦ 152
    [reduction] MonoidWithZero.toMonoid ↦ 145
    [reduction] Ring.toAddCommGroup ↦ 145
    [reduction] Semiring.toMonoidWithZero ↦ 145
    [reduction] LinearMap.addCommGroup ↦ 141
    [reduction] AddSubgroup.toAddCommGroup ↦ 139
    [reduction] AddSubgroupClass.toAddCommGroup ↦ 139
    [reduction] AddSubgroupClass.toAddGroup ↦ 139
    [reduction] Submodule.addCommGroup ↦ 139
    [reduction] LinearMap.instFunLike ↦ 134
    [reduction] Algebra.toSMul ↦ 132
    [reduction] DFinsupp.distribMulAction ↦ 132
    [reduction] DFinsupp.instSMulZeroClass ↦ 132
    [reduction] DFinsupp.module ↦ 132
    [reduction] DirectSum.instModule ↦ 132
    [reduction] Pi.distribMulAction ↦ 132
    [reduction] Pi.module ↦ 132
    [reduction] Pi.mulAction ↦ 132
    [reduction] LinearMap.addCommMonoid ↦ 118
    [reduction] MulOpposite.instAdd ↦ 116
    [reduction] Algebra.toModule ↦ 115
    [reduction] Preadditive.homGroup ↦ 88
    [reduction] CutGradedRightModule.preadditive ↦ 88
    [reduction] Submodule.hasQuotient ↦ 82
    [reduction] AddSubmonoidClass.toAddMonoid ↦ 76
    [reduction] AddMemClass.add ↦ 74
    [reduction] AddMemClass.toAddSemigroup ↦ 74
    [reduction] DirectSum.GRing.toGSemiring ↦ 70
    [reduction] DirectSum.instAlgebra ↦ 66
    [reduction] MulOpposite.instAlgebra ↦ 66
    [reduction] MulOpposite.instDistribMulAction ↦ 66
    [reduction] MulOpposite.instModule ↦ 66
    [reduction] MulOpposite.instMulAction ↦ 66
    [reduction] DFinsupp.addCommGroup ↦ 36
    [reduction] DirectSum.instAddCommGroup ↦ 36
    [reduction] AddCommMonoid.toNatModule ↦ 34
    [reduction] AddSubmonoidClass.nSMul ↦ 34
    [reduction] LinearMap.instSMul ↦ 34
    [reduction] Pi.instSMul ↦ 34
    [reduction] AddSubmonoid.toAddCommMonoid ↦ 32
    [reduction] AddSubmonoidClass.toAddCommMonoid ↦ 32
    [reduction] LinearMap.instZero ↦ 32
    [reduction] MulOpposite.instZero ↦ 32
    [reduction] Pi.instZero ↦ 32
    [reduction] Submodule.addCommMonoid ↦ 32
    [reduction] ZeroMemClass.zero ↦ 32
    [reduction] Linear.homModule ↦ 30
    [reduction] CutGradedRightModule.linear ↦ 30
    [reduction] LinearMap.module ↦ 28
    [reduction] instHMul ↦ 26
    [reduction] Distrib.toMul ↦ 26
    [reduction] MulOpposite.instDistrib ↦ 26
    [reduction] MulOpposite.instMul ↦ 26
    [reduction] MulZeroClass.toMul ↦ 26
    [reduction] MulZeroClass.toSMulWithZero ↦ 26
    [reduction] SMulWithZero.toSMulZeroClass ↦ 26
  [reduction] unfolded reducible declarations (max: 21758, num: 44):
    [reduction] CutQuiver.Vertex ↦ 21758
    [reduction] homAdd ↦ 14073
    [reduction] CutGradedHom ↦ 2675
    [reduction] Hom ↦ 2468
    [reduction] ModuleCat.carrier ↦ 2260
    [reduction] Function.Injective.addMonoid ↦ 2040
    [reduction] Function.Injective.addCommMonoid ↦ 1970
    [reduction] ModuleCat.of ↦ 1911
    [reduction] ordinaryRingDual ↦ 1639
    [reduction] Function.Injective.addZeroClass ↦ 1394
    [reduction] inferInstance ↦ 1383
    [reduction] AddSubmonoid.toAddSubsemigroup ↦ 1344
    [reduction] Submodule.toAddSubmonoid ↦ 1186
    [reduction] CutGradedRightModule.space ↦ 1139
    [reduction] CutGradedBlock ↦ 1004
    [reduction] AddSubsemigroup.carrier ↦ 658
    [reduction] Subtype.val ↦ 570
    [reduction] LinearMap.toAddHom ↦ 564
    [reduction] AddSubgroup.toAddSubmonoid ↦ 510
    [reduction] GradedOrdinaryModuleData.ringModule ↦ 466
    [reduction] ModuleCat.isAddCommGroup ↦ 456
    [reduction] CutGradedRing ↦ 441
    [reduction] inferInstanceAs ↦ 324
    [reduction] outParam ↦ 323
    [reduction] HasQuotient.Quotient ↦ 227
    [reduction] AddHom.toFun ↦ 214
    [reduction] Function.Injective.addCommGroup ↦ 177
    [reduction] Function.Injective.distribMulAction ↦ 132
    [reduction] Function.Injective.distribSMul ↦ 132
    [reduction] Function.Injective.smulZeroClass ↦ 132
    [reduction] semiOutParam ↦ 111
    [reduction] FunLike ↦ 99
    [reduction] GradedOrdinaryModuleData.ringDualHomogeneousTopQuotient ↦ 94
    [reduction] homModule ↦ 78
    [reduction] DFinsupp.toFun ↦ 70
    [reduction] Nat.cast ↦ 68
    [reduction] Ideal ↦ 64
    [reduction] prototypeNativeTopHomAddCommGroup ↦ 46
    [reduction] GradedOrdinaryModuleData.ringDualGradeHasQuotient ↦ 45
    [reduction] ModuleCat.isModule ↦ 36
    [reduction] PreOpposite.unop' ↦ 34
    [reduction] DecidableEq ↦ 32
    [reduction] GradedOrdinaryModuleData.prototypeGradeAddGroup ↦ 27
    [reduction] GradedOrdinaryModuleData.grade ↦ 26
  [type_class] used instances (max: 250, num: 30):
    [type_class] Pi.addZeroClass ↦ 250
    [type_class] DivisionSemiring.toSemiring ↦ 29
    [type_class] Field.toSemifield ↦ 29
    [type_class] IdemCommSemiring.toIdemSemiring ↦ 29
    [type_class] IdemSemiring.toSemiring ↦ 29
    [type_class] KleeneAlgebra.toIdemSemiring ↦ 29
    [type_class] Semifield.toDivisionSemiring ↦ 29
    [type_class] DirectSum.GradeZero.semiring ↦ 29
    [type_class] DenselyNormedField.toNontriviallyNormedField ↦ 27
    [type_class] DenselyNormedField.toNormedField ↦ 27
    [type_class] NontriviallyNormedField.toNormedField ↦ 27
    [type_class] NormedCommRing.toNormedRing ↦ 27
    [type_class] NormedDivisionRing.toNormedRing ↦ 27
    [type_class] NormedField.toNormedCommRing ↦ 27
    [type_class] NormedField.toNormedDivisionRing ↦ 27
    [type_class] RCLike.toDenselyNormedField ↦ 27
    [type_class] NonUnitalNormedCommRing.toNonUnitalNormedRing ↦ 25
    [type_class] NonUnitalNormedRing.toNormedAddCommGroup ↦ 25
    [type_class] NormedCommRing.toNonUnitalNormedCommRing ↦ 25
    [type_class] NormedCommRing.toSeminormedCommRing ↦ 25
    [type_class] NormedRing.toNonUnitalNormedRing ↦ 25
    [type_class] NormedRing.toSeminormedRing ↦ 25
    [type_class] SeminormedCommRing.toSeminormedRing ↦ 25
    [type_class] NonUnitalNormedCommRing.toNonUnitalSeminormedCommRing ↦ 23
    [type_class] NonUnitalNormedRing.toNonUnitalSeminormedRing ↦ 23
    [type_class] NonUnitalSeminormedCommRing.toNonUnitalSeminormedRing ↦ 23
    [type_class] NonUnitalSeminormedRing.toSeminormedAddCommGroup ↦ 23
    [type_class] NormedAddCommGroup.toSeminormedAddCommGroup ↦ 23
    [type_class] SeminormedCommRing.toNonUnitalSeminormedCommRing ↦ 23
    [type_class] SeminormedRing.toNonUnitalSeminormedRing ↦ 23
  [def_eq] heuristic for solving `f a =?= f b` (max: 1328, num: 25):
    [def_eq] Pi.instZero ↦ 1328
    [def_eq] instHAdd ↦ 999
    [def_eq] Int.add ↦ 585
    [def_eq] DFinsupp.mapRange ↦ 280
    [def_eq] Pi.addMonoid ↦ 280
    [def_eq] MulOpposite.op ↦ 164
    [def_eq] Pi.addCommGroup ↦ 156
    [def_eq] MulOpposite.instAdd ↦ 132
    [def_eq] Pi.instAdd ↦ 132
    [def_eq] Pi.addCommMonoid ↦ 125
    [def_eq] LinearMap.module ↦ 115
    [def_eq] Pi.module ↦ 78
    [def_eq] DirectSum ↦ 66
    [def_eq] DFinsupp.instAdd ↦ 66
    [def_eq] DFinsupp.instZero ↦ 66
    [def_eq] MulOpposite.instAddCommMonoid ↦ 66
    [def_eq] MulOpposite.instSMul ↦ 66
    [def_eq] MulOpposite.instZero ↦ 66
    [def_eq] AddSubmonoidClass.toAddMonoid ↦ 63
    [def_eq] MulOpposite.unop ↦ 50
    [def_eq] Submodule.toAddSubgroup ↦ 46
    [def_eq] DirectSum.semiring ↦ 39
    [def_eq] SetLike.instMembership ↦ 32
    [def_eq] HasQuotient.Quotient ↦ 26
    [def_eq] Submodule.module ↦ 24
  use `set_option diagnostics.threshold <num>` to control threshold for reporting counters
work/native-top-quotient-grade-both-pinned-prototype.lean:45:18: error: (deterministic) timeout at `whnf`, maximum number of heartbeats (60000) has been reached

Note: Use `set_option maxHeartbeats <num>` to set the limit.
