[diag] Diagnostics
  [reduction] unfolded instances (max: 76, num: 10):
    [reduction] CommRing.toRing ↦ 76
    [reduction] Field.toCommRing ↦ 76
    [reduction] DivisionRing.toRing ↦ 52
    [reduction] Field.toDivisionRing ↦ 52
    [reduction] Ring.toSemiring ↦ 52
    [reduction] CommSemiring.toSemiring ↦ 22
    [reduction] DivisionSemiring.toSemiring ↦ 22
    [reduction] Field.toSemifield ↦ 22
    [reduction] Semifield.toCommSemiring ↦ 22
    [reduction] Semifield.toDivisionSemiring ↦ 22
  [reduction] unfolded reducible declarations (max: 22, num: 1):
    [reduction] CutGradedRightModule.space ↦ 22
  [kernel] unfolded declarations (max: 66, num: 6):
    [kernel] HAdd.hAdd ↦ 66
    [kernel] Add.add ↦ 62
    [kernel] AddHom.toFun ↦ 36
    [kernel] DFunLike.coe ↦ 36
    [kernel] CommRing.toRing ↦ 29
    [kernel] Ring.toSemiring ↦ 26
  use `set_option diagnostics.threshold <num>` to control threshold for reporting counters
[diag] Diagnostics
  [reduction] unfolded declarations (max: 56, num: 10):
    [reduction] Set ↦ 56
    [reduction] Membership.mem ↦ 56
    [reduction] OfNat.ofNat ↦ 40
    [reduction] CutGradedRightModule.homSubmodule ↦ 32
    [reduction] Quiver.Hom ↦ 30
    [reduction] Set.Mem ↦ 28
    [reduction] SetLike.coe ↦ 28
    [reduction] HSMul.hSMul ↦ 22
    [reduction] SMul.smul ↦ 22
    [reduction] Zero.zero ↦ 22
  [reduction] unfolded instances (max: 78, num: 24):
    [reduction] CommRing.toRing ↦ 78
    [reduction] Field.toCommRing ↦ 78
    [reduction] AddCommMonoid.toAddMonoid ↦ 50
    [reduction] DivisionRing.toRing ↦ 48
    [reduction] Field.toDivisionRing ↦ 48
    [reduction] Ring.toSemiring ↦ 48
    [reduction] AddCommGroup.toAddGroup ↦ 40
    [reduction] AddGroup.toSubNegMonoid ↦ 38
    [reduction] SubNegMonoid.toAddMonoid ↦ 36
    [reduction] AddZeroClass.toAddZero ↦ 34
    [reduction] AddCommGroup.toAddCommMonoid ↦ 28
    [reduction] Set.instMembership ↦ 28
    [reduction] SetLike.instMembership ↦ 28
    [reduction] AddZero.toZero ↦ 26
    [reduction] instHAdd ↦ 24
    [reduction] AddMonoid.toAddSemigroup ↦ 24
    [reduction] instHSMul ↦ 22
    [reduction] Module.toDistribMulAction ↦ 22
    [reduction] Zero.toOfNat0 ↦ 22
    [reduction] CommSemiring.toSemiring ↦ 21
    [reduction] DivisionSemiring.toSemiring ↦ 21
    [reduction] Field.toSemifield ↦ 21
    [reduction] Semifield.toCommSemiring ↦ 21
    [reduction] Semifield.toDivisionSemiring ↦ 21
  [reduction] unfolded reducible declarations (max: 95, num: 8):
    [reduction] CutGradedRightModule.space ↦ 95
    [reduction] Subtype.val ↦ 72
    [reduction] AddSubmonoid.toAddSubsemigroup ↦ 56
    [reduction] Submodule.toAddSubmonoid ↦ 50
    [reduction] LinearMap.toAddHom ↦ 48
    [reduction] ModuleCat.carrier ↦ 37
    [reduction] ModuleCat.isAddCommGroup ↦ 32
    [reduction] AddSubsemigroup.carrier ↦ 28
  [kernel] unfolded declarations (max: 88, num: 7):
    [kernel] Membership.mem ↦ 88
    [kernel] HAdd.hAdd ↦ 82
    [kernel] DFunLike.coe ↦ 72
    [kernel] Add.add ↦ 66
    [kernel] HSMul.hSMul ↦ 38
    [kernel] AddHom.toFun ↦ 36
    [kernel] SMul.smul ↦ 34
  use `set_option diagnostics.threshold <num>` to control threshold for reporting counters
source comparison ready
target comparison ready
square proof ready
source Module/group dictionary ready
work/native-top-quotient-module-group-prototype.lean:66:4: error: (deterministic) timeout at `isDefEq`, maximum number of heartbeats (60000) has been reached

Note: Use `set_option maxHeartbeats <num>` to set the limit.
[diag] Diagnostics
  [reduction] unfolded declarations (max: 4236, num: 34):
    [reduction] AddMonoid.toZero ↦ 4236
    [reduction] HSMul.hSMul ↦ 2744
    [reduction] SMul.smul ↦ 2744
    [reduction] Add.add ↦ 2514
    [reduction] HAdd.hAdd ↦ 2444
    [reduction] AddMonoid.nsmul ↦ 1690
    [reduction] Membership.mem ↦ 1390
    [reduction] Set ↦ 1290
    [reduction] Quiver.Hom ↦ 1105
    [reduction] OfNat.ofNat ↦ 828
    [reduction] SetLike.coe ↦ 712
    [reduction] Set.Mem ↦ 680
    [reduction] Zero.zero ↦ 624
    [reduction] MulOpposite ↦ 555
    [reduction] CutGradedRightModule.homSubmodule ↦ 420
    [reduction] DirectSum ↦ 291
    [reduction] Submodule.toAddSubgroup ↦ 247
    [reduction] NonUnitalNonAssocSemiring.toMul ↦ 192
    [reduction] cutRegularGradedRightModule ↦ 180
    [reduction] CutGradedRightModule.shifted ↦ 180
    [reduction] GradedOrdinaryModuleData.ringDualGrade ↦ 173
    [reduction] HasQuotient.quotient' ↦ 164
    [reduction] DFunLike.coe ↦ 146
    [reduction] cutRightModuleOrdinaryData ↦ 143
    [reduction] NatCast.natCast ↦ 130
    [reduction] Semiring.npow ↦ 120
    [reduction] Semiring.toOne ↦ 120
    [reduction] CutGradedRightModule.ringModule ↦ 88
    [reduction] DFinsupp.zipWith ↦ 70
    [reduction] HMul.hMul ↦ 36
    [reduction] Mul.mul ↦ 36
    [reduction] MulOpposite.op ↦ 34
    [reduction] CoeOTC.coe ↦ 24
    [reduction] cutGradedForgetFunctor ↦ 23
  [reduction] unfolded instances (max: 25126, num: 130):
    [reduction] AddCommGroup.toAddGroup ↦ 25126
    [reduction] AddGroup.toSubNegMonoid ↦ 20486
    [reduction] SubNegMonoid.toAddMonoid ↦ 10680
    [reduction] AddZeroClass.toAddZero ↦ 8272
    [reduction] SeminormedAddCommGroup.toAddCommGroup ↦ 7744
    [reduction] AddCommMonoid.toAddMonoid ↦ 7546
    [reduction] AddZero.toZero ↦ 7130
    [reduction] AddMonoid.toAddZeroClass ↦ 4476
    [reduction] AddCommGroup.toAddCommMonoid ↦ 4341
    [reduction] Pi.addMonoid ↦ 3890
    [reduction] AddMonoid.toAddSemigroup ↦ 2970
    [reduction] instHAdd ↦ 2873
    [reduction] instHSMul ↦ 2744
    [reduction] Ring.toSemiring ↦ 2736
    [reduction] Pi.addCommGroup ↦ 2667
    [reduction] Pi.addGroup ↦ 2667
    [reduction] Pi.subNegMonoid ↦ 2667
    [reduction] AddSemigroup.toAdd ↦ 2456
    [reduction] Pi.addZeroClass ↦ 2440
    [reduction] NormedAddCommGroup.toAddCommGroup ↦ 2422
    [reduction] Pi.addCommMonoid ↦ 2177
    [reduction] NonUnitalNonAssocSemiring.toAddCommMonoid ↦ 1959
    [reduction] Semiring.toNonUnitalSemiring ↦ 1844
    [reduction] NonUnitalSemiring.toNonUnitalNonAssocSemiring ↦ 1700
    [reduction] AddMonoid.toNatSMul ↦ 1690
    [reduction] Field.toCommRing ↦ 1171
    [reduction] CommRing.toRing ↦ 1160
    [reduction] AddZero.toAdd ↦ 1142
    [reduction] CategoryStruct.toQuiver ↦ 1028
    [reduction] Category.toCategoryStruct ↦ 1014
    [reduction] instAddNat ↦ 996
    [reduction] CutGradedRightModule.category ↦ 994
    [reduction] Semifield.toCommSemiring ↦ 931
    [reduction] CommSemiring.toSemiring ↦ 921
    [reduction] Field.toSemifield ↦ 921
    [reduction] MulOpposite.instRing ↦ 900
    [reduction] instAddCommMonoidDirectSum ↦ 878
    [reduction] DFinsupp.addCommMonoid ↦ 878
    [reduction] MulOpposite.instNonUnitalNonAssocSemiring ↦ 762
    [reduction] MulOpposite.instNonUnitalSemiring ↦ 762
    [reduction] MulOpposite.instSemiring ↦ 762
    [reduction] DirectSum.ring ↦ 743
    [reduction] Pi.addSemigroup ↦ 730
    [reduction] MulOpposite.instAddCommMonoid ↦ 726
    [reduction] AddCommMonoid.toAddCommSemigroup ↦ 720
    [reduction] AddCommSemigroup.toAddSemigroup ↦ 720
    [reduction] DirectSum.instNonUnitalNonAssocSemiring ↦ 698
    [reduction] DirectSum.semiring ↦ 698
    [reduction] Set.instMembership ↦ 688
    [reduction] SetLike.instMembership ↦ 686
    [reduction] Int.instAdd ↦ 683
    [reduction] AddCommMagma.toAdd ↦ 648
    [reduction] AddCommSemigroup.toAddCommMagma ↦ 648
    [reduction] DivisionSemiring.toSemiring ↦ 606
    [reduction] SMulZeroClass.toSMul ↦ 586
    [reduction] Semifield.toDivisionSemiring ↦ 582
    [reduction] NonUnitalNonAssocRing.toNonUnitalNonAssocSemiring ↦ 535
    [reduction] Pi.instAdd ↦ 523
    [reduction] DistribSMul.toSMulZeroClass ↦ 448
    [reduction] Zero.toOfNat0 ↦ 444
    [reduction] DFinsupp.hasNatScalar ↦ 408
    [reduction] NonAssocRing.toNonUnitalNonAssocRing ↦ 381
    [reduction] NonUnitalNonAssocRing.toAddCommGroup ↦ 381
    [reduction] Ring.toNonAssocRing ↦ 381
    [reduction] DistribMulAction.toMulAction ↦ 370
    [reduction] Module.toDistribMulAction ↦ 370
    [reduction] MulAction.toSMul ↦ 370
    [reduction] Submodule.setLike ↦ 344
    [reduction] DistribMulAction.toDistribSMul ↦ 310
    [reduction] NonAssocSemiring.toNonUnitalNonAssocSemiring ↦ 300
    [reduction] Semiring.toNonAssocSemiring ↦ 300
    [reduction] MulOpposite.instAddMonoid ↦ 288
    [reduction] MulOpposite.instSMul ↦ 288
    [reduction] DivisionRing.toRing ↦ 278
    [reduction] Field.toDivisionRing ↦ 266
    [reduction] AddSubgroup.instSetLike ↦ 226
    [reduction] LinearMap.instAdd ↦ 145
    [reduction] MonoidWithZero.toMonoid ↦ 138
    [reduction] Semiring.toMonoidWithZero ↦ 138
    [reduction] DFinsupp.instAdd ↦ 135
    [reduction] Ring.toAddCommGroup ↦ 131
    [reduction] LinearMap.addCommMonoid ↦ 128
    [reduction] AddSubmonoid.instSetLike ↦ 126
    [reduction] LinearMap.instFunLike ↦ 126
    [reduction] Algebra.toModule ↦ 124
    [reduction] LinearMap.addCommGroup ↦ 123
    [reduction] Algebra.toSMul ↦ 120
    [reduction] DFinsupp.distribMulAction ↦ 120
    [reduction] DFinsupp.instSMulZeroClass ↦ 120
    [reduction] DFinsupp.module ↦ 120
    [reduction] DirectSum.instModule ↦ 120
    [reduction] Pi.distribMulAction ↦ 120
    [reduction] Pi.module ↦ 120
    [reduction] Pi.mulAction ↦ 120
    [reduction] AddSubgroup.toAddCommGroup ↦ 117
    [reduction] AddSubgroupClass.toAddCommGroup ↦ 117
    [reduction] AddSubgroupClass.toAddGroup ↦ 117
    [reduction] Submodule.addCommGroup ↦ 117
    [reduction] MulOpposite.instAdd ↦ 101
    [reduction] Submodule.hasQuotient ↦ 82
    [reduction] Preadditive.homGroup ↦ 80
    [reduction] DirectSum.GRing.toGSemiring ↦ 80
    [reduction] CutGradedRightModule.preadditive ↦ 80
    [reduction] AddMemClass.add ↦ 64
    [reduction] AddMemClass.toAddSemigroup ↦ 64
    [reduction] AddSubmonoidClass.toAddMonoid ↦ 64
    [reduction] DirectSum.instAlgebra ↦ 60
    [reduction] MulOpposite.instAlgebra ↦ 60
    [reduction] MulOpposite.instDistribMulAction ↦ 60
    [reduction] MulOpposite.instModule ↦ 60
    [reduction] MulOpposite.instMulAction ↦ 60
    [reduction] AddCommMonoid.toNatModule ↦ 48
    [reduction] LinearMap.instSMul ↦ 48
    [reduction] Pi.instSMul ↦ 48
    [reduction] instHMul ↦ 36
    [reduction] DFinsupp.addCommGroup ↦ 36
    [reduction] DirectSum.instAddCommGroup ↦ 36
    [reduction] Distrib.toMul ↦ 36
    [reduction] MulOpposite.instDistrib ↦ 36
    [reduction] MulOpposite.instMul ↦ 36
    [reduction] MulZeroClass.toMul ↦ 36
    [reduction] MulZeroClass.toSMulWithZero ↦ 36
    [reduction] SMulWithZero.toSMulZeroClass ↦ 36
    [reduction] Linear.homModule ↦ 30
    [reduction] CutGradedRightModule.linear ↦ 30
    [reduction] LinearMap.module ↦ 28
    [reduction] AddSubmonoid.toAddCommMonoid ↦ 26
    [reduction] AddSubmonoidClass.toAddCommMonoid ↦ 26
    [reduction] Submodule.addCommMonoid ↦ 26
    [reduction] AddSubmonoidClass.nSMul ↦ 22
  [reduction] unfolded reducible declarations (max: 24078, num: 44):
    [reduction] CutQuiver.Vertex ↦ 24078
    [reduction] homAdd ↦ 13917
    [reduction] CutGradedHom ↦ 2936
    [reduction] Hom ↦ 2697
    [reduction] ModuleCat.carrier ↦ 2149
    [reduction] Function.Injective.addMonoid ↦ 1912
    [reduction] Function.Injective.addCommMonoid ↦ 1891
    [reduction] ModuleCat.of ↦ 1862
    [reduction] ordinaryRingDual ↦ 1594
    [reduction] Function.Injective.addZeroClass ↦ 1288
    [reduction] AddSubmonoid.toAddSubsemigroup ↦ 1260
    [reduction] inferInstance ↦ 1242
    [reduction] CutGradedRightModule.space ↦ 1135
    [reduction] Submodule.toAddSubmonoid ↦ 1119
    [reduction] CutGradedBlock ↦ 1029
    [reduction] AddSubsemigroup.carrier ↦ 616
    [reduction] LinearMap.toAddHom ↦ 532
    [reduction] ModuleCat.isAddCommGroup ↦ 456
    [reduction] AddSubgroup.toAddSubmonoid ↦ 452
    [reduction] CutGradedRing ↦ 451
    [reduction] Subtype.val ↦ 408
    [reduction] GradedOrdinaryModuleData.ringModule ↦ 389
    [reduction] inferInstanceAs ↦ 373
    [reduction] outParam ↦ 318
    [reduction] HasQuotient.Quotient ↦ 218
    [reduction] AddHom.toFun ↦ 206
    [reduction] Function.Injective.addCommGroup ↦ 159
    [reduction] Function.Injective.distribMulAction ↦ 120
    [reduction] Function.Injective.distribSMul ↦ 120
    [reduction] Function.Injective.smulZeroClass ↦ 120
    [reduction] semiOutParam ↦ 117
    [reduction] GradedOrdinaryModuleData.ringDualHomogeneousTopQuotient ↦ 94
    [reduction] FunLike ↦ 93
    [reduction] homModule ↦ 90
    [reduction] Nat.cast ↦ 85
    [reduction] ordinaryRingDualUnbundledAddCommGroup ↦ 73
    [reduction] DFinsupp.toFun ↦ 70
    [reduction] Ideal ↦ 64
    [reduction] GradedOrdinaryModuleData.ringDualGradeHasQuotient ↦ 45
    [reduction] DecidableEq ↦ 40
    [reduction] prototypeNativeTopHomAddCommGroup ↦ 38
    [reduction] PreOpposite.unop' ↦ 34
    [reduction] GradedOrdinaryModuleData.grade ↦ 26
    [reduction] ModuleCat.isModule ↦ 24
  [type_class] used instances (max: 294, num: 36):
    [type_class] Pi.addZeroClass ↦ 294
    [type_class] DivisionSemiring.toSemiring ↦ 35
    [type_class] Field.toSemifield ↦ 35
    [type_class] IdemCommSemiring.toIdemSemiring ↦ 35
    [type_class] IdemSemiring.toSemiring ↦ 35
    [type_class] KleeneAlgebra.toIdemSemiring ↦ 35
    [type_class] Semifield.toDivisionSemiring ↦ 35
    [type_class] DirectSum.GradeZero.semiring ↦ 35
    [type_class] DenselyNormedField.toNontriviallyNormedField ↦ 33
    [type_class] DenselyNormedField.toNormedField ↦ 33
    [type_class] NontriviallyNormedField.toNormedField ↦ 33
    [type_class] NormedCommRing.toNormedRing ↦ 33
    [type_class] NormedDivisionRing.toNormedRing ↦ 33
    [type_class] NormedField.toNormedCommRing ↦ 33
    [type_class] NormedField.toNormedDivisionRing ↦ 33
    [type_class] RCLike.toDenselyNormedField ↦ 33
    [type_class] NormedCommRing.toSeminormedCommRing ↦ 31
    [type_class] NormedRing.toSeminormedRing ↦ 31
    [type_class] SeminormedCommRing.toSeminormedRing ↦ 31
    [type_class] NonUnitalNormedCommRing.toNonUnitalNormedRing ↦ 27
    [type_class] NonUnitalNormedRing.toNormedAddCommGroup ↦ 27
    [type_class] NormedCommRing.toNonUnitalNormedCommRing ↦ 27
    [type_class] NormedRing.toNonUnitalNormedRing ↦ 27
    [type_class] NonUnitalNormedCommRing.toNonUnitalSeminormedCommRing ↦ 25
    [type_class] NonUnitalNormedRing.toNonUnitalSeminormedRing ↦ 25
    [type_class] NonUnitalSeminormedCommRing.toNonUnitalSeminormedRing ↦ 25
    [type_class] NonUnitalSeminormedRing.toSeminormedAddCommGroup ↦ 25
    [type_class] NormedAddCommGroup.toSeminormedAddCommGroup ↦ 25
    [type_class] SeminormedCommRing.toNonUnitalSeminormedCommRing ↦ 25
    [type_class] SeminormedRing.toNonUnitalSeminormedRing ↦ 25
    [type_class] DivisionRing.toRing ↦ 23
    [type_class] Field.toDivisionRing ↦ 23
    [type_class] NormedDivisionRing.toDivisionRing ↦ 23
    [type_class] NormedRing.toRing ↦ 23
    [type_class] SeminormedRing.toRing ↦ 23
    [type_class] DirectSum.GradeZero.ring ↦ 23
  [def_eq] heuristic for solving `f a =?= f b` (max: 1220, num: 24):
    [def_eq] Pi.instZero ↦ 1220
    [def_eq] instHAdd ↦ 1066
    [def_eq] Int.add ↦ 672
    [def_eq] Pi.addMonoid ↦ 318
    [def_eq] DFinsupp.mapRange ↦ 264
    [def_eq] Pi.addCommGroup ↦ 178
    [def_eq] MulOpposite.op ↦ 155
    [def_eq] Pi.addCommMonoid ↦ 145
    [def_eq] MulOpposite.instAdd ↦ 120
    [def_eq] Pi.instAdd ↦ 120
    [def_eq] LinearMap.module ↦ 99
    [def_eq] Pi.module ↦ 90
    [def_eq] DirectSum ↦ 74
    [def_eq] DFinsupp.instAdd ↦ 60
    [def_eq] DFinsupp.instZero ↦ 60
    [def_eq] MulOpposite.instAddCommMonoid ↦ 60
    [def_eq] MulOpposite.instSMul ↦ 60
    [def_eq] MulOpposite.instZero ↦ 60
    [def_eq] AddSubmonoidClass.toAddMonoid ↦ 49
    [def_eq] MulOpposite.unop ↦ 46
    [def_eq] DirectSum.semiring ↦ 45
    [def_eq] Submodule.toAddSubgroup ↦ 38
    [def_eq] SetLike.instMembership ↦ 35
    [def_eq] HasQuotient.Quotient ↦ 26
  use `set_option diagnostics.threshold <num>` to control threshold for reporting counters
work/native-top-quotient-module-group-prototype.lean:32:18: error: (deterministic) timeout at `whnf`, maximum number of heartbeats (60000) has been reached

Note: Use `set_option maxHeartbeats <num>` to set the limit.
