[diag] Diagnostics
  [reduction] unfolded instances (max: 76, num: 10):
    [reduction] CommRing.toRing ↦ 76
    [reduction] Field.toCommRing ↦ 76
    [reduction] DivisionRing.toRing ↦ 52
    [reduction] Field.toDivisionRing ↦ 52
    [reduction] Ring.toSemiring ↦ 52
    [reduction] CommSemiring.toSemiring ↦ 22
    [reduction] DivisionSemiring.toSemiring ↦ 22
    [reduction] Field.toSemifield ↦ 22
    [reduction] Semifield.toCommSemiring ↦ 22
    [reduction] Semifield.toDivisionSemiring ↦ 22
  [reduction] unfolded reducible declarations (max: 24, num: 1):
    [reduction] CutGradedRightModule.space ↦ 24
  [kernel] unfolded declarations (max: 66, num: 6):
    [kernel] HAdd.hAdd ↦ 66
    [kernel] Add.add ↦ 62
    [kernel] AddHom.toFun ↦ 36
    [kernel] DFunLike.coe ↦ 36
    [kernel] CommRing.toRing ↦ 29
    [kernel] Ring.toSemiring ↦ 26
  use `set_option diagnostics.threshold <num>` to control threshold for reporting counters
[diag] Diagnostics
  [reduction] unfolded declarations (max: 56, num: 10):
    [reduction] Set ↦ 56
    [reduction] Membership.mem ↦ 56
    [reduction] OfNat.ofNat ↦ 40
    [reduction] CutGradedRightModule.homSubmodule ↦ 32
    [reduction] Quiver.Hom ↦ 30
    [reduction] Set.Mem ↦ 28
    [reduction] SetLike.coe ↦ 28
    [reduction] HSMul.hSMul ↦ 22
    [reduction] SMul.smul ↦ 22
    [reduction] Zero.zero ↦ 22
  [reduction] unfolded instances (max: 78, num: 24):
    [reduction] CommRing.toRing ↦ 78
    [reduction] Field.toCommRing ↦ 78
    [reduction] AddCommMonoid.toAddMonoid ↦ 50
    [reduction] DivisionRing.toRing ↦ 48
    [reduction] Field.toDivisionRing ↦ 48
    [reduction] Ring.toSemiring ↦ 48
    [reduction] AddCommGroup.toAddGroup ↦ 40
    [reduction] AddGroup.toSubNegMonoid ↦ 38
    [reduction] SubNegMonoid.toAddMonoid ↦ 36
    [reduction] AddZeroClass.toAddZero ↦ 34
    [reduction] AddCommGroup.toAddCommMonoid ↦ 28
    [reduction] Set.instMembership ↦ 28
    [reduction] SetLike.instMembership ↦ 28
    [reduction] AddZero.toZero ↦ 26
    [reduction] instHAdd ↦ 24
    [reduction] AddMonoid.toAddSemigroup ↦ 24
    [reduction] instHSMul ↦ 22
    [reduction] Module.toDistribMulAction ↦ 22
    [reduction] Zero.toOfNat0 ↦ 22
    [reduction] CommSemiring.toSemiring ↦ 21
    [reduction] DivisionSemiring.toSemiring ↦ 21
    [reduction] Field.toSemifield ↦ 21
    [reduction] Semifield.toCommSemiring ↦ 21
    [reduction] Semifield.toDivisionSemiring ↦ 21
  [reduction] unfolded reducible declarations (max: 95, num: 8):
    [reduction] CutGradedRightModule.space ↦ 95
    [reduction] Subtype.val ↦ 72
    [reduction] AddSubmonoid.toAddSubsemigroup ↦ 56
    [reduction] Submodule.toAddSubmonoid ↦ 50
    [reduction] LinearMap.toAddHom ↦ 48
    [reduction] ModuleCat.carrier ↦ 37
    [reduction] ModuleCat.isAddCommGroup ↦ 32
    [reduction] AddSubsemigroup.carrier ↦ 28
  [kernel] unfolded declarations (max: 88, num: 7):
    [kernel] Membership.mem ↦ 88
    [kernel] HAdd.hAdd ↦ 82
    [kernel] DFunLike.coe ↦ 72
    [kernel] Add.add ↦ 66
    [kernel] HSMul.hSMul ↦ 38
    [kernel] AddHom.toFun ↦ 36
    [kernel] SMul.smul ↦ 34
  use `set_option diagnostics.threshold <num>` to control threshold for reporting counters
source comparison ready
target comparison ready
square proof ready
work/native-top-quotient-grade-group-pinned-prototype.lean:72:12: error: (deterministic) timeout at `isDefEq`, maximum number of heartbeats (60000) has been reached

Note: Use `set_option maxHeartbeats <num>` to set the limit.
[diag] Diagnostics
  [reduction] unfolded declarations (max: 4388, num: 34):
    [reduction] AddMonoid.toZero ↦ 4388
    [reduction] HSMul.hSMul ↦ 2842
    [reduction] SMul.smul ↦ 2842
    [reduction] Add.add ↦ 2354
    [reduction] HAdd.hAdd ↦ 2284
    [reduction] AddMonoid.nsmul ↦ 1751
    [reduction] Membership.mem ↦ 1658
    [reduction] Set ↦ 1526
    [reduction] Quiver.Hom ↦ 1105
    [reduction] SetLike.coe ↦ 846
    [reduction] Set.Mem ↦ 814
    [reduction] OfNat.ofNat ↦ 804
    [reduction] Zero.zero ↦ 612
    [reduction] MulOpposite ↦ 566
    [reduction] CutGradedRightModule.homSubmodule ↦ 420
    [reduction] Submodule.toAddSubgroup ↦ 330
    [reduction] DirectSum ↦ 302
    [reduction] GradedOrdinaryModuleData.ringDualGrade ↦ 299
    [reduction] NonUnitalNonAssocSemiring.toMul ↦ 196
    [reduction] DFunLike.coe ↦ 190
    [reduction] cutRegularGradedRightModule ↦ 180
    [reduction] CutGradedRightModule.shifted ↦ 180
    [reduction] HasQuotient.quotient' ↦ 168
    [reduction] cutRightModuleOrdinaryData ↦ 165
    [reduction] Semiring.npow ↦ 124
    [reduction] Semiring.toOne ↦ 124
    [reduction] CutGradedRightModule.ringModule ↦ 110
    [reduction] NatCast.natCast ↦ 104
    [reduction] DFinsupp.zipWith ↦ 70
    [reduction] HMul.hMul ↦ 36
    [reduction] Mul.mul ↦ 36
    [reduction] MulOpposite.op ↦ 34
    [reduction] CoeOTC.coe ↦ 24
    [reduction] cutGradedForgetFunctor ↦ 23
  [reduction] unfolded instances (max: 25095, num: 134):
    [reduction] AddCommGroup.toAddGroup ↦ 25095
    [reduction] AddGroup.toSubNegMonoid ↦ 20593
    [reduction] SubNegMonoid.toAddMonoid ↦ 10977
    [reduction] AddZeroClass.toAddZero ↦ 8570
    [reduction] AddCommMonoid.toAddMonoid ↦ 7920
    [reduction] SeminormedAddCommGroup.toAddCommGroup ↦ 7744
    [reduction] AddZero.toZero ↦ 7308
    [reduction] AddMonoid.toAddZeroClass ↦ 4580
    [reduction] AddCommGroup.toAddCommMonoid ↦ 4426
    [reduction] Pi.addMonoid ↦ 3994
    [reduction] AddMonoid.toAddSemigroup ↦ 3148
    [reduction] instHAdd ↦ 2873
    [reduction] instHSMul ↦ 2842
    [reduction] Ring.toSemiring ↦ 2825
    [reduction] Pi.addCommGroup ↦ 2662
    [reduction] Pi.addGroup ↦ 2662
    [reduction] Pi.subNegMonoid ↦ 2662
    [reduction] AddSemigroup.toAdd ↦ 2630
    [reduction] Pi.addZeroClass ↦ 2512
    [reduction] NormedAddCommGroup.toAddCommGroup ↦ 2422
    [reduction] NonUnitalNonAssocSemiring.toAddCommMonoid ↦ 2182
    [reduction] Pi.addCommMonoid ↦ 2172
    [reduction] Semiring.toNonUnitalSemiring ↦ 2012
    [reduction] NonUnitalSemiring.toNonUnitalNonAssocSemiring ↦ 1872
    [reduction] AddMonoid.toNatSMul ↦ 1751
    [reduction] AddZero.toAdd ↦ 1262
    [reduction] Field.toCommRing ↦ 1070
    [reduction] CommRing.toRing ↦ 1067
    [reduction] CategoryStruct.toQuiver ↦ 1036
    [reduction] Category.toCategoryStruct ↦ 1014
    [reduction] MulOpposite.instRing ↦ 1002
    [reduction] CutGradedRightModule.category ↦ 994
    [reduction] instAddNat ↦ 953
    [reduction] instAddCommMonoidDirectSum ↦ 944
    [reduction] DFinsupp.addCommMonoid ↦ 944
    [reduction] Semifield.toCommSemiring ↦ 888
    [reduction] CommSemiring.toSemiring ↦ 880
    [reduction] Field.toSemifield ↦ 880
    [reduction] MulOpposite.instNonUnitalNonAssocSemiring ↦ 866
    [reduction] MulOpposite.instNonUnitalSemiring ↦ 866
    [reduction] MulOpposite.instSemiring ↦ 866
    [reduction] AddCommMonoid.toAddCommSemigroup ↦ 836
    [reduction] AddCommSemigroup.toAddSemigroup ↦ 836
    [reduction] MulOpposite.instAddCommMonoid ↦ 830
    [reduction] Set.instMembership ↦ 822
    [reduction] SetLike.instMembership ↦ 820
    [reduction] DirectSum.ring ↦ 797
    [reduction] AddCommMagma.toAdd ↦ 764
    [reduction] AddCommSemigroup.toAddCommMagma ↦ 764
    [reduction] DirectSum.instNonUnitalNonAssocSemiring ↦ 758
    [reduction] DirectSum.semiring ↦ 758
    [reduction] Pi.addSemigroup ↦ 738
    [reduction] SMulZeroClass.toSMul ↦ 598
    [reduction] Int.instAdd ↦ 594
    [reduction] NonUnitalNonAssocRing.toNonUnitalNonAssocSemiring ↦ 594
    [reduction] DivisionSemiring.toSemiring ↦ 580
    [reduction] Pi.instAdd ↦ 556
    [reduction] Semifield.toDivisionSemiring ↦ 554
    [reduction] Zero.toOfNat0 ↦ 468
    [reduction] DistribSMul.toSMulZeroClass ↦ 456
    [reduction] NonAssocRing.toNonUnitalNonAssocRing ↦ 426
    [reduction] NonUnitalNonAssocRing.toAddCommGroup ↦ 426
    [reduction] Ring.toNonAssocRing ↦ 426
    [reduction] DFinsupp.hasNatScalar ↦ 416
    [reduction] DistribMulAction.toMulAction ↦ 376
    [reduction] Module.toDistribMulAction ↦ 376
    [reduction] MulAction.toSMul ↦ 376
    [reduction] Submodule.setLike ↦ 348
    [reduction] DistribMulAction.toDistribSMul ↦ 314
    [reduction] NonAssocSemiring.toNonUnitalNonAssocSemiring ↦ 312
    [reduction] Semiring.toNonAssocSemiring ↦ 312
    [reduction] MulOpposite.instAddMonoid ↦ 292
    [reduction] MulOpposite.instSMul ↦ 292
    [reduction] AddSubgroup.instSetLike ↦ 285
    [reduction] DivisionRing.toRing ↦ 239
    [reduction] Field.toDivisionRing ↦ 227
    [reduction] Ring.toAddCommGroup ↦ 198
    [reduction] AddSubmonoid.instSetLike ↦ 197
    [reduction] LinearMap.instAdd ↦ 178
    [reduction] LinearMap.addCommGroup ↦ 171
    [reduction] DFinsupp.instAdd ↦ 170
    [reduction] LinearMap.instFunLike ↦ 170
    [reduction] AddSubgroup.toAddCommGroup ↦ 145
    [reduction] AddSubgroupClass.toAddCommGroup ↦ 145
    [reduction] AddSubgroupClass.toAddGroup ↦ 145
    [reduction] Submodule.addCommGroup ↦ 145
    [reduction] MonoidWithZero.toMonoid ↦ 142
    [reduction] Semiring.toMonoidWithZero ↦ 142
    [reduction] LinearMap.addCommMonoid ↦ 141
    [reduction] MulOpposite.instAdd ↦ 134
    [reduction] Algebra.toModule ↦ 128
    [reduction] Algebra.toSMul ↦ 124
    [reduction] DFinsupp.distribMulAction ↦ 124
    [reduction] DFinsupp.instSMulZeroClass ↦ 124
    [reduction] DFinsupp.module ↦ 124
    [reduction] DirectSum.instModule ↦ 124
    [reduction] Pi.distribMulAction ↦ 124
    [reduction] Pi.module ↦ 124
    [reduction] Pi.mulAction ↦ 124
    [reduction] AddSubmonoidClass.toAddMonoid ↦ 88
    [reduction] Preadditive.homGroup ↦ 88
    [reduction] CutGradedRightModule.preadditive ↦ 88
    [reduction] AddMemClass.add ↦ 86
    [reduction] AddMemClass.toAddSemigroup ↦ 86
    [reduction] Submodule.hasQuotient ↦ 82
    [reduction] DirectSum.GRing.toGSemiring ↦ 70
    [reduction] DirectSum.instAlgebra ↦ 62
    [reduction] MulOpposite.instAlgebra ↦ 62
    [reduction] MulOpposite.instDistribMulAction ↦ 62
    [reduction] MulOpposite.instModule ↦ 62
    [reduction] MulOpposite.instMulAction ↦ 62
    [reduction] AddSubmonoidClass.nSMul ↦ 46
    [reduction] LinearMap.instSMul ↦ 45
    [reduction] AddCommMonoid.toNatModule ↦ 44
    [reduction] LinearMap.instZero ↦ 44
    [reduction] MulOpposite.instZero ↦ 44
    [reduction] Pi.instSMul ↦ 44
    [reduction] Pi.instZero ↦ 44
    [reduction] ZeroMemClass.zero ↦ 44
    [reduction] AddSubmonoid.toAddCommMonoid ↦ 38
    [reduction] AddSubmonoidClass.toAddCommMonoid ↦ 38
    [reduction] Submodule.addCommMonoid ↦ 38
    [reduction] instHMul ↦ 36
    [reduction] DFinsupp.addCommGroup ↦ 36
    [reduction] DirectSum.instAddCommGroup ↦ 36
    [reduction] Distrib.toMul ↦ 36
    [reduction] MulOpposite.instDistrib ↦ 36
    [reduction] MulOpposite.instMul ↦ 36
    [reduction] MulZeroClass.toMul ↦ 36
    [reduction] MulZeroClass.toSMulWithZero ↦ 36
    [reduction] SMulWithZero.toSMulZeroClass ↦ 36
    [reduction] Linear.homModule ↦ 30
    [reduction] CutGradedRightModule.linear ↦ 30
    [reduction] LinearMap.module ↦ 28
  [reduction] unfolded reducible declarations (max: 21334, num: 44):
    [reduction] CutQuiver.Vertex ↦ 21334
    [reduction] homAdd ↦ 13549
    [reduction] CutGradedHom ↦ 2635
    [reduction] Hom ↦ 2428
    [reduction] ModuleCat.carrier ↦ 2398
    [reduction] Function.Injective.addMonoid ↦ 2136
    [reduction] Function.Injective.addCommMonoid ↦ 2122
    [reduction] ModuleCat.of ↦ 2018
    [reduction] ordinaryRingDual ↦ 1728
    [reduction] AddSubmonoid.toAddSubsemigroup ↦ 1464
    [reduction] Function.Injective.addZeroClass ↦ 1442
    [reduction] inferInstance ↦ 1389
    [reduction] Submodule.toAddSubmonoid ↦ 1288
    [reduction] CutGradedRightModule.space ↦ 1157
    [reduction] CutGradedBlock ↦ 988
    [reduction] Subtype.val ↦ 750
    [reduction] AddSubsemigroup.carrier ↦ 718
    [reduction] LinearMap.toAddHom ↦ 708
    [reduction] AddSubgroup.toAddSubmonoid ↦ 570
    [reduction] GradedOrdinaryModuleData.ringModule ↦ 477
    [reduction] ModuleCat.isAddCommGroup ↦ 456
    [reduction] CutGradedRing ↦ 453
    [reduction] outParam ↦ 324
    [reduction] inferInstanceAs ↦ 316
    [reduction] AddHom.toFun ↦ 250
    [reduction] HasQuotient.Quotient ↦ 227
    [reduction] Function.Injective.addCommGroup ↦ 207
    [reduction] Function.Injective.distribMulAction ↦ 124
    [reduction] Function.Injective.distribSMul ↦ 124
    [reduction] Function.Injective.smulZeroClass ↦ 124
    [reduction] semiOutParam ↦ 111
    [reduction] FunLike ↦ 100
    [reduction] GradedOrdinaryModuleData.ringDualHomogeneousTopQuotient ↦ 94
    [reduction] homModule ↦ 78
    [reduction] DFinsupp.toFun ↦ 70
    [reduction] Nat.cast ↦ 68
    [reduction] Ideal ↦ 64
    [reduction] prototypeNativeTopHomAddCommGroup ↦ 46
    [reduction] GradedOrdinaryModuleData.ringDualGradeHasQuotient ↦ 45
    [reduction] PreOpposite.unop' ↦ 34
    [reduction] GradedOrdinaryModuleData.prototypeGradeAddGroup ↦ 33
    [reduction] DecidableEq ↦ 32
    [reduction] GradedOrdinaryModuleData.grade ↦ 26
    [reduction] ModuleCat.isModule ↦ 21
  [type_class] used instances (max: 250, num: 30):
    [type_class] Pi.addZeroClass ↦ 250
    [type_class] DivisionSemiring.toSemiring ↦ 29
    [type_class] Field.toSemifield ↦ 29
    [type_class] IdemCommSemiring.toIdemSemiring ↦ 29
    [type_class] IdemSemiring.toSemiring ↦ 29
    [type_class] KleeneAlgebra.toIdemSemiring ↦ 29
    [type_class] Semifield.toDivisionSemiring ↦ 29
    [type_class] DirectSum.GradeZero.semiring ↦ 29
    [type_class] DenselyNormedField.toNontriviallyNormedField ↦ 27
    [type_class] DenselyNormedField.toNormedField ↦ 27
    [type_class] NontriviallyNormedField.toNormedField ↦ 27
    [type_class] NormedCommRing.toNormedRing ↦ 27
    [type_class] NormedDivisionRing.toNormedRing ↦ 27
    [type_class] NormedField.toNormedCommRing ↦ 27
    [type_class] NormedField.toNormedDivisionRing ↦ 27
    [type_class] RCLike.toDenselyNormedField ↦ 27
    [type_class] NonUnitalNormedCommRing.toNonUnitalNormedRing ↦ 25
    [type_class] NonUnitalNormedRing.toNormedAddCommGroup ↦ 25
    [type_class] NormedCommRing.toNonUnitalNormedCommRing ↦ 25
    [type_class] NormedCommRing.toSeminormedCommRing ↦ 25
    [type_class] NormedRing.toNonUnitalNormedRing ↦ 25
    [type_class] NormedRing.toSeminormedRing ↦ 25
    [type_class] SeminormedCommRing.toSeminormedRing ↦ 25
    [type_class] NonUnitalNormedCommRing.toNonUnitalSeminormedCommRing ↦ 23
    [type_class] NonUnitalNormedRing.toNonUnitalSeminormedRing ↦ 23
    [type_class] NonUnitalSeminormedCommRing.toNonUnitalSeminormedRing ↦ 23
    [type_class] NonUnitalSeminormedRing.toSeminormedAddCommGroup ↦ 23
    [type_class] NormedAddCommGroup.toSeminormedAddCommGroup ↦ 23
    [type_class] SeminormedCommRing.toNonUnitalSeminormedCommRing ↦ 23
    [type_class] SeminormedRing.toNonUnitalSeminormedRing ↦ 23
  [def_eq] heuristic for solving `f a =?= f b` (max: 1256, num: 28):
    [def_eq] Pi.instZero ↦ 1256
    [def_eq] instHAdd ↦ 1023
    [def_eq] Int.add ↦ 585
    [def_eq] Pi.addMonoid ↦ 280
    [def_eq] DFinsupp.mapRange ↦ 270
    [def_eq] MulOpposite.op ↦ 168
    [def_eq] Pi.addCommGroup ↦ 156
    [def_eq] Pi.addCommMonoid ↦ 125
    [def_eq] MulOpposite.instAdd ↦ 124
    [def_eq] Pi.instAdd ↦ 124
    [def_eq] LinearMap.module ↦ 107
    [def_eq] Pi.module ↦ 78
    [def_eq] AddSubmonoidClass.toAddMonoid ↦ 69
    [def_eq] MulOpposite.unop ↦ 68
    [def_eq] DirectSum ↦ 66
    [def_eq] DFinsupp.instAdd ↦ 62
    [def_eq] DFinsupp.instZero ↦ 62
    [def_eq] MulOpposite.instAddCommMonoid ↦ 62
    [def_eq] MulOpposite.instSMul ↦ 62
    [def_eq] MulOpposite.instZero ↦ 62
    [def_eq] Submodule.toAddSubgroup ↦ 46
    [def_eq] DirectSum.semiring ↦ 39
    [def_eq] SetLike.instMembership ↦ 37
    [def_eq] HasQuotient.Quotient ↦ 26
    [def_eq] AddMemClass.add ↦ 22
    [def_eq] AddMemClass.toAddSemigroup ↦ 22
    [def_eq] DFinsupp.zipWith ↦ 22
    [def_eq] ZeroMemClass.zero ↦ 22
  use `set_option diagnostics.threshold <num>` to control threshold for reporting counters
work/native-top-quotient-grade-group-pinned-prototype.lean:44:18: error: (deterministic) timeout at `whnf`, maximum number of heartbeats (60000) has been reached

Note: Use `set_option maxHeartbeats <num>` to set the limit.
