work/ASGinzburgDraft/AlgebraModuleRestrictionComparison.lean:17:4: error: synthesized type class instance is not definitionally equal to expression inferred by typing rules, synthesized
  inst✝²
inferred
  Module.compHom (↑(ModuleCat.of R M)) (algebraMap k R)
work/ASGinzburgDraft/AlgebraModuleRestrictionComparison.lean:27:0: error: Not a definitional equality: the left-hand side
  (ConcreteCategory.hom (algebraModuleRestrictScalarsIso k R M).hom) x
is not definitionally equal to the right-hand side
  x
work/ASGinzburgDraft/AlgebraModuleRestrictionComparison.lean:29:57: error: Type mismatch
  rfl
has type
  ?m.38 = ?m.38
but is expected to have type
  (ConcreteCategory.hom (algebraModuleRestrictScalarsIso k R M).hom) x = x
work/ASGinzburgDraft/AlgebraModuleRestrictionComparison.lean:31:0: error: Not a definitional equality: the left-hand side
  (ConcreteCategory.hom (algebraModuleRestrictScalarsIso k R M).inv) x
is not definitionally equal to the right-hand side
  x
work/ASGinzburgDraft/AlgebraModuleRestrictionComparison.lean:32:57: error: Type mismatch
  rfl
has type
  ?m.23 = ?m.23
but is expected to have type
  (ConcreteCategory.hom (algebraModuleRestrictScalarsIso k R M).inv) x = x
