work/ASGinzburgDraft/BalancedTensorEnvelopingScalarNaturality.lean:34:4: error: Type mismatch: After simplification, term
  tensorRightEnvelopingScalarTower k R ↑M ↑N
 has type
  @IsScalarTower k (AlgebraEnvelopingRing k R)ᵐᵒᵖ (↑M ⊗[k] ↑N) MulOpposite.instSMul
    DistribMulAction.toDistribSMul.toSMul TensorProduct.instSMul
but is expected to have type
  @IsScalarTower k (AlgebraEnvelopingRing k R)ᵐᵒᵖ (↑M ⊗[k] ↑N) MulOpposite.instSMul
    DistribMulAction.toDistribSMul.toSMul
    (Module.compHom (↑(((tensorRightEnvelopingBifunctor k R).obj M).obj N))
        (algebraMap k (AlgebraEnvelopingRing k R)ᵐᵒᵖ)).toSMul
work/ASGinzburgDraft/BalancedTensorEnvelopingScalarNaturality.lean:38:4: error: Type mismatch: After simplification, term
  tensorRightEnvelopingScalarTower k R ↑M' ↑N'
 has type
  @IsScalarTower k (AlgebraEnvelopingRing k R)ᵐᵒᵖ (↑M' ⊗[k] ↑N') MulOpposite.instSMul
    DistribMulAction.toDistribSMul.toSMul TensorProduct.instSMul
but is expected to have type
  @IsScalarTower k (AlgebraEnvelopingRing k R)ᵐᵒᵖ (↑M' ⊗[k] ↑N') MulOpposite.instSMul
    DistribMulAction.toDistribSMul.toSMul
    (Module.compHom (↑(((tensorRightEnvelopingBifunctor k R).obj M').obj N'))
        (algebraMap k (AlgebraEnvelopingRing k R)ᵐᵒᵖ)).toSMul
