'ASGinzburg.ZAlgebra.PeriodIso.cutZeroSelfScalarTower' depends on axioms: [propext, Classical.choice, Quot.sound]
'ASGinzburg.ZAlgebra.PeriodIso.cutZeroAugmentationKernel' depends on axioms: [propext, Classical.choice, Quot.sound]
'ASGinzburg.ZAlgebra.PeriodIso.cutZeroAugmentationKernelTwoSided' depends on axioms: [propext,
 Classical.choice,
 Quot.sound]
'ASGinzburg.ZAlgebra.PeriodIso.cutZeroAugmentationKernel_pow_matrixVanishing' depends on axioms: [propext,
 Classical.choice,
 Quot.sound]
'ASGinzburg.ZAlgebra.PeriodIso.cutZeroAugmentationKernel_pow_vertices_eq_bot' depends on axioms: [propext,
 Classical.choice,
 Quot.sound]
'ASGinzburg.ZAlgebra.PeriodIso.cutZeroAugmentationKernel_isNilpotent' depends on axioms: [propext,
 Classical.choice,
 Quot.sound]
'ASGinzburg.noncommIdealSup_pow_le' depends on axioms: [propext, Classical.choice, Quot.sound]
'ASGinzburg.noncommIdealSup_pow_eq_bot' depends on axioms: [propext, Classical.choice, Quot.sound]
'ASGinzburg.tmul_mem_tensorLeftIdeal' depends on axioms: [propext, Quot.sound]
'ASGinzburg.tmul_mem_tensorRightIdeal' depends on axioms: [propext, Quot.sound]
'ASGinzburg.tensorLeftIdeal_mul_le' depends on axioms: [propext, Classical.choice, Quot.sound]
'ASGinzburg.tensorRightIdeal_mul_le' depends on axioms: [propext, Classical.choice, Quot.sound]
'ASGinzburg.tensorLeftIdeal_pow_le' depends on axioms: [propext, Classical.choice, Quot.sound]
'ASGinzburg.tensorRightIdeal_pow_le' depends on axioms: [propext, Classical.choice, Quot.sound]
'ASGinzburg.tensorLeftIdeal_pow_eq_bot' depends on axioms: [propext, Classical.choice, Quot.sound]
'ASGinzburg.tensorRightIdeal_pow_eq_bot' depends on axioms: [propext, Classical.choice, Quot.sound]
'ASGinzburg.algebraHom_opKernel_pow_mem_unop' depends on axioms: [propext, Classical.choice, Quot.sound]
'ASGinzburg.algebraHom_opKernel_pow_eq_bot' depends on axioms: [propext, Classical.choice, Quot.sound]
'ASGinzburg.algebraEnvelopingMapKernel_pow_eq_bot' depends on axioms: [propext, Classical.choice, Quot.sound]
'ASGinzburg.ZAlgebra.PeriodIso.cutZeroEnvelopingSelfSMul' depends on axioms: [propext, Classical.choice, Quot.sound]
'ASGinzburg.ZAlgebra.PeriodIso.cutZeroEnvelopingSelfScalarTower' depends on axioms: [propext,
 Classical.choice,
 Quot.sound]
'ASGinzburg.ZAlgebra.PeriodIso.cutZeroEnvelopingAugmentationKernel' depends on axioms: [propext,
 Classical.choice,
 Quot.sound]
'ASGinzburg.ZAlgebra.PeriodIso.cutZeroEnvelopingAugmentationKernelTwoSided' depends on axioms: [propext,
 Classical.choice,
 Quot.sound]
'ASGinzburg.ZAlgebra.PeriodIso.cutZeroEnvelopingAugmentationKernel_pow_eq_bot' depends on axioms: [propext,
 Classical.choice,
 Quot.sound]
'ASGinzburg.ZAlgebra.PeriodIso.cutZeroEnvelopingAugmentationKernel_isNilpotent' depends on axioms: [propext,
 Classical.choice,
 Quot.sound]
