'ASGinzburg.moduleChain_exactAt_iff' depends on axioms: [propext, Classical.choice, Quot.sound]
'ASGinzburg.moduleChain_exists_boundary' depends on axioms: [propext, Classical.choice, Quot.sound]
'ASGinzburg.moduleChain_exists_signed_boundary' depends on axioms: [propext, Classical.choice, Quot.sound]
'ASGinzburg.bicomplexTotalProjection' depends on axioms: [propext, Classical.choice, Quot.sound]
'ASGinzburg.bicomplexTotal_ι_projection_same' depends on axioms: [propext, Classical.choice, Quot.sound]
'ASGinzburg.bicomplexTotal_ι_projection_ne' depends on axioms: [propext, Classical.choice, Quot.sound]
'ASGinzburg.bicomplexTotal_projection_ι_apply' depends on axioms: [propext, Classical.choice, Quot.sound]
'ASGinzburg.bicomplexTotal_projection_ι_apply_ne' depends on axioms: [propext, Classical.choice, Quot.sound]
'ASGinzburg.bicomplexTotalProjection_eq_zero' depends on axioms: [propext, Classical.choice, Quot.sound]
'ASGinzburg.bicomplexTotal_decomposition' depends on axioms: [propext, Classical.choice, Quot.sound]
'ASGinzburg.bicomplexTotal_decomposition_apply' depends on axioms: [propext, Classical.choice, Quot.sound]
'ASGinzburg.bicomplexTotal_D₁_projection' depends on axioms: [propext, Classical.choice, Quot.sound]
'ASGinzburg.bicomplexTotal_D₂_projection' depends on axioms: [propext, Classical.choice, Quot.sound]
'ASGinzburg.bicomplexTotal_d_projection' depends on axioms: [propext, Classical.choice, Quot.sound]
'ASGinzburg.bicomplexTotal_d_projection_of_degree' depends on axioms: [propext, Classical.choice, Quot.sound]
'ASGinzburg.bicomplexTotal_d_projection_apply' depends on axioms: [propext, Classical.choice, Quot.sound]
'ASGinzburg.bicomplexTotal_ext' depends on axioms: [propext, Classical.choice, Quot.sound]
'ASGinzburg.bicomplexTotal_eq_zero_of_projections' depends on axioms: [propext, Classical.choice, Quot.sound]
'ASGinzburg.bicomplexTotal_maximal_row_cycle' depends on axioms: [propext, Classical.choice, Quot.sound]
'ASGinzburg.bicomplexTotal_insert_boundary_projection' depends on axioms: [propext, Classical.choice, Quot.sound]
'ASGinzburg.bicomplexTotal_insert_boundary_projection_gt' depends on axioms: [propext, Classical.choice, Quot.sound]
'ASGinzburg.bicomplexTotal_cycle_boundary_of_support' depends on axioms: [propext, Classical.choice, Quot.sound]
'ASGinzburg.bicomplexTotal_exactAt_of_diagonal_rows' depends on axioms: [propext, Classical.choice, Quot.sound]
'ASGinzburg.bicomplexTotal_acyclic_of_rows_acyclic' depends on axioms: [propext, Classical.choice, Quot.sound]
'ASGinzburg.bifunctorBicomplex_exactAt_of_isZero_left' depends on axioms: [propext, Classical.choice, Quot.sound]
'ASGinzburg.bifunctorBicomplex_diagonal_exactAt_of_bounded_left' depends on axioms: [propext,
 Classical.choice,
 Quot.sound]
'ASGinzburg.bifunctorTotal_exactAt_of_bounded_left' depends on axioms: [propext, Classical.choice, Quot.sound]
'ASGinzburg.bifunctorTotal_isZero_homology_of_bounded_left' depends on axioms: [propext, Classical.choice, Quot.sound]
'ASGinzburg.complexShortExact_quasiIso_g_of_acyclic_kernel' depends on axioms: [propext, Classical.choice, Quot.sound]
'ASGinzburg.complexShortExact_acyclic_kernel_of_quasiIso_g' depends on axioms: [propext, Classical.choice, Quot.sound]
'ASGinzburg.complexShortExact_quasiIso_g_iff_acyclic_kernel' depends on axioms: [propext, Classical.choice, Quot.sound]
'ASGinzburg.bicomplexTotalProjection_naturality' depends on axioms: [propext, Classical.choice, Quot.sound]
'ASGinzburg.bicomplexTotalProjection_naturality_apply' depends on axioms: [propext, Classical.choice, Quot.sound]
'ASGinzburg.bicomplexTotal_map_injective' depends on axioms: [propext, Classical.choice, Quot.sound]
'ASGinzburg.bicomplexTotal_map_ιOrZero_apply' depends on axioms: [propext, Classical.choice, Quot.sound]
'ASGinzburg.bicomplexTotalFunctor_additive' depends on axioms: [propext, Classical.choice, Quot.sound]
'ASGinzburg.bicomplexTotal_map_surjective' depends on axioms: [propext, Classical.choice, Quot.sound]
'ASGinzburg.bicomplexTotal_exact' depends on axioms: [propext, Classical.choice, Quot.sound]
'ASGinzburg.bicomplexTotal_shortExact' depends on axioms: [propext, Classical.choice, Quot.sound]
'ASGinzburg.bicomplexTotal_quasiIso_g_of_shortExact_rows' depends on axioms: [propext, Classical.choice, Quot.sound]
'ASGinzburg.bicomplexTotal_quasiIso_of_row_quasiIso' depends on axioms: [propext, Classical.choice, Quot.sound]
'ASGinzburg.mapBifunctorSingleRightBicomplex' depends on axioms: [propext, Classical.choice, Quot.sound]
'ASGinzburg.mapBifunctorSingleRightCofan' depends on axioms: [propext, Classical.choice, Quot.sound]
'ASGinzburg.mapBifunctorSingleRightCofanIsColimit' depends on axioms: [propext, Classical.choice, Quot.sound]
'ASGinzburg.mapBifunctorSingleRight_hasTotal' depends on axioms: [propext, Classical.choice, Quot.sound]
'ASGinzburg.mapBifunctorSingleRightXIso' depends on axioms: [propext, Classical.choice, Quot.sound]
'ASGinzburg.mapBifunctorSingleRightXIso_inv' depends on axioms: [propext, Classical.choice, Quot.sound]
'ASGinzburg.mapBifunctorSingleRightXIso_inv_comm' depends on axioms: [propext, Classical.choice, Quot.sound]
'ASGinzburg.mapBifunctorSingleRightIso' depends on axioms: [propext, Classical.choice, Quot.sound]
'ASGinzburg.mapBifunctorSingleRightIso_inv_f' depends on axioms: [propext, Classical.choice, Quot.sound]
'ASGinzburg.ι_mapBifunctorSingleRightIso_hom_f' depends on axioms: [propext, Classical.choice, Quot.sound]
'ASGinzburg.mapBifunctorSingleRightIso_inv_naturality' depends on axioms: [propext, Classical.choice, Quot.sound]
'ASGinzburg.mapBifunctorSingleRightIso_naturality' depends on axioms: [propext, Classical.choice, Quot.sound]
