work/ASGinzburgDraft/PeriodCutEnvelopingZeroModuleRestriction.lean:35:4: error: failed to synthesize
  HSMul (AlgebraEnvelopingRing k (E.CutGradedBlock (fun i => ↑↑i) 0))
    (AlgebraEnvelopingRing k (E.CutGradedRing fun i => ↑↑i)) ?m.32
(deterministic) timeout at `typeclass`, maximum number of heartbeats (20000) has been reached

Note: Use `set_option synthInstance.maxHeartbeats <num>` to set the limit.

Hint: Additional diagnostic information may be available using the `set_option diagnostics true` command.

Hint: Additional diagnostic information may be available using the `set_option diagnostics true` command.
work/ASGinzburgDraft/PeriodCutEnvelopingZeroModuleRestriction.lean:38:4: error: failed to synthesize
  SMul (AlgebraEnvelopingRing k (E.CutGradedBlock (fun i => ↑↑i) 0))
    (AlgebraEnvelopingRing k (E.CutGradedRing fun i => ↑↑i))
(deterministic) timeout at `typeclass`, maximum number of heartbeats (20000) has been reached

Note: Use `set_option synthInstance.maxHeartbeats <num>` to set the limit.

Hint: Additional diagnostic information may be available using the `set_option diagnostics true` command.

Hint: Additional diagnostic information may be available using the `set_option diagnostics true` command.
work/ASGinzburgDraft/PeriodCutEnvelopingZeroModuleRestriction.lean:41:2: error: Tactic `constructor` failed: target is not an inductive datatype

⊢ sorry
work/ASGinzburgDraft/PeriodCutEnvelopingZeroModuleRestriction.lean:87:4: error: failed to synthesize
  SMul (AlgebraEnvelopingRing k (E.CutGradedBlock (fun i => ↑↑i) 0))
    (AlgebraEnvelopingRing k (E.CutGradedRing fun i => ↑↑i))
(deterministic) timeout at `typeclass`, maximum number of heartbeats (20000) has been reached

Note: Use `set_option synthInstance.maxHeartbeats <num>` to set the limit.

Hint: Additional diagnostic information may be available using the `set_option diagnostics true` command.

Hint: Additional diagnostic information may be available using the `set_option diagnostics true` command.
work/ASGinzburgDraft/PeriodCutEnvelopingZeroModuleRestriction.lean:90:2: error: Tactic `constructor` failed: target is not an inductive datatype

⊢ sorry
