'ASGinzburg.ZAlgebra.PeriodIso.cutRegularRightFreeEquiv' depends on axioms: [propext, Classical.choice, Quot.sound]
'ASGinzburg.ZAlgebra.PeriodIso.cutRegularRight_ring_projective' depends on axioms: [propext,
 Classical.choice,
 Quot.sound]
'ASGinzburg.ZAlgebra.PeriodIso.cornerGradedRepresentable_ring_projective' depends on axioms: [propext,
 Classical.choice,
 Quot.sound]
'ASGinzburg.ZAlgebra.PeriodIso.cornerRepresentable_ring_projective' depends on axioms: [propext,
 Classical.choice,
 Quot.sound]
'ASGinzburg.ZAlgebra.PeriodIso.cornerFiniteRepresentableSum_ring_projective' depends on axioms: [propext,
 Classical.choice,
 Quot.sound]
'ASGinzburg.ZAlgebra.PeriodIso.cornerFiniteProjective_ring_projective' depends on axioms: [propext,
 Classical.choice,
 Quot.sound]
'ASGinzburg.ZAlgebra.ASRegular.cutOrdinarySimple' depends on axioms: [propext, Classical.choice, Quot.sound]
'ASGinzburg.ZAlgebra.ASRegular.cutCornerResolution_ring_projective' depends on axioms: [propext,
 Classical.choice,
 Quot.sound]
'ASGinzburg.ZAlgebra.ASRegular.cutOrdinarySimpleProjectiveResolution' depends on axioms: [propext,
 Classical.choice,
 Quot.sound]
'ASGinzburg.ZAlgebra.ASRegular.cutOrdinarySimpleProjectiveResolution_finite' depends on axioms: [propext,
 Classical.choice,
 Quot.sound]
'ASGinzburg.ZAlgebra.ASRegular.cutOrdinarySimpleProjectiveResolution_isZero_ge_four' depends on axioms: [propext,
 Classical.choice,
 Quot.sound]
'ASGinzburg.ZAlgebra.ASRegular.cutOrdinarySimple_hasProjectiveDimensionLE_three' depends on axioms: [propext,
 Classical.choice,
 Quot.sound]
'ASGinzburg.ZAlgebra.ASRegular.cutOrdinarySimple_ext_ge_four_eq_zero' depends on axioms: [propext,
 Classical.choice,
 Quot.sound]
'ASGinzburg.ZAlgebra.ASRegular.cutOrdinarySimple_space_finrank' depends on axioms: [propext,
 Classical.choice,
 Quot.sound]
'ASGinzburg.ZAlgebra.ASRegular.cutOrdinarySimple_simple' depends on axioms: [propext, Classical.choice, Quot.sound]
'ASGinzburg.ZAlgebra.PeriodIso.cutVertexRightModule' depends on axioms: [propext, Classical.choice, Quot.sound]
'ASGinzburg.ZAlgebra.PeriodIso.cutVertexRightScalarTower' depends on axioms: [propext, Classical.choice, Quot.sound]
'ASGinzburg.ZAlgebra.PeriodIso.cutVertexRight_isSimple' depends on axioms: [propext, Classical.choice, Quot.sound]
'ASGinzburg.ZAlgebra.PeriodIso.cornerSimpleTotalFieldEquiv' depends on axioms: [propext, Classical.choice, Quot.sound]
'ASGinzburg.ZAlgebra.PeriodIso.cornerSimpleTotal_vertex_action' depends on axioms: [propext,
 Classical.choice,
 Quot.sound]
'ASGinzburg.ZAlgebra.PeriodIso.cornerSimpleTotal_positive_action' depends on axioms: [propext,
 Classical.choice,
 Quot.sound]
'ASGinzburg.ZAlgebra.PeriodIso.cornerSimpleCharacter' depends on axioms: [propext, Classical.choice, Quot.sound]
'ASGinzburg.ZAlgebra.PeriodIso.cornerSimpleCharacter_eq_vertex' depends on axioms: [propext,
 Classical.choice,
 Quot.sound]
'ASGinzburg.ZAlgebra.PeriodIso.cornerSimpleTotalFieldEquiv_right_action' depends on axioms: [propext,
 Classical.choice,
 Quot.sound]
'ASGinzburg.ZAlgebra.PeriodIso.cornerSimpleVertexRightLinearEquiv' depends on axioms: [propext,
 Classical.choice,
 Quot.sound]
'ASGinzburg.ZAlgebra.PeriodIso.cornerSimpleSheetRightIso' depends on axioms: [propext, Classical.choice, Quot.sound]
'ASGinzburg.ZAlgebra.ASRegular.cutOrdinarySimpleFieldEquiv' depends on axioms: [propext, Classical.choice, Quot.sound]
'ASGinzburg.ZAlgebra.ASRegular.cutOrdinarySimpleFieldEquiv_smul' depends on axioms: [propext,
 Classical.choice,
 Quot.sound]
'ASGinzburg.ZAlgebra.ASRegular.cutOrdinarySimpleVertexLinearEquiv' depends on axioms: [propext,
 Classical.choice,
 Quot.sound]
'ASGinzburg.ZAlgebra.ASRegular.cutOrdinarySimpleSheetIso' depends on axioms: [propext, Classical.choice, Quot.sound]
'ASGinzburg.ZAlgebra.PeriodIso.cornerRepresentableGenerator_ne_zero' depends on axioms: [propext,
 Classical.choice,
 Quot.sound]
'ASGinzburg.ZAlgebra.PeriodIso.cornerGradedRepresentable_grade_eq_bot_of_lt' depends on axioms: [propext,
 Classical.choice,
 Quot.sound]
'ASGinzburg.ZAlgebra.PeriodIso.cornerGradedRepresentable_ringModule_not_isZero' depends on axioms: [propext,
 Classical.choice,
 Quot.sound]
'ASGinzburg.ZAlgebra.ASRegular.cutGradedSimpleProjectiveResolution_topTerm_eq' depends on axioms: [propext,
 Classical.choice,
 Quot.sound]
'ASGinzburg.ZAlgebra.ASRegular.cutOrdinarySimpleProjectiveResolution_topTerm_eq' depends on axioms: [propext,
 Classical.choice,
 Quot.sound]
'ASGinzburg.ZAlgebra.ASRegular.cutGradedSimpleProjectiveResolution_topTerm_grade_lower_bound' depends on axioms: [propext,
 Classical.choice,
 Quot.sound]
'ASGinzburg.ZAlgebra.ASRegular.cutOrdinarySimpleProjectiveResolution_topTerm_not_isZero' depends on axioms: [propext,
 Classical.choice,
 Quot.sound]
'ASGinzburg.ZAlgebra.ASRegular.cutOrdinarySimpleTopTensor_not_isZero' depends on axioms: [propext,
 Classical.choice,
 Quot.sound]
'ASGinzburg.moduleCatHomUniverseHasExt' depends on axioms: [propext, Classical.choice, Quot.sound]
