work/ASGinzburgDraft/FiniteHomogeneousComponents.lean:29:32: error: failed to synthesize
  (i : ?m.110 → Prop) → Zero (Subtype i)

Hint: Additional diagnostic information may be available using the `set_option diagnostics true` command.
work/ASGinzburgDraft/FiniteHomogeneousComponents.lean:29:63: error: Application type mismatch: The argument
  hq
has type
  q ∉ DFinsupp.support ((DirectSum.decompose G) (x i))
but is expected to have type
  ?m.111 ∉ DFinsupp.support ?m.117
in the application
  DFinsupp.notMem_support_iff.mp hq
work/ASGinzburgDraft/FiniteHomogeneousComponents.lean:22:47: error: stuck at solving universe constraint
  ?u.7303+1 =?= max 1 ?u.7295
while trying to unify
  Eq.{max 1 ?u.7295} (DFunLike.coe.{max (?u.7304 + 1) (?u.7303 + 1), ?u.7304 + 1, ?u.7303 + 1} ?m.117 ?m.111)
    (OfNat.ofNat.{?u.7303} 0) : Prop
with
  Eq.{?u.7303 + 1} (DFunLike.coe.{max (?u.7304 + 1) (?u.7303 + 1), ?u.7304 + 1, ?u.7303 + 1} ?m.117 ?m.111)
    (OfNat.ofNat.{?u.7303} 0) : Prop
work/ASGinzburgDraft/FiniteHomogeneousComponents.lean:22:47: error: stuck at solving universe constraint
  ?u.7304+1 =?= max 1 ?u.7295
while trying to unify
  Eq.{max 1 ?u.7295} (DFunLike.coe.{max (?u.7304 + 1) (?u.7303 + 1), ?u.7304 + 1, ?u.7303 + 1} ?m.117 ?m.111) 0 : Prop
with
  DFunLike.coe.{max (?u.7304 + 1) (?u.7303 + 1), ?u.7304 + 1, ?u.7303 + 1} ?m.117 ?m.111 = 0 : Prop
work/ASGinzburgDraft/FiniteHomogeneousComponents.lean:22:44: error: stuck at solving universe constraint
  ?u.7303+1 =?= max 1 ?u.7295
while trying to unify
  Eq.{max 1 ?u.7295} (DFunLike.coe.{max (?u.7304 + 1) (?u.7303 + 1), ?u.7304 + 1, ?u.7303 + 1} ?m.117 ?m.111)
    (OfNat.ofNat.{?u.7303} 0) : Prop
with
  Eq.{?u.7303 + 1} (DFunLike.coe.{max (?u.7304 + 1) (?u.7303 + 1), ?u.7304 + 1, ?u.7303 + 1} ?m.117 ?m.111)
    (OfNat.ofNat.{?u.7303} 0) : Prop
work/ASGinzburgDraft/FiniteHomogeneousComponents.lean:22:44: error: stuck at solving universe constraint
  ?u.7304+1 =?= max 1 ?u.7295
while trying to unify
  Eq.{max 1 ?u.7295} (DFunLike.coe.{max (?u.7304 + 1) (?u.7303 + 1), ?u.7304 + 1, ?u.7303 + 1} ?m.117 ?m.111) 0 : Prop
with
  DFunLike.coe.{max (?u.7304 + 1) (?u.7303 + 1), ?u.7304 + 1, ?u.7303 + 1} ?m.117 ?m.111 = 0 : Prop
