⚠ [3398/3757] Replayed ASGinzburg.PathAlgebra
warning: ASGinzburg/PathAlgebra.lean:97:42: This simp argument is unused:
  LinearMap.add_apply

Hint: Omit it from the simp argument list.
  simp [map_add, L̵i̵n̵e̵a̵r̵M̵a̵p̵.̵a̵d̵d̵_̵a̵p̵p̵l̵y̵,̵ ̵ih, ih']

Note: This linter can be disabled with `set_option linter.unusedSimpArgs false`
✔ [3536/4069] Built ASGinzburg.UnrolledJacobianLiftIdeal (4.5s)
✔ [3537/4089] Built ASGinzburg.GinzburgTotalHomologyZero (5.8s)
✔ [3581/4089] Built ASGinzburg.PathJacobianHomogeneousContexts (7.2s)
✔ [3582/4089] Built ASGinzburg.GinzburgCutHomologyZero (9.8s)
✔ [3598/4090] Built ASGinzburg.TotalModuleRepresentations (10s)
✔ [3619/4132] Built ASGinzburg.ASPathKernelHeights (7.4s)
✔ [3623/4132] Built ASGinzburg.GinzburgZeroProducts (9.0s)
✔ [3626/4132] Built ASGinzburg.UnrolledIdealProductHeights (11s)
✔ [3629/4132] Built ASGinzburg.GinzburgAugmentation (8.7s)
✔ [3630/4213] Built ASGinzburg.UnrolledJacobianContexts (12s)
✔ [3652/4279] Built ASGinzburg.GinzburgCutAugmentation (11s)
✔ [3655/4279] Built ASGinzburg.ZeroSheetPathReindexing (10s)
✔ [3658/4279] Built ASGinzburg.ASArrowRelationProducts (8.7s)
✔ [3660/4279] Built ASGinzburg.GinzburgCutZeroProducts (16s)
✔ [3662/4279] Built ASGinzburg.RegularTotalAlgebra (22s)
✔ [3676/4302] Built ASGinzburg.BetweenSheetJacobianIdeals (11s)
✔ [3686/4302] Built ASGinzburg.GinzburgBoundaryLengthSupport (6.3s)
✔ [3689/4303] Built ASGinzburg.UnrolledSheetShiftErasure (7.3s)
✔ [3690/4303] Built ASGinzburg.AlgebraEnvelopingRegularModule (5.2s)
✔ [3692/4303] Built ASGinzburg.ZeroCutFoundationRingEquiv (6.3s)
✔ [3693/4303] Built ASGinzburg.LocallyUnitalModules (33s)
✔ [3696/4303] Built ASGinzburg.ASArrowRelationPreimageSpan (4.6s)
✔ [3697/4303] Built ASGinzburg.BalancedTensorSpace (3.6s)
✔ [3706/4311] Built ASGinzburg.GinzburgZeroQuotientProducts (34s)
✔ [3707/4311] Built ASGinzburg.GinzburgCutLeftAction (9.1s)
✔ [3709/4311] Built ASGinzburg.BalancedTensorHom (8.2s)
✔ [3710/4311] Built ASGinzburg.JacobianUnrollingQuotient (10s)
✔ [3714/4311] Built ASGinzburg.ZAlgebraFixedRightModuleEquivalence (10s)
✔ [3715/4311] Built ASGinzburg.ZAlgebraRightModuleSimples (11s)
✔ [3716/4311] Built ASGinzburg.UnrolledJacobianSheetShift (6.4s)
✔ [3717/4311] Built ASGinzburg.FoundationRingPresheaves (7.4s)
✔ [3719/4311] Built ASGinzburg.UnrolledJacobianRelationShifts (4.9s)
✔ [3721/4311] Built ASGinzburg.AlgebraEnvelopingScalars (5.2s)
✔ [3722/4311] Built ASGinzburg.AlgebraEnvelopingBimoduleMaps (8.0s)
✔ [3723/4311] Built ASGinzburg.JacobianCutQuotientProducts (32s)
✔ [3724/4311] Built ASGinzburg.AlgebraEnvelopingTensorRightModule (11s)
✔ [3726/4311] Built ASGinzburg.GinzburgCutZeroQuotientProducts (41s)
✔ [3727/4311] Built ASGinzburg.UnrolledPositiveIdealSupport (9.2s)
✔ [3737/4312] Built ASGinzburg.BalancedTensorUniversal (11s)
✔ [3739/4312] Built ASGinzburg.MapProjectiveResolutionOfTerms (7.3s)
✔ [3740/4312] Built ASGinzburg.FiniteBiproductProjectiveDimension (7.9s)
✔ [3741/4312] Built ASGinzburg.TotalModuleFunctors (29s)
✔ [3742/4312] Built ASGinzburg.GinzburgUnrolledAugmentation (5.0s)
✔ [3743/4312] Built ASGinzburg.OneDimensionalRightRepresentationCharacter (12s)
✔ [3744/4312] Built ASGinzburg.ZAlgebraFixedRepresentables (5.0s)
✔ [3745/4312] Built ASGinzburg.ZAlgebraConjugateModuleMorphisms (8.9s)
✔ [3746/4312] Built ASGinzburg.GinzburgHomologyZeroProducts (16s)
✔ [3749/4314] Built ASGinzburg.JacobianOriginSheet (11s)
✔ [3750/4314] Built ASGinzburg.ZAlgebraRightModuleVertexExt (6.0s)
✔ [3751/4314] Built ASGinzburg.GinzburgCutHomologyNaturality (19s)
✔ [3752/4314] Built ASGinzburg.UnrolledPathIntegerSheetShift (6.1s)
✔ [3753/4314] Built ASGinzburg.FoundationRingComponentMaps (8.2s)
✔ [3754/4314] Built ASGinzburg.OppositeBetweenSheetPaths (8.3s)
✔ [3755/4314] Built ASGinzburg.GinzburgCutZeroQuotientTransports (9.3s)
✔ [3756/4314] Built ASGinzburg.DirectedRelationGeneration (4.9s)
✔ [3757/4314] Built ASGinzburg.AlgebraEnvelopingTensorRightMaps (12s)
✔ [3758/4314] Built ASGinzburg.BalancedTensorLeftUnit (4.3s)
✔ [3759/4314] Built ASGinzburg.JacobianUnrollingProducts (22s)
✔ [3769/4314] Built ASGinzburg.BalancedTensorSwap (8.0s)
✔ [3771/4314] Built ASGinzburg.BalancedTensorLeftMaps (8.1s)
✔ [3772/4314] Built ASGinzburg.GinzburgCutHomologyZeroProducts (20s)
✔ [3773/4314] Built ASGinzburg.BalancedTensorRightMaps (6.4s)
✔ [3774/4314] Built ASGinzburg.ASResolutionTransportTerms (7.5s)
✔ [3777/4321] Built ASGinzburg.ZAlgebraFixedSimples (9.4s)
✔ [3780/4321] Built ASGinzburg.BalancedTensorEnvelopingComparison (23s)
✔ [3781/4321] Built ASGinzburg.GinzburgAugmentationHeight (6.2s)
✔ [3787/4321] Built ASGinzburg.UnrolledJacobianErasureEquality (7.5s)
✔ [3788/4321] Built ASGinzburg.MinimalPresentationBasisChange (6.7s)
✔ [3789/4321] Built ASGinzburg.TotalModuleFullness (22s)
✔ [3790/4321] Built ASGinzburg.GinzburgJacobianProducts (16s)
✔ [3791/4321] Built ASGinzburg.BalancedTensorMinimalMaps (6.0s)
✔ [3792/4321] Built ASGinzburg.BalancedTensorLeftFunctor (4.9s)
✔ [3793/4321] Built ASGinzburg.BalancedTensorSwapNaturality (4.3s)
✔ [3794/4321] Built ASGinzburg.BalancedTensorRightMapLaws (7.1s)
✔ [3795/4321] Built ASGinzburg.GinzburgGeneratorLayerBasis (4.9s)
✔ [3798/4321] Built ASGinzburg.ASResolutionTransport (6.4s)
✔ [3800/4321] Built ASGinzburg.GinzburgCutCochainClasses (13s)
✔ [3801/4321] Built ASGinzburg.GinzburgGeneratorFilteredComplex (6.9s)
✔ [3806/4321] Built ASGinzburg.GinzburgAugmentationHeightHomology (4.7s)
✔ [3807/4321] Built ASGinzburg.ScalarQuotientVertexDecomposition (8.3s)
✔ [3808/4321] Built ASGinzburg.UnrolledJacobianIntegerSheetShift (4.6s)
✔ [3809/4321] Built ASGinzburg.BalancedTensorEnvelopingNaturality (14s)
✔ [3810/4321] Built ASGinzburg.ASArrowRelationsRadicalImage (8.8s)
✔ [3811/4321] Built ASGinzburg.BalancedTensorMinimalComplex (8.6s)
✔ [3812/4321] Built ASGinzburg.GinzburgHomologyUnits (12s)
✔ [3813/4321] Built ASGinzburg.BalancedTensorHomEquiv (10s)
✔ [3814/4321] Built ASGinzburg.GinzburgCutJacobianProducts (40s)
✔ [3817/4321] Built ASGinzburg.BalancedTensorRightFunctor (8.6s)
✔ [3818/4321] Built ASGinzburg.GinzburgLastGeneratorDifferential (9.6s)
✔ [3820/4321] Built ASGinzburg.GinzburgGeneratorPrefixComplex (13s)
✔ [3821/4321] Built ASGinzburg.GinzburgAugmentationRadical (4.8s)
✔ [3822/4321] Built ASGinzburg.ASCoverKernelRelationIdeal (7.3s)
✔ [3823/4321] Built ASGinzburg.FoundationTotalModules (10s)
✔ [3824/4321] Built ASGinzburg.ScalarQuotientProjectiveDimension (4.9s)
✔ [3825/4321] Built ASGinzburg.GinzburgAssociatedGradedComplex (16s)
✔ [3826/4321] Built ASGinzburg.BalancedTensorHomMaps (6.3s)
✔ [3827/4321] Built ASGinzburg.GinzburgHomologyRing (8.6s)
✔ [3828/4321] Built ASGinzburg.GinzburgCutHomologyUnits (8.1s)
✔ [3829/4321] Built ASGinzburg.ScalarProductSeparability (6.5s)
✔ [3830/4321] Built ASGinzburg.UnitizationComponentActions (53s)
✔ [3831/4321] Built ASGinzburg.OppositeGinzburgPathDifferential (10s)
✔ [3832/4321] Built ASGinzburg.ASRelationKernelHeightEquiv (7.3s)
✔ [3833/4321] Built ASGinzburg.GinzburgGeneratorPrefixHomology (9.9s)
✔ [3834/4321] Built ASGinzburg.GinzburgCutQuotientUnrolledProducts (19s)
✔ [3835/4321] Built ASGinzburg.FoundationTotalFunctor (5.2s)
✔ [3836/4321] Built ASGinzburg.FoundationTotalScalarComparison (8.2s)
✔ [3837/4321] Built ASGinzburg.BalancedTensorHomFunctor (4.6s)
✔ [3838/4321] Built ASGinzburg.GinzburgHomologyZAlgebra (6.3s)
✔ [3839/4321] Built ASGinzburg.GinzburgGeneratorLayerClasses (12s)
✔ [3840/4321] Built ASGinzburg.OppositeGinzburgHomogeneousDifferential (12s)
✔ [3841/4321] Built ASGinzburg.ASFirstKernelRadicalPreimage (14s)
✔ [3842/4321] Built ASGinzburg.GinzburgGeneratorLayerCoefficients (10s)
✔ [3843/4321] Built ASGinzburg.GinzburgGeneratorPrefixTopQuotient (21s)
✔ [3844/4321] Built ASGinzburg.GinzburgCutRepresentableNaturality (16s)
✔ [3845/4321] Built ASGinzburg.GinzburgCutZeroClassSurjectivity (10s)
✔ [3846/4321] Built ASGinzburg.ASRelationArrowQuotient (32s)
✔ [3847/4321] Built ASGinzburg.FoundationTotalFunctorFaithful (9.4s)
✔ [3848/4321] Built ASGinzburg.BalancedTensorAdjunction (4.0s)
✔ [3849/4321] Built ASGinzburg.FoundationRingComponentSum (8.3s)
✔ [3850/4321] Built ASGinzburg.GinzburgGeneratorShiftAppend (8.4s)
✔ [3851/4321] Built ASGinzburg.OppositeJacobianIdeal (7.5s)
✔ [3852/4321] Built ASGinzburg.OppositeGinzburgSignedEquiv (7.4s)
✔ [3853/4321] Built ASGinzburg.ASMinimalRelationDenominator (6.3s)
✔ [3854/4321] Built ASGinzburg.GinzburgPrefixLengthSupport (5.8s)
✔ [3855/4321] Built ASGinzburg.ASRelationQuotientRepresentatives (9.8s)
✔ [3856/4321] Built ASGinzburg.FoundationTotalComponentActions (10s)
✔ [3857/4321] Built ASGinzburg.BalancedTensorLeftAdjunction (4.7s)
✔ [3858/4321] Built ASGinzburg.GinzburgGeneratorPrefixDifferentialCoefficients (20s)
✔ [3859/4321] Built ASGinzburg.GinzburgPrefixHomologyClasses (24s)
✔ [3860/4321] Built ASGinzburg.BalancedTensorTor (9.2s)
✔ [3861/4321] Built ASGinzburg.OppositeGinzburgCochainIso (6.9s)
✔ [3862/4321] Built ASGinzburg.GinzburgGeneratorLayerComparison (15s)
✔ [3863/4321] Built ASGinzburg.OppositeJacobianCutQuotient (10s)
✔ [3864/4321] Built ASGinzburg.FoundationComponentSumActions (7.0s)
✔ [3865/4321] Built ASGinzburg.FoundationTotalComponentEquiv (7.9s)
✔ [3866/4321] Built ASGinzburg.BalancedTensorTorResolution (6.8s)
✔ [3867/4321] Built ASGinzburg.ASMinimalRelationKernelTopEquiv (21s)
✔ [3868/4321] Built ASGinzburg.OppositeBetweenSheetJacobian (31s)
✔ [3869/4321] Built ASGinzburg.GinzburgGeneratorAppendCoefficients (5.5s)
✔ [3870/4321] Built ASGinzburg.GinzburgGeneratorPrefixBoundaryFamily (16s)
✔ [3871/4321] Built ASGinzburg.FoundationTotalRecoveryIso (4.3s)
✔ [3872/4321] Built ASGinzburg.FoundationComponentSumModuleIso (8.1s)
✔ [3873/4321] Built ASGinzburg.BalancedTensorTorLeft (10s)
✔ [3874/4321] Built ASGinzburg.ASMinimalRelationSupport (13s)
✔ [3875/4321] Built ASGinzburg.GinzburgGeneratorLayerInverse (11s)
✔ [3876/4321] Built ASGinzburg.FoundationTotalUnitIso (8.2s)
✔ [3877/4321] Built ASGinzburg.UnitizationComponentModules (121s)
✔ [3878/4321] Built ASGinzburg.FoundationRingCounitIso (6.4s)
✔ [3879/4321] Built ASGinzburg.OppositeUnrolledJacobianHom (31s)
✔ [3880/4321] Built ASGinzburg.BalancedTensorTorMinimalResolution (29s)
✔ [3881/4321] Built ASGinzburg.GinzburgGeneratorLayerHomology (32s)
✔ [3882/4321] Built ASGinzburg.FoundationRingEquivalence (9.2s)
✔ [3883/4321] Built ASGinzburg.ASMinimalRelationAllComponents (39s)
✔ [3884/4321] Built ASGinzburg.GinzburgJacobianPathClasses (11s)
✔ [3885/4321] Built ASGinzburg.OppositeReflectedJacobianComponents (13s)
✔ [3886/4321] Built ASGinzburg.GinzburgGradedPrefixInverse (13s)
✔ [3887/4321] Built ASGinzburg.GinzburgGeneratorLayerConcentration (6.3s)
✔ [3888/4321] Built ASGinzburg.GinzburgGeneratorPrefixJacobian (22s)
✔ [3889/4321] Built ASGinzburg.FoundationRingEquivalenceLinear (5.8s)
✔ [3890/4321] Built ASGinzburg.OppositeReflectedJacobianIso (5.2s)
✔ [3891/4321] Built ASGinzburg.GinzburgFilteredPrefixCoefficients (5.0s)
✔ [3892/4321] Built ASGinzburg.UnitizationComponentFunctors (55s)
✔ [3893/4321] Built ASGinzburg.GinzburgGeneratorLayerAugmentation (5.7s)
✔ [3894/4321] Built ASGinzburg.FoundationRingSimpleResolution (4.0s)
✔ [3895/4321] Built ASGinzburg.FoundationRingExtComparison (4.1s)
✔ [3896/4321] Built ASGinzburg.OppositeJacobianLinearEquivalence (6.2s)
✔ [3897/4321] Built ASGinzburg.FoundationRingSimpleExtBounds (3.5s)
✔ [3898/4321] Built ASGinzburg.UnitizationComponentSums (77s)
✔ [3899/4321] Built ASGinzburg.GinzburgGeneratorFiltrationShortExact (6.8s)
✔ [3900/4321] Built ASGinzburg.ASFoundationMinimalRelationBasis (24s)
✔ [3901/4321] Built ASGinzburg.OppositeJacobianExactness (5.5s)
✔ [3902/4321] Built ASGinzburg.GinzburgGeneratorFiltrationHomologySequence (9.4s)
✔ [3903/4321] Built ASGinzburg.OppositeJacobianRepresentables (7.7s)
✔ [3904/4321] Built ASGinzburg.GinzburgFilteredLeftAction (10s)
✔ [3905/4321] Built ASGinzburg.ASRegularMinimalRelationBasis (18s)
✔ [3906/4321] Built ASGinzburg.OppositeJacobianModuleComponents (10s)
✔ [3907/4321] Built ASGinzburg.GinzburgGeneratorFilteredAugmentation (11s)
✔ [3908/4321] Built ASGinzburg.GinzburgGeneratorFiltrationSyzygy (5.3s)
✔ [3909/4321] Built ASGinzburg.ASRegularRelationRepresentatives (7.4s)
✔ [3910/4321] Built ASGinzburg.GinzburgAssociatedLeftAction (17s)
✔ [3911/4321] Built ASGinzburg.GinzburgAugmentationLeftAction (7.0s)
✔ [3912/4321] Built ASGinzburg.ASFoundationRelationIdeal (5.4s)
✔ [3913/4321] Built ASGinzburg.ASFoundationRelationNative (4.6s)
✔ [3914/4321] Built ASGinzburg.GinzburgGeneratorUpperFiltration (8.0s)
✔ [3915/4321] Built ASGinzburg.GinzburgFiltrationLeftNaturality (6.2s)
✔ [3916/4321] Built ASGinzburg.ASFoundationRelationDescent (3.8s)
✔ [3917/4321] Built ASGinzburg.ASFoundationFullRelations (5.7s)
✔ [3918/4321] Built ASGinzburg.GinzburgOriginalFilteredPrefixes (5.7s)
✔ [3919/4321] Built ASGinzburg.ASFoundationPotential (4.0s)
✔ [3920/4321] Built ASGinzburg.GinzburgGeneratorCoefficientIndices (7.4s)
✔ [3921/4321] Built ASGinzburg.LocallyUnitalEquivalence (44s)
✔ [3922/4321] Built ASGinzburg.GinzburgGeneratorFiltrationKernel (6.4s)
✔ [3923/4321] Built ASGinzburg.GinzburgOriginalPrefixCoefficients (5.1s)
✔ [3924/4321] Built ASGinzburg.ASFoundationPotentialDerivatives (6.1s)
✔ [3925/4321] Built ASGinzburg.ASFoundationRingPresentation (6.9s)
✔ [3926/4321] Built ASGinzburg.GinzburgProjectiveTermComponents (5.8s)
✔ [3927/4321] Built ASGinzburg.GinzburgGeneratorFiltrationRadical (5.9s)
✔ [3928/4321] Built ASGinzburg.ASFoundationDerivativeUnrolling (6.1s)
✔ [3929/4321] Built ASGinzburg.GinzburgFirstProjectiveHomologyMap (7.4s)
✔ [3930/4321] Built ASGinzburg.GinzburgGeneratorFiltrationCokernel (7.9s)
✔ [3931/4321] Built ASGinzburg.GinzburgAugmentationHomologyNaturality (6.7s)
✔ [3932/4321] Built ASGinzburg.ASFoundationRelationRingQuotient (13s)
✔ [3933/4321] Built ASGinzburg.LocallyUnitalAbelian (15s)
✔ [3934/4321] Built ASGinzburg.ASFoundationDerivativeClasses (6.8s)
✔ [3935/4321] Built ASGinzburg.GinzburgDualOriginalRepresentatives (38s)
✔ [3936/4321] Built ASGinzburg.GinzburgGeneratorHomologyComplex (40s)
✔ [3937/4321] Built ASGinzburg.GinzburgAugmentationRadicalNaturality (41s)
✔ [3938/4321] Built ASGinzburg.GinzburgGeneratorDifferentialNaturality (49s)
✔ [3939/4321] Built ASGinzburg.ASFoundationRingRelationGeneration (12s)
✔ [3940/4321] Built ASGinzburg.GinzburgDualLayerDifferential (7.9s)
✔ [3941/4321] Built ASGinzburg.ASFoundationZeroCutPresentation (49s)
✔ [3942/4321] Built ASGinzburg.GinzburgASComponentDifferentials (8.1s)
✔ [3943/4321] Built ASGinzburg.LocallyUnitalExtComparison (13s)
✔ [3944/4321] Built ASGinzburg.GinzburgDualArrowRepresentative (6.0s)
✔ [3945/4321] Built ASGinzburg.GinzburgLoopLayerDifferential (8.8s)
✔ [3946/4321] Built ASGinzburg.GinzburgPrefixLeftAction (9.5s)
✔ [3947/4321] Built ASGinzburg.ASZeroCutRelationComparison (7.2s)
✔ [3948/4321] Built ASGinzburg.GinzburgASComponentExactness (7.2s)
✔ [3949/4321] Built ASGinzburg.GinzburgDualArrowHessianPrefixes (6.5s)
✔ [3950/4321] Built ASGinzburg.GinzburgLoopArrowRepresentative (7.2s)
✔ [3951/4321] Built ASGinzburg.LeftModuleExtSequence (11s)
✔ [3952/4321] Built ASGinzburg.LocallyUnitalExtNaturality (10s)
✔ [3953/4321] Built ASGinzburg.GinzburgLoopDualClassFormula (7.8s)
✔ [3954/4321] Built ASGinzburg.GinzburgPrefixTopNaturality (7.7s)
✔ [3955/4321] Built ASGinzburg.ASZeroCutRingRelationGenerators (5.4s)
✔ [3956/4321] Built ASGinzburg.GinzburgDualArrowHessianMatrix (5.4s)
✔ [3957/4321] Built ASGinzburg.GinzburgLoopArrowDualPrefixes (9.9s)
✔ [3958/4321] Built ASGinzburg.LeftModuleExtNaturalSequence (10s)
✔ [3959/4321] Built ASGinzburg.GinzburgPrefixComparisonNaturality (21s)
✔ [3960/4321] Built ASGinzburg.GinzburgPrefixFamilyClasses (16s)
✔ [3961/4321] Built ASGinzburg.RegularRightModule (29s)
✔ [3962/4321] Built ASGinzburg.ASZeroCutRelationGeneration (17s)
✔ [3963/4321] Built ASGinzburg.GinzburgASComponentComplex (40s)
✔ [3964/4321] Built ASGinzburg.GinzburgPrefixTopHomologyNaturality (25s)
✔ [3965/4321] Built ASGinzburg.LeftModuleExtRightSequence (8.3s)
✔ [3966/4321] Built ASGinzburg.GinzburgLayerHomologyNaturality (6.9s)
✔ [3967/4321] Built ASGinzburg.RegularLeftMultiplication (11s)
✔ [3968/4321] Built ASGinzburg.ASFoundationJacobianRingEquiv (11s)
✔ [3969/4321] Built ASGinzburg.ExtComponentContravariance (12s)
✔ [3970/4321] Built ASGinzburg.LeftHomColimits (26s)
✔ [3971/4321] Built ASGinzburg.GinzburgPrefixFixedCoefficients (17s)
✔ [3972/4321] Built ASGinzburg.ASLeftExtReciprocity (14s)
✔ [3973/4321] Built ASGinzburg.ExtComponentShortExact (13s)
✔ [3974/4321] Built ASGinzburg.LeftRegularCoproduct (13s)
✔ [3975/4321] Built ASGinzburg.GinzburgPrefixFixedCoefficientClasses (12s)
✔ [3976/4321] Built ASGinzburg.LeftResolutionDuality (10s)
✔ [3977/4321] Built ASGinzburg.FiniteDimensionalModules (11s)
✔ [3978/4321] Built ASGinzburg.RightResolutionExtBidual (16s)
✔ [3979/4321] Built ASGinzburg.RegularExtComparison (28s)
✔ [3980/4321] Built ASGinzburg.GinzburgNonemptyPrefixHeight (13s)
✔ [3981/4321] Built ASGinzburg.GinzburgPrefixUnitCoefficients (11s)
✔ [3982/4321] Built ASGinzburg.LeftRegularTotalAlgebra (24s)
✔ [3983/4321] Built ASGinzburg.ResolutionExtBoundaryNaturality (16s)
✔ [3984/4321] Built ASGinzburg.GinzburgPrefixFixedProducts (19s)
✔ [3985/4321] Built ASGinzburg.FiniteVertexFiltration (16s)
✔ [3986/4321] Built ASGinzburg.LeftResolutionExtBidual (19s)
✔ [3987/4321] Built ASGinzburg.FiniteProjectivePresentations (20s)
✔ [3988/4321] Built ASGinzburg.RegularExtLeftModule (17s)
✔ [3989/4321] Built ASGinzburg.ASFiniteDimensionalResolutionLength (6.5s)
✔ [3990/4321] Built ASGinzburg.RegularLeftModule (25s)
✔ [3991/4321] Built ASGinzburg.FiniteDimensionalExtConcentration (8.3s)
✔ [3992/4321] Built ASGinzburg.FiniteDimensionalProjectiveDimension (12s)
✔ [3993/4321] Built ASGinzburg.RightSingleSupportIsomorphism (8.4s)
✔ [3994/4321] Built ASGinzburg.GinzburgPrefixFixedFamilyAction (23s)
✔ [3995/4321] Built ASGinzburg.DualResolutionComparisonMaps (29s)
✔ [3996/4321] Built ASGinzburg.SmallVectorDuality (11s)
✔ [3997/4321] Built ASGinzburg.FiniteProjectiveResolutionExtColimits (12s)
✔ [3998/4321] Built ASGinzburg.ASFiniteDimensionalProjectiveResolution (7.4s)
✔ [3999/4321] Built ASGinzburg.RegularRightMultiplication (8.2s)
✔ [4000/4321] Built ASGinzburg.FiniteDimensionalExtDuality (10s)
✔ [4001/4321] Built ASGinzburg.LeftRegularExtComparison (10s)
✔ [4002/4321] Built ASGinzburg.OppositeJacobianSimpleModules (8.1s)
✔ [4003/4321] Built ASGinzburg.GinzburgPrefixFixedQuotientCoordinates (10s)
✔ [4004/4321] Built ASGinzburg.GinzburgFixedHomologyNaturality (16s)
✔ [4005/4321] Built ASGinzburg.DirectSumDuality (11s)
✔ [4006/4321] Built ASGinzburg.ResolutionExtBidualNaturality (16s)
✔ [4007/4321] Built ASGinzburg.LeftFiniteExtColimits (12s)
✔ [4008/4321] Built ASGinzburg.FiniteDimensionalExtBidual (6.8s)
✔ [4009/4321] Built ASGinzburg.ModuleVectorDuality (19s)
✔ [4010/4321] Built ASGinzburg.FiniteDiagramClosureMaps (5.9s)
✔ [4011/4321] Built ASGinzburg.GinzburgGeneratorProjectiveModules (4.6s)
✔ [4012/4321] Built ASGinzburg.FiniteDimensionalExtEquivalence (8.5s)
✔ [4013/4321] Built ASGinzburg.OppositeJacobianFiniteProjectives (15s)
✔ [4014/4321] Built ASGinzburg.TotalVectorDuality (14s)
✔ [4015/4321] Built ASGinzburg.SimpleVectorDuality (8.5s)
✔ [4016/4321] Built ASGinzburg.FiniteDimensionalVectorDuality (12s)
✔ [4017/4321] Built ASGinzburg.LeftFiniteRegularExtComparison (36s)
✔ [4018/4321] Built ASGinzburg.GinzburgProjectiveBasisYoneda (11s)
✔ [4019/4321] Built ASGinzburg.GinzburgPrefixFamilyUnits (19s)
✔ [4020/4321] Built ASGinzburg.FiniteDimensionalRegularExtComparison (47s)
✔ [4021/4321] Built ASGinzburg.GinzburgGeneratorProjectiveTerms (7.4s)
✔ [4022/4321] Built ASGinzburg.GinzburgLayerProjectiveNaturality (9.9s)
✔ [4023/4321] Built ASGinzburg.GinzburgOppositeDualIndices (12s)
✔ [4024/4321] Built ASGinzburg.GinzburgGeneratorLoopProjective (14s)
✔ [4025/4321] Built ASGinzburg.TotalVectorDualActions (24s)
✔ [4026/4321] Built ASGinzburg.GinzburgUpperProjectiveNaturality (6.1s)
✔ [4027/4321] Built ASGinzburg.GinzburgOppositeConcreteIndices (5.5s)
✔ [4028/4321] Built ASGinzburg.LeftFiniteTotalExt (38s)
✔ [4029/4321] Built ASGinzburg.GinzburgOppositeHomCoordinates (12s)
✔ [4030/4321] Built ASGinzburg.GinzburgLoopHomCoordinates (11s)
✔ [4031/4321] Built ASGinzburg.GinzburgLayerHomologyClasses (24s)
✔ [4032/4321] Built ASGinzburg.GinzburgGeneratorUnitHomologyClasses (6.5s)
✔ [4033/4321] Built ASGinzburg.GinzburgGeneratorUnitRepresentatives (4.3s)
✔ [4034/4321] Built ASGinzburg.GinzburgProjectiveConnectingComponents (13s)
✔ [4035/4321] Built ASGinzburg.GinzburgUpperHomologyClasses (15s)
✔ [4036/4321] Built ASGinzburg.GinzburgProjectiveConnectingNaturality (5.0s)
✔ [4037/4321] Built ASGinzburg.FiniteDimensionalAbelian (79s)
✔ [4038/4321] Built ASGinzburg.GinzburgProjectiveRadicalComponents (5.5s)
✔ [4039/4321] Built ASGinzburg.GinzburgUpperHomologyRadical (6.9s)
✔ [4040/4321] Built ASGinzburg.GinzburgDualOriginalClassFormula (7.8s)
✔ [4041/4321] Built ASGinzburg.GinzburgProjectiveConnectingMaps (5.3s)
✔ [4042/4321] Built ASGinzburg.FiniteDimensionalNakayama (7.3s)
✔ [4043/4321] Built ASGinzburg.GinzburgProjectiveRadicalMap (6.0s)
✔ [4044/4321] Built ASGinzburg.GinzburgProjectiveConnectingExactness (5.6s)
✔ [4045/4321] Built ASGinzburg.FiniteDimensionalSimpleTranslation (5.4s)
✔ [4046/4321] Built ASGinzburg.GinzburgLoopProjectiveConnectingClasses (11s)
✔ [4047/4321] Built ASGinzburg.GinzburgProjectiveRadicalExactness (6.0s)
✔ [4048/4321] Built ASGinzburg.GinzburgASProjectiveConnectingMaps (4.3s)
✔ [4049/4321] Built ASGinzburg.GinzburgProjectiveConnectingClasses (16s)
✔ [4050/4321] Built ASGinzburg.GinzburgProjectiveRepresentableExactness (7.1s)
✔ [4051/4321] Built ASGinzburg.GinzburgASProjectiveRadicalMaps (5.5s)
✔ [4052/4321] Built ASGinzburg.GinzburgLoopCoefficientRepresentatives (9.3s)
✔ [4053/4321] Built ASGinzburg.GinzburgASEndpointMinimality (7.6s)
✔ [4054/4321] Built ASGinzburg.GinzburgASMiddleMinimality (13s)
✔ [4055/4321] Built ASGinzburg.GinzburgSingleGeneratorProjectiveBasis (11s)
✔ [4056/4321] Built ASGinzburg.GinzburgDualCoefficientRepresentatives (11s)
✔ [4057/4321] Built ASGinzburg.GinzburgASProjectiveExactness (5.2s)
✔ [4058/4321] Built ASGinzburg.FiniteDimensionalWindows (41s)
✔ [4059/4321] Built ASGinzburg.GinzburgProjectiveBasisDifferentials (4.5s)
✔ [4060/4321] Built ASGinzburg.GinzburgMinimalASResolution (3.9s)
✔ [4061/4321] Built ASGinzburg.GinzburgASProjectiveComplex (6.1s)
✔ [4062/4321] Built ASGinzburg.FiniteDimensionalWindowSequences (4.4s)
✔ [4063/4321] Built ASGinzburg.GinzburgSingleGeneratorRepresentatives (4.1s)
✔ [4064/4321] Built ASGinzburg.GinzburgMinimalResolutionExt (4.8s)
✔ [4065/4321] Built ASGinzburg.NakayamaWindowSupport (5.0s)
✔ [4066/4321] Built ASGinzburg.GinzburgUnitFilteredPrefix (5.6s)
✔ [4067/4321] Built ASGinzburg.GinzburgUnitGeneratorDifferentials (4.2s)
✔ [4068/4321] Built ASGinzburg.GinzburgASProjectiveResolution (7.3s)
✔ [4069/4321] Built ASGinzburg.TruncatedRepresentables (7.3s)
✔ [4070/4321] Built ASGinzburg.GinzburgOppositeMinimalResolution (5.6s)
✔ [4071/4321] Built ASGinzburg.NakayamaInverseWindowSupport (5.9s)
✔ [4072/4321] Built ASGinzburg.GinzburgUnitHessianPrefixes (4.7s)
✔ [4073/4321] Built ASGinzburg.GinzburgUnitLoopPrefixes (5.8s)
✔ [4074/4321] Built ASGinzburg.GinzburgOriginalUnitProjectiveClasses (6.4s)
✔ [4075/4321] Built ASGinzburg.GinzburgSimpleFiniteProjectiveResolution (4.9s)
✔ [4076/4321] Built ASGinzburg.GinzburgSimpleProjectiveDimension (5.4s)
✔ [4077/4321] Built ASGinzburg.FiniteWindowProjectives (5.2s)
✔ [4078/4321] Built ASGinzburg.TruncatedRepresentableHom (6.3s)
✔ [4079/4321] Built ASGinzburg.GinzburgLeftSimpleProjectiveResolution (6.9s)
✔ [4080/4321] Built ASGinzburg.GinzburgProjectiveHessianEntries (9.8s)
✔ [4081/4321] Built ASGinzburg.GinzburgProjectiveArrowEntries (9.0s)
✔ [4082/4321] Built ASGinzburg.GinzburgSimpleExtColimits (9.3s)
✔ [4083/4321] Built ASGinzburg.GinzburgFirstProjectiveClasses (10s)
✔ [4084/4321] Built ASGinzburg.NakayamaWindowEquivalence (13s)
✔ [4085/4321] Built ASGinzburg.TruncatedRepresentableRestrictions (5.9s)
✔ [4086/4321] Built ASGinzburg.GinzburgLeftFiniteProjectiveResolution (6.4s)
✔ [4087/4321] Built ASGinzburg.GinzburgProjectiveYonedaEntries (6.6s)
✔ [4088/4321] Built ASGinzburg.GinzburgFirstProjectiveBasis (7.8s)
✔ [4089/4321] Built ASGinzburg.NakayamaWindowProjectives (11s)
✔ [4090/4321] Built ASGinzburg.GinzburgLeftSimpleExtBounds (7.6s)
✔ [4091/4321] Built ASGinzburg.GinzburgGeneratorJacobianEntries (6.6s)
✔ [4092/4321] Built ASGinzburg.TruncatedCoverComponents (9.4s)
✔ [4093/4321] Built ASGinzburg.GinzburgFirstProjectiveYoneda (7.2s)
✔ [4094/4321] Built ASGinzburg.NakayamaWindowComparisons (6.5s)
✔ [4095/4321] Built ASGinzburg.GinzburgArrowPathClasses (4.9s)
✔ [4096/4321] Built ASGinzburg.GinzburgADualMatrixFormulas (7.8s)
✔ [4097/4321] Built ASGinzburg.GinzburgHessianPathClasses (7.0s)
✔ [4098/4321] Built ASGinzburg.GinzburgProjectiveCoordinateFormulas (8.7s)
✔ [4099/4321] Built ASGinzburg.NakayamaUnderlyingMaps (5.8s)
✔ [4100/4321] Built ASGinzburg.GinzburgFirstADualFormula (5.0s)
✔ [4101/4321] Built ASGinzburg.GinzburgHessianOppositeClasses (4.3s)
✔ [4102/4321] Built ASGinzburg.NakayamaRepresentableUnderlying (3.2s)
✔ [4103/4321] Built ASGinzburg.GinzburgEndpointCoordinateValues (6.1s)
✔ [4104/4321] Built ASGinzburg.GinzburgHessianEntryReflection (3.8s)
✔ [4105/4321] Built ASGinzburg.GinzburgArrowOppositeClasses (4.3s)
✔ [4106/4321] Built ASGinzburg.NakayamaWindowNormalization (3.2s)
✔ [4107/4321] Built ASGinzburg.GinzburgIndexedHessianReflection (3.7s)
✔ [4108/4321] Built ASGinzburg.GinzburgIndexedArrowReflection (4.0s)
✔ [4109/4321] Built ASGinzburg.GinzburgOppositeCoordinateValues (5.4s)
✔ [4110/4321] Built ASGinzburg.GinzburgOppositeHessianProducts (4.2s)
✔ [4111/4321] Built ASGinzburg.GinzburgOppositeArrowProducts (4.3s)
✔ [4112/4321] Built ASGinzburg.GinzburgADualHessianComparison (6.4s)
✔ [4113/4321] Built ASGinzburg.GinzburgADualArrowComparison (6.7s)
✔ [4114/4321] Built ASGinzburg.GinzburgADualShortComplexes (7.5s)
✔ [4115/4321] Built ASGinzburg.GinzburgOffDiagonalHomSurjectivity (5.1s)
✔ [4116/4321] Built ASGinzburg.GinzburgNativeHomExactness (7.4s)
✔ [4117/4321] Built ASGinzburg.GinzburgOffDiagonalExtVanishing (3.8s)
✔ [4118/4321] Built ASGinzburg.GinzburgASHomExactness (3.2s)
✔ [4119/4321] Built ASGinzburg.GinzburgLowExtVanishing (4.6s)
✔ [4120/4321] Built ASGinzburg.GinzburgRegularImpliesASRegular (3.8s)
✔ [4121/4321] Built ASGinzburg.NakayamaWindowComponents (66s)
✔ [4122/4321] Built ASGinzburg.NakayamaWindowCoherence (3.2s)
✔ [4123/4321] Built ASGinzburg.ASPeriodicity (2.7s)
✔ [4124/4321] Built ASGinzburg.TrianglePeriodicity (3.9s)
✔ [4125/4321] Built ASGinzburg.PeriodIndecomposableEquiv (4.4s)
✔ [4126/4321] Built ASGinzburg.PeriodIsoIteration (3.1s)
✔ [4127/4321] Built ASGinzburg.PeriodGeneratorIndex (3.0s)
✔ [4128/4321] Built ASGinzburg.FoundationPeriodBasisSystem (3.4s)
✔ [4129/4321] Built ASGinzburg.PeriodSheetComponents (3.4s)
✔ [4130/4321] Built ASGinzburg.PeriodGeneratorClasses (3.3s)
✔ [4131/4321] Built ASGinzburg.FoundationPeriodGeneratorBasis (3.8s)
✔ [4132/4321] Built ASGinzburg.FoundationPeriodPresentationSurjective (2.8s)
✔ [4133/4321] Built ASGinzburg.PeriodIterationFormulas (3.7s)
✔ [4134/4321] Built ASGinzburg.PeriodInverseCancellation (2.7s)
✔ [4135/4321] Built ASGinzburg.FoundationPeriodMinimalPresentation (3.0s)
✔ [4136/4321] Built ASGinzburg.FoundationPeriodNaturalCoherence (4.0s)
✔ [4137/4321] Built ASGinzburg.FoundationPeriodZeroSheet (3.1s)
✔ [4138/4321] Built ASGinzburg.PeriodIntegerSuccessors (3.0s)
✔ [4139/4321] Built ASGinzburg.FoundationPeriodZeroKernel (5.7s)
✔ [4140/4321] Built ASGinzburg.FoundationPeriodIntegerCoherence (5.3s)
✔ [4141/4321] Built ASGinzburg.PeriodHomSpacePermutation (5.6s)
✔ [4142/4321] Built ASGinzburg.PeriodicArrowPathEvaluation (8.3s)
✔ [4143/4321] Built ASGinzburg.PeriodNaturalAddition (8.6s)
✔ [4144/4321] Built ASGinzburg.PeriodIntegerAddition (5.3s)
✔ [4145/4321] Built ASGinzburg.PeriodCutGradedComponents (4.7s)
✔ [4146/4321] Built ASGinzburg.PeriodIntegerCompositionTransport (3.2s)
✔ [4147/4321] Built ASGinzburg.PeriodicArrowLinearKernel (6.5s)
✔ [4148/4321] Built ASGinzburg.FoundationPeriodRingRecovery (10s)
✔ [4149/4321] Built ASGinzburg.PeriodCutGradedAssociativity (4.2s)
✔ [4150/4321] Built ASGinzburg.PeriodicArrowIntegerKernels (3.2s)
✔ [4151/4321] Built ASGinzburg.PeriodCutGradedUnits (4.2s)
✔ [4152/4321] Built ASGinzburg.PeriodicArrowIntegerLinearKernels (4.6s)
✔ [4153/4321] Built ASGinzburg.ArbitraryArrowKernelHeights (5.7s)
✔ [4154/4321] Built ASGinzburg.FoundationPeriodEvaluationCoherence (5.6s)
✔ [4155/4321] Built ASGinzburg.PeriodIntegerCutComponents (8.5s)
✔ [4156/4321] Built ASGinzburg.FoundationPeriodCutRelations (4.8s)
✔ [4157/4321] Built ASGinzburg.PeriodCutGradedMatrix (14s)
✔ [4158/4321] Built ASGinzburg.FoundationPeriodSheetKernels (9.5s)
✔ [4159/4321] Built ASGinzburg.PeriodIntegerCutPositivity (8.2s)
✔ [4160/4321] Built ASGinzburg.ZeroCutJacobianEvaluation (10s)
✔ [4161/4321] Built ASGinzburg.FoundationPeriodJacobianCutKernel (6.0s)
✔ [4162/4321] Built ASGinzburg.FoundationPeriodCutIdealKernel (4.5s)
✔ [4163/4321] Built ASGinzburg.PeriodZeroOriginCover (7.3s)
✔ [4164/4321] Built ASGinzburg.FoundationPeriodZeroJacobianKernel (5.8s)
✔ [4165/4321] Built ASGinzburg.PeriodCutGradedMonoid (9.8s)
✔ [4166/4321] Built ASGinzburg.PeriodZeroOriginCoverRecovery (5.1s)
✔ [4167/4321] Built ASGinzburg.FoundationPeriodSameSheetJacobianKernel (5.8s)
✔ [4168/4321] Built ASGinzburg.PeriodCutGradedRing (8.8s)
✔ [4169/4321] Built ASGinzburg.FoundationPeriodSameSheetRecovery (7.4s)
✔ [4170/4321] Built ASGinzburg.PeriodCutGradedAlgebra (8.4s)
✔ [4171/4321] Built ASGinzburg.PeriodCutMatrixComponents (4.7s)
✔ [4172/4321] Built ASGinzburg.PeriodCutDegreeZero (6.6s)
✔ [4173/4321] Built ASGinzburg.PeriodCutIdempotents (6.7s)
✔ [4174/4321] Built ASGinzburg.ASCutGradedDescent (12s)
✔ [4175/4321] Built ASGinzburg.PeriodCutZeroDiagonal (12s)
✔ [4176/4321] Built ASGinzburg.PeriodCutCorners (9.0s)
✔ [4177/4321] Built ASGinzburg.PeriodCutZeroAugmentation (8.3s)
✔ [4178/4321] Built ASGinzburg.PeriodCutRightVertexSpaces (6.3s)
✔ [4179/4321] Built ASGinzburg.PeriodCutCornerProjection (6.7s)
✔ [4180/4321] Built ASGinzburg.PeriodCutComponentProducts (4.4s)
✔ [4181/4321] Built ASGinzburg.PeriodCutAugmentation (6.2s)
✔ [4182/4321] Built ASGinzburg.PeriodCutRightVertexDecomposition (6.6s)
✔ [4183/4321] Built ASGinzburg.PeriodCutAugmentationKernel (7.8s)
✔ [4184/4321] Built ASGinzburg.PeriodIntegerCorners (9.5s)
✔ [4185/4321] Built ASGinzburg.PeriodCutZeroNilpotence (7.1s)
✔ [4186/4321] Built ASGinzburg.PeriodCutIntegerHomogeneousSpaces (6.6s)
✔ [4187/4321] Built ASGinzburg.PeriodIntegerCornerProducts (7.4s)
✔ [4188/4321] Built ASGinzburg.PeriodCutZeroProjection (14s)
✔ [4189/4321] Built ASGinzburg.PeriodCutZeroScalarCharacters (12s)
✔ [4190/4321] Built ASGinzburg.PeriodCutHomogeneousIdeals (11s)
✔ [4191/4321] Built ASGinzburg.PeriodCutRegularGrading (20s)
✔ [4192/4321] Built ASGinzburg.PeriodCutCharacterClassification (8.5s)
✔ [4193/4321] Built ASGinzburg.PeriodCutZeroJacobson (22s)
✔ [4194/4321] Built ASGinzburg.PeriodCutGradedMaximalIdeals (4.5s)
✔ [4195/4321] Built ASGinzburg.PeriodCutVertexLeftModule (5.1s)
✔ [4196/4321] Built ASGinzburg.PeriodCornerCover (27s)
✔ [4197/4321] Built ASGinzburg.PeriodCutGradedJacobson (7.1s)
✔ [4198/4321] Built ASGinzburg.PeriodIntegerCornerAbsorption (6.1s)
✔ [4199/4321] Built ASGinzburg.PeriodCutComponentTargetSum (6.7s)
✔ [4200/4321] Built ASGinzburg.PeriodCutRadicalCornerEntries (5.2s)
✔ [4201/4321] Built ASGinzburg.ASCutGradedRadicalQuotient (7.6s)
✔ [4202/4321] Built ASGinzburg.PeriodCornerCoverRecovery (22s)
✔ [4203/4321] Built ASGinzburg.ASCutCornerCoverRecovery (2.8s)
✔ [4204/4321] Built ASGinzburg.PeriodCornerCoordinateMorphisms (6.0s)
✔ [4205/4321] Built ASGinzburg.ASRegularIsomorphismInvariance (4.3s)
✔ [4206/4321] Built ASGinzburg.ASCutCornerVertexExt (7.7s)
✔ [4207/4321] Built ASGinzburg.ASCutCornerModuleComparison (8.8s)
✔ [4208/4321] Built ASGinzburg.PeriodCutCornerEntries (7.6s)
✔ [4209/4321] Built ASGinzburg.PeriodCornerModuleMaps (8.2s)
✔ [4210/4321] Built ASGinzburg.PeriodCornerTotalEntryMaps (5.8s)
✔ [4211/4321] Built ASGinzburg.PeriodCornerInsertionMaps (5.6s)
✔ [4212/4321] Built ASGinzburg.PeriodCutModuleColumns (9.4s)
✔ [4213/4321] Built ASGinzburg.PeriodCutModuleUnit (4.3s)
✔ [4214/4321] Built ASGinzburg.PeriodCutModuleEntryProducts (5.7s)
✔ [4215/4321] Built ASGinzburg.PeriodCutModuleComposition (4.5s)
✔ [4216/4321] Built ASGinzburg.PeriodCutRightRepresentation (5.0s)
✔ [4217/4321] Built ASGinzburg.PeriodCutRightRingModule (7.9s)
✔ [4218/4321] Built ASGinzburg.PeriodCornerModuleDegrees (4.3s)
✔ [4219/4321] Built ASGinzburg.PeriodCornerModuleDegreeDecomposition (3.7s)
✔ [4220/4321] Built ASGinzburg.PeriodCornerModuleInternalGrading (3.0s)
✔ [4221/4321] Built ASGinzburg.PeriodCornerModuleGradeInclusions (5.0s)
✔ [4222/4321] Built ASGinzburg.PeriodCutModuleGradedAction (4.3s)
✔ [4223/4321] Built ASGinzburg.PeriodCornerTotalModuleMorphisms (3.9s)
✔ [4224/4321] Built ASGinzburg.PeriodCutGradedRightModules (8.6s)
✔ [4225/4321] Built ASGinzburg.PeriodCutModuleMorphismActions (10s)
✔ [4226/4321] Built ASGinzburg.PeriodCutGradedCornerActions (8.7s)
✔ [4227/4321] Built ASGinzburg.PeriodCutGradedModuleComponents (10s)
✔ [4228/4321] Built ASGinzburg.PeriodCutGradedSimpleSpaces (10s)
✔ [4229/4321] Built ASGinzburg.PeriodCutGradedLeftModules (18s)
✔ [4230/4321] Built ASGinzburg.PeriodCutGradedModuleCategory (15s)
✔ [4231/4321] Built ASGinzburg.PeriodCutModuleVertexProjections (12s)
✔ [4232/4321] Built ASGinzburg.PeriodCutGradedSimpleGrading (16s)
✔ [4233/4321] Built ASGinzburg.PeriodCutVertexGradedLeftModule (11s)
✔ [4234/4321] Built ASGinzburg.PeriodCutGradedLeftShift (10s)
✔ [4235/4321] Built ASGinzburg.PeriodCutGradedLeftEquivalences (9.1s)
✔ [4236/4321] Built ASGinzburg.PeriodCutRecoveredComponentActions (22s)
✔ [4237/4321] Built ASGinzburg.PeriodCutRecoveredComponentMorphisms (9.7s)
✔ [4238/4321] Built ASGinzburg.PeriodCutGradedModuleRadical (8.3s)
✔ [4239/4321] Built ASGinzburg.PeriodCutGradedModuleEnrichment (7.7s)
✔ [4240/4321] Built ASGinzburg.PeriodCutModuleDegreeComponents (8.1s)
✔ [4241/4321] Built ASGinzburg.PeriodCutRecoveredRightModules (9.3s)
✔ [4242/4321] Built ASGinzburg.PeriodCutGradedShift (5.9s)
✔ [4243/4321] Built ASGinzburg.PeriodCutGradedModuleFunctor (7.9s)
✔ [4244/4321] Built ASGinzburg.PeriodCutModuleComponentTotalEquiv (8.8s)
✔ [4245/4321] Built ASGinzburg.PeriodCutRecoveredModuleFunctor (8.6s)
✔ [4246/4321] Built ASGinzburg.PeriodCutGradedShiftIsomorphisms (9.1s)
✔ [4247/4321] Built ASGinzburg.PeriodCutDegreeComponentRecomposition (6.4s)
✔ [4248/4321] Built ASGinzburg.PeriodCutGradedFunctorLinear (10s)
✔ [4249/4321] Built ASGinzburg.PeriodCutHasShift (7.0s)
✔ [4250/4321] Built ASGinzburg.PeriodCutComponentRegrouping (8.4s)
✔ [4251/4321] Built ASGinzburg.PeriodCutGradedFunctorFaithful (8.3s)
✔ [4252/4321] Built ASGinzburg.PeriodCutModuleMatrixEntryActions (9.0s)
✔ [4253/4321] Built ASGinzburg.PeriodCutModuleIdempotentAction (8.2s)
✔ [4254/4321] Built ASGinzburg.PeriodCutComponentTotalRecomposition (13s)
✔ [4255/4321] Built ASGinzburg.PeriodCutCornerTotalActions (14s)
✔ [4256/4321] Built ASGinzburg.PeriodCutModuleDegreeVertexAction (8.5s)
✔ [4257/4321] Built ASGinzburg.PeriodCutPositiveActionRadical (5.4s)
✔ [4258/4321] Built ASGinzburg.PeriodCutRecoveredTotalComparison (9.9s)
✔ [4259/4321] Built ASGinzburg.PeriodCutCornerComponentComparison (6.0s)
✔ [4260/4321] Built ASGinzburg.PeriodCutGradedMinimality (5.5s)
✔ [4261/4321] Built ASGinzburg.PeriodCutModuleObjectComparison (5.2s)
✔ [4262/4321] Built ASGinzburg.PeriodCutRecoveredTotalCornerActions (6.6s)
✔ [4263/4321] Built ASGinzburg.PeriodCutRecoveredTotalGrading (10s)
✔ [4264/4321] Built ASGinzburg.PeriodCutModuleComparisonValues (5.5s)
✔ [4265/4321] Built ASGinzburg.PeriodCutRegularRightModule (64s)
✔ [4266/4321] Built ASGinzburg.PeriodCutModuleUnitNaturality (8.8s)
✔ [4267/4321] Built ASGinzburg.PeriodCutRecoveredModuleUnitIso (3.9s)
✔ [4268/4321] Built ASGinzburg.PeriodCutRegularLeftMultiplication (9.2s)
✔ [4269/4321] Built ASGinzburg.PeriodCutRecoveredInverseGrading (14s)
✔ [4270/4321] Built ASGinzburg.PeriodCutRecoveredUnitNaturalIso (4.8s)
✔ [4271/4321] Built ASGinzburg.PeriodCutRegularLeftProducts (19s)
✔ [4272/4321] Built ASGinzburg.PeriodCutRecoveredTotalHomogeneousActions (132s)
✔ [4273/4321] Built ASGinzburg.PeriodCutRecoveredTotalRActions (6.7s)
✔ [4274/4321] Built ASGinzburg.PeriodCutRecoveredGradedModuleIso (137s)
✔ [4275/4321] Built ASGinzburg.PeriodCutRecoveredCounitNaturalIso (16s)
✔ [4276/4321] Built ASGinzburg.PeriodCutGradedModuleEquivalence (3.1s)
✔ [4277/4321] Built ASGinzburg.PeriodCutGradedModuleAbelian (7.1s)
✔ [4278/4321] Built ASGinzburg.PeriodCutGradedModuleYoneda (7.5s)
✔ [4279/4321] Built ASGinzburg.PeriodCutForgetGrading (8.1s)
✔ [4280/4321] Built ASGinzburg.PeriodCutGradedModuleExt (16s)
✔ [4281/4321] Built ASGinzburg.PeriodCutRepresentableValues (16s)
✔ [4282/4321] Built ASGinzburg.PeriodCutGradedRepresentableGenerators (22s)
✔ [4283/4321] Built ASGinzburg.ASCutGradedModuleEquivalence (14s)
✔ [4284/4321] Built ASGinzburg.ASCutGradedVertexExt (28s)
✔ [4285/4321] Built ASGinzburg.PeriodCutFiniteProjectives (20s)
✔ [4286/4321] Built ASGinzburg.PeriodCutRepresentableActionMap (32s)
✔ [4287/4321] Built ASGinzburg.ASCutGradedResolutions (18s)
✔ [4288/4321] Built ASGinzburg.ASCutGradedResolutionFiniteness (12s)
✔ [4289/4321] Built ASGinzburg.ASCutGradedResolutionMinimality (14s)
✔ [4290/4321] Built ASGinzburg.ASCutGradedSimpleDimension (15s)
✔ [4291/4321] Built ASGinzburg.PeriodCutGradedExtFunctor (66s)
✔ [4292/4321] Built ASGinzburg.PeriodCutRepresentableValueProjection (23s)
✔ [4293/4321] Built ASGinzburg.PeriodCutRepresentableRightIdeal (12s)
✔ [4294/4321] Built ASGinzburg.PeriodCutUnderlinedExtActions (26s)
✔ [4295/4321] Built ASGinzburg.PeriodCutRepresentableRightIdealGrading (17s)
✔ [4296/4321] Built ASGinzburg.PeriodCutGradedExtScalarComposition (42s)
✔ [4297/4321] Built ASGinzburg.PeriodCutRegularRepresentables (12s)
✔ [4298/4321] Built ASGinzburg.PeriodCutUnderlinedExtTransport (23s)
✔ [4299/4321] Built ASGinzburg.PeriodCutRepresentableValueOrthogonality (13s)
✔ [4300/4321] Built ASGinzburg.PeriodCutRegularBiproduct (16s)
✔ [4301/4321] Built ASGinzburg.PeriodCutRegularExt (9.1s)
✔ [4302/4321] Built ASGinzburg.PeriodCutUnderlinedExtProducts (35s)
✔ [4303/4321] Built ASGinzburg.PeriodCutRegularVertexLeftMaps (13s)
✔ [4304/4321] Built ASGinzburg.PeriodCutGradedExtPostcompLinearity (53s)
✔ [4305/4321] Built ASGinzburg.ASCutGradedRegularExt (27s)
✔ [4306/4321] Built ASGinzburg.ASCutRegularTopExt (17s)
✔ [4307/4321] Built ASGinzburg.ASCutRegularExtVertexProjection (39s)
✔ [4308/4321] Built ASGinzburg.ASCutUnderlinedExtVanishing (31s)
✔ [4309/4321] Built ASGinzburg.PeriodCutUnderlinedExtLinearity (63s)
✔ [4310/4321] Built ASGinzburg.PeriodCutUnderlinedExtRepresentation (23s)
✔ [4311/4321] Built ASGinzburg.ASCutUnderlinedTopExt (34s)
✔ [4312/4321] Built ASGinzburg.PeriodCutUnderlinedExtGrading (18s)
✔ [4313/4321] Built ASGinzburg.PeriodCutUnderlinedExtScalars (22s)
✔ [4314/4321] Built ASGinzburg.ASCutUnderlinedExtGrades (10s)
✔ [4315/4321] Built ASGinzburg.ASCutUnderlinedExtModules (13s)
✔ [4316/4321] Built ASGinzburg.ASCutUnderlinedVertexAction (54s)
✔ [4317/4321] Built ASGinzburg.ASCutUnderlinedExtCharacter (13s)
✔ [4318/4321] Built ASGinzburg.ASCutUnderlinedExtLeftEquiv (9.8s)
✔ [4319/4321] Built ASGinzburg.ASCutUnderlinedGradedDuality (6.9s)
✔ [4320/4321] Built ASGinzburg (4.2s)
Build completed successfully (4321 jobs).
