'ASGinzburg.ZAlgebra.ASRegular.foundationPeriodBasisSystem' depends on axioms: [propext, Classical.choice, Quot.sound]
'ASGinzburg.CutQuiver.incomingSource_shift' depends on axioms: [propext, Quot.sound]
'ASGinzburg.CutQuiver.incomingSource_height_shift' depends on axioms: [propext, Quot.sound]
'ASGinzburg.CutQuiver.generatorShiftIndexEquiv' depends on axioms: [propext, Quot.sound]
'ASGinzburg.ZAlgebra.ASRegular.periodShiftGeneratorBasis' depends on axioms: [propext, Classical.choice, Quot.sound]
'ASGinzburg.ZAlgebra.PeriodIso.image_products' depends on axioms: [propext, Classical.choice, Quot.sound]
'ASGinzburg.ZAlgebra.PeriodIso.map_products_span' depends on axioms: [propext, Classical.choice, Quot.sound]
'ASGinzburg.ZAlgebra.PeriodIso.indecomposableEquiv' depends on axioms: [propext, Classical.choice, Quot.sound]
'ASGinzburg.ZAlgebra.PeriodIso.indecomposableEquiv_apply_mk' depends on axioms: [propext, Classical.choice, Quot.sound]
'ASGinzburg.ZAlgebra.ASRegular.periodIndecomposableEquiv' depends on axioms: [propext, Classical.choice, Quot.sound]
'ASGinzburg.ZAlgebra.PeriodIso.changePeriod' depends on axioms: [propext, Classical.choice, Quot.sound]
'ASGinzburg.ZAlgebra.PeriodIso.zeroPeriod' depends on axioms: [propext, Classical.choice, Quot.sound]
'ASGinzburg.ZAlgebra.PeriodIso.compose' depends on axioms: [propext, Classical.choice, Quot.sound]
'ASGinzburg.ZAlgebra.PeriodIso.powNat' depends on axioms: [propext, Classical.choice, Quot.sound]
'ASGinzburg.ZAlgebra.PeriodIso.powInt' depends on axioms: [propext, Classical.choice, Quot.sound]
'ASGinzburg.ZAlgebra.PeriodIso.integerIndecomposableEquiv' depends on axioms: [propext, Classical.choice, Quot.sound]
'ASGinzburg.CutQuiver.height_zeroSheet_period' depends on axioms: [propext, Classical.choice, Quot.sound]
'ASGinzburg.CutQuiver.incomingSource_height_zeroSheet_period' depends on axioms: [propext, Quot.sound]
'ASGinzburg.ZAlgebra.homTransport_inverse' depends on axioms: [propext, Classical.choice, Quot.sound]
'ASGinzburg.ZAlgebra.PeriodIso.cast_map_transport' depends on axioms: [propext, Classical.choice, Quot.sound]
'ASGinzburg.ZAlgebra.PeriodIso.powNat_zero_map' depends on axioms: [propext, Classical.choice, Quot.sound]
'ASGinzburg.ZAlgebra.PeriodIso.sheetMap' depends on axioms: [propext, Classical.choice, Quot.sound]
'ASGinzburg.ZAlgebra.PeriodIso.sheetMap_id' depends on axioms: [propext, Classical.choice, Quot.sound]
'ASGinzburg.ZAlgebra.PeriodIso.sheetMap_comp' depends on axioms: [propext, Classical.choice, Quot.sound]
'ASGinzburg.ZAlgebra.ASRegular.foundationPeriodIncomingElement' depends on axioms: [propext,
 Classical.choice,
 Quot.sound]
'ASGinzburg.ZAlgebra.ASRegular.foundationPeriodIncomingElement_zero' depends on axioms: [propext,
 Classical.choice,
 Quot.sound]
