'ASGinzburg.ZAlgebra.ASRegular.foundationPotential_zeroCutCyclicDerivative' depends on axioms: [propext,
 Classical.choice,
 Quot.sound]
'ASGinzburg.ZAlgebra.ASRegular.foundationPotential_zeroCutJacobianGenerators' depends on axioms: [propext,
 Classical.choice,
 Quot.sound]
'ASGinzburg.ZAlgebra.ASRegular.foundationPotential_zeroCutJacobianIdeal' depends on axioms: [propext,
 Classical.choice,
 Quot.sound]
'ASGinzburg.ZAlgebra.ASRegular.foundationJacobianRingAlgEquiv' depends on axioms: [propext,
 Classical.choice,
 Quot.sound]
'ASGinzburg.ZAlgebra.ASRegular.foundationRingRelationGenerators' depends on axioms: [propext,
 Classical.choice,
 Quot.sound]
'ASGinzburg.ZAlgebra.ASRegular.foundationRingRelations_span_le' depends on axioms: [propext,
 Classical.choice,
 Quot.sound]
'ASGinzburg.ZAlgebra.ASRegular.foundationRingRelationIdeal_le_span' depends on axioms: [propext,
 Classical.choice,
 Quot.sound]
'ASGinzburg.ZAlgebra.ASRegular.foundationRingRelationIdeal_eq_span' depends on axioms: [propext,
 Classical.choice,
 Quot.sound]
'ASGinzburg.ZAlgebra.ASRegular.foundationRingKernel_eq_span' depends on axioms: [propext, Classical.choice, Quot.sound]
'ASGinzburg.ZAlgebra.ASRegular.foundationZeroCutPresentation' depends on axioms: [propext, Classical.choice, Quot.sound]
'ASGinzburg.ZAlgebra.ASRegular.foundationZeroCutPresentation_surjective' depends on axioms: [propext,
 Classical.choice,
 Quot.sound]
'ASGinzburg.ZAlgebra.ASRegular.foundationZeroCutRelationIdeal' depends on axioms: [propext,
 Classical.choice,
 Quot.sound]
'ASGinzburg.ZAlgebra.ASRegular.foundationZeroCutRelationIdeal_eq_kernel' depends on axioms: [propext,
 Classical.choice,
 Quot.sound]
'ASGinzburg.ZAlgebra.ASRegular.foundationZeroCutRelationIdealIsTwoSided' depends on axioms: [propext,
 Classical.choice,
 Quot.sound]
'ASGinzburg.ZAlgebra.ASRegular.foundationZeroCutQuotientAlgEquiv' depends on axioms: [propext,
 Classical.choice,
 Quot.sound]
'ASGinzburg.ZAlgebra.ASRegular.foundationZeroCutQuotientAlgEquiv_apply_mk' depends on axioms: [propext,
 Classical.choice,
 Quot.sound]
'ASGinzburg.CutQuiver.zeroSheetPathReindexEquiv_apply_height' depends on axioms: [propext, Classical.choice, Quot.sound]
'ASGinzburg.ZAlgebra.ASRegular.foundationZeroCutRelation' depends on axioms: [propext, Classical.choice, Quot.sound]
'ASGinzburg.ZAlgebra.ASRegular.foundationZeroCutRelation_native' depends on axioms: [propext,
 Classical.choice,
 Quot.sound]
'ASGinzburg.ZAlgebra.ASRegular.foundationZeroCutRelation_height' depends on axioms: [propext,
 Classical.choice,
 Quot.sound]
'ASGinzburg.ZAlgebra.ASRegular.foundationZeroCutRelationIdeal_eq_span' depends on axioms: [propext,
 Classical.choice,
 Quot.sound]
'ASGinzburg.ZAlgebra.ASRegular.foundationZeroCutKernel_eq_span' depends on axioms: [propext,
 Classical.choice,
 Quot.sound]
'ASGinzburg.ZAlgebra.ASRegular.foundationZeroCutGeneratedQuotientAlgEquiv' depends on axioms: [propext,
 Classical.choice,
 Quot.sound]
'ASGinzburg.ZAlgebra.ASRegular.foundationZeroCutRingRelationGenerators' depends on axioms: [propext,
 Classical.choice,
 Quot.sound]
'ASGinzburg.ZAlgebra.ASRegular.foundationZeroCutRelation_ring_comparison' depends on axioms: [propext,
 Classical.choice,
 Quot.sound]
'ASGinzburg.ZAlgebra.ASRegular.foundationZeroCutRingRelationGenerators_image' depends on axioms: [propext,
 Classical.choice,
 Quot.sound]
'ASGinzburg.LinearComponentAlgebra.totalLinearMapOfComponents_component' depends on axioms: [propext,
 Classical.choice,
 Quot.sound]
'ASGinzburg.LinearComponentAlgebra.totalAlgEquivOfComponents_component' depends on axioms: [propext,
 Classical.choice,
 Quot.sound]
'ASGinzburg.ZAlgebra.LinearIdeal.foundationIdeal_component_mem_iff' depends on axioms: [propext,
 Classical.choice,
 Quot.sound]
'ASGinzburg.ZAlgebra.foundationVertex_exists_of_bounds' depends on axioms: [propext, Classical.choice, Quot.sound]
'ASGinzburg.ZAlgebra.foundationRingIdealExtension' depends on axioms: [propext, Classical.choice, Quot.sound]
'ASGinzburg.ZAlgebra.foundationRingIdealExtension_mem_iff' depends on axioms: [propext, Classical.choice, Quot.sound]
'ASGinzburg.ringEquiv_mem_twoSidedSpan_image_iff' depends on axioms: [propext, Quot.sound]
'ASGinzburg.CutQuiver.zeroCutCyclicDerivative' depends on axioms: [propext, Classical.choice, Quot.sound]
'ASGinzburg.CutQuiver.zeroCutJacobianGenerators' depends on axioms: [propext, Classical.choice, Quot.sound]
'ASGinzburg.CutQuiver.zeroCutJacobianIdeal' depends on axioms: [propext, Classical.choice, Quot.sound]
'ASGinzburg.CutQuiver.zeroCutJacobianIdealIsTwoSided' depends on axioms: [propext, Classical.choice, Quot.sound]
'ASGinzburg.CutQuiver.ZeroCutJacobianRing' depends on axioms: [propext, Classical.choice, Quot.sound]
