'ASGinzburg.ZAlgebra.basedArrowIndecomposableMap_singleArrow' depends on axioms: [propext, Classical.choice, Quot.sound]
'ASGinzburg.ZAlgebra.basedArrow_oneArrow_class_independent' depends on axioms: [propext, Classical.choice, Quot.sound]
'ASGinzburg.ZAlgebra.basedArrowPathIndecomposableMap_eq_linearCombination' depends on axioms: [propext,
 Classical.choice,
 Quot.sound]
'ASGinzburg.ZAlgebra.basedArrowPathIndecomposableMap_ker_le_long' depends on axioms: [propext,
 Classical.choice,
 Quot.sound]
'ASGinzburg.ZAlgebra.basedArrowPathLinearEvaluation_ker_le_long_of_lt' depends on axioms: [propext,
 Classical.choice,
 Quot.sound]
'ASGinzburg.ZAlgebra.basedArrowPathLinearEvaluation_ker_le_long' depends on axioms: [propext,
 Classical.choice,
 Quot.sound]
'ASGinzburg.ZAlgebra.incomingElementGenerator' depends on axioms: [propext, Classical.choice, Quot.sound]
'ASGinzburg.ZAlgebra.incomingElementGenerator_decomposition' depends on axioms: [propext, Classical.choice, Quot.sound]
'ASGinzburg.ZAlgebra.incomingElementGenerator_mem_path_range' depends on axioms: [propext, Classical.choice, Quot.sound]
'ASGinzburg.ZAlgebra.basedArrowPathLinearEvaluation_surjective' depends on axioms: [propext,
 Classical.choice,
 Quot.sound]
'ASGinzburg.ZAlgebra.basedArrowPathPresentation_surjective' depends on axioms: [propext, Classical.choice, Quot.sound]
'ASGinzburg.CutQuiver.foundationSheetGeneratorIndexEquiv' depends on axioms: [propext, Classical.choice, Quot.sound]
'ASGinzburg.ZAlgebra.homTransport_trans' depends on axioms: [propext, Classical.choice, Quot.sound]
'ASGinzburg.ZAlgebra.PeriodIso.map_homTransport' depends on axioms: [propext, Classical.choice, Quot.sound]
'ASGinzburg.ZAlgebra.ASRegular.foundationRepresentativeGeneratorBasis' depends on axioms: [propext,
 Classical.choice,
 Quot.sound]
'ASGinzburg.ZAlgebra.ASRegular.foundationRepresentativeGeneratorBasis_apply' depends on axioms: [propext,
 Classical.choice,
 Quot.sound]
'ASGinzburg.ZAlgebra.ASRegular.foundationPeriodPathPresentation_kernel_le_arrow_square' depends on axioms: [propext,
 Classical.choice,
 Quot.sound]
'ASGinzburg.ZAlgebra.ASRegular.foundationPeriodMinimalPathPresentation' depends on axioms: [propext,
 Classical.choice,
 Quot.sound]
'ASGinzburg.ZAlgebra.ASRegular.foundationPeriodPresentationQuotientIso' depends on axioms: [propext,
 Classical.choice,
 Quot.sound]
'ASGinzburg.ZAlgebra.ASRegular.foundationRepresentativeBasisSystem' depends on axioms: [propext,
 Classical.choice,
 Quot.sound]
'ASGinzburg.ZAlgebra.ASRegular.foundationPeriodIncomingGenerator_class' depends on axioms: [propext,
 Classical.choice,
 Quot.sound]
'ASGinzburg.ZAlgebra.ASRegular.foundationPeriodPathLinearEvaluation_surjective' depends on axioms: [propext,
 Classical.choice,
 Quot.sound]
'ASGinzburg.ZAlgebra.ASRegular.foundationPeriodPathPresentation_surjective' depends on axioms: [propext,
 Classical.choice,
 Quot.sound]
'ASGinzburg.ZAlgebra.ASRegular.foundationPeriodRingPresentation' depends on axioms: [propext,
 Classical.choice,
 Quot.sound]
'ASGinzburg.ZAlgebra.ASRegular.foundationPeriodRingPresentation_eq' depends on axioms: [propext,
 Classical.choice,
 Quot.sound]
'ASGinzburg.ZAlgebra.ASRegular.foundationPeriodRingPresentation_surjective' depends on axioms: [propext,
 Classical.choice,
 Quot.sound]
'ASGinzburg.ZAlgebra.ASRegular.foundationPeriodZeroCutPresentation' depends on axioms: [propext,
 Classical.choice,
 Quot.sound]
'ASGinzburg.ZAlgebra.ASRegular.foundationPeriodZeroCutPresentation_eq' depends on axioms: [propext,
 Classical.choice,
 Quot.sound]
'ASGinzburg.ZAlgebra.ASRegular.foundationPeriodZeroCutPresentation_surjective' depends on axioms: [propext,
 Classical.choice,
 Quot.sound]
'ASGinzburg.ZAlgebra.ASRegular.foundationPeriodZeroCutKernel_eq_Jacobian' depends on axioms: [propext,
 Classical.choice,
 Quot.sound]
'ASGinzburg.ZAlgebra.ASRegular.foundationPeriodJacobianRingAlgEquiv' depends on axioms: [propext,
 Classical.choice,
 Quot.sound]
'ASGinzburg.ZAlgebra.ASRegular.foundationPeriodPathLinearEvaluation_zeroSheet_of_sheet' depends on axioms: [propext,
 Classical.choice,
 Quot.sound]
'ASGinzburg.ZAlgebra.ASRegular.foundationPeriodPathPresentation_zeroSheet' depends on axioms: [propext,
 Classical.choice,
 Quot.sound]
'ASGinzburg.ZAlgebra.ASRegular.foundationPeriodPathKernel_zeroSheet' depends on axioms: [propext,
 Classical.choice,
 Quot.sound]
'ASGinzburg.CutQuiver.UnrolledPath.sheet_le' depends on axioms: [propext, Classical.choice, Quot.sound]
'ASGinzburg.ZAlgebra.ASRegular.foundationPeriodPathEvaluation_zeroSheet' depends on axioms: [propext,
 Classical.choice,
 Quot.sound]
'ASGinzburg.ZAlgebra.ASRegular.foundationPeriodPathLinearEvaluation_zeroSheet' depends on axioms: [propext,
 Classical.choice,
 Quot.sound]
'ASGinzburg.ZAlgebra.homTransportIndecomposableEquiv' depends on axioms: [propext, Classical.choice, Quot.sound]
'ASGinzburg.ZAlgebra.homTransportIndecomposableEquiv_apply_mk' depends on axioms: [propext,
 Classical.choice,
 Quot.sound]
'ASGinzburg.ZAlgebra.ASResolution.transportedGeneratorBasis' depends on axioms: [propext, Classical.choice, Quot.sound]
'ASGinzburg.ZAlgebra.ASResolution.transportedGeneratorBasis_apply' depends on axioms: [propext,
 Classical.choice,
 Quot.sound]
