'ASGinzburg.ZAlgebra.ASRegular.cutEnvelopingRingHomCochainComplex' depends on axioms: [propext,
 Classical.choice,
 Quot.sound]
'ASGinzburg.ZAlgebra.ASRegular.cutEnvelopingRingHomCochainComplex_term_finiteProjective' depends on axioms: [propext,
 Classical.choice,
 Quot.sound]
'ASGinzburg.ZAlgebra.ASRegular.cutEnvelopingRingHomCochainComplex_term_finite' depends on axioms: [propext,
 Classical.choice,
 Quot.sound]
'ASGinzburg.ZAlgebra.ASRegular.cutEnvelopingRingHomCochainComplex_term_projective' depends on axioms: [propext,
 Classical.choice,
 Quot.sound]
'ASGinzburg.ZAlgebra.ASRegular.cutEnvelopingRingHomCochainComplex_isZero_outside' depends on axioms: [propext,
 Classical.choice,
 Quot.sound]
'ASGinzburg.ZAlgebra.ASRegular.cutEnvelopingRingHomCochainComplex_perfect' depends on axioms: [propext,
 Classical.choice,
 Quot.sound]
'ASGinzburg.ZAlgebra.ASRegular.cutEnvelopingRingDualExtObject' depends on axioms: [propext,
 Classical.choice,
 Quot.sound]
'ASGinzburg.ZAlgebra.ASRegular.cutEnvelopingRingDualExtCochainHomologyIso' depends on axioms: [propext,
 Classical.choice,
 Quot.sound]
'ASGinzburg.ZAlgebra.ASRegular.cutEnvelopingRingDualExt_isZero_ge_four' depends on axioms: [propext,
 Classical.choice,
 Quot.sound]
'ASGinzburg.ZAlgebra.ASRegular.cutEnvelopingRingDualExt_three_finite' depends on axioms: [propext,
 Classical.choice,
 Quot.sound]
'ASGinzburg.ZAlgebra.ASRegular.cutEnvelopingRingHomPerfectDerived' depends on axioms: [propext,
 Classical.choice,
 Quot.sound]
'ASGinzburg.homogeneousLinearMap_shifted_component' depends on axioms: [propext, Classical.choice, Quot.sound]
'ASGinzburg.GradedOrdinaryModuleData.ringDualGrade' depends on axioms: [propext, Classical.choice, Quot.sound]
'ASGinzburg.GradedOrdinaryModuleData.ringDualGrade_mem_iff' depends on axioms: [propext, Classical.choice, Quot.sound]
'ASGinzburg.GradedOrdinaryModuleData.ringDualGrade_smul_mem' depends on axioms: [propext, Classical.choice, Quot.sound]
'ASGinzburg.GradedOrdinaryModuleData.ringDualMap_preservesGrade' depends on axioms: [propext,
 Classical.choice,
 Quot.sound]
