'ASGinzburg.linearDirectSumHomogeneousInclusion' depends on axioms: [propext, Classical.choice, Quot.sound]
'ASGinzburg.linearDirectSumHomogeneousInclusion_injective' depends on axioms: [propext, Classical.choice, Quot.sound]
'ASGinzburg.linearDirectSumHomogeneousSubspace' depends on axioms: [propext, Classical.choice, Quot.sound]
'ASGinzburg.linearDirectSumHomogeneousRangeEquiv' depends on axioms: [propext, Classical.choice, Quot.sound]
'ASGinzburg.linearDirectSumHomogeneousSubspaces_isInternal' depends on axioms: [propext, Classical.choice, Quot.sound]
'ASGinzburg.linearDirectSumHomogeneousDecomposition' depends on axioms: [propext, Classical.choice, Quot.sound]
'ASGinzburg.ZAlgebra.PeriodIso.cutEnvelopingHomogeneousSubspace' depends on axioms: [propext,
 Classical.choice,
 Quot.sound]
'ASGinzburg.ZAlgebra.PeriodIso.cutEnvelopingDegreeInclusion_injective' depends on axioms: [propext,
 Classical.choice,
 Quot.sound]
'ASGinzburg.ZAlgebra.PeriodIso.cutEnvelopingHomogeneousSubspaces_isInternal' depends on axioms: [propext,
 Classical.choice,
 Quot.sound]
'ASGinzburg.ZAlgebra.PeriodIso.cutEnvelopingHomogeneousDecomposition' depends on axioms: [propext,
 Classical.choice,
 Quot.sound]
'ASGinzburg.ZAlgebra.PeriodIso.cutEnvelopingDegreeInclusion_mem_homogeneousSubspace' depends on axioms: [propext,
 Classical.choice,
 Quot.sound]
'ASGinzburg.ZAlgebra.PeriodIso.cutEnvelopingHomogeneousProjection' depends on axioms: [propext,
 Classical.choice,
 Quot.sound]
'ASGinzburg.ZAlgebra.PeriodIso.cutEnvelopingHomogeneousProjection_mem' depends on axioms: [propext,
 Classical.choice,
 Quot.sound]
'ASGinzburg.ZAlgebra.PeriodIso.cutEnvelopingHomogeneousProjection_of_inclusion_same' depends on axioms: [propext,
 Classical.choice,
 Quot.sound]
'ASGinzburg.ZAlgebra.PeriodIso.cutEnvelopingHomogeneousProjection_of_inclusion_ne' depends on axioms: [propext,
 Classical.choice,
 Quot.sound]
'ASGinzburg.natHomogeneousSubspaceIntegerExtension' depends on axioms: [propext, Quot.sound]
'ASGinzburg.natHomogeneousSubspaceIntegerExtension_natCast' depends on axioms: [propext, Classical.choice, Quot.sound]
'ASGinzburg.natHomogeneousSubspaceIntegerExtension_nonneg' depends on axioms: [propext, Quot.sound]
'ASGinzburg.natHomogeneousSubspaceIntegerExtension_neg' depends on axioms: [propext, Classical.choice, Quot.sound]
'ASGinzburg.natHomogeneousSubspaceIntegerExtension_iSupIndep' depends on axioms: [propext, Classical.choice, Quot.sound]
'ASGinzburg.natHomogeneousSubspaceIntegerExtension_iSup_eq_top' depends on axioms: [propext,
 Classical.choice,
 Quot.sound]
'ASGinzburg.natHomogeneousSubspaceIntegerExtension_isInternal' depends on axioms: [propext,
 Classical.choice,
 Quot.sound]
'ASGinzburg.natHomogeneousSubspaceIntegerExtensionDecomposition' depends on axioms: [propext,
 Classical.choice,
 Quot.sound]
'ASGinzburg.ZAlgebra.PeriodIso.cutEnvelopingIntegerHomogeneousSubspace' depends on axioms: [propext,
 Classical.choice,
 Quot.sound]
'ASGinzburg.ZAlgebra.PeriodIso.cutEnvelopingIntegerHomogeneousSubspace_natCast' depends on axioms: [propext,
 Classical.choice,
 Quot.sound]
'ASGinzburg.ZAlgebra.PeriodIso.cutEnvelopingIntegerHomogeneousSubspace_neg' depends on axioms: [propext,
 Classical.choice,
 Quot.sound]
'ASGinzburg.ZAlgebra.PeriodIso.cutEnvelopingIntegerHomogeneousSubspaces_isInternal' depends on axioms: [propext,
 Classical.choice,
 Quot.sound]
'ASGinzburg.ZAlgebra.PeriodIso.cutEnvelopingIntegerHomogeneousDecomposition' depends on axioms: [propext,
 Classical.choice,
 Quot.sound]
'ASGinzburg.ZAlgebra.PeriodIso.cutEnvelopingDegreePairZero' does not depend on any axioms
'ASGinzburg.ZAlgebra.PeriodIso.cutEnvelopingDegreePairZero_unique' does not depend on any axioms
'ASGinzburg.ZAlgebra.PeriodIso.cutEnvelopingZeroTensorDegreeEquiv' depends on axioms: [propext,
 Classical.choice,
 Quot.sound]
'ASGinzburg.ZAlgebra.PeriodIso.cutEnvelopingZeroTensorDegreeEquiv_apply' depends on axioms: [propext,
 Classical.choice,
 Quot.sound]
'ASGinzburg.ZAlgebra.PeriodIso.cutEnvelopingDegreeEquiv_zeroHomogeneousInclusion' depends on axioms: [propext,
 Classical.choice,
 Quot.sound]
'ASGinzburg.ZAlgebra.PeriodIso.cutEnvelopingDegreeInclusion_zeroTensorDegreeEquiv' depends on axioms: [propext,
 Classical.choice,
 Quot.sound]
'ASGinzburg.ZAlgebra.PeriodIso.cutEnvelopingDegreeZeroInclusion_injective' depends on axioms: [propext,
 Classical.choice,
 Quot.sound]
'ASGinzburg.ZAlgebra.PeriodIso.cutEnvelopingDegreeZeroEquiv' depends on axioms: [propext, Classical.choice, Quot.sound]
'ASGinzburg.ZAlgebra.PeriodIso.cutEnvelopingDegreeZeroEquiv_tmul' depends on axioms: [propext,
 Classical.choice,
 Quot.sound]
'ASGinzburg.ZAlgebra.PeriodIso.cutEnvelopingDegreeInclusion_degreeZeroEquiv' depends on axioms: [propext,
 Classical.choice,
 Quot.sound]
'ASGinzburg.ZAlgebra.PeriodIso.cutEnvelopingDegreeZeroLinearMap_eq' depends on axioms: [propext,
 Classical.choice,
 Quot.sound]
'ASGinzburg.ZAlgebra.PeriodIso.cutEnvelopingZeroInclusion_injective' depends on axioms: [propext,
 Classical.choice,
 Quot.sound]
'ASGinzburg.ZAlgebra.PeriodIso.cutEnvelopingDegreeZeroSubalgebra' depends on axioms: [propext,
 Classical.choice,
 Quot.sound]
'ASGinzburg.ZAlgebra.PeriodIso.cutEnvelopingDegreeZeroRange_eq_subalgebra' depends on axioms: [propext,
 Classical.choice,
 Quot.sound]
'ASGinzburg.ZAlgebra.PeriodIso.cutEnvelopingDegreeZeroRange_one' depends on axioms: [propext,
 Classical.choice,
 Quot.sound]
'ASGinzburg.ZAlgebra.PeriodIso.cutEnvelopingDegreeZeroRange_mul' depends on axioms: [propext,
 Classical.choice,
 Quot.sound]
'ASGinzburg.ZAlgebra.PeriodIso.cutEnvelopingDegreeZeroSubalgebraEquiv' depends on axioms: [propext,
 Classical.choice,
 Quot.sound]
'ASGinzburg.ZAlgebra.PeriodIso.cutEnvelopingDegreeZeroSubalgebraEquiv_apply' depends on axioms: [propext,
 Classical.choice,
 Quot.sound]
'ASGinzburg.ZAlgebra.PeriodIso.cutHomogeneousInclusion_mem_gradedJacobson_of_ne_zero' depends on axioms: [propext,
 Classical.choice,
 Quot.sound]
'ASGinzburg.ZAlgebra.PeriodIso.cutEnvelopingAugmentation_homogeneous_ne_zero' depends on axioms: [propext,
 Classical.choice,
 Quot.sound]
'ASGinzburg.ZAlgebra.PeriodIso.cutEnvelopingHomogeneousInclusion_mem_augmentationKernel' depends on axioms: [propext,
 Classical.choice,
 Quot.sound]
