work/restrict_scalars_projective_dimension_probe.lean:13:66: error: stuck at solving universe constraint
  max v (w+1) =?= max (v+1) (?u.1195+1)
while trying to unify
  (ModuleCat.restrictScalars e.toRingHom).IsLeftAdjoint : Prop
with
  Functor.IsLeftAdjoint.{max v ?u.1195, max v ?u.1195, max (v + 1) (?u.1195 + 1), max (max u (v + 1)) (?u.1195 + 1)}
    (ModuleCat.restrictScalars.{max v ?u.1195, u, v} e.toRingHom) : Prop
work/restrict_scalars_projective_dimension_probe.lean:13:66: error: stuck at solving universe constraint
  max u (w+1) =?= max (max u (v+1)) (?u.1195+1)
while trying to unify
  (ModuleCat.restrictScalars e.toRingHom).IsLeftAdjoint : Prop
with
  Functor.IsLeftAdjoint.{max v ?u.1195, max v ?u.1195, max (v + 1) (?u.1195 + 1), max (max u (v + 1)) (?u.1195 + 1)}
    (ModuleCat.restrictScalars.{max v ?u.1195, u, v} e.toRingHom) : Prop
work/restrict_scalars_projective_dimension_probe.lean:13:66: error: stuck at solving universe constraint
  w =?= max v ?u.1195
while trying to unify
  (ModuleCat.restrictScalars e.toRingHom).IsLeftAdjoint : Prop
with
  Functor.IsLeftAdjoint.{max v ?u.1195, max v ?u.1195, max (v + 1) (?u.1195 + 1), max (max u (v + 1)) (?u.1195 + 1)}
    (ModuleCat.restrictScalars.{max v ?u.1195, u, v} e.toRingHom) : Prop
work/restrict_scalars_projective_dimension_probe.lean:20:8: error: stuck at solving universe constraint
  max (max (u+1) (v+1)) (w+1) =?= max (v+1) (?u.3280+1)
while trying to unify
  F.IsLeftAdjoint : Prop
with
  Functor.IsLeftAdjoint.{max v ?u.3280, max v ?u.3280, max (v + 1) (?u.3280 + 1), max (max u (v + 1)) (?u.3280 + 1)}
    (ModuleCat.restrictScalars.{max v ?u.3280, u, v} e.toRingHom) : Prop
work/restrict_scalars_projective_dimension_probe.lean:20:8: error: stuck at solving universe constraint
  max (max (u+1) (v+1)) (w+1) =?= max (max u (v+1)) (?u.3280+1)
while trying to unify
  F.IsLeftAdjoint : Prop
with
  Functor.IsLeftAdjoint.{max v ?u.3280, max v ?u.3280, max (v + 1) (?u.3280 + 1), max (max u (v + 1)) (?u.3280 + 1)}
    (ModuleCat.restrictScalars.{max v ?u.3280, u, v} e.toRingHom) : Prop
work/restrict_scalars_projective_dimension_probe.lean:20:8: error: stuck at solving universe constraint
  max (max u v) w =?= max v ?u.3280
while trying to unify
  F.IsLeftAdjoint : Prop
with
  Functor.IsLeftAdjoint.{max v ?u.3280, max v ?u.3280, max (v + 1) (?u.3280 + 1), max (max u (v + 1)) (?u.3280 + 1)}
    (ModuleCat.restrictScalars.{max v ?u.3280, u, v} e.toRingHom) : Prop
work/restrict_scalars_projective_dimension_probe.lean:17:79: error: stuck at solving universe constraint
  max (max (u+1) (v+1)) (w+1) =?= max (v+1) (?u.3280+1)
while trying to unify
  F.IsLeftAdjoint : Prop
with
  Functor.IsLeftAdjoint.{max v ?u.3280, max v ?u.3280, max (v + 1) (?u.3280 + 1), max (max u (v + 1)) (?u.3280 + 1)}
    (ModuleCat.restrictScalars.{max v ?u.3280, u, v} e.toRingHom) : Prop
work/restrict_scalars_projective_dimension_probe.lean:17:79: error: stuck at solving universe constraint
  max (max (u+1) (v+1)) (w+1) =?= max (max u (v+1)) (?u.3280+1)
while trying to unify
  F.IsLeftAdjoint : Prop
with
  Functor.IsLeftAdjoint.{max v ?u.3280, max v ?u.3280, max (v + 1) (?u.3280 + 1), max (max u (v + 1)) (?u.3280 + 1)}
    (ModuleCat.restrictScalars.{max v ?u.3280, u, v} e.toRingHom) : Prop
work/restrict_scalars_projective_dimension_probe.lean:17:79: error: stuck at solving universe constraint
  max (max u v) w =?= max v ?u.3280
while trying to unify
  F.IsLeftAdjoint : Prop
with
  Functor.IsLeftAdjoint.{max v ?u.3280, max v ?u.3280, max (v + 1) (?u.3280 + 1), max (max u (v + 1)) (?u.3280 + 1)}
    (ModuleCat.restrictScalars.{max v ?u.3280, u, v} e.toRingHom) : Prop
