work/ASGinzburgDraft/PotentialPathAutomorphismClasses.lean:44:9: warning: unused variable `φ`

Note: This linter can be disabled with `set_option linter.unusedVariables false`
work/ASGinzburgDraft/PotentialPathAutomorphismClasses.lean:44:11: warning: unused variable `ψ`

Note: This linter can be disabled with `set_option linter.unusedVariables false`
work/ASGinzburgDraft/PotentialPathAutomorphismClasses.lean:51:39: error: Application type mismatch: The argument
  h
has type
  Q.potentialClassCyclicOrbitMap k ⟦φ⟧ = Q.potentialClassCyclicOrbitMap k ⟦ψ⟧
but is expected to have type
  ⟦φ⟧ = ⟦ψ⟧
in the application
  Quotient.exact h
work/ASGinzburgDraft/PotentialPathAutomorphismClasses.lean:91:9: warning: unused variable `φ`

Note: This linter can be disabled with `set_option linter.unusedVariables false`
work/ASGinzburgDraft/PotentialPathAutomorphismClasses.lean:91:11: warning: unused variable `ψ`

Note: This linter can be disabled with `set_option linter.unusedVariables false`
work/ASGinzburgDraft/PotentialPathAutomorphismClasses.lean:98:39: error: Application type mismatch: The argument
  h
has type
  ginzburgRegularPotentialClassCyclicOrbitMap k Q ⟦φ⟧ = ginzburgRegularPotentialClassCyclicOrbitMap k Q ⟦ψ⟧
but is expected to have type
  ⟦φ⟧ = ⟦ψ⟧
in the application
  Quotient.exact h
