'ASGinzburg.balancedTensorTmul_eq_zero_of_left_action_span' depends on axioms: [propext, Classical.choice, Quot.sound]
'ASGinzburg.balancedTensorMapRight_eq_zero_of_action_span' depends on axioms: [propext, Classical.choice, Quot.sound]
'ASGinzburg.balancedTensorRightFunctor_map_eq_zero_of_action_span' depends on axioms: [propext,
 Classical.choice,
 Quot.sound]
'ASGinzburg.balancedTensorTorRightMinimalResolutionIso' depends on axioms: [propext, Classical.choice, Quot.sound]
'ASGinzburg.balancedTensorTorRightMinimalResolution_isZero_iff' depends on axioms: [propext,
 Classical.choice,
 Quot.sound]
'ASGinzburg.idealQuotientRightModule_smul' depends on axioms: [propext, Quot.sound]
'ASGinzburg.idealQuotientRightModule_annihilated' depends on axioms: [propext, Quot.sound]
'ASGinzburg.balancedTensorLeftIdealAction' depends on axioms: [propext, Quot.sound]
'ASGinzburg.balancedTensorLeftIdealAction_mem' depends on axioms: [propext, Quot.sound]
'ASGinzburg.balancedTensorLeftQuotientScalar' depends on axioms: [propext, Quot.sound]
'ASGinzburg.balancedTensorLeftQuotientCoefficient' depends on axioms: [propext, Classical.choice, Quot.sound]
'ASGinzburg.balancedTensorLeftQuotientCoefficient_mk' depends on axioms: [propext, Classical.choice, Quot.sound]
'ASGinzburg.balancedTensorLeftQuotientBilinear' depends on axioms: [propext, Classical.choice, Quot.sound]
'ASGinzburg.balancedTensorLeftQuotientMap' depends on axioms: [propext, Classical.choice, Quot.sound]
'ASGinzburg.balancedTensorLeftQuotientMap_tmul_mk' depends on axioms: [propext, Classical.choice, Quot.sound]
'ASGinzburg.balancedTensorLeftQuotientInverse' depends on axioms: [propext, Classical.choice, Quot.sound]
'ASGinzburg.balancedTensorLeftQuotientInverse_mk' depends on axioms: [propext, Classical.choice, Quot.sound]
'ASGinzburg.balancedTensorLeftQuotientEquiv' depends on axioms: [propext, Classical.choice, Quot.sound]
'ASGinzburg.balancedTensorTorRightMinimalTopEquiv' depends on axioms: [propext, Classical.choice, Quot.sound]
'ASGinzburg.balancedTensorTorRightMinimalTopIso' depends on axioms: [propext, Classical.choice, Quot.sound]
'ASGinzburg.balancedTensorTorRightMinimalTop_finite' depends on axioms: [propext, Classical.choice, Quot.sound]
'ASGinzburg.ordinaryIdealActionSpan_eq_top_of_minimal_tor_zero' depends on axioms: [propext,
 Classical.choice,
 Quot.sound]
'ASGinzburg.fourTermTruncationOfResolution' depends on axioms: [propext, Classical.choice, Quot.sound]
'ASGinzburg.fourTermTruncationOfResolution_term_zero' depends on axioms: [propext, Classical.choice, Quot.sound]
