'ASGinzburg.CutQuiver.Path.exists_split_at_length' depends on axioms: [propext, Quot.sound]
'ASGinzburg.CutQuiver.Path.target_of_toList_getLast' depends on axioms: [propext]
'ASGinzburg.CutQuiver.Path.closed_toList_base_eq' depends on axioms: [propext]
'ASGinzburg.CutQuiver.Path.closed_toList_sigma_eq' depends on axioms: [propext]
'ASGinzburg.CutQuiver.closedPathCyclicClass' depends on axioms: [propext, Classical.choice, Quot.sound]
'ASGinzburg.CutQuiver.pathCyclicTrace_totalComponent_closed' depends on axioms: [propext, Classical.choice, Quot.sound]
'ASGinzburg.CutQuiver.pathCyclicQuotientTrace_closedPathClass' depends on axioms: [propext,
 Classical.choice,
 Quot.sound]
'ASGinzburg.CutQuiver.closedPathCyclicClass_comp' depends on axioms: [propext, Classical.choice, Quot.sound]
'ASGinzburg.CutQuiver.closedPathCyclicClass_rotate_split' depends on axioms: [propext, Classical.choice, Quot.sound]
'ASGinzburg.CutQuiver.closedPathCyclicClass_eq_of_rotated' depends on axioms: [propext, Classical.choice, Quot.sound]
'ASGinzburg.CutQuiver.closedPathCyclicClass_eq_of_wordClass' depends on axioms: [propext, Classical.choice, Quot.sound]
'ASGinzburg.CutQuiver.potentialClassRepresentative' depends on axioms: [propext, Classical.choice, Quot.sound]
'ASGinzburg.CutQuiver.potentialWordCyclicClass' depends on axioms: [propext, Classical.choice, Quot.sound]
'ASGinzburg.CutQuiver.potentialWordCyclicClass_trace' depends on axioms: [propext, Classical.choice, Quot.sound]
'ASGinzburg.CutQuiver.potentialCyclicClass' depends on axioms: [propext, Classical.choice, Quot.sound]
'ASGinzburg.CutQuiver.pathCyclicQuotientTrace_potentialCyclicClass' depends on axioms: [propext,
 Classical.choice,
 Quot.sound]
'ASGinzburg.CutQuiver.potentialCyclicClass_injective' depends on axioms: [propext, Classical.choice, Quot.sound]
'ASGinzburg.CutQuiver.potentialCyclicClass_traceWord' depends on axioms: [propext, Classical.choice, Quot.sound]
