'ASGinzburg.ordinaryRingDual' depends on axioms: [propext, Quot.sound]
'ASGinzburg.ordinaryRingDual_smul_apply' depends on axioms: [propext, Quot.sound]
'ASGinzburg.ordinaryRingDualMap' depends on axioms: [propext, Quot.sound]
'ASGinzburg.ordinaryRingDualMap_apply' depends on axioms: [propext, Quot.sound]
'ASGinzburg.ordinaryRingDualFunctor' depends on axioms: [propext, Quot.sound]
'ASGinzburg.ordinaryRingDualFunctorAdditive' depends on axioms: [propext, Quot.sound]
'ASGinzburg.rightRegularOppositeLinearEquiv' depends on axioms: [propext, Quot.sound]
'ASGinzburg.ordinaryRingDualFiniteFreeEquiv' depends on axioms: [propext, Classical.choice, Quot.sound]
'ASGinzburg.ordinaryRingBidual' depends on axioms: [propext, Quot.sound]
'ASGinzburg.ordinaryRingBidualElement' depends on axioms: [propext, Quot.sound]
'ASGinzburg.ordinaryRingBidualEvaluationLinearMap' depends on axioms: [propext, Quot.sound]
'ASGinzburg.ordinaryRingBidualMap' depends on axioms: [propext, Quot.sound]
'ASGinzburg.ordinaryRingBidualFunctor' depends on axioms: [propext, Quot.sound]
'ASGinzburg.ordinaryRingBidualEvaluation' depends on axioms: [propext, Quot.sound]
'ASGinzburg.ordinaryRingBidualEvaluation_apply' depends on axioms: [propext, Quot.sound]
'ASGinzburg.ordinaryRingBidualEvaluationNatTrans' depends on axioms: [propext, Classical.choice, Quot.sound]
'ASGinzburg.ordinaryFiniteProjectiveProperty_ringDual' depends on axioms: [propext, Classical.choice, Quot.sound]
'ASGinzburg.ordinaryRingDualHom_finite' depends on axioms: [propext, Classical.choice, Quot.sound]
'ASGinzburg.ordinaryRingDual_projective' depends on axioms: [propext, Classical.choice, Quot.sound]
'ASGinzburg.ordinaryRingDualHom_projective' depends on axioms: [propext, Classical.choice, Quot.sound]
'ASGinzburg.ordinaryRingDualCochainFunctor' depends on axioms: [propext, Classical.choice, Quot.sound]
'ASGinzburg.ordinaryRingDualCochainComplex' depends on axioms: [propext, Classical.choice, Quot.sound]
'ASGinzburg.ordinaryRingDualCochainComplex_d' depends on axioms: [propext, Classical.choice, Quot.sound]
'ASGinzburg.ordinaryRingDualCochainComplex_perfect' depends on axioms: [propext, Classical.choice, Quot.sound]
