work/ASGinzburgDraft/BifunctorTotalRightResolutionAugmentation.lean:29:4: error: Tactic `rewrite` failed: Did not find an occurrence of the pattern
  ιMapBifunctor ?K ((ChainComplex.single₀ ?m.184).obj ?N) ?F (ComplexShape.down ℕ) ?n 0 ?n ⋯ ≫
    (mapBifunctorSingleRightIso ?F ?K ?N).hom.f ?n
in the target expression
  (F.map ((𝟙 P).f n)).app (Q.complex.X 0) ≫
      ((F.obj (P.X n)).map (Q.π.f 0) ≫
          ιMapBifunctor P ((ChainComplex.single₀ C₂).obj N) F (ComplexShape.down ℕ) n 0 n ⋯) ≫
        (mapBifunctorSingleRightIso F P N).hom.f n =
    (F.obj (P.X n)).map (Q.π.f 0)

k : Type u
inst✝⁶ : Ring k
C₁ : Type u₁
C₂ : Type u₂
inst✝⁵ : Category.{v₁, u₁} C₁
inst✝⁴ : Category.{v₂, u₂} C₂
inst✝³ : Preadditive C₁
inst✝² : Abelian C₂
F : C₁ ⥤ C₂ ⥤ ModuleCat k
inst✝¹ : F.Additive
inst✝ : ∀ (X : C₁), (F.obj X).Additive
P : ChainComplex C₁ ℕ
N : C₂
Q : ProjectiveResolution N
n : ℕ
⊢ (F.map ((𝟙 P).f n)).app (Q.complex.X 0) ≫
      ((F.obj (P.X n)).map (Q.π.f 0) ≫
          ιMapBifunctor P ((ChainComplex.single₀ C₂).obj N) F (ComplexShape.down ℕ) n 0 n ⋯) ≫
        (mapBifunctorSingleRightIso F P N).hom.f n =
    (F.obj (P.X n)).map (Q.π.f 0)
work/ASGinzburgDraft/BifunctorTotalRightResolutionAugmentation.lean:22:2: warning: declaration uses 'sorry'
