⚠ [3089/3247] Replayed ASGinzburg.PathAlgebra
warning: ASGinzburg/PathAlgebra.lean:97:42: This simp argument is unused:
  LinearMap.add_apply

Hint: Omit it from the simp argument list.
  simp [map_add, L̵i̵n̵e̵a̵r̵M̵a̵p̵.̵a̵d̵d̵_̵a̵p̵p̵l̵y̵,̵ ̵ih, ih']

Note: This linter can be disabled with `set_option linter.unusedSimpArgs false`
✔ [3331/3335] Built ASGinzburg.ASResolutionHomComplex (3.2s)
✔ [3332/3335] Built ASGinzburg (2.1s)
ℹ [3334/3335] Built AxiomAudit (49s)
info: AxiomAudit.lean:3:0: 'ASGinzburg.ZAlgebra.asExtTotalRank' depends on axioms: [propext, Classical.choice, Quot.sound]
info: AxiomAudit.lean:4:0: 'ASGinzburg.ZAlgebra.ASRegular' depends on axioms: [propext, Classical.choice, Quot.sound]
info: AxiomAudit.lean:5:0: 'ASGinzburg.ZAlgebra.ASRegular.resolution' depends on axioms: [propext, Classical.choice, Quot.sound]
info: AxiomAudit.lean:6:0: 'ASGinzburg.ZAlgebra.ASRegular.projectiveResolution' depends on axioms: [propext, Classical.choice, Quot.sound]
info: AxiomAudit.lean:7:0: 'ASGinzburg.ZAlgebra.ASRegular.projectiveResolution_isZero_ge_four' depends on axioms: [propext,
 Classical.choice,
 Quot.sound]
info: AxiomAudit.lean:8:0: 'ASGinzburg.ZAlgebra.asExtRank_le_total' depends on axioms: [propext, Classical.choice, Quot.sound]
info: AxiomAudit.lean:9:0: 'ASGinzburg.ZAlgebra.ASRegular.extRank_le_one' depends on axioms: [propext, Classical.choice, Quot.sound]
info: AxiomAudit.lean:10:0: 'ASGinzburg.ZAlgebra.ASRegular.extFinite' depends on axioms: [propext, Classical.choice, Quot.sound]
info: AxiomAudit.lean:11:0: 'ASGinzburg.ZAlgebra.ASRegular.extFinrank_le_one' depends on axioms: [propext, Classical.choice, Quot.sound]
info: AxiomAudit.lean:12:0: 'ASGinzburg.ZAlgebra.asExtRank_zero_iff' depends on axioms: [propext, Classical.choice, Quot.sound]
info: AxiomAudit.lean:13:0: 'ASGinzburg.CutQuiver.incomingArrows' does not depend on any axioms
info: AxiomAudit.lean:14:0: 'ASGinzburg.CutQuiver.outgoingArrows' does not depend on any axioms
info: AxiomAudit.lean:15:0: 'ASGinzburg.CutQuiver.incomingArrowsFintype' depends on axioms: [propext, Classical.choice, Quot.sound]
info: AxiomAudit.lean:16:0: 'ASGinzburg.CutQuiver.outgoingArrowsFintype' depends on axioms: [propext, Classical.choice, Quot.sound]
info: AxiomAudit.lean:17:0: 'ASGinzburg.CutQuiver.incomingSource' does not depend on any axioms
info: AxiomAudit.lean:18:0: 'ASGinzburg.CutQuiver.outgoingTarget' does not depend on any axioms
info: AxiomAudit.lean:19:0: 'ASGinzburg.CutQuiver.incoming_liftedTarget' depends on axioms: [propext]
info: AxiomAudit.lean:20:0: 'ASGinzburg.CutQuiver.outgoing_liftedSource' does not depend on any axioms
info: AxiomAudit.lean:21:0: 'ASGinzburg.CutQuiver.incomingSource_height_lt' depends on axioms: [propext, Classical.choice, Quot.sound]
info: AxiomAudit.lean:22:0: 'ASGinzburg.CutQuiver.outgoingTarget_height_gt' depends on axioms: [propext, Classical.choice, Quot.sound]
info: AxiomAudit.lean:23:0: 'ASGinzburg.ZAlgebra.rightModule_coproduct_projective' depends on axioms: [propext, Classical.choice, Quot.sound]
info: AxiomAudit.lean:24:0: 'ASGinzburg.ZAlgebra.asResolutionTerm₁' depends on axioms: [propext, Classical.choice, Quot.sound]
info: AxiomAudit.lean:25:0: 'ASGinzburg.ZAlgebra.asResolutionTerm₂' depends on axioms: [propext, Classical.choice, Quot.sound]
info: AxiomAudit.lean:26:0: 'ASGinzburg.ZAlgebra.asResolutionTerm₁Projective' depends on axioms: [propext, Classical.choice, Quot.sound]
info: AxiomAudit.lean:27:0: 'ASGinzburg.ZAlgebra.asResolutionTerm₂Projective' depends on axioms: [propext, Classical.choice, Quot.sound]
info: AxiomAudit.lean:28:0: 'ASGinzburg.ZAlgebra.ASResolution' depends on axioms: [propext, Classical.choice, Quot.sound]
info: AxiomAudit.lean:29:0: 'ASGinzburg.ZAlgebra.ASResolution.hom_d₁_simple_zero' depends on axioms: [propext, Classical.choice, Quot.sound]
info: AxiomAudit.lean:30:0: 'ASGinzburg.ZAlgebra.ASResolution.hom_d₂_simple_zero' depends on axioms: [propext, Classical.choice, Quot.sound]
info: AxiomAudit.lean:31:0: 'ASGinzburg.ZAlgebra.ASResolution.hom_d₃_simple_zero' depends on axioms: [propext, Classical.choice, Quot.sound]
info: AxiomAudit.lean:32:0: 'ASGinzburg.ZAlgebra.ASResolution.complexTerm' depends on axioms: [propext, Classical.choice, Quot.sound]
info: AxiomAudit.lean:33:0: 'ASGinzburg.ZAlgebra.ASResolution.complexDifferential' depends on axioms: [propext, Classical.choice, Quot.sound]
info: AxiomAudit.lean:34:0: 'ASGinzburg.ZAlgebra.ASResolution.complexDifferential_sq' depends on axioms: [propext, Classical.choice, Quot.sound]
info: AxiomAudit.lean:35:0: 'ASGinzburg.ZAlgebra.ASResolution.complex' depends on axioms: [propext, Classical.choice, Quot.sound]
info: AxiomAudit.lean:36:0: 'ASGinzburg.ZAlgebra.ASResolution.complexTermProjective' depends on axioms: [propext, Classical.choice, Quot.sound]
info: AxiomAudit.lean:37:0: 'ASGinzburg.ZAlgebra.ASResolution.complex_exactAt_succ' depends on axioms: [propext, Classical.choice, Quot.sound]
info: AxiomAudit.lean:38:0: 'ASGinzburg.ZAlgebra.ASResolution.augmentation' depends on axioms: [propext, Classical.choice, Quot.sound]
info: AxiomAudit.lean:39:0: 'ASGinzburg.ZAlgebra.ASResolution.augmentationQuasiIso' depends on axioms: [propext, Classical.choice, Quot.sound]
info: AxiomAudit.lean:40:0: 'ASGinzburg.ZAlgebra.ASResolution.toProjectiveResolution' depends on axioms: [propext, Classical.choice, Quot.sound]
info: AxiomAudit.lean:41:0: 'ASGinzburg.ZAlgebra.ASResolution.complex_isZero_ge_four' depends on axioms: [propext, Classical.choice, Quot.sound]
info: AxiomAudit.lean:42:0: 'ASGinzburg.ZAlgebra.ASResolution.homDifferential' depends on axioms: [propext, Classical.choice, Quot.sound]
info: AxiomAudit.lean:43:0: 'ASGinzburg.ZAlgebra.ASResolution.homDifferential_sq' depends on axioms: [propext, Classical.choice, Quot.sound]
info: AxiomAudit.lean:44:0: 'ASGinzburg.ZAlgebra.ASResolution.homComplex' depends on axioms: [propext, Classical.choice, Quot.sound]
info: AxiomAudit.lean:45:0: 'ASGinzburg.ZAlgebra.ASResolution.complexDifferential_minimal' depends on axioms: [propext,
 Classical.choice,
 Quot.sound]
info: AxiomAudit.lean:46:0: 'ASGinzburg.ZAlgebra.ASResolution.homDifferential_simple_zero' depends on axioms: [propext,
 Classical.choice,
 Quot.sound]
info: AxiomAudit.lean:47:0: 'ASGinzburg.ZAlgebra.ASResolution.homComplex_simple_d_zero' depends on axioms: [propext, Classical.choice, Quot.sound]
info: AxiomAudit.lean:48:0: 'ASGinzburg.ZAlgebra.ASResolution.homComplex_simple_d_all_zero' depends on axioms: [propext,
 Classical.choice,
 Quot.sound]
info: AxiomAudit.lean:49:0: 'ASGinzburg.ZAlgebra.ASResolution.homComplex_simple_homologyIso' depends on axioms: [propext,
 Classical.choice,
 Quot.sound]
info: AxiomAudit.lean:50:0: 'ASGinzburg.conjugateHom' depends on axioms: [propext, Classical.choice, Quot.sound]
info: AxiomAudit.lean:51:0: 'ASGinzburg.conjugateHom_apply' depends on axioms: [propext, Classical.choice, Quot.sound]
info: AxiomAudit.lean:52:0: 'ASGinzburg.conjugateHom_id' depends on axioms: [propext, Classical.choice, Quot.sound]
info: AxiomAudit.lean:53:0: 'ASGinzburg.conjugateHom_comp' depends on axioms: [propext, Classical.choice, Quot.sound]
info: AxiomAudit.lean:54:0: 'ASGinzburg.CyclicWord' depends on axioms: [propext, Quot.sound]
info: AxiomAudit.lean:55:0: 'ASGinzburg.WordPolynomial' depends on axioms: [propext, Classical.choice, Quot.sound]
info: AxiomAudit.lean:56:0: 'ASGinzburg.CyclicPolynomial' depends on axioms: [propext, Classical.choice, Quot.sound]
info: AxiomAudit.lean:57:0: 'ASGinzburg.wordClass' depends on axioms: [propext, Quot.sound]
info: AxiomAudit.lean:58:0: 'ASGinzburg.traceWord' depends on axioms: [propext, Classical.choice, Quot.sound]
info: AxiomAudit.lean:59:0: 'ASGinzburg.wordClass_append_swap' depends on axioms: [propext, Quot.sound]
info: AxiomAudit.lean:60:0: 'ASGinzburg.traceWord_append_swap' depends on axioms: [propext, Classical.choice, Quot.sound]
info: AxiomAudit.lean:61:0: 'ASGinzburg.wordCutDegree' does not depend on any axioms
info: AxiomAudit.lean:62:0: 'ASGinzburg.wordCutDegree_append' depends on axioms: [propext]
info: AxiomAudit.lean:63:0: 'ASGinzburg.unique_cut_split' depends on axioms: [propext, Quot.sound]
info: AxiomAudit.lean:64:0: 'ASGinzburg.reconstructAux' depends on axioms: [propext, Classical.choice, Quot.sound]
info: AxiomAudit.lean:65:0: 'ASGinzburg.reconstructAux_euler' depends on axioms: [propext, Classical.choice, Quot.sound]
info: AxiomAudit.lean:66:0: 'ASGinzburg.cyclicTrace' depends on axioms: [propext, Classical.choice, Quot.sound]
info: AxiomAudit.lean:67:0: 'ASGinzburg.cutReconstruction' depends on axioms: [propext, Classical.choice, Quot.sound]
info: AxiomAudit.lean:68:0: 'ASGinzburg.cut_euler_identity' depends on axioms: [propext, Classical.choice, Quot.sound]
info: AxiomAudit.lean:69:0: 'ASGinzburg.cut_normal_form' depends on axioms: [propext, Quot.sound]
info: AxiomAudit.lean:70:0: 'ASGinzburg.path_word_cutDegree' depends on axioms: [propext]
info: AxiomAudit.lean:71:0: 'ASGinzburg.CutQuiver' does not depend on any axioms
info: AxiomAudit.lean:72:0: 'ASGinzburg.CutQuiver.Arrow' does not depend on any axioms
info: AxiomAudit.lean:73:0: 'ASGinzburg.CutQuiver.Vertex' does not depend on any axioms
info: AxiomAudit.lean:74:0: 'ASGinzburg.CutQuiver.LiftVertex' does not depend on any axioms
info: AxiomAudit.lean:75:0: 'ASGinzburg.CutQuiver.cutDegree' does not depend on any axioms
info: AxiomAudit.lean:76:0: 'ASGinzburg.CutQuiver.winding' does not depend on any axioms
info: AxiomAudit.lean:77:0: 'ASGinzburg.CutQuiver.height' does not depend on any axioms
info: AxiomAudit.lean:78:0: 'ASGinzburg.CutQuiver.periodNeZero' depends on axioms: [propext, Quot.sound]
info: AxiomAudit.lean:79:0: 'ASGinzburg.CutQuiver.heightEquiv' depends on axioms: [propext, Classical.choice, Quot.sound]
info: AxiomAudit.lean:80:0: 'ASGinzburg.CutQuiver.heightEquiv_apply' depends on axioms: [propext, Classical.choice, Quot.sound]
info: AxiomAudit.lean:81:0: 'ASGinzburg.CutQuiver.height_bijective' depends on axioms: [propext, Classical.choice, Quot.sound]
info: AxiomAudit.lean:82:0: 'ASGinzburg.CutQuiver.shift' does not depend on any axioms
info: AxiomAudit.lean:83:0: 'ASGinzburg.CutQuiver.tau' depends on axioms: [propext]
info: AxiomAudit.lean:84:0: 'ASGinzburg.CutQuiver.liftedSource' does not depend on any axioms
info: AxiomAudit.lean:85:0: 'ASGinzburg.CutQuiver.liftedTarget' does not depend on any axioms
info: AxiomAudit.lean:86:0: 'ASGinzburg.CutQuiver.cutDegree_false' depends on axioms: [propext]
info: AxiomAudit.lean:87:0: 'ASGinzburg.CutQuiver.cutDegree_true' depends on axioms: [propext]
info: AxiomAudit.lean:88:0: 'ASGinzburg.CutQuiver.winding_pos' depends on axioms: [propext, Classical.choice, Quot.sound]
info: AxiomAudit.lean:89:0: 'ASGinzburg.CutQuiver.winding_lt_period' depends on axioms: [propext, Classical.choice, Quot.sound]
info: AxiomAudit.lean:90:0: 'ASGinzburg.CutQuiver.height_shift' depends on axioms: [propext]
info: AxiomAudit.lean:91:0: 'ASGinzburg.CutQuiver.height_tau' depends on axioms: [propext, Quot.sound]
info: AxiomAudit.lean:92:0: 'ASGinzburg.CutQuiver.lifted_height_difference' depends on axioms: [propext, Quot.sound]
info: AxiomAudit.lean:93:0: 'ASGinzburg.CutQuiver.lifted_arrow_increases_height' depends on axioms: [propext, Classical.choice, Quot.sound]
info: AxiomAudit.lean:94:0: 'ASGinzburg.CutQuiver.intermediate_in_interval' depends on axioms: [propext, Classical.choice, Quot.sound]
info: AxiomAudit.lean:95:0: 'ASGinzburg.CutQuiver.Path' does not depend on any axioms
info: AxiomAudit.lean:96:0: 'ASGinzburg.CutQuiver.Path.length' does not depend on any axioms
info: AxiomAudit.lean:97:0: 'ASGinzburg.CutQuiver.Path.cutDegree' does not depend on any axioms
info: AxiomAudit.lean:98:0: 'ASGinzburg.CutQuiver.Path.winding' does not depend on any axioms
info: AxiomAudit.lean:99:0: 'ASGinzburg.CutQuiver.Path.toList' does not depend on any axioms
info: AxiomAudit.lean:100:0: 'ASGinzburg.CutQuiver.Path.length_toList' depends on axioms: [propext]
info: AxiomAudit.lean:101:0: 'ASGinzburg.CutQuiver.Path.winding_eq' depends on axioms: [propext, Classical.choice, Quot.sound]
info: AxiomAudit.lean:102:0: 'ASGinzburg.CutQuiver.Path.winding_nonneg' depends on axioms: [propext, Classical.choice, Quot.sound]
info: AxiomAudit.lean:103:0: 'ASGinzburg.CutQuiver.Path.winding_pos_of_length_pos' depends on axioms: [propext, Classical.choice, Quot.sound]
info: AxiomAudit.lean:104:0: 'ASGinzburg.CutQuiver.Path.zero_cut_increases_vertex' depends on axioms: [propext, Classical.choice, Quot.sound]
info: AxiomAudit.lean:105:0: 'ASGinzburg.CutQuiver.Path.zero_cut_has_no_nonempty_cycle' depends on axioms: [propext, Classical.choice, Quot.sound]
info: AxiomAudit.lean:106:0: 'ASGinzburg.CutQuiver.Path.cut_one_cycle_winding' depends on axioms: [propext, Classical.choice, Quot.sound]
info: AxiomAudit.lean:107:0: 'ASGinzburg.derivativeAux' depends on axioms: [propext, Classical.choice, Quot.sound]
info: AxiomAudit.lean:108:0: 'ASGinzburg.derivativeWord' depends on axioms: [propext, Classical.choice, Quot.sound]
info: AxiomAudit.lean:109:0: 'ASGinzburg.derivativeAux_append' depends on axioms: [propext, Classical.choice, Quot.sound]
info: AxiomAudit.lean:110:0: 'ASGinzburg.derivativeWord_append_swap' depends on axioms: [propext, Classical.choice, Quot.sound]
info: AxiomAudit.lean:111:0: 'ASGinzburg.derivativeWord_rotate' depends on axioms: [propext, Classical.choice, Quot.sound]
info: AxiomAudit.lean:112:0: 'ASGinzburg.derivativeCyclicWord' depends on axioms: [propext, Classical.choice, Quot.sound]
info: AxiomAudit.lean:113:0: 'ASGinzburg.derivativeCyclicWord_mk' depends on axioms: [propext, Classical.choice, Quot.sound]
info: AxiomAudit.lean:114:0: 'ASGinzburg.cyclicDerivative' depends on axioms: [propext, Classical.choice, Quot.sound]
info: AxiomAudit.lean:115:0: 'ASGinzburg.prependTrace' depends on axioms: [propext, Classical.choice, Quot.sound]
info: AxiomAudit.lean:116:0: 'ASGinzburg.prependTrace_single' depends on axioms: [propext, Classical.choice, Quot.sound]
info: AxiomAudit.lean:117:0: 'ASGinzburg.cyclicDerivative_traceWord' depends on axioms: [propext, Classical.choice, Quot.sound]
info: AxiomAudit.lean:118:0: 'ASGinzburg.derivativeAux_reconstruction' depends on axioms: [propext, Classical.choice, Quot.sound]
info: AxiomAudit.lean:119:0: 'ASGinzburg.cyclicCutReconstruction' depends on axioms: [propext, Classical.choice, Quot.sound]
info: AxiomAudit.lean:120:0: 'ASGinzburg.ite_linearMap_apply' depends on axioms: [propext]
info: AxiomAudit.lean:121:0: 'ASGinzburg.cyclicCutReconstruction_traceWord' depends on axioms: [propext, Classical.choice, Quot.sound]
info: AxiomAudit.lean:122:0: 'ASGinzburg.cyclicCutReconstruction_comp_trace' depends on axioms: [propext, Classical.choice, Quot.sound]
info: AxiomAudit.lean:123:0: 'ASGinzburg.cut_cyclic_derivative_identity' depends on axioms: [propext, Classical.choice, Quot.sound]
info: AxiomAudit.lean:124:0: 'ASGinzburg.totalDimension' depends on axioms: [propext, Quot.sound]
info: AxiomAudit.lean:125:0: 'ASGinzburg.dimension_table_eq_single' depends on axioms: [propext, Classical.choice, Quot.sound]
info: AxiomAudit.lean:126:0: 'ASGinzburg.total_dimension_single' depends on axioms: [propext, Classical.choice, Quot.sound]
info: AxiomAudit.lean:127:0: 'ASGinzburg.total_one_iff_single' depends on axioms: [propext, Classical.choice, Quot.sound]
info: AxiomAudit.lean:128:0: 'ASGinzburg.ext_dimension_delta' depends on axioms: [propext, Classical.choice, Quot.sound]
info: AxiomAudit.lean:129:0: 'ASGinzburg.CutQuiver.GinzburgArrow' does not depend on any axioms
info: AxiomAudit.lean:130:0: 'ASGinzburg.CutQuiver.GinzburgArrow.source' does not depend on any axioms
info: AxiomAudit.lean:131:0: 'ASGinzburg.CutQuiver.GinzburgArrow.target' does not depend on any axioms
info: AxiomAudit.lean:132:0: 'ASGinzburg.CutQuiver.GinzburgArrow.cohomologicalDegree' does not depend on any axioms
info: AxiomAudit.lean:133:0: 'ASGinzburg.CutQuiver.GinzburgArrow.cutDegree' does not depend on any axioms
info: AxiomAudit.lean:134:0: 'ASGinzburg.CutQuiver.GinzburgArrow.winding' does not depend on any axioms
info: AxiomAudit.lean:135:0: 'ASGinzburg.CutQuiver.GinzburgArrow.winding_pos' depends on axioms: [propext, Classical.choice, Quot.sound]
info: AxiomAudit.lean:136:0: 'ASGinzburg.CutQuiver.GinzburgArrow.winding_formula' depends on axioms: [propext, Quot.sound]
info: AxiomAudit.lean:137:0: 'ASGinzburg.CutQuiver.GinzburgArrow.original_dual_winding_sum' depends on axioms: [propext]
info: AxiomAudit.lean:138:0: 'ASGinzburg.CutQuiver.GinzburgArrow.original_dual_cut_sum' depends on axioms: [propext]
info: AxiomAudit.lean:139:0: 'ASGinzburg.CutQuiver.GinzburgArrow.loop_differential_cohomological_degree' does not depend on any axioms
info: AxiomAudit.lean:140:0: 'ASGinzburg.positive_recurrence_unique' depends on axioms: [propext, Quot.sound]
info: AxiomAudit.lean:141:0: 'ASGinzburg.quadraticHilbert' does not depend on any axioms
info: AxiomAudit.lean:142:0: 'ASGinzburg.quadraticHilbert_closed' depends on axioms: [propext, Quot.sound]
info: AxiomAudit.lean:143:0: 'ASGinzburg.quadraticHilbert_double' depends on axioms: [propext]
info: AxiomAudit.lean:144:0: 'ASGinzburg.quadraticHilbert_third_difference' depends on axioms: [propext, Classical.choice, Quot.sound]
info: AxiomAudit.lean:145:0: 'ASGinzburg.quadraticHilbert_unique' depends on axioms: [propext, Classical.choice, Quot.sound]
info: AxiomAudit.lean:146:0: 'ASGinzburg.quadraticHilbert_polynomial_bound' depends on axioms: [propext, Classical.choice, Quot.sound]
info: AxiomAudit.lean:147:0: 'ASGinzburg.CutQuiver.Path.comp' does not depend on any axioms
info: AxiomAudit.lean:148:0: 'ASGinzburg.CutQuiver.Path.comp_nil' does not depend on any axioms
info: AxiomAudit.lean:149:0: 'ASGinzburg.CutQuiver.Path.nil_comp' depends on axioms: [propext]
info: AxiomAudit.lean:150:0: 'ASGinzburg.CutQuiver.Path.comp_assoc' depends on axioms: [propext]
info: AxiomAudit.lean:151:0: 'ASGinzburg.CutQuiver.Path.cutDegree_comp' depends on axioms: [propext]
info: AxiomAudit.lean:152:0: 'ASGinzburg.CutQuiver.Path.winding_comp' depends on axioms: [propext]
info: AxiomAudit.lean:153:0: 'ASGinzburg.CutQuiver.PathComponent' depends on axioms: [propext, Classical.choice, Quot.sound]
info: AxiomAudit.lean:154:0: 'ASGinzburg.CutQuiver.pathComp' depends on axioms: [propext, Classical.choice, Quot.sound]
info: AxiomAudit.lean:155:0: 'ASGinzburg.CutQuiver.pathId' depends on axioms: [propext, Classical.choice, Quot.sound]
info: AxiomAudit.lean:156:0: 'ASGinzburg.CutQuiver.pathComp_single' depends on axioms: [propext, Classical.choice, Quot.sound]
info: AxiomAudit.lean:157:0: 'ASGinzburg.CutQuiver.pathComp_id' depends on axioms: [propext, Classical.choice, Quot.sound]
info: AxiomAudit.lean:158:0: 'ASGinzburg.CutQuiver.id_pathComp' depends on axioms: [propext, Classical.choice, Quot.sound]
info: AxiomAudit.lean:159:0: 'ASGinzburg.CutQuiver.pathComp_assoc' depends on axioms: [propext, Classical.choice, Quot.sound]
info: AxiomAudit.lean:160:0: 'ASGinzburg.ZAlgebra.Obj' depends on axioms: [propext, Classical.choice, Quot.sound]
info: AxiomAudit.lean:161:0: 'ASGinzburg.ZAlgebra.objCategory' depends on axioms: [propext, Classical.choice, Quot.sound]
info: AxiomAudit.lean:162:0: 'ASGinzburg.ZAlgebra.objHomAdd' depends on axioms: [propext, Classical.choice, Quot.sound]
info: AxiomAudit.lean:163:0: 'ASGinzburg.ZAlgebra.objHomModule' depends on axioms: [propext, Classical.choice, Quot.sound]
info: AxiomAudit.lean:164:0: 'ASGinzburg.ZAlgebra.objPreadditive' depends on axioms: [propext, Classical.choice, Quot.sound]
info: AxiomAudit.lean:165:0: 'ASGinzburg.ZAlgebra.objLinear' depends on axioms: [propext, Classical.choice, Quot.sound]
info: AxiomAudit.lean:166:0: 'ASGinzburg.ZAlgebra.objOppositeHomModule' depends on axioms: [propext, Classical.choice, Quot.sound]
info: AxiomAudit.lean:167:0: 'ASGinzburg.ZAlgebra.objOppositeLinear' depends on axioms: [propext, Classical.choice, Quot.sound]
info: AxiomAudit.lean:168:0: 'ASGinzburg.ZAlgebra.representableLinear' depends on axioms: [propext, Classical.choice, Quot.sound]
info: AxiomAudit.lean:169:0: 'ASGinzburg.ZAlgebra.linearYonedaAdditive' depends on axioms: [propext, Classical.choice, Quot.sound]
info: AxiomAudit.lean:170:0: 'ASGinzburg.ZAlgebra.linearYonedaLinear' depends on axioms: [propext, Classical.choice, Quot.sound]
info: AxiomAudit.lean:171:0: 'ASGinzburg.ZAlgebra.rightModuleProperty' depends on axioms: [propext, Classical.choice, Quot.sound]
info: AxiomAudit.lean:172:0: 'ASGinzburg.ZAlgebra.RightModule' depends on axioms: [propext, Classical.choice, Quot.sound]
info: AxiomAudit.lean:173:0: 'ASGinzburg.ZAlgebra.representable' depends on axioms: [propext, Classical.choice, Quot.sound]
info: AxiomAudit.lean:174:0: 'ASGinzburg.ZAlgebra.representableHomEquiv' depends on axioms: [propext, Classical.choice, Quot.sound]
info: AxiomAudit.lean:175:0: 'ASGinzburg.ZAlgebra.representableHom_vanishes' depends on axioms: [propext, Classical.choice, Quot.sound]
info: AxiomAudit.lean:176:0: 'ASGinzburg.ZAlgebra.scalarEndEquiv' depends on axioms: [propext, Classical.choice, Quot.sound]
info: AxiomAudit.lean:177:0: 'ASGinzburg.ZAlgebra.representableEnd_finrank' depends on axioms: [propext, Classical.choice, Quot.sound]
info: AxiomAudit.lean:178:0: 'ASGinzburg.ZAlgebra.rightModuleProperty_closedUnderLimits' depends on axioms: [propext, Classical.choice, Quot.sound]
info: AxiomAudit.lean:179:0: 'ASGinzburg.ZAlgebra.rightModuleProperty_closedUnderColimits' depends on axioms: [propext, Classical.choice, Quot.sound]
info: AxiomAudit.lean:180:0: 'ASGinzburg.ZAlgebra.rightModuleHasLimitsOfShape' depends on axioms: [propext, Classical.choice, Quot.sound]
info: AxiomAudit.lean:181:0: 'ASGinzburg.ZAlgebra.rightModuleHasColimitsOfShape' depends on axioms: [propext, Classical.choice, Quot.sound]
info: AxiomAudit.lean:182:0: 'ASGinzburg.ZAlgebra.rightModuleInclusionCreatesLimitsOfShape' depends on axioms: [propext,
 Classical.choice,
 Quot.sound]
info: AxiomAudit.lean:183:0: 'ASGinzburg.ZAlgebra.rightModuleInclusionCreatesColimitsOfShape' depends on axioms: [propext,
 Classical.choice,
 Quot.sound]
info: AxiomAudit.lean:184:0: 'ASGinzburg.ZAlgebra.rightModuleHasFiniteProducts' depends on axioms: [propext, Classical.choice, Quot.sound]
info: AxiomAudit.lean:185:0: 'ASGinzburg.ZAlgebra.rightModuleCoimageImageComparisonIsIso' depends on axioms: [propext, Classical.choice, Quot.sound]
info: AxiomAudit.lean:186:0: 'ASGinzburg.ZAlgebra.rightModuleAbelian' depends on axioms: [propext, Classical.choice, Quot.sound]
info: AxiomAudit.lean:187:0: 'ASGinzburg.ZAlgebra.rightModuleInclusionPreservesFiniteLimits' depends on axioms: [propext,
 Classical.choice,
 Quot.sound]
info: AxiomAudit.lean:188:0: 'ASGinzburg.ZAlgebra.rightModuleInclusionPreservesFiniteColimits' depends on axioms: [propext,
 Classical.choice,
 Quot.sound]
info: AxiomAudit.lean:189:0: 'ASGinzburg.ZAlgebra.rightModuleGenerators' depends on axioms: [propext, Classical.choice, Quot.sound]
info: AxiomAudit.lean:190:0: 'ASGinzburg.ZAlgebra.freeRightModule' depends on axioms: [propext, Classical.choice, Quot.sound]
info: AxiomAudit.lean:191:0: 'ASGinzburg.ZAlgebra.freeRightModuleπ' depends on axioms: [propext, Classical.choice, Quot.sound]
info: AxiomAudit.lean:192:0: 'ASGinzburg.ZAlgebra.freeRightModuleProjective' depends on axioms: [propext, Classical.choice, Quot.sound]
info: AxiomAudit.lean:193:0: 'ASGinzburg.ZAlgebra.freeRightModuleπEpi' depends on axioms: [propext, Classical.choice, Quot.sound]
info: AxiomAudit.lean:194:0: 'ASGinzburg.ZAlgebra.rightModuleEnoughProjectives' depends on axioms: [propext, Classical.choice, Quot.sound]
info: AxiomAudit.lean:195:0: 'ASGinzburg.ZAlgebra.rightModuleProjectiveResolution' depends on axioms: [propext, Classical.choice, Quot.sound]
info: AxiomAudit.lean:196:0: 'ASGinzburg.ZAlgebra.rightModuleProjectiveResolution_exactAt_succ' depends on axioms: [propext,
 Classical.choice,
 Quot.sound]
info: AxiomAudit.lean:197:0: 'ASGinzburg.ZAlgebra.rightModuleHasExt' depends on axioms: [propext, Classical.choice, Quot.sound]
info: AxiomAudit.lean:198:0: 'ASGinzburg.ZAlgebra.representableExtZeroEquiv' depends on axioms: [propext, Classical.choice, Quot.sound]
info: AxiomAudit.lean:199:0: 'ASGinzburg.ZAlgebra.representable_higher_ext_eq_zero' depends on axioms: [propext, Classical.choice, Quot.sound]
info: AxiomAudit.lean:200:0: 'ASGinzburg.ZAlgebra.shiftedHomModule' depends on axioms: [propext, Classical.choice, Quot.sound]
info: AxiomAudit.lean:201:0: 'ASGinzburg.ZAlgebra.rightModuleDerivedLinear' depends on axioms: [propext, Classical.choice, Quot.sound]
info: AxiomAudit.lean:202:0: 'ASGinzburg.ZAlgebra.rightModuleDerivedQhLinear' depends on axioms: [propext, Classical.choice, Quot.sound]
info: AxiomAudit.lean:203:0: 'ASGinzburg.ZAlgebra.rightModuleDerivedSingleLinear' depends on axioms: [propext, Classical.choice, Quot.sound]
info: AxiomAudit.lean:204:0: 'ASGinzburg.ZAlgebra.rightModuleExtHomAddEquiv' depends on axioms: [propext, Classical.choice, Quot.sound]
info: AxiomAudit.lean:205:0: 'ASGinzburg.ZAlgebra.rightModuleExtModule' depends on axioms: [propext, Classical.choice, Quot.sound]
info: AxiomAudit.lean:206:0: 'ASGinzburg.ZAlgebra.rightModuleExtHomLinearEquiv' depends on axioms: [propext, Classical.choice, Quot.sound]
info: AxiomAudit.lean:207:0: 'ASGinzburg.ZAlgebra.rightModuleExt_mk₀_smul' depends on axioms: [propext, Classical.choice, Quot.sound]
info: AxiomAudit.lean:208:0: 'ASGinzburg.ZAlgebra.rightModuleExtZeroLinearEquiv' depends on axioms: [propext, Classical.choice, Quot.sound]
info: AxiomAudit.lean:209:0: 'ASGinzburg.ZAlgebra.representableExtZeroLinearEquiv' depends on axioms: [propext, Classical.choice, Quot.sound]
info: AxiomAudit.lean:210:0: 'ASGinzburg.ZAlgebra.rightModuleEvaluation' depends on axioms: [propext, Classical.choice, Quot.sound]
info: AxiomAudit.lean:211:0: 'ASGinzburg.ZAlgebra.rightModuleEvaluationAdditive' depends on axioms: [propext, Classical.choice, Quot.sound]
info: AxiomAudit.lean:212:0: 'ASGinzburg.ZAlgebra.rightModuleEvaluationPreservesFiniteLimits' depends on axioms: [propext,
 Classical.choice,
 Quot.sound]
info: AxiomAudit.lean:213:0: 'ASGinzburg.ZAlgebra.rightModuleEvaluationPreservesFiniteColimits' depends on axioms: [propext,
 Classical.choice,
 Quot.sound]
info: AxiomAudit.lean:214:0: 'ASGinzburg.ZAlgebra.rightModuleInclusionPreservesHomology' depends on axioms: [propext, Classical.choice, Quot.sound]
info: AxiomAudit.lean:215:0: 'ASGinzburg.ZAlgebra.rightModuleEvaluationPreservesHomology' depends on axioms: [propext, Classical.choice, Quot.sound]
info: AxiomAudit.lean:216:0: 'ASGinzburg.ZAlgebra.rightModuleKernelObjIso' depends on axioms: [propext, Classical.choice, Quot.sound]
info: AxiomAudit.lean:217:0: 'ASGinzburg.ZAlgebra.rightModuleCokernelObjIso' depends on axioms: [propext, Classical.choice, Quot.sound]
info: AxiomAudit.lean:218:0: 'ASGinzburg.ZAlgebra.rightModuleHomologyObjIso' depends on axioms: [propext, Classical.choice, Quot.sound]
info: AxiomAudit.lean:219:0: 'ASGinzburg.ZAlgebra.rightModule_exact_iff_inclusion' depends on axioms: [propext, Classical.choice, Quot.sound]
info: AxiomAudit.lean:220:0: 'ASGinzburg.ZAlgebra.rightModuleKernelObjIso_inv_ι' depends on axioms: [propext, Classical.choice, Quot.sound]
info: AxiomAudit.lean:221:0: 'ASGinzburg.ZAlgebra.rightModuleCokernelObjIso_π_hom' depends on axioms: [propext, Classical.choice, Quot.sound]
info: AxiomAudit.lean:222:0: 'ASGinzburg.ZAlgebra.rightModule_mono_iff' depends on axioms: [propext, Classical.choice, Quot.sound]
info: AxiomAudit.lean:223:0: 'ASGinzburg.ZAlgebra.rightModule_epi_iff' depends on axioms: [propext, Classical.choice, Quot.sound]
info: AxiomAudit.lean:224:0: 'ASGinzburg.ZAlgebra.rightModule_mono_iff_injective' depends on axioms: [propext, Classical.choice, Quot.sound]
info: AxiomAudit.lean:225:0: 'ASGinzburg.ZAlgebra.rightModule_epi_iff_surjective' depends on axioms: [propext, Classical.choice, Quot.sound]
info: AxiomAudit.lean:226:0: 'ASGinzburg.ZAlgebra.rightModule_exact_iff' depends on axioms: [propext, Classical.choice, Quot.sound]
info: AxiomAudit.lean:227:0: 'ASGinzburg.ZAlgebra.rightModule_exact_iff_range_eq_ker' depends on axioms: [propext, Classical.choice, Quot.sound]
info: AxiomAudit.lean:228:0: 'ASGinzburg.ZAlgebra.rightModule_shortExact_iff' depends on axioms: [propext, Classical.choice, Quot.sound]
info: AxiomAudit.lean:229:0: 'ASGinzburg.ZAlgebra.IsMinimalMorphism' depends on axioms: [propext, Classical.choice, Quot.sound]
info: AxiomAudit.lean:230:0: 'ASGinzburg.ZAlgebra.isMinimalMorphism_iff_range_le' depends on axioms: [propext, Classical.choice, Quot.sound]
info: AxiomAudit.lean:231:0: 'ASGinzburg.ZAlgebra.minimalMorphismLift' depends on axioms: [propext, Classical.choice, Quot.sound]
info: AxiomAudit.lean:232:0: 'ASGinzburg.ZAlgebra.minimalMorphismLift_inclusion' depends on axioms: [propext, Classical.choice, Quot.sound]
info: AxiomAudit.lean:233:0: 'ASGinzburg.ZAlgebra.isMinimalMorphism_of_factor' depends on axioms: [propext, Classical.choice, Quot.sound]
info: AxiomAudit.lean:234:0: 'ASGinzburg.ZAlgebra.isMinimalMorphism_iff_factors' depends on axioms: [propext, Classical.choice, Quot.sound]
info: AxiomAudit.lean:235:0: 'ASGinzburg.ZAlgebra.isMinimalMorphism_zero' depends on axioms: [propext, Classical.choice, Quot.sound]
info: AxiomAudit.lean:236:0: 'ASGinzburg.ZAlgebra.isMinimalMorphism_comp_left' depends on axioms: [propext, Classical.choice, Quot.sound]
info: AxiomAudit.lean:237:0: 'ASGinzburg.ZAlgebra.isMinimalMorphism_comp_right' depends on axioms: [propext, Classical.choice, Quot.sound]
info: AxiomAudit.lean:238:0: 'ASGinzburg.ZAlgebra.representableToElement' depends on axioms: [propext, Classical.choice, Quot.sound]
info: AxiomAudit.lean:239:0: 'ASGinzburg.ZAlgebra.representableYonedaEquiv' depends on axioms: [propext, Classical.choice, Quot.sound]
info: AxiomAudit.lean:240:0: 'ASGinzburg.ZAlgebra.representableYonedaEquiv_apply' depends on axioms: [propext, Classical.choice, Quot.sound]
info: AxiomAudit.lean:241:0: 'ASGinzburg.ZAlgebra.representableYonedaEquiv_comp' depends on axioms: [propext, Classical.choice, Quot.sound]
info: AxiomAudit.lean:242:0: 'ASGinzburg.ZAlgebra.representableYonedaEquiv_symm_app' depends on axioms: [propext, Classical.choice, Quot.sound]
info: AxiomAudit.lean:243:0: 'ASGinzburg.ZAlgebra.representableProjective' depends on axioms: [propext, Classical.choice, Quot.sound]
info: AxiomAudit.lean:244:0: 'ASGinzburg.ZAlgebra.positiveActionSpan_action_mem' depends on axioms: [propext, Classical.choice, Quot.sound]
info: AxiomAudit.lean:245:0: 'ASGinzburg.ZAlgebra.rightModuleRadical' depends on axioms: [propext, Classical.choice, Quot.sound]
info: AxiomAudit.lean:246:0: 'ASGinzburg.ZAlgebra.positiveActionSpan_map_mem' depends on axioms: [propext, Classical.choice, Quot.sound]
info: AxiomAudit.lean:247:0: 'ASGinzburg.ZAlgebra.rightModuleRadicalMap' depends on axioms: [propext, Classical.choice, Quot.sound]
info: AxiomAudit.lean:248:0: 'ASGinzburg.ZAlgebra.rightModuleRadicalMap_inclusion' depends on axioms: [propext, Classical.choice, Quot.sound]
info: AxiomAudit.lean:249:0: 'ASGinzburg.ZAlgebra.rightModuleRadicalFunctor' depends on axioms: [propext, Classical.choice, Quot.sound]
info: AxiomAudit.lean:250:0: 'ASGinzburg.ZAlgebra.rightModuleRadicalFunctorAdditive' depends on axioms: [propext, Classical.choice, Quot.sound]
info: AxiomAudit.lean:251:0: 'ASGinzburg.ZAlgebra.rightModuleRadicalFunctorLinear' depends on axioms: [propext, Classical.choice, Quot.sound]
info: AxiomAudit.lean:252:0: 'ASGinzburg.ZAlgebra.rightModuleRadical_representable_component' depends on axioms: [propext,
 Classical.choice,
 Quot.sound]
info: AxiomAudit.lean:253:0: 'ASGinzburg.ZAlgebra.positiveActionSpan_simple_eq_bot' depends on axioms: [propext, Classical.choice, Quot.sound]
info: AxiomAudit.lean:254:0: 'ASGinzburg.ZAlgebra.radical_inclusion_comp_simple_eq_zero' depends on axioms: [propext, Classical.choice, Quot.sound]
info: AxiomAudit.lean:255:0: 'ASGinzburg.ZAlgebra.minimalMorphism_comp_simple_eq_zero' depends on axioms: [propext, Classical.choice, Quot.sound]
info: AxiomAudit.lean:256:0: 'ASGinzburg.ZAlgebra.RightSubmodule' depends on axioms: [propext, Classical.choice, Quot.sound]
info: AxiomAudit.lean:257:0: 'ASGinzburg.ZAlgebra.RightSubmodule.presheaf' depends on axioms: [propext, Classical.choice, Quot.sound]
info: AxiomAudit.lean:258:0: 'ASGinzburg.ZAlgebra.RightSubmodule.presheafAdditive' depends on axioms: [propext, Classical.choice, Quot.sound]
info: AxiomAudit.lean:259:0: 'ASGinzburg.ZAlgebra.RightSubmodule.presheafLinear' depends on axioms: [propext, Classical.choice, Quot.sound]
info: AxiomAudit.lean:260:0: 'ASGinzburg.ZAlgebra.RightSubmodule.object' depends on axioms: [propext, Classical.choice, Quot.sound]
info: AxiomAudit.lean:261:0: 'ASGinzburg.ZAlgebra.RightSubmodule.inclusion' depends on axioms: [propext, Classical.choice, Quot.sound]
info: AxiomAudit.lean:262:0: 'ASGinzburg.ZAlgebra.RightSubmodule.inclusionMono' depends on axioms: [propext, Classical.choice, Quot.sound]
info: AxiomAudit.lean:263:0: 'ASGinzburg.ZAlgebra.RightSubmodule.quotient' depends on axioms: [propext, Classical.choice, Quot.sound]
info: AxiomAudit.lean:264:0: 'ASGinzburg.ZAlgebra.RightSubmodule.quotientπ' depends on axioms: [propext, Classical.choice, Quot.sound]
info: AxiomAudit.lean:265:0: 'ASGinzburg.ZAlgebra.RightSubmodule.quotientπEpi' depends on axioms: [propext, Classical.choice, Quot.sound]
info: AxiomAudit.lean:266:0: 'ASGinzburg.ZAlgebra.RightSubmodule.quotientShortComplex' depends on axioms: [propext, Classical.choice, Quot.sound]
info: AxiomAudit.lean:267:0: 'ASGinzburg.ZAlgebra.RightSubmodule.quotientShortExact' depends on axioms: [propext, Classical.choice, Quot.sound]
info: AxiomAudit.lean:268:0: 'ASGinzburg.ZAlgebra.representableRadical' depends on axioms: [propext, Classical.choice, Quot.sound]
info: AxiomAudit.lean:269:0: 'ASGinzburg.ZAlgebra.positiveActionSpan' depends on axioms: [propext, Classical.choice, Quot.sound]
info: AxiomAudit.lean:270:0: 'ASGinzburg.ZAlgebra.representableRadical_eq_positiveActionSpan' depends on axioms: [propext,
 Classical.choice,
 Quot.sound]
info: AxiomAudit.lean:271:0: 'ASGinzburg.ZAlgebra.simpleRightModule' depends on axioms: [propext, Classical.choice, Quot.sound]
info: AxiomAudit.lean:272:0: 'ASGinzburg.ZAlgebra.simpleRightModuleπ' depends on axioms: [propext, Classical.choice, Quot.sound]
info: AxiomAudit.lean:273:0: 'ASGinzburg.ZAlgebra.simpleRightModuleπEpi' depends on axioms: [propext, Classical.choice, Quot.sound]
info: AxiomAudit.lean:274:0: 'ASGinzburg.ZAlgebra.representableRadical_diagonal_zero' depends on axioms: [propext, Classical.choice, Quot.sound]
info: AxiomAudit.lean:275:0: 'ASGinzburg.ZAlgebra.simpleRightModuleDiagonalIso' depends on axioms: [propext, Classical.choice, Quot.sound]
info: AxiomAudit.lean:276:0: 'ASGinzburg.ZAlgebra.simpleRightModule_off_diagonal' depends on axioms: [propext, Classical.choice, Quot.sound]
info: AxiomAudit.lean:277:0: 'ASGinzburg.ZAlgebra.simpleRightModule_diagonal_finrank' depends on axioms: [propext, Classical.choice, Quot.sound]
info: AxiomAudit.lean:278:0: 'ASGinzburg.ZAlgebra.simpleRightModuleDiagonalSimple' depends on axioms: [propext, Classical.choice, Quot.sound]
info: AxiomAudit.lean:279:0: 'ASGinzburg.ZAlgebra.simpleRightModule_hom_eq_zero_iff' depends on axioms: [propext, Classical.choice, Quot.sound]
info: AxiomAudit.lean:280:0: 'ASGinzburg.ZAlgebra.simpleRightModuleSimple' depends on axioms: [propext, Classical.choice, Quot.sound]
info: AxiomAudit.lean:281:0: 'ASGinzburg.ZAlgebra.simpleRightModule_shortExact' depends on axioms: [propext, Classical.choice, Quot.sound]
info: AxiomAudit.lean:282:0: 'ASGinzburg.ArrowSpace333' does not depend on any axioms
info: AxiomAudit.lean:283:0: 'ASGinzburg.CubicTensor333' depends on axioms: [propext, Classical.choice, Quot.sound]
info: AxiomAudit.lean:284:0: 'ASGinzburg.Triple333' does not depend on any axioms
info: AxiomAudit.lean:285:0: 'ASGinzburg.CubicCoefficients333' does not depend on any axioms
info: AxiomAudit.lean:286:0: 'ASGinzburg.CutRelations333' does not depend on any axioms
info: AxiomAudit.lean:287:0: 'ASGinzburg.cubicBasis333' depends on axioms: [propext, Classical.choice, Quot.sound]
info: AxiomAudit.lean:288:0: 'ASGinzburg.cubicCoordinates333' depends on axioms: [propext, Classical.choice, Quot.sound]
info: AxiomAudit.lean:289:0: 'ASGinzburg.cutRelationCoordinates333' depends on axioms: [propext, Classical.choice, Quot.sound]
info: AxiomAudit.lean:290:0: 'ASGinzburg.tensorToCutRelations333' depends on axioms: [propext, Classical.choice, Quot.sound]
info: AxiomAudit.lean:291:0: 'ASGinzburg.tensor_recovered_from_cut_relations333' depends on axioms: [propext, Classical.choice, Quot.sound]
info: AxiomAudit.lean:292:0: 'ASGinzburg.cubicTensor333_finrank' depends on axioms: [propext, Classical.choice, Quot.sound]
info: AxiomAudit.lean:293:0: 'ASGinzburg.arrowBasisChange333' depends on axioms: [propext, Classical.choice, Quot.sound]
info: AxiomAudit.lean:294:0: 'ASGinzburg.arrowBasisChange333_tmul' depends on axioms: [propext, Classical.choice, Quot.sound]
info: AxiomAudit.lean:295:0: 'ASGinzburg.TopCohomology' depends on axioms: [propext, Classical.choice, Quot.sound]
info: AxiomAudit.lean:296:0: 'ASGinzburg.map_from_zero_domain_eq_zero' depends on axioms: [propext, Quot.sound]
info: AxiomAudit.lean:297:0: 'ASGinzburg.topCohomologyEquiv' depends on axioms: [propext, Classical.choice, Quot.sound]
info: AxiomAudit.lean:298:0: 'ASGinzburg.topCohomology_finrank' depends on axioms: [propext, Classical.choice, Quot.sound]
info: AxiomAudit.lean:299:0: 'ASGinzburg.topCohomology_field_finrank' depends on axioms: [propext, Classical.choice, Quot.sound]
info: AxiomAudit.lean:300:0: 'ASGinzburg.triangle333' depends on axioms: [propext, Quot.sound]
info: AxiomAudit.lean:301:0: 'ASGinzburg.triangleX' depends on axioms: [propext, Quot.sound]
info: AxiomAudit.lean:302:0: 'ASGinzburg.triangleY' depends on axioms: [propext, Quot.sound]
info: AxiomAudit.lean:303:0: 'ASGinzburg.triangleZ' depends on axioms: [propext, Quot.sound]
info: AxiomAudit.lean:304:0: 'ASGinzburg.triangleX_cut' depends on axioms: [propext, Quot.sound]
info: AxiomAudit.lean:305:0: 'ASGinzburg.triangleY_cut' depends on axioms: [propext, Quot.sound]
info: AxiomAudit.lean:306:0: 'ASGinzburg.triangleZ_cut' depends on axioms: [propext, Classical.choice, Quot.sound]
info: AxiomAudit.lean:307:0: 'ASGinzburg.triangle_arrow_winding' depends on axioms: [propext, Classical.choice, Quot.sound]
info: AxiomAudit.lean:308:0: 'ASGinzburg.triangle_path_winding' depends on axioms: [propext, Classical.choice, Quot.sound]
info: AxiomAudit.lean:309:0: 'ASGinzburg.triangle_cut_one_cycle_is_cubic' depends on axioms: [propext, Classical.choice, Quot.sound]
info: AxiomAudit.lean:310:0: 'ASGinzburg.triangle_same_winding_as_arrow_is_linear' depends on axioms: [propext, Classical.choice, Quot.sound]
info: AxiomAudit.lean:311:0: 'ASGinzburg.trianglePotential' depends on axioms: [propext, Classical.choice, Quot.sound]
info: AxiomAudit.lean:312:0: 'ASGinzburg.trianglePotential_cut_derivative_identity' depends on axioms: [propext, Classical.choice, Quot.sound]
info: AxiomAudit.lean:313:0: 'ASGinzburg.ZAlgebra.InWindow' does not depend on any axioms
info: AxiomAudit.lean:314:0: 'ASGinzburg.ZAlgebra.InWindow.mono' depends on axioms: [propext, Classical.choice, Quot.sound]
info: AxiomAudit.lean:315:0: 'ASGinzburg.ZAlgebra.WindowSystem' depends on axioms: [propext, Classical.choice, Quot.sound]
info: AxiomAudit.lean:316:0: 'ASGinzburg.ZAlgebra.WindowSystem.globalMap' depends on axioms: [propext, Classical.choice, Quot.sound]
info: AxiomAudit.lean:317:0: 'ASGinzburg.ZAlgebra.WindowSystem.globalMap_eq_window' depends on axioms: [propext, Classical.choice, Quot.sound]
info: AxiomAudit.lean:318:0: 'ASGinzburg.ZAlgebra.WindowSystem.periodIso' depends on axioms: [propext, Classical.choice, Quot.sound]
info: AxiomAudit.lean:319:0: 'ASGinzburg.ZAlgebra.WindowSystem.isPeriodic' depends on axioms: [propext, Classical.choice, Quot.sound]
info: AxiomAudit.lean:320:0: 'ASGinzburg.ZAlgebra' depends on axioms: [propext, Classical.choice, Quot.sound]
info: AxiomAudit.lean:321:0: 'ASGinzburg.ZAlgebra.PeriodIso' depends on axioms: [propext, Classical.choice, Quot.sound]
info: AxiomAudit.lean:322:0: 'ASGinzburg.ZAlgebra.IsPeriodic' depends on axioms: [propext, Classical.choice, Quot.sound]
info: AxiomAudit.lean:323:0: 'ASGinzburg.ZAlgebra.LinearSubcategory' depends on axioms: [propext, Classical.choice, Quot.sound]
info: AxiomAudit.lean:324:0: 'ASGinzburg.ZAlgebra.products' depends on axioms: [propext, Classical.choice, Quot.sound]
info: AxiomAudit.lean:325:0: 'ASGinzburg.ZAlgebra.generated_of_decomposition' depends on axioms: [propext, Classical.choice, Quot.sound]
Build completed successfully (3335 jobs).
