work/ASGinzburgDraft/ScalarQuotientVertexDecomposition.lean:12:27: error: failed to synthesize
  Algebra k (I → k)

Hint: Additional diagnostic information may be available using the `set_option diagnostics true` command.
work/ASGinzburgDraft/ScalarQuotientVertexDecomposition.lean:18:18: warning: declaration uses 'sorry'
work/ASGinzburgDraft/ScalarQuotientVertexDecomposition.lean:22:5: warning: unused variable `hf`

Note: This linter can be disabled with `set_option linter.unusedVariables false`
work/ASGinzburgDraft/ScalarQuotientVertexDecomposition.lean:24:5: warning: unused variable `hscalar`

Note: This linter can be disabled with `set_option linter.unusedVariables false`
work/ASGinzburgDraft/ScalarQuotientVertexDecomposition.lean:29:4: warning: 'apply MulOpposite.unop_injective' tactic does nothing

Note: This linter can be disabled with `set_option linter.unusedTactic false`
work/ASGinzburgDraft/ScalarQuotientVertexDecomposition.lean:30:4: warning: 'simp only [MulOpposite.unop_op, LinearEquiv.apply_symm_apply]' tactic does nothing

Note: This linter can be disabled with `set_option linter.unusedTactic false`
work/ASGinzburgDraft/ScalarQuotientVertexDecomposition.lean:31:4: warning: 'exact (Ideal.quotientKerAlgEquivOfSurjective hf).symm_apply_apply s.unop' tactic does nothing

Note: This linter can be disabled with `set_option linter.unusedTactic false`
work/ASGinzburgDraft/ScalarQuotientVertexDecomposition.lean:33:4: warning: 'funext i' tactic does nothing

Note: This linter can be disabled with `set_option linter.unusedTactic false`
work/ASGinzburgDraft/ScalarQuotientVertexDecomposition.lean:34:4: warning: 'simp only [MulOpposite.unop_op, AlgEquiv.apply_symm_apply, LinearEquiv.symm_apply_apply]' tactic does nothing

Note: This linter can be disabled with `set_option linter.unusedTactic false`
work/ASGinzburgDraft/ScalarQuotientVertexDecomposition.lean:36:4: warning: 'funext i' tactic does nothing

Note: This linter can be disabled with `set_option linter.unusedTactic false`
work/ASGinzburgDraft/ScalarQuotientVertexDecomposition.lean:37:4: warning: 'simp only [MulOpposite.unop_add, map_add, Pi.add_apply]' tactic does nothing

Note: This linter can be disabled with `set_option linter.unusedTactic false`
work/ASGinzburgDraft/ScalarQuotientVertexDecomposition.lean:39:4: warning: 'funext i' tactic does nothing

Note: This linter can be disabled with `set_option linter.unusedTactic false`
work/ASGinzburgDraft/ScalarQuotientVertexDecomposition.lean:40:4: warning: 'apply (e i).injective' tactic does nothing

Note: This linter can be disabled with `set_option linter.unusedTactic false`
work/ASGinzburgDraft/ScalarQuotientVertexDecomposition.lean:41:4: warning: 'rw [LinearEquiv.apply_symm_apply, hscalar, LinearEquiv.apply_symm_apply]' tactic does nothing

Note: This linter can be disabled with `set_option linter.unusedTactic false`
work/ASGinzburgDraft/ScalarQuotientVertexDecomposition.lean:42:4: warning: 'change
  Ideal.quotientKerAlgEquivOfSurjective hf (s.unop * Ideal.Quotient.mk (RingHom.ker f.toRingHom) r.unop) i =
    f r.unop i * Ideal.quotientKerAlgEquivOfSurjective hf s.unop i' tactic does nothing

Note: This linter can be disabled with `set_option linter.unusedTactic false`
work/ASGinzburgDraft/ScalarQuotientVertexDecomposition.lean:45:4: warning: 'rw [map_mul]' tactic does nothing

Note: This linter can be disabled with `set_option linter.unusedTactic false`
work/ASGinzburgDraft/ScalarQuotientVertexDecomposition.lean:46:4: warning: 'change _ * f r.unop i = f r.unop i * _' tactic does nothing

Note: This linter can be disabled with `set_option linter.unusedTactic false`
work/ASGinzburgDraft/ScalarQuotientVertexDecomposition.lean:47:4: warning: 'exact mul_comm _ _' tactic does nothing

Note: This linter can be disabled with `set_option linter.unusedTactic false`
work/ASGinzburgDraft/ScalarQuotientVertexDecomposition.lean:29:4: warning: this tactic is never executed

Note: This linter can be disabled with `set_option linter.unreachableTactic false`
work/ASGinzburgDraft/ScalarQuotientVertexDecomposition.lean:30:4: warning: this tactic is never executed

Note: This linter can be disabled with `set_option linter.unreachableTactic false`
work/ASGinzburgDraft/ScalarQuotientVertexDecomposition.lean:31:4: warning: this tactic is never executed

Note: This linter can be disabled with `set_option linter.unreachableTactic false`
work/ASGinzburgDraft/ScalarQuotientVertexDecomposition.lean:33:4: warning: this tactic is never executed

Note: This linter can be disabled with `set_option linter.unreachableTactic false`
work/ASGinzburgDraft/ScalarQuotientVertexDecomposition.lean:34:4: warning: this tactic is never executed

Note: This linter can be disabled with `set_option linter.unreachableTactic false`
work/ASGinzburgDraft/ScalarQuotientVertexDecomposition.lean:36:4: warning: this tactic is never executed

Note: This linter can be disabled with `set_option linter.unreachableTactic false`
work/ASGinzburgDraft/ScalarQuotientVertexDecomposition.lean:37:4: warning: this tactic is never executed

Note: This linter can be disabled with `set_option linter.unreachableTactic false`
work/ASGinzburgDraft/ScalarQuotientVertexDecomposition.lean:39:4: warning: this tactic is never executed

Note: This linter can be disabled with `set_option linter.unreachableTactic false`
work/ASGinzburgDraft/ScalarQuotientVertexDecomposition.lean:40:4: warning: this tactic is never executed

Note: This linter can be disabled with `set_option linter.unreachableTactic false`
work/ASGinzburgDraft/ScalarQuotientVertexDecomposition.lean:41:4: warning: this tactic is never executed

Note: This linter can be disabled with `set_option linter.unreachableTactic false`
work/ASGinzburgDraft/ScalarQuotientVertexDecomposition.lean:42:4: warning: this tactic is never executed

Note: This linter can be disabled with `set_option linter.unreachableTactic false`
work/ASGinzburgDraft/ScalarQuotientVertexDecomposition.lean:45:4: warning: this tactic is never executed

Note: This linter can be disabled with `set_option linter.unreachableTactic false`
work/ASGinzburgDraft/ScalarQuotientVertexDecomposition.lean:46:4: warning: this tactic is never executed

Note: This linter can be disabled with `set_option linter.unreachableTactic false`
work/ASGinzburgDraft/ScalarQuotientVertexDecomposition.lean:47:4: warning: this tactic is never executed

Note: This linter can be disabled with `set_option linter.unreachableTactic false`
