work/ASGinzburgDraft/PeriodCutRightVertexDecomposition.lean:42:7: error: unsolved goals
k : Type u
inst✝ : Field k
A : ZAlgebra k
Q : CutQuiver
E : A.PeriodIso ↑Q.vertices
f : (i : Q.Vertex) → ↥(cutRightVertexSpace Q E i)
i : Q.Vertex
⊢ (∑ x, if i = x then ↑(f x) else 0) = ↑(f i)
work/ASGinzburgDraft/PeriodCutRightVertexDecomposition.lean:43:52: warning: This simp argument is unused:
  Finset.sum_ite_eq'

Hint: Omit it from the simp argument list.
  simp only [̵E̵.̵c̵u̵t̵R̵i̵g̵h̵t̵V̵e̵r̵t̵e̵x̵P̵r̵o̵j̵e̵c̵t̵i̵o̵n̵_̵v̵a̵l̵u̵e̵,̵F̵i̵n̵s̵e̵t̵.̵s̵u̵m̵_̵i̵t̵e̵_̵e̵q̵'̵,̵F̵i̵n̵s̵e̵t̵.̵m̵e̵m̵_̵u̵n̵i̵v̵,̵i̵f̵_̵t̵r̵u̵e̵]̵[̲E̲.̲c̲u̲t̲R̲i̲g̲h̲t̲V̲e̲r̲t̲e̲x̲P̲r̲o̲j̲e̲c̲t̲i̲o̲n̲_̲v̲a̲l̲u̲e̲,̲ ̲F̲i̲n̲s̲e̲t̲.̲m̲e̲m̲_̲u̲n̲i̲v̲,̲ ̲i̲f̲_̲t̲r̲u̲e̲]̲

Note: This linter can be disabled with `set_option linter.unusedSimpArgs false`
work/ASGinzburgDraft/PeriodCutRightVertexDecomposition.lean:43:71: warning: This simp argument is unused:
  Finset.mem_univ

Hint: Omit it from the simp argument list.
  simp only [̵E̵.̵c̵u̵t̵R̵i̵g̵h̵t̵V̵e̵r̵t̵e̵x̵P̵r̵o̵j̵e̵c̵t̵i̵o̵n̵_̵v̵a̵l̵u̵e̵,̵F̵i̵n̵s̵e̵t̵.̵s̵u̵m̵_̵i̵t̵e̵_̵e̵q̵'̵,̵F̵i̵n̵s̵e̵t̵.̵m̵e̵m̵_̵u̵n̵i̵v̵,̵i̵f̵_̵t̵r̵u̵e̵]̵[̲E̲.̲c̲u̲t̲R̲i̲g̲h̲t̲V̲e̲r̲t̲e̲x̲P̲r̲o̲j̲e̲c̲t̲i̲o̲n̲_̲v̲a̲l̲u̲e̲,̲ ̲F̲i̲n̲s̲e̲t̲.̲s̲u̲m̲_̲i̲t̲e̲_̲e̲q̲'̲,̲ ̲i̲f̲_̲t̲r̲u̲e̲]̲

Note: This linter can be disabled with `set_option linter.unusedSimpArgs false`
work/ASGinzburgDraft/PeriodCutRightVertexDecomposition.lean:43:87: warning: This simp argument is unused:
  if_true

Hint: Omit it from the simp argument list.
  simp only [E.cutRightVertexProjection_value, ̲Finset.sum_ite_eq', ̲Finset.mem_univ,̵i̵f̵_̵t̵r̵u̵e̵]

Note: This linter can be disabled with `set_option linter.unusedSimpArgs false`
