'ASGinzburg.GradedOrdinaryModuleData.exists_finite_homogeneous_generating_family' depends on axioms: [propext,
 Classical.choice,
 Quot.sound]
'ASGinzburg.GradedOrdinaryModuleData.ringDualComponentLinear' depends on axioms: [propext, Classical.choice, Quot.sound]
'ASGinzburg.GradedOrdinaryModuleData.ringDualComponentLinear_apply_homogeneous' depends on axioms: [propext,
 Classical.choice,
 Quot.sound]
'ASGinzburg.GradedOrdinaryModuleData.ringDualComponentLinear_map_smul' depends on axioms: [propext,
 Classical.choice,
 Quot.sound]
'ASGinzburg.GradedOrdinaryModuleData.ringDualComponent' depends on axioms: [propext, Classical.choice, Quot.sound]
'ASGinzburg.GradedOrdinaryModuleData.ringDualComponent_apply_homogeneous' depends on axioms: [propext,
 Classical.choice,
 Quot.sound]
'ASGinzburg.GradedOrdinaryModuleData.ringDualComponent_mem' depends on axioms: [propext, Classical.choice, Quot.sound]
'ASGinzburg.GradedOrdinaryModuleData.ringDualComponent_of_mem_same' depends on axioms: [propext,
 Classical.choice,
 Quot.sound]
'ASGinzburg.GradedOrdinaryModuleData.ringDualComponent_of_mem_ne' depends on axioms: [propext,
 Classical.choice,
 Quot.sound]
'ASGinzburg.ordinaryRingDual_field_smul_apply' depends on axioms: [propext, Quot.sound]
'ASGinzburg.GradedOrdinaryModuleData.ringDualComponentMap' depends on axioms: [propext, Classical.choice, Quot.sound]
'ASGinzburg.GradedOrdinaryModuleData.ringDual_eq_zero_of_components_eq_zero' depends on axioms: [propext,
 Classical.choice,
 Quot.sound]
'ASGinzburg.GradedOrdinaryModuleData.ringDualComponent_finiteSupport' depends on axioms: [propext,
 Classical.choice,
 Quot.sound]
'ASGinzburg.GradedOrdinaryModuleData.ringDual_sum_components' depends on axioms: [propext, Classical.choice, Quot.sound]
'ASGinzburg.GradedOrdinaryModuleData.ringDualGrade_iSupIndep' depends on axioms: [propext, Classical.choice, Quot.sound]
'ASGinzburg.GradedOrdinaryModuleData.ringDualGrade_iSup_eq_top' depends on axioms: [propext,
 Classical.choice,
 Quot.sound]
'ASGinzburg.GradedOrdinaryModuleData.ringDualGrade_isInternal' depends on axioms: [propext,
 Classical.choice,
 Quot.sound]
'ASGinzburg.GradedOrdinaryModuleData.ringDualGrade_exists_lower_bound' depends on axioms: [propext,
 Classical.choice,
 Quot.sound]
