'ASGinzburg.regularEnvelopingNativeFieldEquiv' depends on axioms: [propext, Quot.sound]
'ASGinzburg.regularEnvelopingNativeFieldEquiv_apply' depends on axioms: [propext, Quot.sound]
'ASGinzburg.regularEnvelopingNativeGrade' depends on axioms: [propext, Quot.sound]
'ASGinzburg.regularEnvelopingNativeGrade_mem' depends on axioms: [propext, Quot.sound]
'ASGinzburg.regularEnvelopingNativeGrade_isInternal' depends on axioms: [propext, Classical.choice, Quot.sound]
'ASGinzburg.regularEnvelopingNativeGrade_eq_bot' depends on axioms: [propext, Quot.sound]
'ASGinzburg.ZAlgebra.PeriodIso.cutEnvelopingRegularGradedData' depends on axioms: [propext,
 Classical.choice,
 Quot.sound]
'ASGinzburg.ZAlgebra.PeriodIso.cutEnvelopingRegularGradedData_ringModule' depends on axioms: [propext,
 Classical.choice,
 Quot.sound]
'ASGinzburg.ZAlgebra.PeriodIso.cutEnvelopingRegularGradedData_grade_mem' depends on axioms: [propext,
 Classical.choice,
 Quot.sound]
'ASGinzburg.ZAlgebra.PeriodIso.cutEnvelopingRegularGradedData_boundedBelow' depends on axioms: [propext,
 Classical.choice,
 Quot.sound]
'ASGinzburg.regularEnvelopingModuleCat_finite' depends on axioms: [propext, Classical.choice, Quot.sound]
'ASGinzburg.ZAlgebra.ASRegular.cutEnvelopingRegularGradedData' depends on axioms: [propext,
 Classical.choice,
 Quot.sound]
'ASGinzburg.ZAlgebra.ASRegular.cutEnvelopingRegularGradedData_ringModule' depends on axioms: [propext,
 Classical.choice,
 Quot.sound]
'ASGinzburg.ZAlgebra.ASRegular.cutEnvelopingRegularGradedData_grade_mem' depends on axioms: [propext,
 Classical.choice,
 Quot.sound]
'ASGinzburg.ZAlgebra.ASRegular.cutEnvelopingRegularGradedData_boundedBelow' depends on axioms: [propext,
 Classical.choice,
 Quot.sound]
'ASGinzburg.ZAlgebra.ASRegular.cutEnvelopingRegularGradedData_finite' depends on axioms: [propext,
 Classical.choice,
 Quot.sound]
