'ASGinzburg.ZAlgebra.PeriodIso.cutEnvelopingGradedProjectiveCover' depends on axioms: [propext,
 Classical.choice,
 Quot.sound]
'ASGinzburg.ZAlgebra.PeriodIso.cutEnvelopingGradedCoverSelection' depends on axioms: [propext,
 Classical.choice,
 Quot.sound]
'ASGinzburg.ZAlgebra.PeriodIso.cutEnvelopingGradedMinimalResolution' depends on axioms: [propext,
 Classical.choice,
 Quot.sound]
'ASGinzburg.ZAlgebra.PeriodIso.cutEnvelopingGradedMinimalResolutionTermData' depends on axioms: [propext,
 Classical.choice,
 Quot.sound]
'ASGinzburg.ZAlgebra.PeriodIso.cutEnvelopingGradedMinimalResolutionTermData_ringModule' depends on axioms: [propext,
 Classical.choice,
 Quot.sound]
'ASGinzburg.ZAlgebra.PeriodIso.cutEnvelopingGradedMinimalResolutionTermData_boundedBelow' depends on axioms: [propext,
 Classical.choice,
 Quot.sound]
'ASGinzburg.ZAlgebra.PeriodIso.cutEnvelopingGradedMinimalResolution_minimal' depends on axioms: [propext,
 Classical.choice,
 Quot.sound]
'ASGinzburg.ZAlgebra.PeriodIso.cutEnvelopingRegularMinimalResolution' depends on axioms: [propext,
 Classical.choice,
 Quot.sound]
'ASGinzburg.ZAlgebra.PeriodIso.cutEnvelopingRegularMinimalResolutionTermData' depends on axioms: [propext,
 Classical.choice,
 Quot.sound]
'ASGinzburg.ZAlgebra.PeriodIso.cutEnvelopingRegularMinimalResolutionTermData_ringModule' depends on axioms: [propext,
 Classical.choice,
 Quot.sound]
'ASGinzburg.ZAlgebra.PeriodIso.cutEnvelopingRegularMinimalResolutionTermData_boundedBelow' depends on axioms: [propext,
 Classical.choice,
 Quot.sound]
'ASGinzburg.ZAlgebra.PeriodIso.cutEnvelopingRegularMinimalResolution_minimal' depends on axioms: [propext,
 Classical.choice,
 Quot.sound]
'ASGinzburg.ZAlgebra.ASRegular.cutEnvelopingRegularMinimalResolution' depends on axioms: [propext,
 Classical.choice,
 Quot.sound]
'ASGinzburg.ZAlgebra.ASRegular.cutEnvelopingRegularMinimalResolutionTermData' depends on axioms: [propext,
 Classical.choice,
 Quot.sound]
'ASGinzburg.ZAlgebra.ASRegular.cutEnvelopingRegularMinimalResolutionTermData_ringModule' depends on axioms: [propext,
 Classical.choice,
 Quot.sound]
'ASGinzburg.ZAlgebra.ASRegular.cutEnvelopingRegularMinimalResolutionTermData_boundedBelow' depends on axioms: [propext,
 Classical.choice,
 Quot.sound]
'ASGinzburg.ZAlgebra.ASRegular.cutEnvelopingRegularMinimalResolution_minimal' depends on axioms: [propext,
 Classical.choice,
 Quot.sound]
