'ASGinzburg.CutQuiver.pathRingCutSubspace_component_iff' depends on axioms: [propext, Classical.choice, Quot.sound]
'ASGinzburg.CutQuiver.VertexCutPathAutomorphism.componentLinearEquiv' depends on axioms: [propext,
 Classical.choice,
 Quot.sound]
'ASGinzburg.CutQuiver.VertexCutPathAutomorphism.component_preserves_cut' depends on axioms: [propext,
 Classical.choice,
 Quot.sound]
'ASGinzburg.CutQuiver.pathWindingComponent' depends on axioms: [propext, Classical.choice, Quot.sound]
'ASGinzburg.CutQuiver.pathCutComponent_le_winding' depends on axioms: [propext, Classical.choice, Quot.sound]
'ASGinzburg.CutQuiver.VertexCutPathAutomorphism.component_map_winding_mem' depends on axioms: [propext,
 Classical.choice,
 Quot.sound]
'ASGinzburg.CutQuiver.VertexCutPathAutomorphism.componentLinearEquiv_inv' depends on axioms: [propext,
 Classical.choice,
 Quot.sound]
'ASGinzburg.CutQuiver.VertexCutPathAutomorphism.component_preserves_winding' depends on axioms: [propext,
 Classical.choice,
 Quot.sound]
'ASGinzburg.CutQuiver.VertexCutPathAutomorphism.componentLinearEquiv_projection' depends on axioms: [propext,
 Classical.choice,
 Quot.sound]
'ASGinzburg.CutQuiver.pathRingWindingSubspace' depends on axioms: [propext, Classical.choice, Quot.sound]
'ASGinzburg.CutQuiver.VertexCutPathAutomorphism.map_winding_mem' depends on axioms: [propext,
 Classical.choice,
 Quot.sound]
'ASGinzburg.CutQuiver.VertexCutPathAutomorphism.preserves_winding' depends on axioms: [propext,
 Classical.choice,
 Quot.sound]
