'ASGinzburg.bifunctorTotal_quasiIso_of_row_quasiIso' depends on axioms: [propext, Classical.choice, Quot.sound]
'ASGinzburg.bifunctorTotalRightResolutionAugmentation' depends on axioms: [propext, Classical.choice, Quot.sound]
'ASGinzburg.ι_bifunctorTotalRightResolutionAugmentation_f' depends on axioms: [propext, Classical.choice, Quot.sound]
'ASGinzburg.bifunctorTotalRightResolutionAugmentation_quasiIso' depends on axioms: [propext,
 Classical.choice,
 Quot.sound]
'ASGinzburg.bifunctorTotalRightResolutionHomologyIso' depends on axioms: [propext, Classical.choice, Quot.sound]
'ASGinzburg.bifunctorTotalRightResolutionHomologyIso_hom' depends on axioms: [propext, Classical.choice, Quot.sound]
'ASGinzburg.balancedTensorBifunctor' depends on axioms: [propext, Classical.choice, Quot.sound]
'ASGinzburg.balancedTensorBifunctor_obj_additive' depends on axioms: [propext, Classical.choice, Quot.sound]
'ASGinzburg.balancedTensorBifunctor_additive' depends on axioms: [propext, Classical.choice, Quot.sound]
'ASGinzburg.balancedTensorBifunctor_map_app_tmul' depends on axioms: [propext, Classical.choice, Quot.sound]
'ASGinzburg.balancedTensorBifunctor_obj_map_tmul' depends on axioms: [propext, Classical.choice, Quot.sound]
'ASGinzburg.balancedTensorFieldModuleChangeIso' depends on axioms: [propext, Classical.choice, Quot.sound]
'ASGinzburg.balancedTensorFieldModuleChangeIso_hom_tmul' depends on axioms: [propext, Classical.choice, Quot.sound]
'ASGinzburg.balancedTensorFieldModuleChangeIso_naturality' depends on axioms: [propext, Classical.choice, Quot.sound]
'ASGinzburg.tensorRightEnvelopingBifunctor_moduleOfAlgebraModule_eq' depends on axioms: [propext,
 Classical.choice,
 Quot.sound]
'ASGinzburg.balancedTensorEnvelopingTensorScalarIso' depends on axioms: [propext, Classical.choice, Quot.sound]
'ASGinzburg.balancedTensorEnvelopingTensorScalarIso_hom_tmul' depends on axioms: [propext, Classical.choice, Quot.sound]
'ASGinzburg.balancedTensorEnvelopingModuleIso' depends on axioms: [propext, Classical.choice, Quot.sound]
'ASGinzburg.balancedTensorEnvelopingModuleIso_hom_tmul' depends on axioms: [propext, Classical.choice, Quot.sound]
'ASGinzburg.balancedTensorEnvelopingTensorScalarIso_naturality' depends on axioms: [propext,
 Classical.choice,
 Quot.sound]
'ASGinzburg.balancedTensorEnvelopingModuleIso_naturality' depends on axioms: [propext, Classical.choice, Quot.sound]
'ASGinzburg.balancedTensorEnvelopingBicomplexIso' depends on axioms: [propext, Classical.choice, Quot.sound]
'ASGinzburg.balancedTensorEnvelopingTotalIso' depends on axioms: [propext, Classical.choice, Quot.sound]
'ASGinzburg.balancedTensorDoubleResolutionRowPreservesHomology' depends on axioms: [propext,
 Classical.choice,
 Quot.sound]
'ASGinzburg.balancedTensorDoubleResolutionRowPreservesEpimorphisms' depends on axioms: [propext,
 Classical.choice,
 Quot.sound]
'ASGinzburg.balancedTensorDoubleResolutionAugmentation' depends on axioms: [propext, Classical.choice, Quot.sound]
'ASGinzburg.balancedTensorDoubleResolutionAugmentation_quasiIso' depends on axioms: [propext,
 Classical.choice,
 Quot.sound]
'ASGinzburg.balancedTensorDoubleResolutionHomologyIso' depends on axioms: [propext, Classical.choice, Quot.sound]
'ASGinzburg.balancedTensorDoubleResolutionTorLeftIso' depends on axioms: [propext, Classical.choice, Quot.sound]
'ASGinzburg.balancedTensorResolutionRow_exactAt' depends on axioms: [propext, Classical.choice, Quot.sound]
'ASGinzburg.balancedTensorTotal_exactAt_of_bounded_resolution' depends on axioms: [propext,
 Classical.choice,
 Quot.sound]
'ASGinzburg.balancedTensorTotal_isZero_homology_of_bounded_resolution' depends on axioms: [propext,
 Classical.choice,
 Quot.sound]
'ASGinzburg.balancedTensorEnvelopingTorComparisonIso' depends on axioms: [propext, Classical.choice, Quot.sound]
'ASGinzburg.balancedTensorEnvelopingTor_isZero_of_resolution_term' depends on axioms: [propext,
 Classical.choice,
 Quot.sound]
'ASGinzburg.ZAlgebra.ASRegular.cutSemisimpleEnvelopingTensorObject' depends on axioms: [propext,
 Classical.choice,
 Quot.sound]
'ASGinzburg.ZAlgebra.ASRegular.cutSemisimpleEnvelopingTor_isZero_ge_four' depends on axioms: [propext,
 Classical.choice,
 Quot.sound]
