'ASGinzburg.envelopingTensorEvaluationFirstRightModule' depends on axioms: [propext, Quot.sound]
'ASGinzburg.envelopingTensorEvaluationFirstRightSMul' depends on axioms: [propext, Quot.sound]
'ASGinzburg.envelopingTensorEvaluationInductionBilinear' depends on axioms: [propext, Classical.choice, Quot.sound]
'ASGinzburg.envelopingTensorEvaluationInductionBilinear_balance' depends on axioms: [propext,
 Classical.choice,
 Quot.sound]
'ASGinzburg.envelopingTensorEvaluationInduction' depends on axioms: [propext, Classical.choice, Quot.sound]
'ASGinzburg.envelopingTensorEvaluationInduction_tmul' depends on axioms: [propext, Classical.choice, Quot.sound]
'ASGinzburg.envelopingTensorEvaluationSecondInsertion' depends on axioms: [propext, Quot.sound]
'ASGinzburg.envelopingTensorEvaluationFieldTensorSection' depends on axioms: [propext, Classical.choice, Quot.sound]
'ASGinzburg.envelopingTensorEvaluationFieldTensorSection_tmul' depends on axioms: [propext,
 Classical.choice,
 Quot.sound]
'ASGinzburg.envelopingTensorEvaluationInduction_field_section' depends on axioms: [propext,
 Classical.choice,
 Quot.sound]
'ASGinzburg.envelopingTensorEvaluationInductionInverse' depends on axioms: [propext, Classical.choice, Quot.sound]
'ASGinzburg.envelopingTensorEvaluationInduction_inverse' depends on axioms: [propext, Classical.choice, Quot.sound]
'ASGinzburg.envelopingTensorEvaluationInductionInverse_induction' depends on axioms: [propext,
 Classical.choice,
 Quot.sound]
'ASGinzburg.envelopingTensorEvaluationInductionEquiv' depends on axioms: [propext, Classical.choice, Quot.sound]
