ASGinzburg/RegularLeftMultiplication.lean:41:44: error: Tactic `rewrite` failed: Did not find an occurrence of the pattern
  ModuleCat.Hom.hom (?f + ?g)
in the target expression
  (ConcreteCategory.hom
        (A.totalAlgebraLeftMap (A.totalAlgebraEquiv (DFinsupp.single p b)) +
            A.totalAlgebraLeftMap (A.totalAlgebraEquiv a)).hom)
      x =
    (A.totalAlgebraEquiv (DFinsupp.single p b) + A.totalAlgebraEquiv a) * x

case ha
k : Type u
inst✝ : Field k
A : ZAlgebra k
x : ↥A.totalAlgebra
p : ℤ × ℤ
b : A.Hom p.1 p.2
a : Π₀ (i : ℤ × ℤ), A.Hom i.1 i.2
a✝¹ : a p = 0
a✝ : b ≠ 0
ih : (ConcreteCategory.hom (A.totalAlgebraLeftMap (A.totalAlgebraEquiv a)).hom) x = A.totalAlgebraEquiv a * x
⊢ (ConcreteCategory.hom
        (A.totalAlgebraLeftMap (A.totalAlgebraEquiv (DFinsupp.single p b)) +
            A.totalAlgebraLeftMap (A.totalAlgebraEquiv a)).hom)
      x =
    (A.totalAlgebraEquiv (DFinsupp.single p b) + A.totalAlgebraEquiv a) * x

Note: The target expression is not type-correct under the `implicit` transparency level, which may have triggered the failure. This is usually caused by unfolding of semireducible definitions in prior tactic steps. Use `set_option linter.tacticCheckInstances true` to investigate the source of the issue.
Full error:
  Application type mismatch: The argument
    x
  has type
    ↥A.totalAlgebra
  but is expected to have type
    ↑A.totalAlgebraRightLocallyUnitalModule.obj
  in the application
    (ConcreteCategory.hom
        (A.totalAlgebraLeftMap (A.totalAlgebraEquiv (DFinsupp.single p b)) +
            A.totalAlgebraLeftMap (A.totalAlgebraEquiv a)).hom)
      x
