work/lean-upgrade/reciprocity-p-equality/ASGinzburg/ASLeftExtReciprocity.lean:27:2: warning: Try this: 
  letI̵

The goal is a proposition, so `let` is preferred over `letI`.
The difference between `let` and `letI` is that `letI` inlines the value.
But this is not relevant for proofs because of proof irrelevance.

Note: This linter can be disabled with `set_option linter.style.haveILetI false`
work/lean-upgrade/reciprocity-p-equality/ASGinzburg/ASLeftExtReciprocity.lean:92:2: warning: Try this: 
  letI̵

The goal is a proposition, so `let` is preferred over `letI`.
The difference between `let` and `letI` is that `letI` inlines the value.
But this is not relevant for proofs because of proof irrelevance.

Note: This linter can be disabled with `set_option linter.style.haveILetI false`
work/lean-upgrade/reciprocity-p-equality/ASGinzburg/ASLeftExtReciprocity.lean:93:2: warning: Try this: 
  letI̵

The goal is a proposition, so `let` is preferred over `letI`.
The difference between `let` and `letI` is that `letI` inlines the value.
But this is not relevant for proofs because of proof irrelevance.

Note: This linter can be disabled with `set_option linter.style.haveILetI false`
work/lean-upgrade/reciprocity-p-equality/ASGinzburg/ASLeftExtReciprocity.lean:148:4: warning: Unused tactic linter: `run_tac
  liftM
      (Lean.Core.liftIOCore
        (IO.FS.writeFile "work/lean-upgrade/algebra-as-left-ext-reciprocity-p-equality-diagnostic-01.marker.txt"
          "after abstract P h4"))` does nothing

Note: This linter can be disabled with `set_option linter.unusedTactic false`
work/lean-upgrade/reciprocity-p-equality/ASGinzburg/ASLeftExtReciprocity.lean:156:4: warning: Unused tactic linter: `run_tac
  liftM
      (Lean.Core.liftIOCore
        (IO.FS.writeFile "work/lean-upgrade/algebra-as-left-ext-reciprocity-p-equality-diagnostic-01.marker.txt"
          "after transported pi2 zero"))` does nothing

Note: This linter can be disabled with `set_option linter.unusedTactic false`
work/lean-upgrade/reciprocity-p-equality/ASGinzburg/ASLeftExtReciprocity.lean:163:4: warning: Unused tactic linter: `run_tac
  liftM
      (Lean.Core.liftIOCore
        (IO.FS.writeFile "work/lean-upgrade/algebra-as-left-ext-reciprocity-p-equality-diagnostic-01.marker.txt"
          "after transported cokernel"))` does nothing

Note: This linter can be disabled with `set_option linter.unusedTactic false`
work/lean-upgrade/reciprocity-p-equality/ASGinzburg/ASLeftExtReciprocity.lean:171:4: warning: Unused tactic linter: `run_tac
  liftM
      (Lean.Core.liftIOCore
        (IO.FS.writeFile "work/lean-upgrade/algebra-as-left-ext-reciprocity-p-equality-diagnostic-01.marker.txt"
          "after abstract-P iso exact"))` does nothing

Note: This linter can be disabled with `set_option linter.unusedTactic false`
work/lean-upgrade/reciprocity-p-equality/ASGinzburg/ASLeftExtReciprocity.lean:172:2: warning: Unused tactic linter: `run_tac
  liftM
      (Lean.Core.liftIOCore
        (IO.FS.writeFile "work/lean-upgrade/algebra-as-left-ext-reciprocity-p-equality-diagnostic-01.marker.txt"
          "after make"))` does nothing

Note: This linter can be disabled with `set_option linter.unusedTactic false`
work/lean-upgrade/reciprocity-p-equality/ASGinzburg/ASLeftExtReciprocity.lean:174:2: warning: Unused tactic linter: `run_tac
  liftM
      (Lean.Core.liftIOCore
        (IO.FS.writeFile "work/lean-upgrade/algebra-as-left-ext-reciprocity-p-equality-diagnostic-01.marker.txt"
          "after make rfl exact"))` does nothing

Note: This linter can be disabled with `set_option linter.unusedTactic false`
