ASGinzburg/GinzburgHessianPathClasses.lean:56:2: error: Type mismatch: After simplification, term
  ginzburgHessianPrefix_pathClass Q k φ a b s
 has type
  @Eq
    ((Q.unrolledJacobianZAlgebra k φ).Hom
      (Q.height (Q.ginzburgPrefixGeneratorEndpoint (Q.source a, s) (GinzburgArrow.dual a)))
      (Q.height (Q.ginzburgPrefixGeneratorEndpoint (Q.source a, s) (GinzburgArrow.original b))))
    ((Q.ginzburgPrefixCoefficientFixedUnrolledEquiv k φ
        (Q.ginzburgPrefixGeneratorEndpoint (Q.source a, s) (GinzburgArrow.dual a)) (Q.source a, s)
        (GinzburgArrow.original b))
      (Submodule.Quotient.mk (Q.ginzburgUnitHessianComponent k φ a b s)))
    (Q.ginzburgJacobianPathClass k φ (Q.ginzburgPrefixGeneratorEndpoint (Q.source a, s) (GinzburgArrow.dual a))
      (Q.ginzburgPrefixGeneratorEndpoint (Q.source a, s) (GinzburgArrow.original b))
      (Q.ginzburgHessianPathComponent k φ a b s))
but is expected to have type
  @Eq
    ((Q.unrolledJacobianZAlgebra k φ).Hom
      (Q.height (Q.ginzburgPrefixGeneratorEndpoint (Q.source a, s) (GinzburgArrow.dual a)))
      (Q.height (Q.ginzburgPrefixGeneratorEndpoint (Q.source a, s) (GinzburgArrow.original b))))
    (id
      (fun ha =>
        (Q.ginzburgPrefixCoefficientFixedUnrolledEquiv k φ
            (Q.ginzburgPrefixGeneratorEndpoint (Q.source a, s) (GinzburgArrow.dual a)) (Q.source a, s)
            (GinzburgArrow.original b))
          (Submodule.Quotient.mk (Q.ginzburgUnitHessianComponent k φ a b s)))
      ⋯)
    (Q.ginzburgJacobianPathClass k φ (Q.ginzburgPrefixGeneratorEndpoint (Q.source a, s) (GinzburgArrow.dual a))
      (Q.ginzburgPrefixGeneratorEndpoint (Q.source a, s) (GinzburgArrow.original b))
      (Q.ginzburgHessianPathComponent k φ a b s))
