'ASGinzburg.ZAlgebra.ASRegular.cutGradedRepresentableExt_off_vertex' depends on axioms: [propext,
 Classical.choice,
 Quot.sound]
'ASGinzburg.ZAlgebra.ASRegular.cutRegularExt_vertex_projection_identity' depends on axioms: [propext,
 Classical.choice,
 Quot.sound]
'ASGinzburg.ZAlgebra.ASRegular.cutUnderlinedExtCharacter' depends on axioms: [propext, Classical.choice, Quot.sound]
'ASGinzburg.ZAlgebra.ASRegular.cutUnderlinedExtCharacter_vertex' depends on axioms: [propext,
 Classical.choice,
 Quot.sound]
'ASGinzburg.ZAlgebra.ASRegular.cutUnderlinedExtCharacter_positive' depends on axioms: [propext,
 Classical.choice,
 Quot.sound]
'ASGinzburg.ZAlgebra.ASRegular.cutUnderlinedExtCharacter_eq_vertex' depends on axioms: [propext,
 Classical.choice,
 Quot.sound]
'ASGinzburg.ZAlgebra.ASRegular.cutUnderlinedTopExtLinearEquiv_left_action' depends on axioms: [propext,
 Classical.choice,
 Quot.sound]
'ASGinzburg.ZAlgebra.ASRegular.cutUnderlinedTopExtGrade_off' depends on axioms: [propext, Classical.choice, Quot.sound]
'ASGinzburg.ZAlgebra.ASRegular.cutUnderlinedTopExtGrade_top' depends on axioms: [propext, Classical.choice, Quot.sound]
'ASGinzburg.ZAlgebra.ASRegular.cutUnderlinedTopExtLeftLinearEquiv' depends on axioms: [propext,
 Classical.choice,
 Quot.sound]
'ASGinzburg.ZAlgebra.ASRegular.cutUnderlinedExtLeft_isSimple' depends on axioms: [propext, Classical.choice, Quot.sound]
'ASGinzburg.ZAlgebra.ASRegular.cutUnderlinedExtLeft_off_three_isZero' depends on axioms: [propext,
 Classical.choice,
 Quot.sound]
'ASGinzburg.ZAlgebra.ASRegular.cutUnderlinedExtFinite' depends on axioms: [propext, Classical.choice, Quot.sound]
'ASGinzburg.ZAlgebra.ASRegular.cutUnderlinedExtLeftFinite' depends on axioms: [propext, Classical.choice, Quot.sound]
'ASGinzburg.ZAlgebra.ASRegular.cutUnderlinedTopExtGradedLeftEquiv' depends on axioms: [propext,
 Classical.choice,
 Quot.sound]
'ASGinzburg.ZAlgebra.ASRegular.cutUnderlinedExt_vertex_left_action' depends on axioms: [propext,
 Classical.choice,
 Quot.sound]
'ASGinzburg.directSumHomogeneousSpace' depends on axioms: [propext, Classical.choice, Quot.sound]
'ASGinzburg.directSumHomogeneousInsertion' depends on axioms: [propext, Classical.choice, Quot.sound]
'ASGinzburg.directSumHomogeneousDecompose' depends on axioms: [propext, Classical.choice, Quot.sound]
'ASGinzburg.directSumHomogeneousDecompose_lof' depends on axioms: [propext, Classical.choice, Quot.sound]
'ASGinzburg.directSumHomogeneousDecompose_leftInverse' depends on axioms: [propext, Classical.choice, Quot.sound]
'ASGinzburg.directSumHomogeneousDecompose_rightInverse' depends on axioms: [propext, Classical.choice, Quot.sound]
'ASGinzburg.directSumRangeGradeDecomposition' depends on axioms: [propext, Classical.choice, Quot.sound]
'ASGinzburg.oneDimensionalRepresentationCharacter_apply' depends on axioms: [propext, Classical.choice, Quot.sound]
'ASGinzburg.oneDimensionalRepresentationValue' depends on axioms: [propext, Classical.choice, Quot.sound]
'ASGinzburg.oneDimensionalRepresentation_scalar_action' depends on axioms: [propext, Classical.choice, Quot.sound]
'ASGinzburg.oneDimensionalRepresentationCharacter' depends on axioms: [propext, Classical.choice, Quot.sound]
'ASGinzburg.ZAlgebra.PeriodIso.cutVertexCharacter' depends on axioms: [propext, Classical.choice, Quot.sound]
'ASGinzburg.ZAlgebra.PeriodIso.cutVertexCharacter_apply' depends on axioms: [propext, Classical.choice, Quot.sound]
'ASGinzburg.ZAlgebra.PeriodIso.cutCharacter_eq_vertex' depends on axioms: [propext, Classical.choice, Quot.sound]
'ASGinzburg.ZAlgebra.PeriodIso.cutGradedExtCovariantLinear' depends on axioms: [propext, Classical.choice, Quot.sound]
'ASGinzburg.ZAlgebra.PeriodIso.cutGradedExtPostcompLinear' depends on axioms: [propext, Classical.choice, Quot.sound]
'ASGinzburg.ZAlgebra.PeriodIso.cutGradedExtPostcompLinear_id' depends on axioms: [propext, Classical.choice, Quot.sound]
'ASGinzburg.ZAlgebra.PeriodIso.cutGradedDerivedSingleLinear' depends on axioms: [propext, Classical.choice, Quot.sound]
'ASGinzburg.ZAlgebra.PeriodIso.cutGradedExt_mk₀_smul' depends on axioms: [propext, Classical.choice, Quot.sound]
'ASGinzburg.ZAlgebra.PeriodIso.cutGradedExt_comp_smul' depends on axioms: [propext, Classical.choice, Quot.sound]
'ASGinzburg.ZAlgebra.PeriodIso.CutGradedLeftModule.GradedEquiv' depends on axioms: [propext,
 Classical.choice,
 Quot.sound]
'ASGinzburg.ZAlgebra.PeriodIso.CutGradedLeftModule.GradedEquiv.leftLinearEquiv' depends on axioms: [propext,
 Classical.choice,
 Quot.sound]
'ASGinzburg.ZAlgebra.PeriodIso.CutGradedLeftModule' depends on axioms: [propext, Classical.choice, Quot.sound]
'ASGinzburg.ZAlgebra.PeriodIso.CutGradedLeftModule.leftModule' depends on axioms: [propext,
 Classical.choice,
 Quot.sound]
'ASGinzburg.ZAlgebra.PeriodIso.CutGradedLeftModule.scalarTower' depends on axioms: [propext,
 Classical.choice,
 Quot.sound]
'ASGinzburg.ZAlgebra.PeriodIso.CutGradedLeftModule.ringModule' depends on axioms: [propext,
 Classical.choice,
 Quot.sound]
'ASGinzburg.ZAlgebra.PeriodIso.CutGradedLeftModule.shiftedDecomposition' depends on axioms: [propext,
 Classical.choice,
 Quot.sound]
'ASGinzburg.ZAlgebra.PeriodIso.CutGradedLeftModule.shifted' depends on axioms: [propext, Classical.choice, Quot.sound]
'ASGinzburg.ZAlgebra.PeriodIso.cutRegularVertexLeftMap' depends on axioms: [propext, Classical.choice, Quot.sound]
'ASGinzburg.ZAlgebra.PeriodIso.cutUnderlinedExtGrade' depends on axioms: [propext, Classical.choice, Quot.sound]
'ASGinzburg.ZAlgebra.PeriodIso.cutUnderlinedExtGradedLeftModule' depends on axioms: [propext,
 Classical.choice,
 Quot.sound]
'ASGinzburg.ZAlgebra.PeriodIso.cutRegularLeftHomogeneousMap_add' depends on axioms: [propext,
 Classical.choice,
 Quot.sound]
'ASGinzburg.ZAlgebra.PeriodIso.cutRegularLeftHomogeneousMap_smul' depends on axioms: [propext,
 Classical.choice,
 Quot.sound]
'ASGinzburg.ZAlgebra.PeriodIso.cutUnderlinedExtHomogeneousComponent' depends on axioms: [propext,
 Classical.choice,
 Quot.sound]
'ASGinzburg.ZAlgebra.PeriodIso.cutUnderlinedExtHomogeneousOperator_one' depends on axioms: [propext,
 Classical.choice,
 Quot.sound]
'ASGinzburg.ZAlgebra.PeriodIso.cutUnderlinedExtHomogeneousOperator_mul' depends on axioms: [propext,
 Classical.choice,
 Quot.sound]
'ASGinzburg.ZAlgebra.PeriodIso.cutUnderlinedExtHomogeneousComponent_one' depends on axioms: [propext,
 Classical.choice,
 Quot.sound]
'ASGinzburg.ZAlgebra.PeriodIso.cutUnderlinedExtHomogeneousComponent_mul' depends on axioms: [propext,
 Classical.choice,
 Quot.sound]
'ASGinzburg.ZAlgebra.PeriodIso.cutUnderlinedExtLeftRepresentation' depends on axioms: [propext,
 Classical.choice,
 Quot.sound]
'ASGinzburg.ZAlgebra.PeriodIso.cutUnderlinedExtLeftRepresentation_homogeneous' depends on axioms: [propext,
 Classical.choice,
 Quot.sound]
'ASGinzburg.ZAlgebra.PeriodIso.cutUnderlinedExtLeftModule' depends on axioms: [propext, Classical.choice, Quot.sound]
'ASGinzburg.ZAlgebra.PeriodIso.cutUnderlinedExtLeftModuleCat' depends on axioms: [propext, Classical.choice, Quot.sound]
'ASGinzburg.ZAlgebra.PeriodIso.cutUnderlinedExtLeftModule_homogeneous_smul' depends on axioms: [propext,
 Classical.choice,
 Quot.sound]
'ASGinzburg.ZAlgebra.PeriodIso.cutUnderlinedExtScalarTower' depends on axioms: [propext, Classical.choice, Quot.sound]
'ASGinzburg.ZAlgebra.PeriodIso.cutUnderlinedExtScalarComm' depends on axioms: [propext, Classical.choice, Quot.sound]
'ASGinzburg.ZAlgebra.PeriodIso.cutVertexGradedLeftModule' depends on axioms: [propext, Classical.choice, Quot.sound]
'ASGinzburg.ZAlgebra.PeriodIso.cutVertexGradedLeftModule_isSimple' depends on axioms: [propext,
 Classical.choice,
 Quot.sound]
'ASGinzburg.ZAlgebra.PeriodIso.cutVertexLeftModule' depends on axioms: [propext, Classical.choice, Quot.sound]
'ASGinzburg.ZAlgebra.PeriodIso.cutVertexLeftScalarTower' depends on axioms: [propext, Classical.choice, Quot.sound]
'ASGinzburg.ZAlgebra.PeriodIso.cutVertexLeft_isSimple' depends on axioms: [propext, Classical.choice, Quot.sound]
'ASGinzburg.ZAlgebra.PeriodIso.cutZeroRingInclusion' depends on axioms: [propext, Classical.choice, Quot.sound]
'ASGinzburg.ZAlgebra.PeriodIso.cutZeroScalarDiagonal_eq_sum' depends on axioms: [propext, Classical.choice, Quot.sound]
'ASGinzburg.ZAlgebra.PeriodIso.cutZeroRingInclusion_scalarDiagonal' depends on axioms: [propext,
 Classical.choice,
 Quot.sound]
'ASGinzburg.ZAlgebra.PeriodIso.cutCharacter_zeroDiagonal_eq_zero' depends on axioms: [propext,
 Classical.choice,
 Quot.sound]
'ASGinzburg.ZAlgebra.PeriodIso.cutCharacter_zeroComponent_eq_diagonal' depends on axioms: [propext,
 Classical.choice,
 Quot.sound]
'ASGinzburg.singleDegreeSpace' depends on axioms: [propext, Quot.sound]
'ASGinzburg.singleDegreeInsertion' depends on axioms: [propext, Quot.sound]
'ASGinzburg.singleDegreeDecompose' depends on axioms: [propext, Classical.choice, Quot.sound]
'ASGinzburg.singleDegreeDecompose_leftInverse' depends on axioms: [propext, Classical.choice, Quot.sound]
'ASGinzburg.singleDegreeDecompose_rightInverse' depends on axioms: [propext, Classical.choice, Quot.sound]
'ASGinzburg.singleDegreeGradeDecomposition' depends on axioms: [propext, Classical.choice, Quot.sound]
