work/ASGinzburgDraft/PeriodCutUnderlinedExtScalars.lean:16:4: error: expected '{' or indented tactic sequence
work/ASGinzburgDraft/PeriodCutUnderlinedExtScalars.lean:15:24: error: unsolved goals
k : Type u
inst✝ : Field k
A : ZAlgebra k
Q : CutQuiver
E : A.PeriodIso ↑Q.vertices
M : CutGradedRightModule Q E
n : ℕ
this : Module (E.CutGradedRing fun t => ↑↑t) (CutUnderlinedRegularExt Q E M n) := cutUnderlinedExtLeftModule Q E M n
⊢ ∀ (x : k) (y : E.CutGradedRing fun t => ↑↑t) (z : CutUnderlinedRegularExt Q E M n), (x • y) • z = x • y • z
work/ASGinzburgDraft/PeriodCutUnderlinedExtScalars.lean:27:4: error: expected '{' or indented tactic sequence
work/ASGinzburgDraft/PeriodCutUnderlinedExtScalars.lean:26:23: error: unsolved goals
k : Type u
inst✝ : Field k
A : ZAlgebra k
Q : CutQuiver
E : A.PeriodIso ↑Q.vertices
M : CutGradedRightModule Q E
n : ℕ
this : Module (E.CutGradedRing fun t => ↑↑t) (CutUnderlinedRegularExt Q E M n) := cutUnderlinedExtLeftModule Q E M n
⊢ ∀ (m : k) (n_1 : E.CutGradedRing fun t => ↑↑t) (a : CutUnderlinedRegularExt Q E M n), m • n_1 • a = n_1 • m • a
