work/ASGinzburgDraft/DirectSumRangeGrading.lean:15:4: error: typeclass instance problem is stuck, it is often due to metavariables
  Module k ↥(directSumHomogeneousSpace V i)
work/ASGinzburgDraft/DirectSumRangeGrading.lean:19:4: error: typeclass instance problem is stuck, it is often due to metavariables
  Module k (⨁ (i : I), ↥(directSumHomogeneousSpace V i))
work/ASGinzburgDraft/DirectSumRangeGrading.lean:23:4: error(lean.unknownIdentifier): Unknown identifier `directSumHomogeneousDecompose`
work/ASGinzburgDraft/DirectSumRangeGrading.lean:25:9: error(lean.unknownIdentifier): Unknown identifier `directSumHomogeneousInsertion`
work/ASGinzburgDraft/DirectSumRangeGrading.lean:29:7: error(lean.unknownIdentifier): Unknown identifier `directSumHomogeneousDecompose`
work/ASGinzburgDraft/DirectSumRangeGrading.lean:32:2: error: No goals to be solved
work/ASGinzburgDraft/DirectSumRangeGrading.lean:42:7: error(lean.unknownIdentifier): Unknown identifier `directSumHomogeneousDecompose`
work/ASGinzburgDraft/DirectSumRangeGrading.lean:44:32: error: Application type mismatch: The argument
  x
has type
  ⨁ (i : I), ↥(directSumHomogeneousSpace V i)
but is expected to have type
  ⨁ (i : ?m.24), ?m.25 i
in the application
  DirectSum.induction_on x
work/ASGinzburgDraft/DirectSumRangeGrading.lean:45:2: error: No goals to be solved
work/ASGinzburgDraft/DirectSumRangeGrading.lean:60:29: error: typeclass instance problem is stuck, it is often due to metavariables
  (i : I) → Module ?m.12 (V i)
