'ASGinzburg.cardinal_sum_one_other_zero' depends on axioms: [propext, Classical.choice, Quot.sound]
'ASGinzburg.ZAlgebra.ASRegular.extRank_other_zero' depends on axioms: [propext, Classical.choice, Quot.sound]
'ASGinzburg.ZAlgebra.ASRegular.ext_other_eq_zero' depends on axioms: [propext, Classical.choice, Quot.sound]
'ASGinzburg.ZAlgebra.ASRegular.ext_finrank' depends on axioms: [propext, Classical.choice, Quot.sound]
'ASGinzburg.ZAlgebra.ASResolution.homologyExtThreeEquiv' depends on axioms: [propext, Classical.choice, Quot.sound]
'ASGinzburg.ZAlgebra.ASRegular.extDimensionTable' depends on axioms: [propext, Classical.choice, Quot.sound]
'ASGinzburg.ZAlgebra.ASRegular.extDimensionTable_apply' depends on axioms: [propext, Classical.choice, Quot.sound]
'ASGinzburg.ZAlgebra.ASRegular.extDimensionTable_eq_single' depends on axioms: [propext, Classical.choice, Quot.sound]
'ASGinzburg.ZAlgebra.ASRegular.extDimensionTable_total' depends on axioms: [propext, Classical.choice, Quot.sound]
'ASGinzburg.cardinal_sum_eq_one_of_single' depends on axioms: [propext, Classical.choice, Quot.sound]
'ASGinzburg.ZAlgebra.asExtTotalRank_eq_one_of_finrank' depends on axioms: [propext, Classical.choice, Quot.sound]
'ASGinzburg.ZAlgebra.asRegular_iff_ext_finrank' depends on axioms: [propext, Classical.choice, Quot.sound]
'ASGinzburg.ZAlgebra.ASResolution.asDualityExtThreeEquiv' depends on axioms: [propext, Classical.choice, Quot.sound]
'ASGinzburg.ZAlgebra.ASRegular.extThreeEquiv' depends on axioms: [propext, Classical.choice, Quot.sound]
'ASGinzburg.ZAlgebra.ASRegular.extThree_finrank' depends on axioms: [propext, Classical.choice, Quot.sound]
'ASGinzburg.ZAlgebra.ASRegular.extThree_rank' depends on axioms: [propext, Classical.choice, Quot.sound]
'ASGinzburg.ZAlgebra.ASResolution.homComplex_isZero_ge_four' depends on axioms: [propext, Classical.choice, Quot.sound]
'ASGinzburg.ZAlgebra.ASResolution.homComplex_tau_representable_low_terms_isZero' depends on axioms: [propext,
 Classical.choice,
 Quot.sound]
'ASGinzburg.ZAlgebra.ASResolution.homComplex_tau_representable_top_homologyLinearEquiv' depends on axioms: [propext,
 Classical.choice,
 Quot.sound]
'ASGinzburg.ZAlgebra.ASResolution.homComplex_tau_representable_low_homology_isZero' depends on axioms: [propext,
 Classical.choice,
 Quot.sound]
'ASGinzburg.ZAlgebra.ASResolution.homComplex_tau_representable_high_homology_isZero' depends on axioms: [propext,
 Classical.choice,
 Quot.sound]
'ASGinzburg.ZAlgebra.ASResolution.homComplex_tau_representable_top_homology_finrank' depends on axioms: [propext,
 Classical.choice,
 Quot.sound]
'ASGinzburg.CutQuiver.tau_incomingSource_height_gt' depends on axioms: [propext, Classical.choice, Quot.sound]
'ASGinzburg.ZAlgebra.asDualityHomTerm₀_zero' depends on axioms: [propext, Classical.choice, Quot.sound]
'ASGinzburg.ZAlgebra.asDualityHomTerm₁_zero' depends on axioms: [propext, Classical.choice, Quot.sound]
'ASGinzburg.ZAlgebra.asDualityHomTerm₂_zero' depends on axioms: [propext, Classical.choice, Quot.sound]
'ASGinzburg.ZAlgebra.asDualityHomTerm₃Equiv' depends on axioms: [propext, Classical.choice, Quot.sound]
'ASGinzburg.ZAlgebra.leftModule_isZero_of_components' depends on axioms: [propext, Classical.choice, Quot.sound]
'ASGinzburg.ZAlgebra.leftModuleIsoOfSingleSupport' depends on axioms: [propext, Classical.choice, Quot.sound]
'ASGinzburg.ZAlgebra.ASRegular.extLeft_off_degree_three' depends on axioms: [propext, Classical.choice, Quot.sound]
'ASGinzburg.ZAlgebra.ASRegular.extLeftThree_off_vertex' depends on axioms: [propext, Classical.choice, Quot.sound]
'ASGinzburg.ZAlgebra.ASRegular.extLeftThreeIsoSimple' depends on axioms: [propext, Classical.choice, Quot.sound]
'ASGinzburg.ZAlgebra.ASRegular.extLeftThree_positive_action_zero' depends on axioms: [propext,
 Classical.choice,
 Quot.sound]
'ASGinzburg.directSumSingleSupportLinearEquiv' depends on axioms: [propext, Classical.choice, Quot.sound]
'ASGinzburg.ZAlgebra.rightRegularCoproduct' depends on axioms: [propext, Classical.choice, Quot.sound]
'ASGinzburg.ZAlgebra.rightRegularCoproductComponentIso' depends on axioms: [propext, Classical.choice, Quot.sound]
'ASGinzburg.ZAlgebra.leftModuleTotalSpace' depends on axioms: [propext, Classical.choice, Quot.sound]
'ASGinzburg.ZAlgebra.leftModuleTotalIso' depends on axioms: [propext, Classical.choice, Quot.sound]
'ASGinzburg.ZAlgebra.ASResolution.extRegularCoproductLinearEquiv' depends on axioms: [propext,
 Classical.choice,
 Quot.sound]
'ASGinzburg.ZAlgebra.leftModuleTotalSpace_eq_zero_of_isZero' depends on axioms: [propext, Classical.choice, Quot.sound]
'ASGinzburg.ZAlgebra.simpleLeftModuleTotalEquiv' depends on axioms: [propext, Classical.choice, Quot.sound]
'ASGinzburg.ZAlgebra.ASRegular.extRegularCoproduct_off_three_eq_zero' depends on axioms: [propext,
 Classical.choice,
 Quot.sound]
'ASGinzburg.ZAlgebra.ASRegular.extRegularCoproductThreeEquiv' depends on axioms: [propext, Classical.choice, Quot.sound]
'ASGinzburg.ZAlgebra.ASRegular.extRegularCoproductThree_finrank' depends on axioms: [propext,
 Classical.choice,
 Quot.sound]
'ASGinzburg.ZAlgebra.ASRegular.extRegularCoproductThreeScalarEquiv' depends on axioms: [propext,
 Classical.choice,
 Quot.sound]
'ASGinzburg.ZAlgebra.ASRegular.extRegularCoproductFinite' depends on axioms: [propext, Classical.choice, Quot.sound]
'ASGinzburg.ZAlgebra.ASRegular.extRegularCoproduct_finrank' depends on axioms: [propext, Classical.choice, Quot.sound]
'ASGinzburg.ZAlgebra.asExtTotalRank' depends on axioms: [propext, Classical.choice, Quot.sound]
'ASGinzburg.ZAlgebra.ASRegular' depends on axioms: [propext, Classical.choice, Quot.sound]
'ASGinzburg.ZAlgebra.ASRegular.resolution' depends on axioms: [propext, Classical.choice, Quot.sound]
'ASGinzburg.ZAlgebra.ASRegular.projectiveResolution' depends on axioms: [propext, Classical.choice, Quot.sound]
'ASGinzburg.ZAlgebra.ASRegular.projectiveResolution_isZero_ge_four' depends on axioms: [propext,
 Classical.choice,
 Quot.sound]
'ASGinzburg.ZAlgebra.asExtRank_le_total' depends on axioms: [propext, Classical.choice, Quot.sound]
'ASGinzburg.ZAlgebra.ASRegular.extRank_le_one' depends on axioms: [propext, Classical.choice, Quot.sound]
'ASGinzburg.ZAlgebra.ASRegular.extFinite' depends on axioms: [propext, Classical.choice, Quot.sound]
'ASGinzburg.ZAlgebra.ASRegular.extFinrank_le_one' depends on axioms: [propext, Classical.choice, Quot.sound]
'ASGinzburg.ZAlgebra.asExtRank_zero_iff' depends on axioms: [propext, Classical.choice, Quot.sound]
'ASGinzburg.CutQuiver.incomingArrows' does not depend on any axioms
'ASGinzburg.CutQuiver.outgoingArrows' does not depend on any axioms
'ASGinzburg.CutQuiver.incomingArrowsFintype' depends on axioms: [propext, Classical.choice, Quot.sound]
'ASGinzburg.CutQuiver.outgoingArrowsFintype' depends on axioms: [propext, Classical.choice, Quot.sound]
'ASGinzburg.CutQuiver.incomingSource' does not depend on any axioms
'ASGinzburg.CutQuiver.outgoingTarget' does not depend on any axioms
'ASGinzburg.CutQuiver.incoming_liftedTarget' depends on axioms: [propext]
'ASGinzburg.CutQuiver.outgoing_liftedSource' does not depend on any axioms
'ASGinzburg.CutQuiver.incomingSource_height_lt' depends on axioms: [propext, Classical.choice, Quot.sound]
'ASGinzburg.CutQuiver.outgoingTarget_height_gt' depends on axioms: [propext, Classical.choice, Quot.sound]
'ASGinzburg.ZAlgebra.rightModule_coproduct_projective' depends on axioms: [propext, Classical.choice, Quot.sound]
'ASGinzburg.ZAlgebra.asResolutionTerm₁' depends on axioms: [propext, Classical.choice, Quot.sound]
'ASGinzburg.ZAlgebra.asResolutionTerm₂' depends on axioms: [propext, Classical.choice, Quot.sound]
'ASGinzburg.ZAlgebra.asResolutionTerm₁Projective' depends on axioms: [propext, Classical.choice, Quot.sound]
'ASGinzburg.ZAlgebra.asResolutionTerm₂Projective' depends on axioms: [propext, Classical.choice, Quot.sound]
'ASGinzburg.ZAlgebra.ASResolution' depends on axioms: [propext, Classical.choice, Quot.sound]
'ASGinzburg.ZAlgebra.ASResolution.hom_d₁_simple_zero' depends on axioms: [propext, Classical.choice, Quot.sound]
'ASGinzburg.ZAlgebra.ASResolution.hom_d₂_simple_zero' depends on axioms: [propext, Classical.choice, Quot.sound]
'ASGinzburg.ZAlgebra.ASResolution.hom_d₃_simple_zero' depends on axioms: [propext, Classical.choice, Quot.sound]
'ASGinzburg.ZAlgebra.ASResolution.complexTerm' depends on axioms: [propext, Classical.choice, Quot.sound]
'ASGinzburg.ZAlgebra.ASResolution.complexDifferential' depends on axioms: [propext, Classical.choice, Quot.sound]
'ASGinzburg.ZAlgebra.ASResolution.complexDifferential_sq' depends on axioms: [propext, Classical.choice, Quot.sound]
'ASGinzburg.ZAlgebra.ASResolution.complex' depends on axioms: [propext, Classical.choice, Quot.sound]
'ASGinzburg.ZAlgebra.ASResolution.complexTermProjective' depends on axioms: [propext, Classical.choice, Quot.sound]
'ASGinzburg.ZAlgebra.ASResolution.complex_exactAt_succ' depends on axioms: [propext, Classical.choice, Quot.sound]
'ASGinzburg.ZAlgebra.ASResolution.augmentation' depends on axioms: [propext, Classical.choice, Quot.sound]
'ASGinzburg.ZAlgebra.ASResolution.augmentationQuasiIso' depends on axioms: [propext, Classical.choice, Quot.sound]
'ASGinzburg.ZAlgebra.ASResolution.toProjectiveResolution' depends on axioms: [propext, Classical.choice, Quot.sound]
'ASGinzburg.ZAlgebra.ASResolution.complex_isZero_ge_four' depends on axioms: [propext, Classical.choice, Quot.sound]
'ASGinzburg.ZAlgebra.ASResolution.extShiftThree' depends on axioms: [propext, Classical.choice, Quot.sound]
'ASGinzburg.ZAlgebra.ASResolution.ext_ge_four_eq_zero' depends on axioms: [propext, Classical.choice, Quot.sound]
'ASGinzburg.ZAlgebra.ASResolution.ext_ge_four_rank_zero' depends on axioms: [propext, Classical.choice, Quot.sound]
'ASGinzburg.ZAlgebra.rightModuleExtZeroPreservesColimits' depends on axioms: [propext, Classical.choice, Quot.sound]
'ASGinzburg.ZAlgebra.rightModuleExtSuccPreservesColimits' depends on axioms: [propext, Classical.choice, Quot.sound]
'ASGinzburg.ZAlgebra.ASResolution.secondSyzygyHomPreservesColimits' depends on axioms: [propext,
 Classical.choice,
 Quot.sound]
'ASGinzburg.ZAlgebra.ASResolution.firstSyzygyHomPreservesColimits' depends on axioms: [propext,
 Classical.choice,
 Quot.sound]
'ASGinzburg.ZAlgebra.ASResolution.simpleHomPreservesColimits' depends on axioms: [propext, Classical.choice, Quot.sound]
'ASGinzburg.ZAlgebra.ASResolution.secondSyzygyExtOnePreservesColimits' depends on axioms: [propext,
 Classical.choice,
 Quot.sound]
'ASGinzburg.ZAlgebra.ASResolution.firstSyzygyExtOnePreservesColimits' depends on axioms: [propext,
 Classical.choice,
 Quot.sound]
'ASGinzburg.ZAlgebra.ASResolution.simpleExtOnePreservesColimits' depends on axioms: [propext,
 Classical.choice,
 Quot.sound]
'ASGinzburg.ZAlgebra.ASResolution.simpleExtTwoPreservesColimits' depends on axioms: [propext,
 Classical.choice,
 Quot.sound]
'ASGinzburg.ZAlgebra.ASResolution.simpleExtThreePreservesColimits' depends on axioms: [propext,
 Classical.choice,
 Quot.sound]
'ASGinzburg.ZAlgebra.ASResolution.simpleHigherExtFunctorIsZero' depends on axioms: [propext,
 Classical.choice,
 Quot.sound]
'ASGinzburg.ZAlgebra.ASResolution.simpleExtPreservesExactColimits' depends on axioms: [propext,
 Classical.choice,
 Quot.sound]
'ASGinzburg.ZAlgebra.ASResolution.simpleExtColimitIso' depends on axioms: [propext, Classical.choice, Quot.sound]
'ASGinzburg.ZAlgebra.ASResolution.simpleExtPreservesCoproducts' depends on axioms: [propext,
 Classical.choice,
 Quot.sound]
'ASGinzburg.ZAlgebra.ASResolution.simpleExtCoproductIso' depends on axioms: [propext, Classical.choice, Quot.sound]
'ASGinzburg.ZAlgebra.ASResolution.simpleExtCoproductIso_inclusion_hom' depends on axioms: [propext,
 Classical.choice,
 Quot.sound]
'ASGinzburg.ZAlgebra.ASResolution.simpleExtDirectSumLinearEquiv' depends on axioms: [propext,
 Classical.choice,
 Quot.sound]
'ASGinzburg.ZAlgebra.ASResolution.simpleExtDirectSumLinearEquiv_postcomp_inclusion' depends on axioms: [propext,
 Classical.choice,
 Quot.sound]
'ASGinzburg.ZAlgebra.rightModuleExtZeroFinite' depends on axioms: [propext, Classical.choice, Quot.sound]
'ASGinzburg.ZAlgebra.rightModuleExtOneFinite' depends on axioms: [propext, Classical.choice, Quot.sound]
'ASGinzburg.ZAlgebra.ASResolution.extFinite_representable' depends on axioms: [propext, Classical.choice, Quot.sound]
'ASGinzburg.ZAlgebra.ASResolution.homDifferential' depends on axioms: [propext, Classical.choice, Quot.sound]
'ASGinzburg.ZAlgebra.ASResolution.homDifferential_sq' depends on axioms: [propext, Classical.choice, Quot.sound]
'ASGinzburg.ZAlgebra.ASResolution.homComplex' depends on axioms: [propext, Classical.choice, Quot.sound]
'ASGinzburg.ZAlgebra.ASResolution.complexDifferential_minimal' depends on axioms: [propext,
 Classical.choice,
 Quot.sound]
'ASGinzburg.ZAlgebra.ASResolution.homDifferential_simple_zero' depends on axioms: [propext,
 Classical.choice,
 Quot.sound]
'ASGinzburg.ZAlgebra.ASResolution.homComplex_simple_d_zero' depends on axioms: [propext, Classical.choice, Quot.sound]
'ASGinzburg.ZAlgebra.ASResolution.homComplex_simple_d_all_zero' depends on axioms: [propext,
 Classical.choice,
 Quot.sound]
'ASGinzburg.ZAlgebra.ASResolution.homComplex_simple_homologyIso' depends on axioms: [propext,
 Classical.choice,
 Quot.sound]
'ASGinzburg.ZAlgebra.rightModule_exact_comp_mono_iff' depends on axioms: [propext, Classical.choice, Quot.sound]
'ASGinzburg.ZAlgebra.ASResolution.firstCover' depends on axioms: [propext, Classical.choice, Quot.sound]
'ASGinzburg.ZAlgebra.ASResolution.firstCover_ι' depends on axioms: [propext, Classical.choice, Quot.sound]
'ASGinzburg.ZAlgebra.ASResolution.firstCoverEpi' depends on axioms: [propext, Classical.choice, Quot.sound]
'ASGinzburg.ZAlgebra.ASResolution.d₂_firstCover' depends on axioms: [propext, Classical.choice, Quot.sound]
'ASGinzburg.ZAlgebra.ASResolution.exact_d₂_firstCover' depends on axioms: [propext, Classical.choice, Quot.sound]
'ASGinzburg.ZAlgebra.ASResolution.secondCover' depends on axioms: [propext, Classical.choice, Quot.sound]
'ASGinzburg.ZAlgebra.ASResolution.secondCover_ι' depends on axioms: [propext, Classical.choice, Quot.sound]
'ASGinzburg.ZAlgebra.ASResolution.secondCoverEpi' depends on axioms: [propext, Classical.choice, Quot.sound]
'ASGinzburg.ZAlgebra.ASResolution.d₃_secondCover' depends on axioms: [propext, Classical.choice, Quot.sound]
'ASGinzburg.ZAlgebra.ASResolution.exact_d₃_secondCover' depends on axioms: [propext, Classical.choice, Quot.sound]
'ASGinzburg.ZAlgebra.ASResolution.shortExact₀' depends on axioms: [propext, Classical.choice, Quot.sound]
'ASGinzburg.ZAlgebra.ASResolution.shortExact₁' depends on axioms: [propext, Classical.choice, Quot.sound]
'ASGinzburg.ZAlgebra.ASResolution.shortExact₂' depends on axioms: [propext, Classical.choice, Quot.sound]
'ASGinzburg.conjugateHom' depends on axioms: [propext, Classical.choice, Quot.sound]
'ASGinzburg.conjugateHom_apply' depends on axioms: [propext, Classical.choice, Quot.sound]
'ASGinzburg.conjugateHom_id' depends on axioms: [propext, Classical.choice, Quot.sound]
'ASGinzburg.conjugateHom_comp' depends on axioms: [propext, Classical.choice, Quot.sound]
'ASGinzburg.CyclicWord' depends on axioms: [propext, Quot.sound]
'ASGinzburg.WordPolynomial' depends on axioms: [propext, Classical.choice, Quot.sound]
'ASGinzburg.CyclicPolynomial' depends on axioms: [propext, Classical.choice, Quot.sound]
'ASGinzburg.wordClass' depends on axioms: [propext, Quot.sound]
'ASGinzburg.traceWord' depends on axioms: [propext, Classical.choice, Quot.sound]
'ASGinzburg.wordClass_append_swap' depends on axioms: [propext, Quot.sound]
'ASGinzburg.traceWord_append_swap' depends on axioms: [propext, Classical.choice, Quot.sound]
'ASGinzburg.wordCutDegree' does not depend on any axioms
'ASGinzburg.wordCutDegree_append' depends on axioms: [propext]
'ASGinzburg.unique_cut_split' depends on axioms: [propext, Quot.sound]
'ASGinzburg.reconstructAux' depends on axioms: [propext, Classical.choice, Quot.sound]
'ASGinzburg.reconstructAux_euler' depends on axioms: [propext, Classical.choice, Quot.sound]
'ASGinzburg.cyclicTrace' depends on axioms: [propext, Classical.choice, Quot.sound]
'ASGinzburg.cutReconstruction' depends on axioms: [propext, Classical.choice, Quot.sound]
'ASGinzburg.cut_euler_identity' depends on axioms: [propext, Classical.choice, Quot.sound]
'ASGinzburg.cut_normal_form' depends on axioms: [propext, Quot.sound]
'ASGinzburg.path_word_cutDegree' depends on axioms: [propext]
'ASGinzburg.CutQuiver' does not depend on any axioms
'ASGinzburg.CutQuiver.Arrow' does not depend on any axioms
'ASGinzburg.CutQuiver.Vertex' does not depend on any axioms
'ASGinzburg.CutQuiver.LiftVertex' does not depend on any axioms
'ASGinzburg.CutQuiver.cutDegree' does not depend on any axioms
'ASGinzburg.CutQuiver.winding' does not depend on any axioms
'ASGinzburg.CutQuiver.height' does not depend on any axioms
'ASGinzburg.CutQuiver.periodNeZero' depends on axioms: [propext, Quot.sound]
'ASGinzburg.CutQuiver.heightEquiv' depends on axioms: [propext, Classical.choice, Quot.sound]
'ASGinzburg.CutQuiver.heightEquiv_apply' depends on axioms: [propext, Classical.choice, Quot.sound]
'ASGinzburg.CutQuiver.height_bijective' depends on axioms: [propext, Classical.choice, Quot.sound]
'ASGinzburg.CutQuiver.shift' does not depend on any axioms
'ASGinzburg.CutQuiver.tau' depends on axioms: [propext]
'ASGinzburg.CutQuiver.liftedSource' does not depend on any axioms
'ASGinzburg.CutQuiver.liftedTarget' does not depend on any axioms
'ASGinzburg.CutQuiver.cutDegree_false' depends on axioms: [propext]
'ASGinzburg.CutQuiver.cutDegree_true' depends on axioms: [propext]
'ASGinzburg.CutQuiver.winding_pos' depends on axioms: [propext, Classical.choice, Quot.sound]
'ASGinzburg.CutQuiver.winding_lt_period' depends on axioms: [propext, Classical.choice, Quot.sound]
'ASGinzburg.CutQuiver.height_shift' depends on axioms: [propext]
'ASGinzburg.CutQuiver.height_tau' depends on axioms: [propext, Quot.sound]
'ASGinzburg.CutQuiver.lifted_height_difference' depends on axioms: [propext, Quot.sound]
'ASGinzburg.CutQuiver.lifted_arrow_increases_height' depends on axioms: [propext, Classical.choice, Quot.sound]
'ASGinzburg.CutQuiver.intermediate_in_interval' depends on axioms: [propext, Classical.choice, Quot.sound]
'ASGinzburg.CutQuiver.Path' does not depend on any axioms
'ASGinzburg.CutQuiver.Path.length' does not depend on any axioms
'ASGinzburg.CutQuiver.Path.cutDegree' does not depend on any axioms
'ASGinzburg.CutQuiver.Path.winding' does not depend on any axioms
'ASGinzburg.CutQuiver.Path.toList' does not depend on any axioms
'ASGinzburg.CutQuiver.Path.length_toList' depends on axioms: [propext]
'ASGinzburg.CutQuiver.Path.winding_eq' depends on axioms: [propext, Classical.choice, Quot.sound]
'ASGinzburg.CutQuiver.Path.winding_nonneg' depends on axioms: [propext, Classical.choice, Quot.sound]
'ASGinzburg.CutQuiver.Path.winding_pos_of_length_pos' depends on axioms: [propext, Classical.choice, Quot.sound]
'ASGinzburg.CutQuiver.Path.zero_cut_increases_vertex' depends on axioms: [propext, Classical.choice, Quot.sound]
'ASGinzburg.CutQuiver.Path.zero_cut_has_no_nonempty_cycle' depends on axioms: [propext, Classical.choice, Quot.sound]
'ASGinzburg.CutQuiver.Path.cut_one_cycle_winding' depends on axioms: [propext, Classical.choice, Quot.sound]
'ASGinzburg.derivativeAux' depends on axioms: [propext, Classical.choice, Quot.sound]
'ASGinzburg.derivativeWord' depends on axioms: [propext, Classical.choice, Quot.sound]
'ASGinzburg.derivativeAux_append' depends on axioms: [propext, Classical.choice, Quot.sound]
'ASGinzburg.derivativeWord_append_swap' depends on axioms: [propext, Classical.choice, Quot.sound]
'ASGinzburg.derivativeWord_rotate' depends on axioms: [propext, Classical.choice, Quot.sound]
'ASGinzburg.derivativeCyclicWord' depends on axioms: [propext, Classical.choice, Quot.sound]
'ASGinzburg.derivativeCyclicWord_mk' depends on axioms: [propext, Classical.choice, Quot.sound]
'ASGinzburg.cyclicDerivative' depends on axioms: [propext, Classical.choice, Quot.sound]
'ASGinzburg.prependTrace' depends on axioms: [propext, Classical.choice, Quot.sound]
'ASGinzburg.prependTrace_single' depends on axioms: [propext, Classical.choice, Quot.sound]
'ASGinzburg.cyclicDerivative_traceWord' depends on axioms: [propext, Classical.choice, Quot.sound]
'ASGinzburg.derivativeAux_reconstruction' depends on axioms: [propext, Classical.choice, Quot.sound]
'ASGinzburg.cyclicCutReconstruction' depends on axioms: [propext, Classical.choice, Quot.sound]
'ASGinzburg.ite_linearMap_apply' depends on axioms: [propext]
'ASGinzburg.cyclicCutReconstruction_traceWord' depends on axioms: [propext, Classical.choice, Quot.sound]
'ASGinzburg.cyclicCutReconstruction_comp_trace' depends on axioms: [propext, Classical.choice, Quot.sound]
'ASGinzburg.cut_cyclic_derivative_identity' depends on axioms: [propext, Classical.choice, Quot.sound]
'ASGinzburg.totalDimension' depends on axioms: [propext, Quot.sound]
'ASGinzburg.dimension_table_eq_single' depends on axioms: [propext, Classical.choice, Quot.sound]
'ASGinzburg.total_dimension_single' depends on axioms: [propext, Classical.choice, Quot.sound]
'ASGinzburg.total_one_iff_single' depends on axioms: [propext, Classical.choice, Quot.sound]
'ASGinzburg.ext_dimension_delta' depends on axioms: [propext, Classical.choice, Quot.sound]
'ASGinzburg.ZAlgebra.rightModuleHomDiagram' depends on axioms: [propext, Classical.choice, Quot.sound]
'ASGinzburg.ZAlgebra.rightModuleCoproductHomLimitComponentIso' depends on axioms: [propext,
 Classical.choice,
 Quot.sound]
'ASGinzburg.ZAlgebra.rightModuleCoproductHomLimitComponentIso_hom_π' depends on axioms: [propext,
 Classical.choice,
 Quot.sound]
'ASGinzburg.ZAlgebra.rightModuleCoproductHomLimitIso' depends on axioms: [propext, Classical.choice, Quot.sound]
'ASGinzburg.ZAlgebra.finiteLimitFunctorPreservesColimitsOfShape' depends on axioms: [propext,
 Classical.choice,
 Quot.sound]
'ASGinzburg.ZAlgebra.rightModuleHomDiagramPreservesColimitsOfShape' depends on axioms: [propext,
 Classical.choice,
 Quot.sound]
'ASGinzburg.ZAlgebra.finiteCoproductHomPreservesColimitsOfShape' depends on axioms: [propext,
 Classical.choice,
 Quot.sound]
'ASGinzburg.ZAlgebra.finiteRepresentableCoproductHomPreservesColimitsOfShape' depends on axioms: [propext,
 Classical.choice,
 Quot.sound]
'ASGinzburg.ZAlgebra.asResolutionTerm₁HomPreservesColimitsOfShape' depends on axioms: [propext,
 Classical.choice,
 Quot.sound]
'ASGinzburg.ZAlgebra.asResolutionTerm₂HomPreservesColimitsOfShape' depends on axioms: [propext,
 Classical.choice,
 Quot.sound]
'ASGinzburg.ZAlgebra.finiteRepresentableCoproductHomColimitIso' depends on axioms: [propext,
 Classical.choice,
 Quot.sound]
'ASGinzburg.ZAlgebra.finiteRepresentableCoproductExtZeroPreservesColimitsOfShape' depends on axioms: [propext,
 Classical.choice,
 Quot.sound]
'ASGinzburg.CutQuiver.GinzburgArrow' does not depend on any axioms
'ASGinzburg.CutQuiver.GinzburgArrow.source' does not depend on any axioms
'ASGinzburg.CutQuiver.GinzburgArrow.target' does not depend on any axioms
'ASGinzburg.CutQuiver.GinzburgArrow.cohomologicalDegree' does not depend on any axioms
'ASGinzburg.CutQuiver.GinzburgArrow.cutDegree' does not depend on any axioms
'ASGinzburg.CutQuiver.GinzburgArrow.winding' does not depend on any axioms
'ASGinzburg.CutQuiver.GinzburgArrow.winding_pos' depends on axioms: [propext, Classical.choice, Quot.sound]
'ASGinzburg.CutQuiver.GinzburgArrow.winding_formula' depends on axioms: [propext, Quot.sound]
'ASGinzburg.CutQuiver.GinzburgArrow.original_dual_winding_sum' depends on axioms: [propext]
'ASGinzburg.CutQuiver.GinzburgArrow.original_dual_cut_sum' depends on axioms: [propext]
'ASGinzburg.CutQuiver.GinzburgArrow.loop_differential_cohomological_degree' does not depend on any axioms
'ASGinzburg.positive_recurrence_unique' depends on axioms: [propext, Quot.sound]
'ASGinzburg.quadraticHilbert' does not depend on any axioms
'ASGinzburg.quadraticHilbert_closed' depends on axioms: [propext, Quot.sound]
'ASGinzburg.quadraticHilbert_double' depends on axioms: [propext]
'ASGinzburg.quadraticHilbert_third_difference' depends on axioms: [propext, Classical.choice, Quot.sound]
'ASGinzburg.quadraticHilbert_unique' depends on axioms: [propext, Classical.choice, Quot.sound]
'ASGinzburg.quadraticHilbert_polynomial_bound' depends on axioms: [propext, Classical.choice, Quot.sound]
'ASGinzburg.colimitLimitExchangeIso' depends on axioms: [propext, Classical.choice, Quot.sound]
'ASGinzburg.ι_colimitLimitExchangeIso_π' depends on axioms: [propext, Classical.choice, Quot.sound]
'ASGinzburg.limitPreservesColimitsOfExactShape' depends on axioms: [propext, Classical.choice, Quot.sound]
'ASGinzburg.parallelPairDiagramPreservesColimits' depends on axioms: [propext, Classical.choice, Quot.sound]
'ASGinzburg.kernelFunctorPreservesExactColimits' depends on axioms: [propext, Classical.choice, Quot.sound]
'ASGinzburg.cokernelFunctorPreservesColimits' depends on axioms: [propext, Classical.choice, Quot.sound]
'ASGinzburg.moduleCatExactCoproducts' depends on axioms: [propext, Classical.choice, Quot.sound]
'ASGinzburg.ZAlgebra.leftRepresentableFunctor' depends on axioms: [propext, Classical.choice, Quot.sound]
'ASGinzburg.ZAlgebra.leftRepresentableFunctorAdditive' depends on axioms: [propext, Classical.choice, Quot.sound]
'ASGinzburg.ZAlgebra.leftRepresentableFunctorLinear' depends on axioms: [propext, Classical.choice, Quot.sound]
'ASGinzburg.ZAlgebra.leftModuleCoyonedaLinear' depends on axioms: [propext, Classical.choice, Quot.sound]
'ASGinzburg.ZAlgebra.leftModuleADual' depends on axioms: [propext, Classical.choice, Quot.sound]
'ASGinzburg.ZAlgebra.leftModuleADual_obj' depends on axioms: [propext, Classical.choice, Quot.sound]
'ASGinzburg.ZAlgebra.leftModuleADualMap' depends on axioms: [propext, Classical.choice, Quot.sound]
'ASGinzburg.ZAlgebra.leftModuleADualFunctor' depends on axioms: [propext, Classical.choice, Quot.sound]
'ASGinzburg.ZAlgebra.leftRepresentableADualIso' depends on axioms: [propext, Classical.choice, Quot.sound]
'ASGinzburg.ZAlgebra.representableBidualIso' depends on axioms: [propext, Classical.choice, Quot.sound]
'ASGinzburg.ZAlgebra.leftRepresentableBidualIso' depends on axioms: [propext, Classical.choice, Quot.sound]
'ASGinzburg.ZAlgebra.leftModuleProperty_closedUnderLimits' depends on axioms: [propext, Classical.choice, Quot.sound]
'ASGinzburg.ZAlgebra.leftModuleProperty_closedUnderColimits' depends on axioms: [propext, Classical.choice, Quot.sound]
'ASGinzburg.ZAlgebra.leftModuleHasLimitsOfShape' depends on axioms: [propext, Classical.choice, Quot.sound]
'ASGinzburg.ZAlgebra.leftModuleHasColimitsOfShape' depends on axioms: [propext, Classical.choice, Quot.sound]
'ASGinzburg.ZAlgebra.leftModuleInclusionCreatesLimitsOfShape' depends on axioms: [propext, Classical.choice, Quot.sound]
'ASGinzburg.ZAlgebra.leftModuleInclusionCreatesColimitsOfShape' depends on axioms: [propext,
 Classical.choice,
 Quot.sound]
'ASGinzburg.ZAlgebra.leftModuleHasFiniteProducts' depends on axioms: [propext, Classical.choice, Quot.sound]
'ASGinzburg.ZAlgebra.leftModuleCoimageImageComparisonIsIso' depends on axioms: [propext, Classical.choice, Quot.sound]
'ASGinzburg.ZAlgebra.leftModuleAbelian' depends on axioms: [propext, Classical.choice, Quot.sound]
'ASGinzburg.ZAlgebra.leftModuleInclusionPreservesFiniteLimits' depends on axioms: [propext,
 Classical.choice,
 Quot.sound]
'ASGinzburg.ZAlgebra.leftModuleInclusionPreservesFiniteColimits' depends on axioms: [propext,
 Classical.choice,
 Quot.sound]
'ASGinzburg.ZAlgebra.leftModuleGenerators' depends on axioms: [propext, Classical.choice, Quot.sound]
'ASGinzburg.ZAlgebra.freeLeftModule' depends on axioms: [propext, Classical.choice, Quot.sound]
'ASGinzburg.ZAlgebra.freeLeftModuleπ' depends on axioms: [propext, Classical.choice, Quot.sound]
'ASGinzburg.ZAlgebra.freeLeftModuleProjective' depends on axioms: [propext, Classical.choice, Quot.sound]
'ASGinzburg.ZAlgebra.freeLeftModuleπEpi' depends on axioms: [propext, Classical.choice, Quot.sound]
'ASGinzburg.ZAlgebra.leftModuleEnoughProjectives' depends on axioms: [propext, Classical.choice, Quot.sound]
'ASGinzburg.ZAlgebra.leftModuleProjectiveResolution' depends on axioms: [propext, Classical.choice, Quot.sound]
'ASGinzburg.ZAlgebra.leftModuleProjectiveResolution_exactAt_succ' depends on axioms: [propext,
 Classical.choice,
 Quot.sound]
'ASGinzburg.ZAlgebra.leftModuleHasExt' depends on axioms: [propext, Classical.choice, Quot.sound]
'ASGinzburg.ZAlgebra.leftRepresentableExtZeroEquiv' depends on axioms: [propext, Classical.choice, Quot.sound]
'ASGinzburg.ZAlgebra.leftRepresentable_higher_ext_eq_zero' depends on axioms: [propext, Classical.choice, Quot.sound]
'ASGinzburg.ZAlgebra.leftModuleEvaluation' depends on axioms: [propext, Classical.choice, Quot.sound]
'ASGinzburg.ZAlgebra.leftModuleEvaluationAdditive' depends on axioms: [propext, Classical.choice, Quot.sound]
'ASGinzburg.ZAlgebra.leftModuleEvaluationPreservesFiniteLimits' depends on axioms: [propext,
 Classical.choice,
 Quot.sound]
'ASGinzburg.ZAlgebra.leftModuleEvaluationPreservesFiniteColimits' depends on axioms: [propext,
 Classical.choice,
 Quot.sound]
'ASGinzburg.ZAlgebra.leftModuleInclusionPreservesHomology' depends on axioms: [propext, Classical.choice, Quot.sound]
'ASGinzburg.ZAlgebra.leftModuleEvaluationPreservesHomology' depends on axioms: [propext, Classical.choice, Quot.sound]
'ASGinzburg.ZAlgebra.leftModuleKernelObjIso' depends on axioms: [propext, Classical.choice, Quot.sound]
'ASGinzburg.ZAlgebra.leftModuleCokernelObjIso' depends on axioms: [propext, Classical.choice, Quot.sound]
'ASGinzburg.ZAlgebra.leftModuleHomologyObjIso' depends on axioms: [propext, Classical.choice, Quot.sound]
'ASGinzburg.ZAlgebra.leftModule_exact_iff_inclusion' depends on axioms: [propext, Classical.choice, Quot.sound]
'ASGinzburg.ZAlgebra.leftModuleKernelObjIso_inv_ι' depends on axioms: [propext, Classical.choice, Quot.sound]
'ASGinzburg.ZAlgebra.leftModuleCokernelObjIso_π_hom' depends on axioms: [propext, Classical.choice, Quot.sound]
'ASGinzburg.ZAlgebra.leftModule_mono_iff' depends on axioms: [propext, Classical.choice, Quot.sound]
'ASGinzburg.ZAlgebra.leftModule_epi_iff' depends on axioms: [propext, Classical.choice, Quot.sound]
'ASGinzburg.ZAlgebra.leftModule_mono_iff_injective' depends on axioms: [propext, Classical.choice, Quot.sound]
'ASGinzburg.ZAlgebra.leftModule_epi_iff_surjective' depends on axioms: [propext, Classical.choice, Quot.sound]
'ASGinzburg.ZAlgebra.leftModule_exact_iff' depends on axioms: [propext, Classical.choice, Quot.sound]
'ASGinzburg.ZAlgebra.leftModule_exact_iff_range_eq_ker' depends on axioms: [propext, Classical.choice, Quot.sound]
'ASGinzburg.ZAlgebra.leftModule_shortExact_iff' depends on axioms: [propext, Classical.choice, Quot.sound]
'ASGinzburg.ZAlgebra.leftRepresentableToElement' depends on axioms: [propext, Classical.choice, Quot.sound]
'ASGinzburg.ZAlgebra.leftRepresentableYonedaEquiv' depends on axioms: [propext, Classical.choice, Quot.sound]
'ASGinzburg.ZAlgebra.leftRepresentableYonedaEquiv_apply' depends on axioms: [propext, Classical.choice, Quot.sound]
'ASGinzburg.ZAlgebra.leftRepresentableYonedaEquiv_comp' depends on axioms: [propext, Classical.choice, Quot.sound]
'ASGinzburg.ZAlgebra.leftRepresentableYonedaEquiv_symm_app' depends on axioms: [propext, Classical.choice, Quot.sound]
'ASGinzburg.ZAlgebra.leftRepresentableProjective' depends on axioms: [propext, Classical.choice, Quot.sound]
'ASGinzburg.ZAlgebra.leftModuleProperty' depends on axioms: [propext, Classical.choice, Quot.sound]
'ASGinzburg.ZAlgebra.LeftModule' depends on axioms: [propext, Classical.choice, Quot.sound]
'ASGinzburg.ZAlgebra.leftRepresentableLinear' depends on axioms: [propext, Classical.choice, Quot.sound]
'ASGinzburg.ZAlgebra.leftRepresentable' depends on axioms: [propext, Classical.choice, Quot.sound]
'ASGinzburg.ZAlgebra.representableFunctor' depends on axioms: [propext, Classical.choice, Quot.sound]
'ASGinzburg.ZAlgebra.representableFunctorAdditive' depends on axioms: [propext, Classical.choice, Quot.sound]
'ASGinzburg.ZAlgebra.representableFunctorLinear' depends on axioms: [propext, Classical.choice, Quot.sound]
'ASGinzburg.ZAlgebra.rightModuleCoyonedaLinear' depends on axioms: [propext, Classical.choice, Quot.sound]
'ASGinzburg.ZAlgebra.rightModuleADual' depends on axioms: [propext, Classical.choice, Quot.sound]
'ASGinzburg.ZAlgebra.rightModuleADual_obj' depends on axioms: [propext, Classical.choice, Quot.sound]
'ASGinzburg.ZAlgebra.rightModuleADualMap' depends on axioms: [propext, Classical.choice, Quot.sound]
'ASGinzburg.ZAlgebra.rightModuleADualFunctor' depends on axioms: [propext, Classical.choice, Quot.sound]
'ASGinzburg.ZAlgebra.representableADualComponentEquiv' depends on axioms: [propext, Classical.choice, Quot.sound]
'ASGinzburg.ZAlgebra.representableADualIso' depends on axioms: [propext, Classical.choice, Quot.sound]
'ASGinzburg.ZAlgebra.LeftSubmodule' depends on axioms: [propext, Classical.choice, Quot.sound]
'ASGinzburg.ZAlgebra.LeftSubmodule.presheaf' depends on axioms: [propext, Classical.choice, Quot.sound]
'ASGinzburg.ZAlgebra.LeftSubmodule.presheafAdditive' depends on axioms: [propext, Classical.choice, Quot.sound]
'ASGinzburg.ZAlgebra.LeftSubmodule.presheafLinear' depends on axioms: [propext, Classical.choice, Quot.sound]
'ASGinzburg.ZAlgebra.LeftSubmodule.object' depends on axioms: [propext, Classical.choice, Quot.sound]
'ASGinzburg.ZAlgebra.LeftSubmodule.inclusion' depends on axioms: [propext, Classical.choice, Quot.sound]
'ASGinzburg.ZAlgebra.LeftSubmodule.inclusionMono' depends on axioms: [propext, Classical.choice, Quot.sound]
'ASGinzburg.ZAlgebra.LeftSubmodule.quotient' depends on axioms: [propext, Classical.choice, Quot.sound]
'ASGinzburg.ZAlgebra.LeftSubmodule.quotientπ' depends on axioms: [propext, Classical.choice, Quot.sound]
'ASGinzburg.ZAlgebra.LeftSubmodule.quotientπEpi' depends on axioms: [propext, Classical.choice, Quot.sound]
'ASGinzburg.ZAlgebra.LeftSubmodule.quotientShortComplex' depends on axioms: [propext, Classical.choice, Quot.sound]
'ASGinzburg.ZAlgebra.LeftSubmodule.quotientShortExact' depends on axioms: [propext, Classical.choice, Quot.sound]
'ASGinzburg.CutQuiver.Path.comp' does not depend on any axioms
'ASGinzburg.CutQuiver.Path.comp_nil' does not depend on any axioms
'ASGinzburg.CutQuiver.Path.nil_comp' depends on axioms: [propext]
'ASGinzburg.CutQuiver.Path.comp_assoc' depends on axioms: [propext]
'ASGinzburg.CutQuiver.Path.cutDegree_comp' depends on axioms: [propext]
'ASGinzburg.CutQuiver.Path.winding_comp' depends on axioms: [propext]
'ASGinzburg.CutQuiver.PathComponent' depends on axioms: [propext, Classical.choice, Quot.sound]
'ASGinzburg.CutQuiver.pathComp' depends on axioms: [propext, Classical.choice, Quot.sound]
'ASGinzburg.CutQuiver.pathId' depends on axioms: [propext, Classical.choice, Quot.sound]
'ASGinzburg.CutQuiver.pathComp_single' depends on axioms: [propext, Classical.choice, Quot.sound]
'ASGinzburg.CutQuiver.pathComp_id' depends on axioms: [propext, Classical.choice, Quot.sound]
'ASGinzburg.CutQuiver.id_pathComp' depends on axioms: [propext, Classical.choice, Quot.sound]
'ASGinzburg.CutQuiver.pathComp_assoc' depends on axioms: [propext, Classical.choice, Quot.sound]
'ASGinzburg.ZAlgebra.rightRegularCoproductProjection' depends on axioms: [propext, Classical.choice, Quot.sound]
'ASGinzburg.ZAlgebra.rightRegularCoproduct_inclusion_projection' depends on axioms: [propext,
 Classical.choice,
 Quot.sound]
'ASGinzburg.ZAlgebra.rightRegularCoproduct_inclusion_projection_off' depends on axioms: [propext,
 Classical.choice,
 Quot.sound]
'ASGinzburg.ZAlgebra.rightRegularCoproductAction' depends on axioms: [propext, Classical.choice, Quot.sound]
'ASGinzburg.ZAlgebra.rightRegularCoproduct_inclusion_action' depends on axioms: [propext, Classical.choice, Quot.sound]
'ASGinzburg.ZAlgebra.rightRegularCoproduct_inclusion_action_off' depends on axioms: [propext,
 Classical.choice,
 Quot.sound]
'ASGinzburg.ZAlgebra.rightRegularCoproductAction_add' depends on axioms: [propext, Classical.choice, Quot.sound]
'ASGinzburg.ZAlgebra.rightRegularCoproductAction_smul' depends on axioms: [propext, Classical.choice, Quot.sound]
'ASGinzburg.ZAlgebra.rightRegularCoproductAction_comp' depends on axioms: [propext, Classical.choice, Quot.sound]
'ASGinzburg.ZAlgebra.rightRegularCoproductAction_id' depends on axioms: [propext, Classical.choice, Quot.sound]
'ASGinzburg.ZAlgebra.rightRegularCoproductAction_comp_off' depends on axioms: [propext, Classical.choice, Quot.sound]
'ASGinzburg.ZAlgebra.leftModuleTotalAction' depends on axioms: [propext, Classical.choice, Quot.sound]
'ASGinzburg.ZAlgebra.leftModuleTotalAction_lof' depends on axioms: [propext, Classical.choice, Quot.sound]
'ASGinzburg.ZAlgebra.leftModuleTotalAction_lof_off' depends on axioms: [propext, Classical.choice, Quot.sound]
'ASGinzburg.ZAlgebra.leftModuleTotalAction_zero_of_map_zero' depends on axioms: [propext, Classical.choice, Quot.sound]
'ASGinzburg.ZAlgebra.ASResolution.extRegularCoproductEquiv_inclusion' depends on axioms: [propext,
 Classical.choice,
 Quot.sound]
'ASGinzburg.ZAlgebra.ASResolution.extRegularCoproductEquiv_action' depends on axioms: [propext,
 Classical.choice,
 Quot.sound]
'ASGinzburg.ZAlgebra.ASRegular.extRegularCoproductThree_positive_action_zero' depends on axioms: [propext,
 Classical.choice,
 Quot.sound]
'ASGinzburg.ZAlgebra.representableHomEvaluationIso' depends on axioms: [propext, Classical.choice, Quot.sound]
'ASGinzburg.ZAlgebra.rightModuleEvaluationPreservesColimitsOfShape' depends on axioms: [propext,
 Classical.choice,
 Quot.sound]
'ASGinzburg.ZAlgebra.representableHomPreservesColimitsOfShape' depends on axioms: [propext,
 Classical.choice,
 Quot.sound]
'ASGinzburg.ZAlgebra.representableHomColimitIso' depends on axioms: [propext, Classical.choice, Quot.sound]
'ASGinzburg.ZAlgebra.rightModuleExtZeroFunctorIso' depends on axioms: [propext, Classical.choice, Quot.sound]
'ASGinzburg.ZAlgebra.representableExtZeroPreservesColimitsOfShape' depends on axioms: [propext,
 Classical.choice,
 Quot.sound]
'ASGinzburg.ZAlgebra.representableExtZeroColimitIso' depends on axioms: [propext, Classical.choice, Quot.sound]
'ASGinzburg.ZAlgebra.Obj' depends on axioms: [propext, Classical.choice, Quot.sound]
'ASGinzburg.ZAlgebra.objCategory' depends on axioms: [propext, Classical.choice, Quot.sound]
'ASGinzburg.ZAlgebra.objHomAdd' depends on axioms: [propext, Classical.choice, Quot.sound]
'ASGinzburg.ZAlgebra.objHomModule' depends on axioms: [propext, Classical.choice, Quot.sound]
'ASGinzburg.ZAlgebra.objPreadditive' depends on axioms: [propext, Classical.choice, Quot.sound]
'ASGinzburg.ZAlgebra.objLinear' depends on axioms: [propext, Classical.choice, Quot.sound]
'ASGinzburg.ZAlgebra.objOppositeHomModule' depends on axioms: [propext, Classical.choice, Quot.sound]
'ASGinzburg.ZAlgebra.objOppositeLinear' depends on axioms: [propext, Classical.choice, Quot.sound]
'ASGinzburg.ZAlgebra.representableLinear' depends on axioms: [propext, Classical.choice, Quot.sound]
'ASGinzburg.ZAlgebra.linearYonedaAdditive' depends on axioms: [propext, Classical.choice, Quot.sound]
'ASGinzburg.ZAlgebra.linearYonedaLinear' depends on axioms: [propext, Classical.choice, Quot.sound]
'ASGinzburg.ZAlgebra.rightModuleProperty' depends on axioms: [propext, Classical.choice, Quot.sound]
'ASGinzburg.ZAlgebra.RightModule' depends on axioms: [propext, Classical.choice, Quot.sound]
'ASGinzburg.ZAlgebra.representable' depends on axioms: [propext, Classical.choice, Quot.sound]
'ASGinzburg.ZAlgebra.representableHomEquiv' depends on axioms: [propext, Classical.choice, Quot.sound]
'ASGinzburg.ZAlgebra.representableHom_vanishes' depends on axioms: [propext, Classical.choice, Quot.sound]
'ASGinzburg.ZAlgebra.scalarEndEquiv' depends on axioms: [propext, Classical.choice, Quot.sound]
'ASGinzburg.ZAlgebra.representableEnd_finrank' depends on axioms: [propext, Classical.choice, Quot.sound]
'ASGinzburg.ZAlgebra.rightModuleProperty_closedUnderLimits' depends on axioms: [propext, Classical.choice, Quot.sound]
'ASGinzburg.ZAlgebra.rightModuleProperty_closedUnderColimits' depends on axioms: [propext, Classical.choice, Quot.sound]
'ASGinzburg.ZAlgebra.rightModuleHasLimitsOfShape' depends on axioms: [propext, Classical.choice, Quot.sound]
'ASGinzburg.ZAlgebra.rightModuleHasColimitsOfShape' depends on axioms: [propext, Classical.choice, Quot.sound]
'ASGinzburg.ZAlgebra.rightModuleInclusionCreatesLimitsOfShape' depends on axioms: [propext,
 Classical.choice,
 Quot.sound]
'ASGinzburg.ZAlgebra.rightModuleInclusionCreatesColimitsOfShape' depends on axioms: [propext,
 Classical.choice,
 Quot.sound]
'ASGinzburg.ZAlgebra.rightModuleHasFiniteProducts' depends on axioms: [propext, Classical.choice, Quot.sound]
'ASGinzburg.ZAlgebra.rightModuleCoimageImageComparisonIsIso' depends on axioms: [propext, Classical.choice, Quot.sound]
'ASGinzburg.ZAlgebra.rightModuleAbelian' depends on axioms: [propext, Classical.choice, Quot.sound]
'ASGinzburg.ZAlgebra.rightModuleInclusionPreservesFiniteLimits' depends on axioms: [propext,
 Classical.choice,
 Quot.sound]
'ASGinzburg.ZAlgebra.rightModuleInclusionPreservesFiniteColimits' depends on axioms: [propext,
 Classical.choice,
 Quot.sound]
'ASGinzburg.ZAlgebra.rightModuleGenerators' depends on axioms: [propext, Classical.choice, Quot.sound]
'ASGinzburg.ZAlgebra.freeRightModule' depends on axioms: [propext, Classical.choice, Quot.sound]
'ASGinzburg.ZAlgebra.freeRightModuleπ' depends on axioms: [propext, Classical.choice, Quot.sound]
'ASGinzburg.ZAlgebra.freeRightModuleProjective' depends on axioms: [propext, Classical.choice, Quot.sound]
'ASGinzburg.ZAlgebra.freeRightModuleπEpi' depends on axioms: [propext, Classical.choice, Quot.sound]
'ASGinzburg.ZAlgebra.rightModuleEnoughProjectives' depends on axioms: [propext, Classical.choice, Quot.sound]
'ASGinzburg.ZAlgebra.rightModuleProjectiveResolution' depends on axioms: [propext, Classical.choice, Quot.sound]
'ASGinzburg.ZAlgebra.rightModuleProjectiveResolution_exactAt_succ' depends on axioms: [propext,
 Classical.choice,
 Quot.sound]
'ASGinzburg.ZAlgebra.rightModuleHasExt' depends on axioms: [propext, Classical.choice, Quot.sound]
'ASGinzburg.ZAlgebra.representableExtZeroEquiv' depends on axioms: [propext, Classical.choice, Quot.sound]
'ASGinzburg.ZAlgebra.representable_higher_ext_eq_zero' depends on axioms: [propext, Classical.choice, Quot.sound]
'ASGinzburg.ZAlgebra.rightModuleExtPostcomp' depends on axioms: [propext, Classical.choice, Quot.sound]
'ASGinzburg.ZAlgebra.rightModuleExtCovariant' depends on axioms: [propext, Classical.choice, Quot.sound]
'ASGinzburg.ZAlgebra.rightModuleExtCovariantAdditive' depends on axioms: [propext, Classical.choice, Quot.sound]
'ASGinzburg.ZAlgebra.rightModuleExtCovariantLinear' depends on axioms: [propext, Classical.choice, Quot.sound]
'ASGinzburg.ZAlgebra.rightModuleExtLeft' depends on axioms: [propext, Classical.choice, Quot.sound]
'ASGinzburg.ZAlgebra.rightModuleExtLeft_obj' depends on axioms: [propext, Classical.choice, Quot.sound]
'ASGinzburg.ZAlgebra.rightModuleExtLeftZeroIso' depends on axioms: [propext, Classical.choice, Quot.sound]
'ASGinzburg.ZAlgebra.shiftedHomModule' depends on axioms: [propext, Classical.choice, Quot.sound]
'ASGinzburg.ZAlgebra.rightModuleDerivedLinear' depends on axioms: [propext, Classical.choice, Quot.sound]
'ASGinzburg.ZAlgebra.rightModuleDerivedQhLinear' depends on axioms: [propext, Classical.choice, Quot.sound]
'ASGinzburg.ZAlgebra.rightModuleDerivedSingleLinear' depends on axioms: [propext, Classical.choice, Quot.sound]
'ASGinzburg.ZAlgebra.rightModuleExtHomAddEquiv' depends on axioms: [propext, Classical.choice, Quot.sound]
'ASGinzburg.ZAlgebra.rightModuleExtModule' depends on axioms: [propext, Classical.choice, Quot.sound]
'ASGinzburg.ZAlgebra.rightModuleExtHomLinearEquiv' depends on axioms: [propext, Classical.choice, Quot.sound]
'ASGinzburg.ZAlgebra.rightModuleExt_mk₀_smul' depends on axioms: [propext, Classical.choice, Quot.sound]
'ASGinzburg.ZAlgebra.rightModuleExtZeroLinearEquiv' depends on axioms: [propext, Classical.choice, Quot.sound]
'ASGinzburg.ZAlgebra.representableExtZeroLinearEquiv' depends on axioms: [propext, Classical.choice, Quot.sound]
'ASGinzburg.ZAlgebra.rightModuleExtPrecomp' depends on axioms: [propext, Classical.choice, Quot.sound]
'ASGinzburg.ZAlgebra.rightModuleExtPrecompNat' depends on axioms: [propext, Classical.choice, Quot.sound]
'ASGinzburg.ZAlgebra.rightModuleExtBoundaryNat' depends on axioms: [propext, Classical.choice, Quot.sound]
'ASGinzburg.ZAlgebra.rightModuleExtDimensionShiftNatIso' depends on axioms: [propext, Classical.choice, Quot.sound]
'ASGinzburg.ZAlgebra.rightModuleExtPrecompNat_boundary_zero' depends on axioms: [propext, Classical.choice, Quot.sound]
'ASGinzburg.ZAlgebra.rightModuleExtBoundaryShortComplex' depends on axioms: [propext, Classical.choice, Quot.sound]
'ASGinzburg.ZAlgebra.rightModuleExtBoundaryShortComplex_exact_component' depends on axioms: [propext,
 Classical.choice,
 Quot.sound]
'ASGinzburg.ZAlgebra.rightModuleExtBoundaryNatAppEpi' depends on axioms: [propext, Classical.choice, Quot.sound]
'ASGinzburg.ZAlgebra.rightModuleExtBoundaryNatEpi' depends on axioms: [propext, Classical.choice, Quot.sound]
'ASGinzburg.ZAlgebra.rightModuleExtBoundaryCoforkIsColimit' depends on axioms: [propext, Classical.choice, Quot.sound]
'ASGinzburg.ZAlgebra.rightModuleExtCokernelNatIso' depends on axioms: [propext, Classical.choice, Quot.sound]
'ASGinzburg.ZAlgebra.rightModuleExtCokernelNatIso_π_hom' depends on axioms: [propext, Classical.choice, Quot.sound]
'ASGinzburg.ZAlgebra.rightModuleDerivedShiftLinear' depends on axioms: [propext, Classical.choice, Quot.sound]
'ASGinzburg.ZAlgebra.rightModuleExt_smul_comp' depends on axioms: [propext, Classical.choice, Quot.sound]
'ASGinzburg.ZAlgebra.rightModuleExt_comp_smul' depends on axioms: [propext, Classical.choice, Quot.sound]
'ASGinzburg.ZAlgebra.rightModuleExtBoundary' depends on axioms: [propext, Classical.choice, Quot.sound]
'ASGinzburg.ZAlgebra.rightModuleExtBoundary_bijective' depends on axioms: [propext, Classical.choice, Quot.sound]
'ASGinzburg.ZAlgebra.rightModuleExtDimensionShift' depends on axioms: [propext, Classical.choice, Quot.sound]
'ASGinzburg.ZAlgebra.rightModuleExtZeroBoundary_bijective' depends on axioms: [propext, Classical.choice, Quot.sound]
'ASGinzburg.ZAlgebra.rightModuleExtZeroDimensionShift' depends on axioms: [propext, Classical.choice, Quot.sound]
'ASGinzburg.ZAlgebra.rightModuleHomPrecomp' depends on axioms: [propext, Classical.choice, Quot.sound]
'ASGinzburg.ZAlgebra.rightModuleHomPrecomp_injective' depends on axioms: [propext, Classical.choice, Quot.sound]
'ASGinzburg.ZAlgebra.rightModuleHomFinite_of_epi' depends on axioms: [propext, Classical.choice, Quot.sound]
'ASGinzburg.ZAlgebra.rightModuleCoproductHomLinearEquiv' depends on axioms: [propext, Classical.choice, Quot.sound]
'ASGinzburg.ZAlgebra.rightModuleCoproductHomFinite' depends on axioms: [propext, Classical.choice, Quot.sound]
'ASGinzburg.ZAlgebra.representableHomFinite' depends on axioms: [propext, Classical.choice, Quot.sound]
'ASGinzburg.ZAlgebra.representableHomRepresentableFinite' depends on axioms: [propext, Classical.choice, Quot.sound]
'ASGinzburg.ZAlgebra.asResolutionTerm₁HomFinite' depends on axioms: [propext, Classical.choice, Quot.sound]
'ASGinzburg.ZAlgebra.asResolutionTerm₂HomFinite' depends on axioms: [propext, Classical.choice, Quot.sound]
'ASGinzburg.ZAlgebra.rightModuleHomPrecompNat' depends on axioms: [propext, Classical.choice, Quot.sound]
'ASGinzburg.ZAlgebra.rightModuleHomPrecompNat_comp_zero' depends on axioms: [propext, Classical.choice, Quot.sound]
'ASGinzburg.ZAlgebra.rightModuleHomShortComplex' depends on axioms: [propext, Classical.choice, Quot.sound]
'ASGinzburg.ZAlgebra.rightModuleHomShortComplex_exact_component' depends on axioms: [propext,
 Classical.choice,
 Quot.sound]
'ASGinzburg.ZAlgebra.rightModuleHomPrecompNatAppMono' depends on axioms: [propext, Classical.choice, Quot.sound]
'ASGinzburg.ZAlgebra.rightModuleHomPrecompNatMono' depends on axioms: [propext, Classical.choice, Quot.sound]
'ASGinzburg.ZAlgebra.rightModuleHomKernelForkIsLimit' depends on axioms: [propext, Classical.choice, Quot.sound]
'ASGinzburg.ZAlgebra.rightModuleHomKernelNatIso' depends on axioms: [propext, Classical.choice, Quot.sound]
'ASGinzburg.ZAlgebra.rightModuleHomKernelNatIso_hom_ι' depends on axioms: [propext, Classical.choice, Quot.sound]
'ASGinzburg.ZAlgebra.rightModuleHomPreservesExactColimits' depends on axioms: [propext, Classical.choice, Quot.sound]
'ASGinzburg.ZAlgebra.rightModuleEvaluation' depends on axioms: [propext, Classical.choice, Quot.sound]
'ASGinzburg.ZAlgebra.rightModuleEvaluationAdditive' depends on axioms: [propext, Classical.choice, Quot.sound]
'ASGinzburg.ZAlgebra.rightModuleEvaluationPreservesFiniteLimits' depends on axioms: [propext,
 Classical.choice,
 Quot.sound]
'ASGinzburg.ZAlgebra.rightModuleEvaluationPreservesFiniteColimits' depends on axioms: [propext,
 Classical.choice,
 Quot.sound]
'ASGinzburg.ZAlgebra.rightModuleInclusionPreservesHomology' depends on axioms: [propext, Classical.choice, Quot.sound]
'ASGinzburg.ZAlgebra.rightModuleEvaluationPreservesHomology' depends on axioms: [propext, Classical.choice, Quot.sound]
'ASGinzburg.ZAlgebra.rightModuleKernelObjIso' depends on axioms: [propext, Classical.choice, Quot.sound]
'ASGinzburg.ZAlgebra.rightModuleCokernelObjIso' depends on axioms: [propext, Classical.choice, Quot.sound]
'ASGinzburg.ZAlgebra.rightModuleHomologyObjIso' depends on axioms: [propext, Classical.choice, Quot.sound]
'ASGinzburg.ZAlgebra.rightModule_exact_iff_inclusion' depends on axioms: [propext, Classical.choice, Quot.sound]
'ASGinzburg.ZAlgebra.rightModuleKernelObjIso_inv_ι' depends on axioms: [propext, Classical.choice, Quot.sound]
'ASGinzburg.ZAlgebra.rightModuleCokernelObjIso_π_hom' depends on axioms: [propext, Classical.choice, Quot.sound]
'ASGinzburg.ZAlgebra.rightModule_mono_iff' depends on axioms: [propext, Classical.choice, Quot.sound]
'ASGinzburg.ZAlgebra.rightModule_epi_iff' depends on axioms: [propext, Classical.choice, Quot.sound]
'ASGinzburg.ZAlgebra.rightModule_mono_iff_injective' depends on axioms: [propext, Classical.choice, Quot.sound]
'ASGinzburg.ZAlgebra.rightModule_epi_iff_surjective' depends on axioms: [propext, Classical.choice, Quot.sound]
'ASGinzburg.ZAlgebra.rightModule_exact_iff' depends on axioms: [propext, Classical.choice, Quot.sound]
'ASGinzburg.ZAlgebra.rightModule_exact_iff_range_eq_ker' depends on axioms: [propext, Classical.choice, Quot.sound]
'ASGinzburg.ZAlgebra.rightModule_shortExact_iff' depends on axioms: [propext, Classical.choice, Quot.sound]
'ASGinzburg.ZAlgebra.IsMinimalMorphism' depends on axioms: [propext, Classical.choice, Quot.sound]
'ASGinzburg.ZAlgebra.isMinimalMorphism_iff_range_le' depends on axioms: [propext, Classical.choice, Quot.sound]
'ASGinzburg.ZAlgebra.minimalMorphismLift' depends on axioms: [propext, Classical.choice, Quot.sound]
'ASGinzburg.ZAlgebra.minimalMorphismLift_inclusion' depends on axioms: [propext, Classical.choice, Quot.sound]
'ASGinzburg.ZAlgebra.isMinimalMorphism_of_factor' depends on axioms: [propext, Classical.choice, Quot.sound]
'ASGinzburg.ZAlgebra.isMinimalMorphism_iff_factors' depends on axioms: [propext, Classical.choice, Quot.sound]
'ASGinzburg.ZAlgebra.isMinimalMorphism_zero' depends on axioms: [propext, Classical.choice, Quot.sound]
'ASGinzburg.ZAlgebra.isMinimalMorphism_comp_left' depends on axioms: [propext, Classical.choice, Quot.sound]
'ASGinzburg.ZAlgebra.isMinimalMorphism_comp_right' depends on axioms: [propext, Classical.choice, Quot.sound]
'ASGinzburg.ZAlgebra.representableToElement' depends on axioms: [propext, Classical.choice, Quot.sound]
'ASGinzburg.ZAlgebra.representableYonedaEquiv' depends on axioms: [propext, Classical.choice, Quot.sound]
'ASGinzburg.ZAlgebra.representableYonedaEquiv_apply' depends on axioms: [propext, Classical.choice, Quot.sound]
'ASGinzburg.ZAlgebra.representableYonedaEquiv_comp' depends on axioms: [propext, Classical.choice, Quot.sound]
'ASGinzburg.ZAlgebra.representableYonedaEquiv_symm_app' depends on axioms: [propext, Classical.choice, Quot.sound]
'ASGinzburg.ZAlgebra.representableProjective' depends on axioms: [propext, Classical.choice, Quot.sound]
'ASGinzburg.ZAlgebra.positiveActionSpan_action_mem' depends on axioms: [propext, Classical.choice, Quot.sound]
'ASGinzburg.ZAlgebra.rightModuleRadical' depends on axioms: [propext, Classical.choice, Quot.sound]
'ASGinzburg.ZAlgebra.positiveActionSpan_map_mem' depends on axioms: [propext, Classical.choice, Quot.sound]
'ASGinzburg.ZAlgebra.rightModuleRadicalMap' depends on axioms: [propext, Classical.choice, Quot.sound]
'ASGinzburg.ZAlgebra.rightModuleRadicalMap_inclusion' depends on axioms: [propext, Classical.choice, Quot.sound]
'ASGinzburg.ZAlgebra.rightModuleRadicalFunctor' depends on axioms: [propext, Classical.choice, Quot.sound]
'ASGinzburg.ZAlgebra.rightModuleRadicalFunctorAdditive' depends on axioms: [propext, Classical.choice, Quot.sound]
'ASGinzburg.ZAlgebra.rightModuleRadicalFunctorLinear' depends on axioms: [propext, Classical.choice, Quot.sound]
'ASGinzburg.ZAlgebra.rightModuleRadical_representable_component' depends on axioms: [propext,
 Classical.choice,
 Quot.sound]
'ASGinzburg.ZAlgebra.positiveActionSpan_simple_eq_bot' depends on axioms: [propext, Classical.choice, Quot.sound]
'ASGinzburg.ZAlgebra.radical_inclusion_comp_simple_eq_zero' depends on axioms: [propext, Classical.choice, Quot.sound]
'ASGinzburg.ZAlgebra.minimalMorphism_comp_simple_eq_zero' depends on axioms: [propext, Classical.choice, Quot.sound]
'ASGinzburg.ZAlgebra.RightSubmodule' depends on axioms: [propext, Classical.choice, Quot.sound]
'ASGinzburg.ZAlgebra.RightSubmodule.presheaf' depends on axioms: [propext, Classical.choice, Quot.sound]
'ASGinzburg.ZAlgebra.RightSubmodule.presheafAdditive' depends on axioms: [propext, Classical.choice, Quot.sound]
'ASGinzburg.ZAlgebra.RightSubmodule.presheafLinear' depends on axioms: [propext, Classical.choice, Quot.sound]
'ASGinzburg.ZAlgebra.RightSubmodule.object' depends on axioms: [propext, Classical.choice, Quot.sound]
'ASGinzburg.ZAlgebra.RightSubmodule.inclusion' depends on axioms: [propext, Classical.choice, Quot.sound]
'ASGinzburg.ZAlgebra.RightSubmodule.inclusionMono' depends on axioms: [propext, Classical.choice, Quot.sound]
'ASGinzburg.ZAlgebra.RightSubmodule.quotient' depends on axioms: [propext, Classical.choice, Quot.sound]
'ASGinzburg.ZAlgebra.RightSubmodule.quotientπ' depends on axioms: [propext, Classical.choice, Quot.sound]
'ASGinzburg.ZAlgebra.RightSubmodule.quotientπEpi' depends on axioms: [propext, Classical.choice, Quot.sound]
'ASGinzburg.ZAlgebra.RightSubmodule.quotientShortComplex' depends on axioms: [propext, Classical.choice, Quot.sound]
'ASGinzburg.ZAlgebra.RightSubmodule.quotientShortExact' depends on axioms: [propext, Classical.choice, Quot.sound]
'ASGinzburg.ZAlgebra.leftRepresentableRadical' depends on axioms: [propext, Classical.choice, Quot.sound]
'ASGinzburg.ZAlgebra.positiveLeftActionSpan' depends on axioms: [propext, Classical.choice, Quot.sound]
'ASGinzburg.ZAlgebra.leftRepresentableRadical_eq_positiveLeftActionSpan' depends on axioms: [propext,
 Classical.choice,
 Quot.sound]
'ASGinzburg.ZAlgebra.simpleLeftModule' depends on axioms: [propext, Classical.choice, Quot.sound]
'ASGinzburg.ZAlgebra.simpleLeftModuleπ' depends on axioms: [propext, Classical.choice, Quot.sound]
'ASGinzburg.ZAlgebra.simpleLeftModuleπEpi' depends on axioms: [propext, Classical.choice, Quot.sound]
'ASGinzburg.ZAlgebra.leftRepresentableRadical_diagonal_zero' depends on axioms: [propext, Classical.choice, Quot.sound]
'ASGinzburg.ZAlgebra.simpleLeftModuleDiagonalIso' depends on axioms: [propext, Classical.choice, Quot.sound]
'ASGinzburg.ZAlgebra.simpleLeftModule_off_diagonal' depends on axioms: [propext, Classical.choice, Quot.sound]
'ASGinzburg.ZAlgebra.simpleLeftModule_diagonal_finrank' depends on axioms: [propext, Classical.choice, Quot.sound]
'ASGinzburg.ZAlgebra.simpleLeftModuleDiagonalSimple' depends on axioms: [propext, Classical.choice, Quot.sound]
'ASGinzburg.ZAlgebra.simpleLeftModule_hom_eq_zero_iff' depends on axioms: [propext, Classical.choice, Quot.sound]
'ASGinzburg.ZAlgebra.simpleLeftModuleSimple' depends on axioms: [propext, Classical.choice, Quot.sound]
'ASGinzburg.ZAlgebra.simpleLeftModule_shortExact' depends on axioms: [propext, Classical.choice, Quot.sound]
'ASGinzburg.ZAlgebra.representableRadical' depends on axioms: [propext, Classical.choice, Quot.sound]
'ASGinzburg.ZAlgebra.positiveActionSpan' depends on axioms: [propext, Classical.choice, Quot.sound]
'ASGinzburg.ZAlgebra.representableRadical_eq_positiveActionSpan' depends on axioms: [propext,
 Classical.choice,
 Quot.sound]
'ASGinzburg.ZAlgebra.simpleRightModule' depends on axioms: [propext, Classical.choice, Quot.sound]
'ASGinzburg.ZAlgebra.simpleRightModuleπ' depends on axioms: [propext, Classical.choice, Quot.sound]
'ASGinzburg.ZAlgebra.simpleRightModuleπEpi' depends on axioms: [propext, Classical.choice, Quot.sound]
'ASGinzburg.ZAlgebra.representableRadical_diagonal_zero' depends on axioms: [propext, Classical.choice, Quot.sound]
'ASGinzburg.ZAlgebra.simpleRightModuleDiagonalIso' depends on axioms: [propext, Classical.choice, Quot.sound]
'ASGinzburg.ZAlgebra.simpleRightModule_off_diagonal' depends on axioms: [propext, Classical.choice, Quot.sound]
'ASGinzburg.ZAlgebra.simpleRightModule_diagonal_finrank' depends on axioms: [propext, Classical.choice, Quot.sound]
'ASGinzburg.ZAlgebra.simpleRightModuleDiagonalSimple' depends on axioms: [propext, Classical.choice, Quot.sound]
'ASGinzburg.ZAlgebra.simpleRightModule_hom_eq_zero_iff' depends on axioms: [propext, Classical.choice, Quot.sound]
'ASGinzburg.ZAlgebra.simpleRightModuleSimple' depends on axioms: [propext, Classical.choice, Quot.sound]
'ASGinzburg.ZAlgebra.simpleRightModule_shortExact' depends on axioms: [propext, Classical.choice, Quot.sound]
'ASGinzburg.ArrowSpace333' does not depend on any axioms
'ASGinzburg.CubicTensor333' depends on axioms: [propext, Classical.choice, Quot.sound]
'ASGinzburg.Triple333' does not depend on any axioms
'ASGinzburg.CubicCoefficients333' does not depend on any axioms
'ASGinzburg.CutRelations333' does not depend on any axioms
'ASGinzburg.cubicBasis333' depends on axioms: [propext, Classical.choice, Quot.sound]
'ASGinzburg.cubicCoordinates333' depends on axioms: [propext, Classical.choice, Quot.sound]
'ASGinzburg.cutRelationCoordinates333' depends on axioms: [propext, Classical.choice, Quot.sound]
'ASGinzburg.tensorToCutRelations333' depends on axioms: [propext, Classical.choice, Quot.sound]
'ASGinzburg.tensor_recovered_from_cut_relations333' depends on axioms: [propext, Classical.choice, Quot.sound]
'ASGinzburg.cubicTensor333_finrank' depends on axioms: [propext, Classical.choice, Quot.sound]
'ASGinzburg.arrowBasisChange333' depends on axioms: [propext, Classical.choice, Quot.sound]
'ASGinzburg.arrowBasisChange333_tmul' depends on axioms: [propext, Classical.choice, Quot.sound]
'ASGinzburg.TopCohomology' depends on axioms: [propext, Classical.choice, Quot.sound]
'ASGinzburg.map_from_zero_domain_eq_zero' depends on axioms: [propext, Quot.sound]
'ASGinzburg.topCohomologyEquiv' depends on axioms: [propext, Classical.choice, Quot.sound]
'ASGinzburg.topCohomology_finrank' depends on axioms: [propext, Classical.choice, Quot.sound]
'ASGinzburg.topCohomology_field_finrank' depends on axioms: [propext, Classical.choice, Quot.sound]
'ASGinzburg.ZAlgebra.totalAlgebraRepresentation_mul_mem' depends on axioms: [propext, Classical.choice, Quot.sound]
'ASGinzburg.ZAlgebra.totalAlgebra' depends on axioms: [propext, Classical.choice, Quot.sound]
'ASGinzburg.ZAlgebra.totalAlgebraNonUnitalRing' depends on axioms: [propext, Classical.choice, Quot.sound]
'ASGinzburg.ZAlgebra.totalAlgebraAddCommGroup' depends on axioms: [propext, Classical.choice, Quot.sound]
'ASGinzburg.ZAlgebra.totalAlgebraAddCommMonoid' depends on axioms: [propext, Classical.choice, Quot.sound]
'ASGinzburg.ZAlgebra.totalAlgebraModule' depends on axioms: [propext, Classical.choice, Quot.sound]
'ASGinzburg.ZAlgebra.totalAlgebraEquiv' depends on axioms: [propext, Classical.choice, Quot.sound]
'ASGinzburg.ZAlgebra.totalAlgebraComponent' depends on axioms: [propext, Classical.choice, Quot.sound]
'ASGinzburg.ZAlgebra.totalAlgebraComponent_coe' depends on axioms: [propext, Classical.choice, Quot.sound]
'ASGinzburg.ZAlgebra.totalAlgebraComponent_mul' depends on axioms: [propext, Classical.choice, Quot.sound]
'ASGinzburg.ZAlgebra.totalAlgebraComponent_mul_off' depends on axioms: [propext, Classical.choice, Quot.sound]
'ASGinzburg.ZAlgebra.totalAlgebraSpace' depends on axioms: [propext, Classical.choice, Quot.sound]
'ASGinzburg.ZAlgebra.regularComponentActionLinear' depends on axioms: [propext, Classical.choice, Quot.sound]
'ASGinzburg.ZAlgebra.totalAlgebraRepresentation' depends on axioms: [propext, Classical.choice, Quot.sound]
'ASGinzburg.ZAlgebra.totalAlgebraRepresentation_single' depends on axioms: [propext, Classical.choice, Quot.sound]
'ASGinzburg.ZAlgebra.regularMatrixEntry' depends on axioms: [propext, Classical.choice, Quot.sound]
'ASGinzburg.ZAlgebra.regularMatrixEntry_action' depends on axioms: [propext, Classical.choice, Quot.sound]
'ASGinzburg.ZAlgebra.regularMatrixEntry_action_off' depends on axioms: [propext, Classical.choice, Quot.sound]
'ASGinzburg.ZAlgebra.totalAlgebraEntry' depends on axioms: [propext, Classical.choice, Quot.sound]
'ASGinzburg.ZAlgebra.totalAlgebraEntry_representation' depends on axioms: [propext, Classical.choice, Quot.sound]
'ASGinzburg.ZAlgebra.totalAlgebraRepresentation_injective' depends on axioms: [propext, Classical.choice, Quot.sound]
'ASGinzburg.ZAlgebra.totalAlgebraAddZeroClass' depends on axioms: [propext, Classical.choice, Quot.sound]
'ASGinzburg.ZAlgebra.totalAlgebraLiftLinear' depends on axioms: [propext, Classical.choice, Quot.sound]
'ASGinzburg.ZAlgebra.totalAlgebraLiftLinear_component' depends on axioms: [propext, Classical.choice, Quot.sound]
'ASGinzburg.ZAlgebra.totalAlgebraLiftLinear_mul' depends on axioms: [propext, Classical.choice, Quot.sound]
'ASGinzburg.ZAlgebra.totalAlgebraLift' depends on axioms: [propext, Classical.choice, Quot.sound]
'ASGinzburg.ZAlgebra.totalAlgebraComponent_id_mul' depends on axioms: [propext, Classical.choice, Quot.sound]
'ASGinzburg.ZAlgebra.totalAlgebraComponent_mul_id' depends on axioms: [propext, Classical.choice, Quot.sound]
'ASGinzburg.ZAlgebra.totalAlgebraLocalUnit' depends on axioms: [propext, Classical.choice, Quot.sound]
'ASGinzburg.ZAlgebra.totalAlgebraLocalUnit_mul_component' depends on axioms: [propext, Classical.choice, Quot.sound]
'ASGinzburg.ZAlgebra.totalAlgebraComponent_mul_localUnit' depends on axioms: [propext, Classical.choice, Quot.sound]
'ASGinzburg.ZAlgebra.totalAlgebraLocalUnit_idempotent' depends on axioms: [propext, Classical.choice, Quot.sound]
'ASGinzburg.ZAlgebra.totalAlgebra_eq_sum_components' depends on axioms: [propext, Classical.choice, Quot.sound]
'ASGinzburg.ZAlgebra.totalAlgebraSupport' depends on axioms: [propext, Classical.choice, Quot.sound]
'ASGinzburg.ZAlgebra.totalAlgebraLocalUnit_mul_eq_self' depends on axioms: [propext, Classical.choice, Quot.sound]
'ASGinzburg.ZAlgebra.totalAlgebraLocalUnit_right_eq_self' depends on axioms: [propext, Classical.choice, Quot.sound]
'ASGinzburg.ZAlgebra.totalAlgebra_common_local_unit' depends on axioms: [propext, Classical.choice, Quot.sound]
'ASGinzburg.ZAlgebra.leftModuleTotalAction_add' depends on axioms: [propext, Classical.choice, Quot.sound]
'ASGinzburg.ZAlgebra.leftModuleTotalAction_smul' depends on axioms: [propext, Classical.choice, Quot.sound]
'ASGinzburg.ZAlgebra.leftModuleTotalAction_comp' depends on axioms: [propext, Classical.choice, Quot.sound]
'ASGinzburg.ZAlgebra.leftModuleTotalAction_comp_off' depends on axioms: [propext, Classical.choice, Quot.sound]
'ASGinzburg.ZAlgebra.rightModuleTotalAction_add' depends on axioms: [propext, Classical.choice, Quot.sound]
'ASGinzburg.ZAlgebra.rightModuleTotalAction_smul' depends on axioms: [propext, Classical.choice, Quot.sound]
'ASGinzburg.ZAlgebra.rightModuleTotalAction_comp' depends on axioms: [propext, Classical.choice, Quot.sound]
'ASGinzburg.ZAlgebra.rightModuleTotalAction_comp_off' depends on axioms: [propext, Classical.choice, Quot.sound]
'ASGinzburg.ZAlgebra.leftTotalComponentRepresentation' depends on axioms: [propext, Classical.choice, Quot.sound]
'ASGinzburg.ZAlgebra.rightTotalComponentRepresentation' depends on axioms: [propext, Classical.choice, Quot.sound]
'ASGinzburg.finiteTotalProjection' depends on axioms: [propext, Classical.choice, Quot.sound]
'ASGinzburg.finiteTotalProjection_apply' depends on axioms: [propext, Classical.choice, Quot.sound]
'ASGinzburg.finiteTotalProjection_apply_component' depends on axioms: [propext, Classical.choice, Quot.sound]
'ASGinzburg.finiteTotalProjection_idempotent' depends on axioms: [propext, Classical.choice, Quot.sound]
'ASGinzburg.finiteTotalProjection_support' depends on axioms: [propext, Classical.choice, Quot.sound]
'ASGinzburg.finiteTotalProjection_eq_self_of_support_subset' depends on axioms: [propext, Classical.choice, Quot.sound]
'ASGinzburg.finiteTotalProjection_common_local_unit' depends on axioms: [propext, Classical.choice, Quot.sound]
'ASGinzburg.ZAlgebra.leftModuleTotalAction_id' depends on axioms: [propext, Classical.choice, Quot.sound]
'ASGinzburg.ZAlgebra.leftModuleTotalSpace_local_units' depends on axioms: [propext, Classical.choice, Quot.sound]
'ASGinzburg.ZAlgebra.rightModuleTotalAction' depends on axioms: [propext, Classical.choice, Quot.sound]
'ASGinzburg.ZAlgebra.rightModuleTotalAction_id' depends on axioms: [propext, Classical.choice, Quot.sound]
'ASGinzburg.ZAlgebra.rightModuleTotalSpace_local_units' depends on axioms: [propext, Classical.choice, Quot.sound]
'ASGinzburg.ZAlgebra.leftModuleTotalSpace_common_local_unit' depends on axioms: [propext, Classical.choice, Quot.sound]
'ASGinzburg.ZAlgebra.rightModuleTotalSpace_common_local_unit' depends on axioms: [propext, Classical.choice, Quot.sound]
'ASGinzburg.ZAlgebra.rightModuleTotalAction_lof' depends on axioms: [propext, Classical.choice, Quot.sound]
'ASGinzburg.ZAlgebra.rightModuleTotalAction_lof_off' depends on axioms: [propext, Classical.choice, Quot.sound]
'ASGinzburg.ZAlgebra.leftTotalRepresentation' depends on axioms: [propext, Classical.choice, Quot.sound]
'ASGinzburg.ZAlgebra.leftTotalRepresentation_component' depends on axioms: [propext, Classical.choice, Quot.sound]
'ASGinzburg.ZAlgebra.rightTotalComponentOppositeRepresentation' depends on axioms: [propext,
 Classical.choice,
 Quot.sound]
'ASGinzburg.ZAlgebra.rightTotalRepresentation' depends on axioms: [propext, Classical.choice, Quot.sound]
'ASGinzburg.ZAlgebra.rightTotalRepresentation_component' depends on axioms: [propext, Classical.choice, Quot.sound]
'ASGinzburg.discreteColimitFaithful' depends on axioms: [propext, Classical.choice, Quot.sound]
'ASGinzburg.ZAlgebra.rightModuleComponents' depends on axioms: [propext, Classical.choice, Quot.sound]
'ASGinzburg.ZAlgebra.leftModuleComponents' depends on axioms: [propext, Classical.choice, Quot.sound]
'ASGinzburg.ZAlgebra.rightModuleComponentsFaithful' depends on axioms: [propext, Classical.choice, Quot.sound]
'ASGinzburg.ZAlgebra.leftModuleComponentsFaithful' depends on axioms: [propext, Classical.choice, Quot.sound]
'ASGinzburg.ZAlgebra.rightModuleTotalFunctor' depends on axioms: [propext, Classical.choice, Quot.sound]
'ASGinzburg.ZAlgebra.leftModuleTotalFunctor' depends on axioms: [propext, Classical.choice, Quot.sound]
'ASGinzburg.ZAlgebra.rightModuleTotalFunctorFaithful' depends on axioms: [propext, Classical.choice, Quot.sound]
'ASGinzburg.ZAlgebra.leftModuleTotalFunctorFaithful' depends on axioms: [propext, Classical.choice, Quot.sound]
'ASGinzburg.ZAlgebra.rightModuleTotalFunctorPreservesFiniteLimits' depends on axioms: [propext,
 Classical.choice,
 Quot.sound]
'ASGinzburg.ZAlgebra.leftModuleTotalFunctorPreservesFiniteLimits' depends on axioms: [propext,
 Classical.choice,
 Quot.sound]
'ASGinzburg.ZAlgebra.rightModuleTotalFunctorPreservesColimitsOfShape' depends on axioms: [propext,
 Classical.choice,
 Quot.sound]
'ASGinzburg.ZAlgebra.leftModuleTotalFunctorPreservesColimitsOfShape' depends on axioms: [propext,
 Classical.choice,
 Quot.sound]
'ASGinzburg.ZAlgebra.leftModuleTotalFunctorObjIso' depends on axioms: [propext, Classical.choice, Quot.sound]
'ASGinzburg.ZAlgebra.rightModuleTotalSpace' depends on axioms: [propext, Classical.choice, Quot.sound]
'ASGinzburg.ZAlgebra.rightModuleTotalFunctorObjIso' depends on axioms: [propext, Classical.choice, Quot.sound]
'ASGinzburg.ZAlgebra.rightModuleTotalFunctorPreservesFiniteColimits' depends on axioms: [propext,
 Classical.choice,
 Quot.sound]
'ASGinzburg.ZAlgebra.leftModuleTotalFunctorPreservesFiniteColimits' depends on axioms: [propext,
 Classical.choice,
 Quot.sound]
'ASGinzburg.ZAlgebra.rightModuleTotalFunctor_shortExact' depends on axioms: [propext, Classical.choice, Quot.sound]
'ASGinzburg.ZAlgebra.leftModuleTotalFunctor_shortExact' depends on axioms: [propext, Classical.choice, Quot.sound]
'ASGinzburg.ZAlgebra.rightModuleTotalFunctor_exact_iff' depends on axioms: [propext, Classical.choice, Quot.sound]
'ASGinzburg.ZAlgebra.leftModuleTotalFunctor_exact_iff' depends on axioms: [propext, Classical.choice, Quot.sound]
'ASGinzburg.ZAlgebra.leftModuleTotalFunctor_ι_objIso_hom' depends on axioms: [propext, Classical.choice, Quot.sound]
'ASGinzburg.ZAlgebra.rightModuleTotalFunctor_ι_objIso_hom' depends on axioms: [propext, Classical.choice, Quot.sound]
'ASGinzburg.triangle333' depends on axioms: [propext, Quot.sound]
'ASGinzburg.triangleX' depends on axioms: [propext, Quot.sound]
'ASGinzburg.triangleY' depends on axioms: [propext, Quot.sound]
'ASGinzburg.triangleZ' depends on axioms: [propext, Quot.sound]
'ASGinzburg.triangleX_cut' depends on axioms: [propext, Quot.sound]
'ASGinzburg.triangleY_cut' depends on axioms: [propext, Quot.sound]
'ASGinzburg.triangleZ_cut' depends on axioms: [propext, Classical.choice, Quot.sound]
'ASGinzburg.triangle_arrow_winding' depends on axioms: [propext, Classical.choice, Quot.sound]
'ASGinzburg.triangle_path_winding' depends on axioms: [propext, Classical.choice, Quot.sound]
'ASGinzburg.triangle_cut_one_cycle_is_cubic' depends on axioms: [propext, Classical.choice, Quot.sound]
'ASGinzburg.triangle_same_winding_as_arrow_is_linear' depends on axioms: [propext, Classical.choice, Quot.sound]
'ASGinzburg.trianglePotential' depends on axioms: [propext, Classical.choice, Quot.sound]
'ASGinzburg.trianglePotential_cut_derivative_identity' depends on axioms: [propext, Classical.choice, Quot.sound]
'ASGinzburg.ZAlgebra.InWindow' does not depend on any axioms
'ASGinzburg.ZAlgebra.InWindow.mono' depends on axioms: [propext, Classical.choice, Quot.sound]
'ASGinzburg.ZAlgebra.WindowSystem' depends on axioms: [propext, Classical.choice, Quot.sound]
'ASGinzburg.ZAlgebra.WindowSystem.globalMap' depends on axioms: [propext, Classical.choice, Quot.sound]
'ASGinzburg.ZAlgebra.WindowSystem.globalMap_eq_window' depends on axioms: [propext, Classical.choice, Quot.sound]
'ASGinzburg.ZAlgebra.WindowSystem.periodIso' depends on axioms: [propext, Classical.choice, Quot.sound]
'ASGinzburg.ZAlgebra.WindowSystem.isPeriodic' depends on axioms: [propext, Classical.choice, Quot.sound]
'ASGinzburg.ZAlgebra' depends on axioms: [propext, Classical.choice, Quot.sound]
'ASGinzburg.ZAlgebra.PeriodIso' depends on axioms: [propext, Classical.choice, Quot.sound]
'ASGinzburg.ZAlgebra.IsPeriodic' depends on axioms: [propext, Classical.choice, Quot.sound]
'ASGinzburg.ZAlgebra.LinearSubcategory' depends on axioms: [propext, Classical.choice, Quot.sound]
'ASGinzburg.ZAlgebra.products' depends on axioms: [propext, Classical.choice, Quot.sound]
'ASGinzburg.ZAlgebra.generated_of_decomposition' depends on axioms: [propext, Classical.choice, Quot.sound]
