PHASE BEFORE rightResolutionExtBidualIso_projection
PHASE BEFORE direct original iso reduction
PHASE BEFORE direct original-witness exact
PHASE AFTER direct original-witness exact
work/lean-upgrade/ideals-ResolutionExtBidualNaturality-phase07.lean:30:19: error: (kernel) deterministic timeout
tactic execution of Lean.Parser.Tactic.exact took 73.9ms
type checking took 16.3s
PHASE AFTER rightResolutionExtBidualIso_projection
cumulative profiling times:
	attribute application 0.426ms
	compilation (IR) 0.61ms
	compilation (LCNF base) 17.6ms
	compilation (LCNF impure) 2.51ms
	compilation (LCNF mono) 5.06ms
	do element elaborator 2.9ms
	dsimp 30.1ms
	elaboration 84.6ms
	fix level params 0.2ms
	instantiate metavars 0.08ms
	interpretation 1.04ms
	let-to-have transformation 0.0355ms
	linting 30.7ms
	module linting 0.00147ms
	overlappingInstancesLinter 8.54ms
	parsing 3.07ms
	process pre-definitions 6.59ms
	share common exprs 0.681ms
	tactic execution 91.7ms
	tacticAnalysis 6.26ms
	type checking 16.3s
	typeclass inference 192ms
