PHASE BEFORE rightResolutionExtBidualIso_projection
PHASE AFTER verbatim canonical lambda
PHASE BEFORE canonical witness reduction
PHASE BEFORE inferred original-witness projection exact
PHASE AFTER inferred original-witness projection exact
PHASE BEFORE concrete project application
PHASE AFTER concrete project application
work/lean-upgrade/ideals-ResolutionExtBidualNaturality-phase06.lean:30:19: error: (kernel) deterministic timeout
dsimp took 188ms
type checking took 19.2s
PHASE AFTER rightResolutionExtBidualIso_projection
cumulative profiling times:
	attribute application 0.601ms
	compilation (IR) 1.31ms
	compilation (LCNF base) 31.8ms
	compilation (LCNF impure) 5.37ms
	compilation (LCNF mono) 7.98ms
	do element elaborator 5.23ms
	dsimp 188ms
	elaboration 105ms
	fix level params 1.75ms
	instantiate metavars 0.598ms
	interpretation 1.46ms
	let-to-have transformation 0.0663ms
	linting 49.5ms
	module linting 0.00144ms
	overlappingInstancesLinter 8.56ms
	parsing 5.17ms
	process pre-definitions 12ms
	share common exprs 3.91ms
	tactic execution 290ms
	tacticAnalysis 10.7ms
	type checking 19.2s
	typeclass inference 301ms
