PHASE BEFORE rightResolutionExtBidualIso_projection
PHASE AFTER verbatim canonical lambda
PHASE BEFORE canonical witness reduction
PHASE BEFORE inferred original-witness projection exact
work/lean-upgrade/ideals-ResolutionExtBidualNaturality-phase05.lean:72:58: error(lean.invalidDottedIdent): Invalid dotted identifier notation: The expected type of `.one` could not be determined

Hint: Using one of these would be unambiguous:
  [apply] `AddSubmonoid.one`
  [apply] `ArithmeticFunction.one`
  [apply] `Con.one`
  [apply] `ContinuousLinearMap.one`
  [apply] `Equiv.one`
  [apply] `Finset.one`
  [apply] `FreeAbelianGroup.one`
  [apply] `GroupFilterBasis.one`
  [apply] `HasCompactMulSupport.one`
  [apply] `IsIdempotentElem.one`
  [apply] `IsOfFinOrder.one`
  [apply] `IsPrimitiveRoot.one`
  [apply] `IsSMulRegular.one`
  [apply] `IsSelfAdjoint.one`
  [apply] `IsSelfInv.one`
  [apply] `IsSelfNeg.one`
  [apply] `IsSquare.one`
  [apply] `IsStarNormal.one`
  [apply] `IsStarProjection.one`
  [apply] `Matrix.one`
  [apply] `MonoidAlgebra.one`
  [apply] `MonoidWithZeroHom.one`
  [apply] `NeZero.one`
  [apply] `Nonneg.one`
  [apply] `One.one`
  [apply] `OneMemClass.one`
  [apply] `Ordinal.one`
  [apply] `OreLocalization.one`
  [apply] `PerfectRing.one`
  [apply] `RatFunc.one`
  [apply] `Set.one`
  [apply] `Subgroup.one`
  [apply] `Submodule.one`
  [apply] `Submonoid.one`
  [apply] `ULift.one`
  [apply] `Valuation.one`
  [apply] `WithBot.one`
  [apply] `WithTop.one`
  [apply] `WithZero.one`
  [apply] `minpoly.one`
  [apply] `padicValInt.one`
  [apply] `padicValNat.one`
  [apply] `padicValRat.one`
  [apply] `Aesop.GoalId.one`
  [apply] `Aesop.Iteration.one`
  [apply] `Aesop.RappId.one`
  [apply] `End.one`
  [apply] `Ideal.Quotient.one`
  [apply] `Lean.Level.one`
  [apply] `Matrix.Represents.one`
  [apply] `MvPolynomial.IsSymmetric.one`
  [apply] `Polynomial.Splits.one`
  [apply] `Sat.Fmla.one`
  [apply] `UniformSpace.Completion.one`
  [apply] `WalkingCospan.one`
  [apply] `WalkingParallelFamily.one`
  [apply] `WalkingParallelPair.one`
  [apply] `CommRingCat.Colimits.Prequotient.one`
  [apply] `CommRingCat.Colimits.Relation.one`
  [apply] `Mathlib.Tactic.Linarith.one`
  [apply] `Module.End.invtSubmodule.one`
  [apply] `RingCat.Colimits.Prequotient.one`
  [apply] `RingCat.Colimits.Relation.one`
  [apply] `Tactic.ComputeAsymptotics.MultiseriesExpansion.one`
  [apply] `CommRingCat.Colimits.Relation.below.one`
  [apply] `Lean.Parser.Tactic.MCasesPat.one`
  [apply] `Lean.Parser.Tactic.MRefinePat.one`
  [apply] `Lean.Parser.Tactic.rcasesPat.one`
  [apply] `Lean.Parser.Tactic.rintroPat.one`
  [apply] `Mathlib.Tactic.Echelon.RingOps.one`
  [apply] `Mathlib.Tactic.Linarith.Monom.one`
  [apply] `Mathlib.Tactic.Linarith.Sum.one`
  [apply] `RingCat.Colimits.Relation.below.one`
  [apply] `Tactic.ComputeAsymptotics.MultiseriesExpansion.Multiseries.one`
  [apply] `Lean.Elab.Tactic.RCases.RCasesPatt.one`
  [apply] `Mathlib.Tactic.Ring.Common.RingCompute.one`
PHASE BEFORE concrete project application
PHASE AFTER concrete project application
work/lean-upgrade/ideals-ResolutionExtBidualNaturality-phase05.lean:30:19: error: (kernel) deterministic timeout
dsimp took 163ms
tactic execution of Lean.Parser.Tactic.exact took 351ms
type checking took 16s
PHASE AFTER rightResolutionExtBidualIso_projection
cumulative profiling times:
	attribute application 0.113ms
	compilation (IR) 1.46ms
	compilation (LCNF base) 27.8ms
	compilation (LCNF impure) 5.44ms
	compilation (LCNF mono) 6.78ms
	do element elaborator 4.13ms
	dsimp 163ms
	elaboration 103ms
	fix level params 1.12ms
	instantiate metavars 0.72ms
	interpretation 1.23ms
	let-to-have transformation 0.0884ms
	linting 42ms
	module linting 0.0133ms
	overlappingInstancesLinter 7.85ms
	parsing 4.87ms
	process pre-definitions 11.3ms
	share common exprs 3.56ms
	tactic execution 553ms
	tacticAnalysis 6.74ms
	type checking 16s
	typeclass inference 277ms
