work/ASGinzburgDraft/PeriodCornerCoordinateMorphisms.lean:21:2: error: Type mismatch: After simplification, term
  LinearEquiv.refl k ↥(CornerCoverHom Q E x y)
 has type
  ↥(CornerCoverHom Q E x y) ≃ₗ[k] ↥(CornerCoverHom Q E x y)
but is expected to have type
  ↥(CornerCoverHom Q E x y) ≃ₗ[k]
    ↥(CornerCoverHom Q E (Q.heightEquiv.symm (Q.heightEquiv x)) (Q.heightEquiv.symm (Q.heightEquiv y)))
work/ASGinzburgDraft/PeriodCornerCoordinateMorphisms.lean:23:8: warning: declaration uses 'sorry'
work/ASGinzburgDraft/PeriodCornerCoordinateMorphisms.lean:28:13: warning: This simp argument is unused:
  Equiv.symm_apply_apply

Hint: Omit it from the simp argument list.
  simp only ̵[̵E̵q̵u̵i̵v̵.̵s̵y̵m̵m̵_̵a̵p̵p̵l̵y̵_̵a̵p̵p̵l̵y̵]̵

Note: This linter can be disabled with `set_option linter.unusedSimpArgs false`
work/ASGinzburgDraft/PeriodCornerCoordinateMorphisms.lean:29:2: warning: 'rfl' tactic does nothing

Note: This linter can be disabled with `set_option linter.unusedTactic false`
work/ASGinzburgDraft/PeriodCornerCoordinateMorphisms.lean:31:8: warning: declaration uses 'sorry'
work/ASGinzburgDraft/PeriodCornerCoordinateMorphisms.lean:34:13: warning: This simp argument is unused:
  Equiv.symm_apply_apply

Hint: Omit it from the simp argument list.
  simp only ̵[̵E̵q̵u̵i̵v̵.̵s̵y̵m̵m̵_̵a̵p̵p̵l̵y̵_̵a̵p̵p̵l̵y̵]̵

Note: This linter can be disabled with `set_option linter.unusedSimpArgs false`
work/ASGinzburgDraft/PeriodCornerCoordinateMorphisms.lean:35:2: warning: 'rfl' tactic does nothing

Note: This linter can be disabled with `set_option linter.unusedTactic false`
