work/ASGinzburgDraft/ASCutGradedResolutions.lean:20:29: error: Application type mismatch: The argument
  A
has type
  ZAlgebra k
of sort `Type (max u (v + 1))` but is expected to have type
  CutQuiver
of sort `Type` in the application
  cutCornerASRegular A
work/ASGinzburgDraft/ASCutGradedResolutions.lean:25:2: error: Type mismatch
  equivalenceProjectiveResolution_isZero (PeriodIso.cornerGradedModuleEquivalence Q (periodIso A Q hAS)) ?m.37 (n + 4)
    ?m.44
has type
  IsZero
    ((equivalenceProjectiveResolution (PeriodIso.cornerGradedModuleEquivalence Q (periodIso A Q hAS)) ?m.37).complex.X
      (n + 4))
but is expected to have type
  IsZero ((cutGradedSimpleProjectiveResolution A Q hAS x).complex.X (n + 4))
work/ASGinzburgDraft/ASCutGradedResolutions.lean:26:29: error: Application type mismatch: The argument
  A
has type
  ZAlgebra k
of sort `Type (max u (v + 1))` but is expected to have type
  CutQuiver
of sort `Type` in the application
  cutCornerASRegular A
work/ASGinzburgDraft/ASCutGradedResolutions.lean:27:35: error: Application type mismatch: The argument
  A
has type
  ZAlgebra k
of sort `Type (max u (v + 1))` but is expected to have type
  CutQuiver
of sort `Type` in the application
  cutCornerASRegular A
