'ASGinzburg.algebraEnvelopingMap' depends on axioms: [propext, Quot.sound]
'ASGinzburg.algebraEnvelopingMap_tmul' depends on axioms: [propext, Quot.sound]
'ASGinzburg.algebraHom_op_surjective' depends on axioms: [propext, Quot.sound]
'ASGinzburg.algebraEnvelopingMap_surjective' depends on axioms: [propext, Quot.sound]
'ASGinzburg.algebraEnvelopingMapKernel' depends on axioms: [propext, Quot.sound]
'ASGinzburg.algebraEnvelopingMapKernelTwoSided' depends on axioms: [propext, Quot.sound]
'ASGinzburg.mem_algebraEnvelopingMapKernel' depends on axioms: [propext, Quot.sound]
'ASGinzburg.algebraEnvelopingMapKernel_eq_sup' depends on axioms: [propext, Classical.choice, Quot.sound]
'ASGinzburg.algebraEnvelopingMapQuotientAlgEquiv' depends on axioms: [propext, Classical.choice, Quot.sound]
'ASGinzburg.algebraEnvelopingQuotientAugmentation' depends on axioms: [propext, Quot.sound]
'ASGinzburg.algebraEnvelopingQuotientAugmentation_tmul' depends on axioms: [propext, Quot.sound]
'ASGinzburg.algebraQuotient_op_surjective' depends on axioms: [propext, Quot.sound]
'ASGinzburg.algebraEnvelopingQuotientAugmentation_surjective' depends on axioms: [propext, Quot.sound]
'ASGinzburg.algebraEnvelopingQuotientKernel' depends on axioms: [propext, Quot.sound]
'ASGinzburg.algebraEnvelopingQuotientKernelTwoSided' depends on axioms: [propext, Quot.sound]
'ASGinzburg.AlgebraEnvelopingQuotientRing' depends on axioms: [propext, Quot.sound]
'ASGinzburg.mem_algebraEnvelopingQuotientKernel' depends on axioms: [propext, Quot.sound]
'ASGinzburg.algebraEnvelopingQuotientKernel_eq_sup' depends on axioms: [propext, Classical.choice, Quot.sound]
'ASGinzburg.tmul_mem_algebraEnvelopingQuotientKernel_of_left' depends on axioms: [propext, Quot.sound]
'ASGinzburg.tmul_mem_algebraEnvelopingQuotientKernel_of_right' depends on axioms: [propext, Quot.sound]
'ASGinzburg.algebraEnvelopingQuotientAlgEquiv' depends on axioms: [propext, Classical.choice, Quot.sound]
'ASGinzburg.algebraEnvelopingQuotientAlgEquiv_mk' depends on axioms: [propext, Classical.choice, Quot.sound]
'ASGinzburg.ZAlgebra.PeriodIso.cutGradedRingSelfScalarTower' depends on axioms: [propext, Classical.choice, Quot.sound]
'ASGinzburg.ZAlgebra.PeriodIso.cutGradedRingSelfScalarComm' depends on axioms: [propext, Classical.choice, Quot.sound]
'ASGinzburg.ZAlgebra.PeriodIso.cutEnvelopingAugmentation' depends on axioms: [propext, Classical.choice, Quot.sound]
'ASGinzburg.ZAlgebra.PeriodIso.cutEnvelopingAugmentation_surjective' depends on axioms: [propext,
 Classical.choice,
 Quot.sound]
'ASGinzburg.ZAlgebra.PeriodIso.cutEnvelopingAugmentationKernel' depends on axioms: [propext,
 Classical.choice,
 Quot.sound]
'ASGinzburg.ZAlgebra.PeriodIso.cutEnvelopingAugmentationKernelTwoSided' depends on axioms: [propext,
 Classical.choice,
 Quot.sound]
'ASGinzburg.ZAlgebra.PeriodIso.CutEnvelopingAugmentationQuotient' depends on axioms: [propext,
 Classical.choice,
 Quot.sound]
'ASGinzburg.ZAlgebra.PeriodIso.mem_cutEnvelopingAugmentationKernel' depends on axioms: [propext,
 Classical.choice,
 Quot.sound]
'ASGinzburg.ZAlgebra.PeriodIso.cutEnvelopingAugmentationQuotientAlgEquiv' depends on axioms: [propext,
 Classical.choice,
 Quot.sound]
'ASGinzburg.ZAlgebra.PeriodIso.cutEnvelopingAugmentationQuotientScalarAlgEquiv' depends on axioms: [propext,
 Classical.choice,
 Quot.sound]
'ASGinzburg.ZAlgebra.PeriodIso.cutEnvelopingAugmentationQuotient_isSemisimple' depends on axioms: [propext,
 Classical.choice,
 Quot.sound]
'ASGinzburg.ZAlgebra.ASRegular.cutEnvelopingAugmentation' depends on axioms: [propext, Classical.choice, Quot.sound]
'ASGinzburg.ZAlgebra.ASRegular.cutEnvelopingAugmentation_tmul' depends on axioms: [propext,
 Classical.choice,
 Quot.sound]
'ASGinzburg.ZAlgebra.ASRegular.cutEnvelopingAugmentation_surjective' depends on axioms: [propext,
 Classical.choice,
 Quot.sound]
'ASGinzburg.ZAlgebra.ASRegular.cutEnvelopingAugmentationKernel' depends on axioms: [propext,
 Classical.choice,
 Quot.sound]
'ASGinzburg.ZAlgebra.ASRegular.cutEnvelopingAugmentationKernelTwoSided' depends on axioms: [propext,
 Classical.choice,
 Quot.sound]
'ASGinzburg.ZAlgebra.ASRegular.CutEnvelopingAugmentationQuotient' depends on axioms: [propext,
 Classical.choice,
 Quot.sound]
'ASGinzburg.ZAlgebra.ASRegular.mem_cutEnvelopingAugmentationKernel' depends on axioms: [propext,
 Classical.choice,
 Quot.sound]
'ASGinzburg.ZAlgebra.ASRegular.cutEnvelopingAugmentationQuotientAlgEquiv' depends on axioms: [propext,
 Classical.choice,
 Quot.sound]
'ASGinzburg.ZAlgebra.ASRegular.cutEnvelopingAugmentationQuotientScalarAlgEquiv' depends on axioms: [propext,
 Classical.choice,
 Quot.sound]
'ASGinzburg.ZAlgebra.ASRegular.cutEnvelopingAugmentationQuotient_isSemisimple' depends on axioms: [propext,
 Classical.choice,
 Quot.sound]
'ASGinzburg.ZAlgebra.PeriodIso.cutHomogeneousInclusion_mem_gradedJacobson_of_ne_zero' depends on axioms: [propext,
 Classical.choice,
 Quot.sound]
'ASGinzburg.ZAlgebra.PeriodIso.cutEnvelopingAugmentation_homogeneous_ne_zero' depends on axioms: [propext,
 Classical.choice,
 Quot.sound]
'ASGinzburg.ZAlgebra.PeriodIso.cutEnvelopingHomogeneousInclusion_mem_augmentationKernel' depends on axioms: [propext,
 Classical.choice,
 Quot.sound]
'ASGinzburg.ZAlgebra.PeriodIso.cutGradedSemisimpleQuotientAlgEquiv_mk' depends on axioms: [propext,
 Classical.choice,
 Quot.sound]
'ASGinzburg.ZAlgebra.PeriodIso.cutEnvelopingQuotientTensorEquiv' depends on axioms: [propext,
 Classical.choice,
 Quot.sound]
'ASGinzburg.ZAlgebra.PeriodIso.cutEnvelopingAugmentation_tensorComparison' depends on axioms: [propext,
 Classical.choice,
 Quot.sound]
'ASGinzburg.ZAlgebra.PeriodIso.cutEnvelopingAugmentationKernel_eq_scalarKernel' depends on axioms: [propext,
 Classical.choice,
 Quot.sound]
'ASGinzburg.ZAlgebra.PeriodIso.cutAugmentation_comp_cutZeroRingInclusion' depends on axioms: [propext,
 Classical.choice,
 Quot.sound]
'ASGinzburg.ZAlgebra.PeriodIso.cutEnvelopingZeroInclusion' depends on axioms: [propext, Classical.choice, Quot.sound]
'ASGinzburg.ZAlgebra.PeriodIso.cutEnvelopingZeroInclusion_tmul' depends on axioms: [propext,
 Classical.choice,
 Quot.sound]
'ASGinzburg.ZAlgebra.PeriodIso.cutEnvelopingVertexAugmentation_comp_zeroInclusion' depends on axioms: [propext,
 Classical.choice,
 Quot.sound]
'ASGinzburg.ZAlgebra.PeriodIso.cutEnvelopingAugmentationKernel_comap_zeroInclusion' depends on axioms: [propext,
 Classical.choice,
 Quot.sound]
'ASGinzburg.linearDirectSumHomogeneousInclusion' depends on axioms: [propext, Classical.choice, Quot.sound]
'ASGinzburg.linearDirectSumHomogeneousInclusion_injective' depends on axioms: [propext, Classical.choice, Quot.sound]
'ASGinzburg.linearDirectSumHomogeneousSubspace' depends on axioms: [propext, Classical.choice, Quot.sound]
'ASGinzburg.linearDirectSumHomogeneousRangeEquiv' depends on axioms: [propext, Classical.choice, Quot.sound]
'ASGinzburg.linearDirectSumHomogeneousSubspaces_isInternal' depends on axioms: [propext, Classical.choice, Quot.sound]
'ASGinzburg.linearDirectSumHomogeneousDecomposition' depends on axioms: [propext, Classical.choice, Quot.sound]
'ASGinzburg.natHomogeneousSubspaceIntegerExtension' depends on axioms: [propext, Quot.sound]
'ASGinzburg.natHomogeneousSubspaceIntegerExtension_natCast' depends on axioms: [propext, Classical.choice, Quot.sound]
'ASGinzburg.natHomogeneousSubspaceIntegerExtension_nonneg' depends on axioms: [propext, Quot.sound]
'ASGinzburg.natHomogeneousSubspaceIntegerExtension_neg' depends on axioms: [propext, Classical.choice, Quot.sound]
'ASGinzburg.natHomogeneousSubspaceIntegerExtension_iSupIndep' depends on axioms: [propext, Classical.choice, Quot.sound]
'ASGinzburg.natHomogeneousSubspaceIntegerExtension_iSup_eq_top' depends on axioms: [propext,
 Classical.choice,
 Quot.sound]
'ASGinzburg.natHomogeneousSubspaceIntegerExtension_isInternal' depends on axioms: [propext,
 Classical.choice,
 Quot.sound]
'ASGinzburg.natHomogeneousSubspaceIntegerExtensionDecomposition' depends on axioms: [propext,
 Classical.choice,
 Quot.sound]
'ASGinzburg.ZAlgebra.PeriodIso.cutEnvelopingHomogeneousSubspace' depends on axioms: [propext,
 Classical.choice,
 Quot.sound]
'ASGinzburg.ZAlgebra.PeriodIso.cutEnvelopingDegreeInclusion_injective' depends on axioms: [propext,
 Classical.choice,
 Quot.sound]
'ASGinzburg.ZAlgebra.PeriodIso.cutEnvelopingHomogeneousSubspaces_isInternal' depends on axioms: [propext,
 Classical.choice,
 Quot.sound]
'ASGinzburg.ZAlgebra.PeriodIso.cutEnvelopingHomogeneousDecomposition' depends on axioms: [propext,
 Classical.choice,
 Quot.sound]
'ASGinzburg.ZAlgebra.PeriodIso.cutEnvelopingDegreeInclusion_mem_homogeneousSubspace' depends on axioms: [propext,
 Classical.choice,
 Quot.sound]
'ASGinzburg.ZAlgebra.PeriodIso.cutEnvelopingHomogeneousProjection' depends on axioms: [propext,
 Classical.choice,
 Quot.sound]
'ASGinzburg.ZAlgebra.PeriodIso.cutEnvelopingHomogeneousProjection_mem' depends on axioms: [propext,
 Classical.choice,
 Quot.sound]
'ASGinzburg.ZAlgebra.PeriodIso.cutEnvelopingHomogeneousProjection_of_inclusion_same' depends on axioms: [propext,
 Classical.choice,
 Quot.sound]
'ASGinzburg.ZAlgebra.PeriodIso.cutEnvelopingHomogeneousProjection_of_inclusion_ne' depends on axioms: [propext,
 Classical.choice,
 Quot.sound]
'ASGinzburg.ZAlgebra.PeriodIso.cutEnvelopingIntegerHomogeneousSubspace' depends on axioms: [propext,
 Classical.choice,
 Quot.sound]
'ASGinzburg.ZAlgebra.PeriodIso.cutEnvelopingIntegerHomogeneousSubspace_natCast' depends on axioms: [propext,
 Classical.choice,
 Quot.sound]
'ASGinzburg.ZAlgebra.PeriodIso.cutEnvelopingIntegerHomogeneousSubspace_neg' depends on axioms: [propext,
 Classical.choice,
 Quot.sound]
'ASGinzburg.ZAlgebra.PeriodIso.cutEnvelopingIntegerHomogeneousSubspaces_isInternal' depends on axioms: [propext,
 Classical.choice,
 Quot.sound]
'ASGinzburg.ZAlgebra.PeriodIso.cutEnvelopingIntegerHomogeneousDecomposition' depends on axioms: [propext,
 Classical.choice,
 Quot.sound]
'ASGinzburg.ZAlgebra.PeriodIso.cutEnvelopingDegreePairZero' does not depend on any axioms
'ASGinzburg.ZAlgebra.PeriodIso.cutEnvelopingDegreePairZero_unique' does not depend on any axioms
'ASGinzburg.ZAlgebra.PeriodIso.cutEnvelopingZeroTensorDegreeEquiv' depends on axioms: [propext,
 Classical.choice,
 Quot.sound]
'ASGinzburg.ZAlgebra.PeriodIso.cutEnvelopingZeroTensorDegreeEquiv_apply' depends on axioms: [propext,
 Classical.choice,
 Quot.sound]
'ASGinzburg.ZAlgebra.PeriodIso.cutEnvelopingDegreeEquiv_zeroHomogeneousInclusion' depends on axioms: [propext,
 Classical.choice,
 Quot.sound]
'ASGinzburg.ZAlgebra.PeriodIso.cutEnvelopingDegreeInclusion_zeroTensorDegreeEquiv' depends on axioms: [propext,
 Classical.choice,
 Quot.sound]
'ASGinzburg.ZAlgebra.PeriodIso.cutEnvelopingDegreeZeroInclusion_injective' depends on axioms: [propext,
 Classical.choice,
 Quot.sound]
'ASGinzburg.ZAlgebra.PeriodIso.cutEnvelopingDegreeZeroEquiv' depends on axioms: [propext, Classical.choice, Quot.sound]
'ASGinzburg.ZAlgebra.PeriodIso.cutEnvelopingDegreeZeroEquiv_tmul' depends on axioms: [propext,
 Classical.choice,
 Quot.sound]
'ASGinzburg.ZAlgebra.PeriodIso.cutEnvelopingDegreeInclusion_degreeZeroEquiv' depends on axioms: [propext,
 Classical.choice,
 Quot.sound]
'ASGinzburg.ZAlgebra.PeriodIso.cutEnvelopingDegreeZeroLinearMap_eq' depends on axioms: [propext,
 Classical.choice,
 Quot.sound]
'ASGinzburg.ZAlgebra.PeriodIso.cutEnvelopingZeroInclusion_injective' depends on axioms: [propext,
 Classical.choice,
 Quot.sound]
'ASGinzburg.ZAlgebra.PeriodIso.cutEnvelopingDegreeZeroSubalgebra' depends on axioms: [propext,
 Classical.choice,
 Quot.sound]
'ASGinzburg.ZAlgebra.PeriodIso.cutEnvelopingDegreeZeroRange_eq_subalgebra' depends on axioms: [propext,
 Classical.choice,
 Quot.sound]
'ASGinzburg.ZAlgebra.PeriodIso.cutEnvelopingDegreeZeroRange_one' depends on axioms: [propext,
 Classical.choice,
 Quot.sound]
'ASGinzburg.ZAlgebra.PeriodIso.cutEnvelopingDegreeZeroRange_mul' depends on axioms: [propext,
 Classical.choice,
 Quot.sound]
'ASGinzburg.ZAlgebra.PeriodIso.cutEnvelopingDegreeZeroSubalgebraEquiv' depends on axioms: [propext,
 Classical.choice,
 Quot.sound]
'ASGinzburg.ZAlgebra.PeriodIso.cutEnvelopingDegreeZeroSubalgebraEquiv_apply' depends on axioms: [propext,
 Classical.choice,
 Quot.sound]
'ASGinzburg.linearDirectSumPositiveSubspace' depends on axioms: [propext, Classical.choice, Quot.sound]
'ASGinzburg.linearDirectSumEraseZero_mem_positiveSubspace' depends on axioms: [propext, Classical.choice, Quot.sound]
'ASGinzburg.linearDirectSumAugmentation_eq_zeroComponent' depends on axioms: [propext, Classical.choice, Quot.sound]
'ASGinzburg.linearDirectSumAugmentationKernel_eq_zero_sup_positive' depends on axioms: [propext,
 Classical.choice,
 Quot.sound]
'ASGinzburg.ZAlgebra.PeriodIso.cutEnvelopingDegreeEquiv_homogeneousInclusion' depends on axioms: [propext,
 Classical.choice,
 Quot.sound]
'ASGinzburg.ZAlgebra.PeriodIso.cutEnvelopingDegreeInclusion_lof' depends on axioms: [propext,
 Classical.choice,
 Quot.sound]
'ASGinzburg.ZAlgebra.PeriodIso.cutEnvelopingHomogeneousInclusion_mem_totalDegree' depends on axioms: [propext,
 Classical.choice,
 Quot.sound]
'ASGinzburg.ZAlgebra.PeriodIso.cutEnvelopingAugmentation_degreeInclusion_pos' depends on axioms: [propext,
 Classical.choice,
 Quot.sound]
'ASGinzburg.ZAlgebra.PeriodIso.cutEnvelopingHomogeneousSubspace_le_augmentationKernel' depends on axioms: [propext,
 Classical.choice,
 Quot.sound]
'ASGinzburg.ZAlgebra.PeriodIso.cutEnvelopingHomogeneousInclusion_mul_mem_totalDegree' depends on axioms: [propext,
 Classical.choice,
 Quot.sound]
'ASGinzburg.ZAlgebra.PeriodIso.cutEnvelopingHomogeneousSubspace_mul_mem' depends on axioms: [propext,
 Classical.choice,
 Quot.sound]
'ASGinzburg.ZAlgebra.PeriodIso.cutEnvelopingZeroInclusion_mul_mem_homogeneousSubspace' depends on axioms: [propext,
 Classical.choice,
 Quot.sound]
'ASGinzburg.ZAlgebra.PeriodIso.cutEnvelopingHomogeneousSubspace_mul_zeroInclusion_mem' depends on axioms: [propext,
 Classical.choice,
 Quot.sound]
'ASGinzburg.ZAlgebra.PeriodIso.cutEnvelopingAugmentationKernelSubspace' depends on axioms: [propext,
 Classical.choice,
 Quot.sound]
'ASGinzburg.ZAlgebra.PeriodIso.mem_cutEnvelopingAugmentationKernelSubspace' depends on axioms: [propext,
 Classical.choice,
 Quot.sound]
'ASGinzburg.ZAlgebra.PeriodIso.cutEnvelopingAugmentationZeroKernelImage' depends on axioms: [propext,
 Classical.choice,
 Quot.sound]
'ASGinzburg.ZAlgebra.PeriodIso.cutEnvelopingPositiveHomogeneousSubspace' depends on axioms: [propext,
 Classical.choice,
 Quot.sound]
'ASGinzburg.ZAlgebra.PeriodIso.cutEnvelopingDegreeZeroKernelImage_eq' depends on axioms: [propext,
 Classical.choice,
 Quot.sound]
'ASGinzburg.ZAlgebra.PeriodIso.cutEnvelopingAugmentationKernelSubspace_eq_zero_sup_positive' depends on axioms: [propext,
 Classical.choice,
 Quot.sound]
'ASGinzburg.ZAlgebra.PeriodIso.cutEnvelopingZeroKernelOperators' depends on axioms: [propext,
 Classical.choice,
 Quot.sound]
'ASGinzburg.ZAlgebra.PeriodIso.cutEnvelopingPositiveHomogeneousOperators' depends on axioms: [propext,
 Classical.choice,
 Quot.sound]
'ASGinzburg.ZAlgebra.PeriodIso.cutEnvelopingZeroKernelOperators_span' depends on axioms: [propext,
 Classical.choice,
 Quot.sound]
'ASGinzburg.ZAlgebra.PeriodIso.cutEnvelopingPositiveHomogeneousOperators_span' depends on axioms: [propext,
 Classical.choice,
 Quot.sound]
'ASGinzburg.ZAlgebra.PeriodIso.cutEnvelopingAugmentationKernelSubspace_eq_operatorSpan' depends on axioms: [propext,
 Classical.choice,
 Quot.sound]
'ASGinzburg.ZAlgebra.PeriodIso.cutEnvelopingIntegerHomogeneousSubspace_mul_mem' depends on axioms: [propext,
 Classical.choice,
 Quot.sound]
'ASGinzburg.ZAlgebra.PeriodIso.cutEnvelopingIntegerGradedMul' depends on axioms: [propext, Classical.choice, Quot.sound]
'ASGinzburg.ZAlgebra.PeriodIso.cutEnvelopingPositiveHomogeneous_mul_raises_degree' depends on axioms: [propext,
 Classical.choice,
 Quot.sound]
'ASGinzburg.ZAlgebra.PeriodIso.cutEnvelopingIntegerGradedOne' depends on axioms: [propext, Classical.choice, Quot.sound]
'ASGinzburg.ZAlgebra.PeriodIso.cutEnvelopingIntegerGradedMonoid' depends on axioms: [propext,
 Classical.choice,
 Quot.sound]
'ASGinzburg.ZAlgebra.ASRegular.cutEnvelopingHomogeneousSubspace' depends on axioms: [propext,
 Classical.choice,
 Quot.sound]
'ASGinzburg.ZAlgebra.ASRegular.cutEnvelopingIntegerHomogeneousSubspace' depends on axioms: [propext,
 Classical.choice,
 Quot.sound]
'ASGinzburg.ZAlgebra.ASRegular.cutEnvelopingHomogeneousDecomposition' depends on axioms: [propext,
 Classical.choice,
 Quot.sound]
'ASGinzburg.ZAlgebra.ASRegular.cutEnvelopingIntegerHomogeneousDecomposition' depends on axioms: [propext,
 Classical.choice,
 Quot.sound]
'ASGinzburg.ZAlgebra.ASRegular.cutEnvelopingIntegerGradedMonoid' depends on axioms: [propext,
 Classical.choice,
 Quot.sound]
'ASGinzburg.ZAlgebra.ASRegular.cutEnvelopingIntegerHomogeneousSubspace_natCast' depends on axioms: [propext,
 Classical.choice,
 Quot.sound]
'ASGinzburg.ZAlgebra.ASRegular.cutEnvelopingIntegerHomogeneousSubspace_neg' depends on axioms: [propext,
 Classical.choice,
 Quot.sound]
'ASGinzburg.ZAlgebra.ASRegular.cutEnvelopingIntegerHomogeneousSubspace_mul_mem' depends on axioms: [propext,
 Classical.choice,
 Quot.sound]
'ASGinzburg.ZAlgebra.ASRegular.mem_cutEnvelopingAugmentationKernel_iff_operatorSpan' depends on axioms: [propext,
 Classical.choice,
 Quot.sound]
