⚠ [3397/3450] Replayed ASGinzburg.PathAlgebra
warning: ASGinzburg/PathAlgebra.lean:97:42: This simp argument is unused:
  LinearMap.add_apply

Hint: Omit it from the simp argument list.
  simp [map_add, L̵i̵n̵e̵a̵r̵M̵a̵p̵.̵a̵d̵d̵_̵a̵p̵p̵l̵y̵,̵ ̵ih, ih']

Note: This linter can be disabled with `set_option linter.unusedSimpArgs false`
✔ [4099/4121] Built ASGinzburg.ZAlgebraRightModuleEquivalence (4.3s)
✔ [4100/4121] Built ASGinzburg.PeriodHomSpacePermutation (6.7s)
✔ [4101/4121] Built ASGinzburg.PeriodCutMatrixComponents (9.1s)
✔ [4102/4121] Built ASGinzburg.ZAlgebraRightModuleRepresentables (5.2s)
✔ [4103/4121] Built ASGinzburg.ZAlgebraRightModuleExtEquivalence (5.4s)
✔ [4104/4121] Built ASGinzburg.PeriodIntegerAddition (5.1s)
✔ [4105/4121] Built ASGinzburg.PeriodCutIdempotents (4.3s)
✔ [4106/4121] Built ASGinzburg.PeriodIntegerCompositionTransport (5.2s)
✔ [4107/4121] Built ASGinzburg.PeriodIntegerCutComponents (7.4s)
✔ [4108/4121] Built ASGinzburg.PeriodCutCorners (5.8s)
✔ [4109/4121] Built ASGinzburg.PeriodIntegerCutPositivity (4.4s)
✔ [4110/4121] Built ASGinzburg.PeriodCutCornerProjection (6.3s)
✔ [4111/4121] Built ASGinzburg.PeriodCutComponentProducts (4.8s)
✔ [4112/4121] Built ASGinzburg.PeriodZeroOriginCover (6.9s)
✔ [4113/4121] Built ASGinzburg.PeriodZeroOriginCoverRecovery (6.5s)
✔ [4114/4121] Built ASGinzburg.PeriodIntegerCorners (9.1s)
✔ [4115/4121] Built ASGinzburg.PeriodIntegerCornerProducts (6.4s)
✔ [4116/4121] Built ASGinzburg.PeriodCornerCover (16s)
✔ [4117/4121] Built ASGinzburg.PeriodCornerCoverRecovery (22s)
✔ [4118/4121] Built ASGinzburg.ASCutCornerCoverRecovery (4.9s)
✔ [4119/4121] Built ASGinzburg.ASCutCornerModuleComparison (6.4s)
✔ [4120/4121] Built ASGinzburg (4.1s)
Build completed successfully (4121 jobs).
