work/lean-upgrade/right-resolution-ext-bidual-cached-projective-equality-01/ASGinzburg/RightResolutionExtBidual.lean:21:2: warning: Try this: 
  letI̵

The goal is a proposition, so `let` is preferred over `letI`.
The difference between `let` and `letI` is that `letI` inlines the value.
But this is not relevant for proofs because of proof irrelevance.

Note: This linter can be disabled with `set_option linter.style.haveILetI false`
work/lean-upgrade/right-resolution-ext-bidual-cached-projective-equality-01/ASGinzburg/RightResolutionExtBidual.lean:22:2: warning: Try this: 
  letI̵

The goal is a proposition, so `let` is preferred over `letI`.
The difference between `let` and `letI` is that `letI` inlines the value.
But this is not relevant for proofs because of proof irrelevance.

Note: This linter can be disabled with `set_option linter.style.haveILetI false`
work/lean-upgrade/right-resolution-ext-bidual-cached-projective-equality-01/ASGinzburg/RightResolutionExtBidual.lean:24:2: warning: Unused tactic linter: `run_tac
  liftM
      (Lean.Core.liftIOCore
        (IO.FS.writeFile
          "work/lean-upgrade/algebra-right-resolution-ext-bidual-cached-projective-equality-diagnostic-01.marker.txt"
          "exact: before original iso"))` does nothing

Note: This linter can be disabled with `set_option linter.unusedTactic false`
work/lean-upgrade/right-resolution-ext-bidual-cached-projective-equality-01/ASGinzburg/RightResolutionExtBidual.lean:35:2: warning: Unused tactic linter: `run_tac
  liftM
      (Lean.Core.liftIOCore
        (IO.FS.writeFile
          "work/lean-upgrade/algebra-right-resolution-ext-bidual-cached-projective-equality-diagnostic-01.marker.txt"
          "exact: after original iso"))` does nothing

Note: This linter can be disabled with `set_option linter.unusedTactic false`
work/lean-upgrade/right-resolution-ext-bidual-cached-projective-equality-01/ASGinzburg/RightResolutionExtBidual.lean:37:2: warning: Unused tactic linter: `run_tac
  liftM
      (Lean.Core.liftIOCore
        (IO.FS.writeFile
          "work/lean-upgrade/algebra-right-resolution-ext-bidual-cached-projective-equality-diagnostic-01.marker.txt"
          "exact: after exactness proof"))` does nothing

Note: This linter can be disabled with `set_option linter.unusedTactic false`
work/lean-upgrade/right-resolution-ext-bidual-cached-projective-equality-01/ASGinzburg/RightResolutionExtBidual.lean:61:4: warning: Unused tactic linter: `run_tac
  liftM
      (Lean.Core.liftIOCore
        (IO.FS.writeFile
          "work/lean-upgrade/algebra-right-resolution-ext-bidual-cached-projective-equality-diagnostic-01.marker.txt"
          "make: after original bidual Epi"))` does nothing

Note: This linter can be disabled with `set_option linter.unusedTactic false`
work/lean-upgrade/right-resolution-ext-bidual-cached-projective-equality-01/ASGinzburg/RightResolutionExtBidual.lean:65:4: warning: Unused tactic linter: `run_tac
  liftM
      (Lean.Core.liftIOCore
        (IO.FS.writeFile
          "work/lean-upgrade/algebra-right-resolution-ext-bidual-cached-projective-equality-diagnostic-01.marker.txt"
          "make: after original bidual cokernel"))` does nothing

Note: This linter can be disabled with `set_option linter.unusedTactic false`
work/lean-upgrade/right-resolution-ext-bidual-cached-projective-equality-01/ASGinzburg/RightResolutionExtBidual.lean:72:4: warning: Unused tactic linter: `run_tac
  liftM
      (Lean.Core.liftIOCore
        (IO.FS.writeFile
          "work/lean-upgrade/algebra-right-resolution-ext-bidual-cached-projective-equality-diagnostic-01.marker.txt"
          "make: after original Ext cokernel"))` does nothing

Note: This linter can be disabled with `set_option linter.unusedTactic false`
work/lean-upgrade/right-resolution-ext-bidual-cached-projective-equality-01/ASGinzburg/RightResolutionExtBidual.lean:74:4: warning: Unused tactic linter: `run_tac
  liftM
      (Lean.Core.liftIOCore
        (IO.FS.writeFile
          "work/lean-upgrade/algebra-right-resolution-ext-bidual-cached-projective-equality-diagnostic-01.marker.txt"
          "make: after original exact iso"))` does nothing

Note: This linter can be disabled with `set_option linter.unusedTactic false`
work/lean-upgrade/right-resolution-ext-bidual-cached-projective-equality-01/ASGinzburg/RightResolutionExtBidual.lean:76:2: warning: Unused tactic linter: `run_tac
  liftM
      (Lean.Core.liftIOCore
        (IO.FS.writeFile
          "work/lean-upgrade/algebra-right-resolution-ext-bidual-cached-projective-equality-diagnostic-01.marker.txt"
          "after original resolution and rfl"))` does nothing

Note: This linter can be disabled with `set_option linter.unusedTactic false`
