work/ASGinzburgDraft/FiniteGradedOrdinaryProjectiveCover.lean:14:11: error(lean.unknownIdentifier): Unknown constant `Module.Finite`
work/ASGinzburgDraft/FiniteGradedOrdinaryProjectiveCover.lean:21:6: error(lean.unknownIdentifier): Unknown constant `Module.Finite`
work/ASGinzburgDraft/FiniteGradedOrdinaryProjectiveCover.lean:46:4: error(lean.unknownIdentifier): Unknown constant `Module.Finite`
work/ASGinzburgDraft/FiniteGradedOrdinaryProjectiveCover.lean:45:9: error: unknown goal
PANIC at Lean.Compiler.LCNF.toMonoType.visitApp Lean.Compiler.LCNF.MonoTypes:119:50: unreachable code has been reached
backtrace:
/workspace/.cloud-setup/lean-4.24.0-linux/lib/lean/libleanshared.so(+0x922535e) [0x7f605f65135e]
/workspace/.cloud-setup/lean-4.24.0-linux/lib/lean/libleanshared.so(lean_panic_fn+0x1c) [0x7f605f6517fc]
/workspace/.cloud-setup/lean-4.24.0-linux/lib/lean/libleanshared.so(l___private_Init_Data_Array_Basic_0__Array_forIn_x27Unsafe_loop___at_____private_Lean_Compiler_LCNF_MonoTypes_0__Lean_Compiler_LCNF_toMonoType_visitApp_spec__1+0x1c7) [0x7f6058fe07f7]
/workspace/.cloud-setup/lean-4.24.0-linux/lib/lean/libleanshared.so(l___private_Lean_Compiler_LCNF_MonoTypes_0__Lean_Compiler_LCNF_toMonoType_visitApp+0xb2e) [0x7f6058fe28ee]
/workspace/.cloud-setup/lean-4.24.0-linux/lib/lean/libleanshared.so(l_Lean_Compiler_LCNF_StructProjCases_visitCode+0x6784) [0x7f6058f77cd4]
/workspace/.cloud-setup/lean-4.24.0-linux/lib/lean/libleanshared.so(lean_apply_7+0x941) [0x7f605f6669b1]
/workspace/.cloud-setup/lean-4.24.0-linux/lib/lean/libleanshared.so(l_Lean_Compiler_LCNF_DeclValue_mapCodeM___at___Lean_Compiler_LCNF_StructProjCases_visitDecl_spec__0+0x1d2) [0x7f6058f7f762]
/workspace/.cloud-setup/lean-4.24.0-linux/lib/lean/libleanshared.so(l_Lean_Compiler_LCNF_StructProjCases_visitDecl+0x2a1) [0x7f6058f7fef1]
/workspace/.cloud-setup/lean-4.24.0-linux/lib/lean/libleanshared.so(lean_apply_6+0x8ad) [0x7f605f66542d]
/workspace/.cloud-setup/lean-4.24.0-linux/lib/lean/libleanshared.so(l_Lean_Compiler_LCNF_StructProjCases_M_run___redArg+0x9e) [0x7f6058f6958e]
/workspace/.cloud-setup/lean-4.24.0-linux/lib/lean/libleanshared.so(lean_apply_6+0x1a6) [0x7f605f664d26]
/workspace/.cloud-setup/lean-4.24.0-linux/lib/lean/libleanshared.so(l___private_Init_Data_Array_Basic_0__Array_mapMUnsafe_map___at___Lean_Compiler_LCNF_Pass_mkPerDeclaration_spec__0+0x108) [0x7f6058f15628]
/workspace/.cloud-setup/lean-4.24.0-linux/lib/lean/libleanshared.so(l_Lean_Compiler_LCNF_Pass_mkPerDeclaration___lam__0+0x26) [0x7f6058f15ae6]
/workspace/.cloud-setup/lean-4.24.0-linux/lib/lean/libleanshared.so(lean_apply_6+0x8e3) [0x7f605f665463]
/workspace/.cloud-setup/lean-4.24.0-linux/lib/lean/libleanshared.so(l___private_Init_Data_Array_Basic_0__Array_forIn_x27Unsafe_loop___at___Lean_Compiler_LCNF_PassManager_run_spec__9___lam__1+0x9c) [0x7f6058c7ebbc]
/workspace/.cloud-setup/lean-4.24.0-linux/lib/lean/libleanshared.so(lean_apply_5+0x86a) [0x7f605f663d3a]
/workspace/.cloud-setup/lean-4.24.0-linux/lib/lean/libleanshared.so(l___private_Init_Data_Array_Basic_0__Array_forIn_x27Unsafe_loop___at___Lean_Compiler_LCNF_PassManager_run_spec__9+0x211) [0x7f6058c7ee01]
/workspace/.cloud-setup/lean-4.24.0-linux/lib/lean/libleanshared.so(l_Lean_Compiler_LCNF_PassManager_run___lam__1___boxed+0x67) [0x7f6058c857b7]
/workspace/.cloud-setup/lean-4.24.0-linux/lib/lean/libleanshared.so(lean_apply_1+0x108d) [0x7f605f65dc6d]
/workspace/.cloud-setup/lean-4.24.0-linux/lib/lean/libleanshared.so(l_Lean_profileitIOUnsafe___redArg___lam__0+0xa) [0x7f605f33715a]
/workspace/.cloud-setup/lean-4.24.0-linux/lib/lean/libleanshared.so(lean_apply_1+0xb53) [0x7f605f65d733]
/workspace/.cloud-setup/lean-4.24.0-linux/lib/lean/libleanshared.so(l_unsafeBaseIO___redArg+0xb) [0x7f60587951fb]
/workspace/.cloud-setup/lean-4.24.0-linux/lib/lean/libleanshared.so(lean_apply_1+0xb53) [0x7f605f65d733]
/workspace/.cloud-setup/lean-4.24.0-linux/lib/lean/libleanshared.so(lean_profileit+0x83) [0x7f605f3ce413]
/workspace/.cloud-setup/lean-4.24.0-linux/lib/lean/libleanshared.so(l_Lean_profileitIOUnsafe___redArg+0x9c) [0x7f605f33742c]
/workspace/.cloud-setup/lean-4.24.0-linux/lib/lean/libleanshared.so(l_Lean_Compiler_LCNF_PassManager_run+0x1845) [0x7f6058c84b05]
/workspace/.cloud-setup/lean-4.24.0-linux/lib/lean/libleanshared.so(l_Lean_Compiler_LCNF_main___lam__1+0x20) [0x7f6058c8bdc0]
/workspace/.cloud-setup/lean-4.24.0-linux/lib/lean/libleanshared.so(l_Lean_Compiler_LCNF_main___lam__1___boxed+0x16) [0x7f6058c8c166]
/workspace/.cloud-setup/lean-4.24.0-linux/lib/lean/libleanshared.so(lean_apply_5+0x86a) [0x7f605f663d3a]
/workspace/.cloud-setup/lean-4.24.0-linux/lib/lean/libleanshared.so(l_Lean_Compiler_LCNF_CompilerM_run___redArg+0xd0) [0x7f6058f56660]
/workspace/.cloud-setup/lean-4.24.0-linux/lib/lean/libleanshared.so(lean_apply_3+0xb5b) [0x7f605f660e7b]
/workspace/.cloud-setup/lean-4.24.0-linux/lib/lean/libleanshared.so(lean_lcnf_compile_decls+0x12d) [0x7f6058c8c08d]
/workspace/.cloud-setup/lean-4.24.0-linux/lib/lean/libleanshared.so(l___private_Lean_CoreM_0__Lean_compileDecls_doCompile___lam__0+0x82) [0x7f605edd8712]
/workspace/.cloud-setup/lean-4.24.0-linux/lib/lean/libleanshared.so(lean_apply_3+0x8ff) [0x7f605f660c1f]
/workspace/.cloud-setup/lean-4.24.0-linux/lib/lean/libleanshared.so(l_Lean_withExporting___at___Lean_withoutExporting___at_____private_Lean_CoreM_0__Lean_compileDecls_doCompile_spec__0_spec__0___redArg+0x191) [0x7f605edd72d1]
/workspace/.cloud-setup/lean-4.24.0-linux/lib/lean/libleanshared.so(l_Lean_compileDecls___lam__1+0x76) [0x7f605edd9e56]
/workspace/.cloud-setup/lean-4.24.0-linux/lib/lean/libleanshared.so(l_Lean_compileDecls___lam__1___boxed+0x20) [0x7f605eddad30]
/workspace/.cloud-setup/lean-4.24.0-linux/lib/lean/libleanshared.so(lean_apply_3+0xb5b) [0x7f605f660e7b]
/workspace/.cloud-setup/lean-4.24.0-linux/lib/lean/libleanshared.so(l_Lean_Core_wrapAsyncAsSnapshot___redArg___lam__1+0x48c) [0x7f605edd11ec]
/workspace/.cloud-setup/lean-4.24.0-linux/lib/lean/libleanshared.so(lean_apply_3+0x970) [0x7f605f660c90]
/workspace/.cloud-setup/lean-4.24.0-linux/lib/lean/libleanshared.so(l_IO_withStderr___at___IO_FS_withIsolatedStreams___at___Lean_Core_wrapAsyncAsSnapshot_spec__30_spec__33___redArg+0x65) [0x7f605edd03b5]
/workspace/.cloud-setup/lean-4.24.0-linux/lib/lean/libleanshared.so(lean_apply_3+0x970) [0x7f605f660c90]
/workspace/.cloud-setup/lean-4.24.0-linux/lib/lean/libleanshared.so(l_IO_withStdout___at___IO_FS_withIsolatedStreams___at___Lean_Core_wrapAsyncAsSnapshot_spec__30_spec__30___redArg+0x65) [0x7f605edcfa25]
/workspace/.cloud-setup/lean-4.24.0-linux/lib/lean/libleanshared.so(lean_apply_3+0x970) [0x7f605f660c90]
/workspace/.cloud-setup/lean-4.24.0-linux/lib/lean/libleanshared.so(l_IO_withStdin___at___IO_FS_withIsolatedStreams___at___Lean_Core_wrapAsyncAsSnapshot_spec__30_spec__31___redArg+0x65) [0x7f605edcfee5]
/workspace/.cloud-setup/lean-4.24.0-linux/lib/lean/libleanshared.so(l_IO_FS_withIsolatedStreams___at___Lean_Core_wrapAsyncAsSnapshot_spec__30___redArg+0x19b) [0x7f605edd08eb]
/workspace/.cloud-setup/lean-4.24.0-linux/lib/lean/libleanshared.so(lean_apply_4+0x1184) [0x7f605f662e34]
/workspace/.cloud-setup/lean-4.24.0-linux/lib/lean/libleanshared.so(l_Lean_Core_wrapAsync___redArg___lam__0___boxed+0x54) [0x7f605edbe0a4]
/workspace/.cloud-setup/lean-4.24.0-linux/lib/lean/libleanshared.so(lean_apply_3+0x970) [0x7f605f660c90]
/workspace/.cloud-setup/lean-4.24.0-linux/lib/lean/libleanshared.so(l_Lean_Core_withCurrHeartbeats___at___Lean_Core_wrapAsync_spec__0___redArg+0x9) [0x7f605edbd499]
/workspace/.cloud-setup/lean-4.24.0-linux/lib/lean/libleanshared.so(l_Lean_Core_wrapAsync___redArg___lam__1+0x5bf) [0x7f605edbdc6f]
/workspace/.cloud-setup/lean-4.24.0-linux/lib/lean/libleanshared.so(l_Lean_Core_wrapAsync___redArg___lam__1___boxed+0x6a) [0x7f605edc06ca]
/workspace/.cloud-setup/lean-4.24.0-linux/lib/lean/libleanshared.so(lean_apply_2+0x2e5) [0x7f605f65e8d5]
/workspace/.cloud-setup/lean-4.24.0-linux/lib/lean/libleanshared.so(l_Lean_Core_wrapAsyncAsSnapshot___redArg___lam__3+0x1a) [0x7f605edd1a3a]
/workspace/.cloud-setup/lean-4.24.0-linux/lib/lean/libleanshared.so(lean_apply_2+0x1273) [0x7f605f65f863]
/workspace/.cloud-setup/lean-4.24.0-linux/lib/lean/libleanshared.so(+0x924aa7b) [0x7f605f676a7b]
/workspace/.cloud-setup/lean-4.24.0-linux/lib/lean/libleanshared.so(lean_apply_1+0x1204) [0x7f605f65dde4]
/workspace/.cloud-setup/lean-4.24.0-linux/lib/lean/libleanshared.so(lean_apply_1+0x119f) [0x7f605f65dd7f]
/workspace/.cloud-setup/lean-4.24.0-linux/lib/lean/libleanshared.so(+0x922f5c8) [0x7f605f65b5c8]
/workspace/.cloud-setup/lean-4.24.0-linux/lib/lean/libleanshared.so(+0x92308b1) [0x7f605f65c8b1]
/workspace/.cloud-setup/lean-4.24.0-linux/lib/lean/libleanshared.so(+0x92231d5) [0x7f605f64f1d5]
/lib/x86_64-linux-gnu/libc.so.6(+0x92b7b) [0x7f60562a7b7b]
/lib/x86_64-linux-gnu/libc.so.6(+0x1107f8) [0x7f60563257f8]
