'ASGinzburg.CutQuiver.potentialPathAutomorphismSetoid' depends on axioms: [propext, Classical.choice, Quot.sound]
'ASGinzburg.CutQuiver.PotentialPathAutomorphismClass' depends on axioms: [propext, Classical.choice, Quot.sound]
'ASGinzburg.CutQuiver.potentialPathAutomorphismClass' depends on axioms: [propext, Classical.choice, Quot.sound]
'ASGinzburg.CutQuiver.potentialPathAutomorphism_related_iff' depends on axioms: [propext, Classical.choice, Quot.sound]
'ASGinzburg.CutQuiver.potentialPathAutomorphismClass_eq_iff' depends on axioms: [propext, Classical.choice, Quot.sound]
'ASGinzburg.CutQuiver.potentialClassCyclicOrbitMap' depends on axioms: [propext, Classical.choice, Quot.sound]
'ASGinzburg.CutQuiver.potentialClassCyclicOrbitMap_injective' depends on axioms: [propext, Classical.choice, Quot.sound]
'ASGinzburg.ginzburgRegularPotentialPathAutomorphismSetoid' depends on axioms: [propext, Classical.choice, Quot.sound]
'ASGinzburg.GinzburgRegularPotentialPathAutomorphismClass' depends on axioms: [propext, Classical.choice, Quot.sound]
'ASGinzburg.GinzburgRegularPotential.pathAutomorphismClass' depends on axioms: [propext, Classical.choice, Quot.sound]
'ASGinzburg.ginzburgRegularPotentialPathAutomorphism_related_iff' depends on axioms: [propext,
 Classical.choice,
 Quot.sound]
'ASGinzburg.GinzburgRegularPotential.pathAutomorphismClass_eq_iff' depends on axioms: [propext,
 Classical.choice,
 Quot.sound]
'ASGinzburg.ginzburgRegularPotentialClassCyclicOrbitMap' depends on axioms: [propext, Classical.choice, Quot.sound]
'ASGinzburg.ginzburgRegularPotentialClassCyclicOrbitMap_injective' depends on axioms: [propext,
 Classical.choice,
 Quot.sound]
