'ASGinzburg.projectiveDimensionThreeResolution' depends on axioms: [propext, Classical.choice, Quot.sound]
'ASGinzburg.projectiveDimensionThreeResolution_isZero_ge_four' depends on axioms: [propext,
 Classical.choice,
 Quot.sound]
'ASGinzburg.leftDerived_isZero_of_projectiveDimensionLE_three' depends on axioms: [propext,
 Classical.choice,
 Quot.sound]
'ASGinzburg.projectiveDimensionTwoResolution' depends on axioms: [propext, Classical.choice, Quot.sound]
'ASGinzburg.projectiveDimensionTwoResolution_isZero_ge_three' depends on axioms: [propext, Classical.choice, Quot.sound]
'ASGinzburg.leftDerived_isZero_of_projectiveDimensionLE_two' depends on axioms: [propext, Classical.choice, Quot.sound]
'ASGinzburg.projectiveDimension_ge_three_of_nonzero_leftDerived_three' depends on axioms: [propext,
 Classical.choice,
 Quot.sound]
'ASGinzburg.algebraModuleRestrictScalarsIso' depends on axioms: [propext, Quot.sound]
'ASGinzburg.algebraModuleRestrictScalarsIso_hom_apply' depends on axioms: [propext, Quot.sound]
'ASGinzburg.algebraModuleRestrictScalarsIso_inv_apply' depends on axioms: [propext, Quot.sound]
'ASGinzburg.algebraModuleRestrictScalarsIso_inv_mem_span' depends on axioms: [propext, Classical.choice, Quot.sound]
'ASGinzburg.algebraModuleRestrictScalarsIso_inv_mem_actionSpan' depends on axioms: [propext,
 Classical.choice,
 Quot.sound]
'ASGinzburg.idealQuotient_smul_eq_zero' depends on axioms: [propext, Quot.sound]
'ASGinzburg.ZAlgebra.PeriodIso.cornerFieldComponents' depends on axioms: [propext, Classical.choice, Quot.sound]
'ASGinzburg.ZAlgebra.PeriodIso.cornerFieldTotalFunctor' depends on axioms: [propext, Classical.choice, Quot.sound]
'ASGinzburg.ZAlgebra.PeriodIso.cornerFieldTotalFunctorPreservesFiniteLimits' depends on axioms: [propext,
 Classical.choice,
 Quot.sound]
'ASGinzburg.ZAlgebra.PeriodIso.cornerFieldTotalFunctorPreservesFiniteColimits' depends on axioms: [propext,
 Classical.choice,
 Quot.sound]
'ASGinzburg.ZAlgebra.PeriodIso.cornerTotalSpaceFunctor' depends on axioms: [propext, Classical.choice, Quot.sound]
'ASGinzburg.ZAlgebra.PeriodIso.cornerFieldTotalObjIso' depends on axioms: [propext, Classical.choice, Quot.sound]
'ASGinzburg.ZAlgebra.PeriodIso.cornerFieldTotalObjIso_ι_hom' depends on axioms: [propext, Classical.choice, Quot.sound]
'ASGinzburg.ZAlgebra.PeriodIso.cornerFieldTotalNatIso' depends on axioms: [propext, Classical.choice, Quot.sound]
'ASGinzburg.ZAlgebra.PeriodIso.cornerTotalSpaceFunctorPreservesFiniteLimits' depends on axioms: [propext,
 Classical.choice,
 Quot.sound]
'ASGinzburg.ZAlgebra.PeriodIso.cornerTotalSpaceFunctorPreservesFiniteColimits' depends on axioms: [propext,
 Classical.choice,
 Quot.sound]
