'ASGinzburg.moduleChain_exactAt_iff' depends on axioms: [propext, Classical.choice, Quot.sound]
'ASGinzburg.moduleChain_exists_boundary' depends on axioms: [propext, Classical.choice, Quot.sound]
'ASGinzburg.moduleChain_exists_signed_boundary' depends on axioms: [propext, Classical.choice, Quot.sound]
'ASGinzburg.bicomplexTotalProjection' depends on axioms: [propext, Classical.choice, Quot.sound]
'ASGinzburg.bicomplexTotal_ι_projection_same' depends on axioms: [propext, Classical.choice, Quot.sound]
'ASGinzburg.bicomplexTotal_ι_projection_ne' depends on axioms: [propext, Classical.choice, Quot.sound]
'ASGinzburg.bicomplexTotal_projection_ι_apply' depends on axioms: [propext, Classical.choice, Quot.sound]
'ASGinzburg.bicomplexTotal_projection_ι_apply_ne' depends on axioms: [propext, Classical.choice, Quot.sound]
'ASGinzburg.bicomplexTotalProjection_eq_zero' depends on axioms: [propext, Classical.choice, Quot.sound]
'ASGinzburg.bicomplexTotal_decomposition' depends on axioms: [propext, Classical.choice, Quot.sound]
'ASGinzburg.bicomplexTotal_decomposition_apply' depends on axioms: [propext, Classical.choice, Quot.sound]
'ASGinzburg.bicomplexTotal_D₁_projection' depends on axioms: [propext, Classical.choice, Quot.sound]
'ASGinzburg.bicomplexTotal_D₂_projection' depends on axioms: [propext, Classical.choice, Quot.sound]
'ASGinzburg.bicomplexTotal_d_projection' depends on axioms: [propext, Classical.choice, Quot.sound]
'ASGinzburg.bicomplexTotal_d_projection_of_degree' depends on axioms: [propext, Classical.choice, Quot.sound]
'ASGinzburg.bicomplexTotal_d_projection_apply' depends on axioms: [propext, Classical.choice, Quot.sound]
'ASGinzburg.bicomplexTotal_ext' depends on axioms: [propext, Classical.choice, Quot.sound]
'ASGinzburg.bicomplexTotal_eq_zero_of_projections' depends on axioms: [propext, Classical.choice, Quot.sound]
'ASGinzburg.bicomplexTotal_maximal_row_cycle' depends on axioms: [propext, Classical.choice, Quot.sound]
'ASGinzburg.bicomplexTotal_insert_boundary_projection' depends on axioms: [propext, Classical.choice, Quot.sound]
'ASGinzburg.bicomplexTotal_insert_boundary_projection_gt' depends on axioms: [propext, Classical.choice, Quot.sound]
'ASGinzburg.bicomplexTotal_cycle_boundary_of_support' depends on axioms: [propext, Classical.choice, Quot.sound]
'ASGinzburg.bicomplexTotal_exactAt_of_diagonal_rows' depends on axioms: [propext, Classical.choice, Quot.sound]
'ASGinzburg.bicomplexTotal_acyclic_of_rows_acyclic' depends on axioms: [propext, Classical.choice, Quot.sound]
