⚠ [3416/3581] Replayed ASGinzburg.PathAlgebra
warning: ASGinzburg/PathAlgebra.lean:97:42: This simp argument is unused:
  LinearMap.add_apply

Hint: Omit it from the simp argument list.
  simp [map_add, L̵i̵n̵e̵a̵r̵M̵a̵p̵.̵a̵d̵d̵_̵a̵p̵p̵l̵y̵,̵ ̵ih, ih']

Note: This linter can be disabled with `set_option linter.unusedSimpArgs false`
✔ [3566/3581] Built ASGinzburg.GinzburgPaths (3.1s)
✔ [3567/3581] Built ASGinzburg.GinzburgPathAlgebra (3.6s)
✔ [3568/3581] Built ASGinzburg.GinzburgPathWords (2.3s)
✔ [3569/3581] Built ASGinzburg.GinzburgDegreeZeroAlgebra (3.4s)
✔ [3570/3581] Built ASGinzburg.GinzburgGeneratorDifferentials (2.5s)
✔ [3571/3581] Built ASGinzburg.GinzburgGeneratorGradings (3.1s)
✔ [3572/3581] Built ASGinzburg.GinzburgPathDifferential (3.2s)
✔ [3573/3581] Built ASGinzburg.GinzburgSupportedProducts (3.4s)
✔ [3574/3581] Built ASGinzburg.GinzburgLeibniz (4.6s)
✔ [3575/3581] Built ASGinzburg.GinzburgDifferentialGradings (2.7s)
✔ [3576/3581] Built ASGinzburg.GinzburgDegreeZeroDifferential (2.6s)
✖ [3577/3581] Building ASGinzburg.GinzburgDifferentialSign (2.9s)
trace: .> LEAN_PATH=/workspace/as-ginzburg-lean/.lake/packages/Cli/.lake/build/lib/lean:/workspace/as-ginzburg-lean/.lake/packages/batteries/.lake/build/lib/lean:/workspace/as-ginzburg-lean/.lake/packages/Qq/.lake/build/lib/lean:/workspace/as-ginzburg-lean/.lake/packages/aesop/.lake/build/lib/lean:/workspace/as-ginzburg-lean/.lake/packages/proofwidgets/.lake/build/lib/lean:/workspace/as-ginzburg-lean/.lake/packages/importGraph/.lake/build/lib/lean:/workspace/as-ginzburg-lean/.lake/packages/LeanSearchClient/.lake/build/lib/lean:/workspace/as-ginzburg-lean/.lake/packages/plausible/.lake/build/lib/lean:/workspace/as-ginzburg-lean/.lake/packages/mathlib/.lake/build/lib/lean:/workspace/as-ginzburg-lean/.lake/build/lib/lean /workspace/.cloud-setup/lean-4.24.0-linux/bin/lean /workspace/as-ginzburg-lean/ASGinzburg/GinzburgDifferentialSign.lean -o /workspace/as-ginzburg-lean/.lake/build/lib/lean/ASGinzburg/GinzburgDifferentialSign.olean -i /workspace/as-ginzburg-lean/.lake/build/lib/lean/ASGinzburg/GinzburgDifferentialSign.ilean -c /workspace/as-ginzburg-lean/.lake/build/ir/ASGinzburg/GinzburgDifferentialSign.c --setup /workspace/as-ginzburg-lean/.lake/build/ir/ASGinzburg/GinzburgDifferentialSign.setup.json --json
error: ASGinzburg/GinzburgDifferentialSign.lean:39:15: unsolved goals
case single
Q : CutQuiver
k : Type u
inst✝ : Field k
φ : ↥(Q.Potential k)
u v : Q.Vertex
p : Q.GinzburgPath u v
c : k
⊢ (c * ginzburgSign k p.cohomologicalDegree) • GinzburgPath.differential Q k φ p =
    - -((c * ginzburgSign k p.cohomologicalDegree) • GinzburgPath.differential Q k φ p)
error: Lean exited with code 1
Some required targets logged failures:
- ASGinzburg.GinzburgDifferentialSign
error: build failed
