⚠ [3415/3469] Replayed ASGinzburg.PathAlgebra
warning: ASGinzburg/PathAlgebra.lean:97:42: This simp argument is unused:
  LinearMap.add_apply

Hint: Omit it from the simp argument list.
  simp [map_add, L̵i̵n̵e̵a̵r̵M̵a̵p̵.̵a̵d̵d̵_̵a̵p̵p̵l̵y̵,̵ ̵ih, ih']

Note: This linter can be disabled with `set_option linter.unusedSimpArgs false`
✔ [4121/4147] Built ASGinzburg.VertexSimpleFromPresentation (5.1s)
✔ [4122/4147] Built ASGinzburg.ZAlgebraObjectIndices (5.9s)
✔ [4123/4147] Built ASGinzburg.ScalarEndMultiplication (6.2s)
✔ [4124/4147] Built ASGinzburg.ZAlgebraFixedRightModuleFunctor (6.0s)
✔ [4125/4147] Built ASGinzburg.ZAlgebraRightModuleSimples (4.1s)
✔ [4126/4147] Built ASGinzburg.PeriodCutZeroDiagonal (10s)
✔ [4127/4147] Built ASGinzburg.ZAlgebraFixedRightModuleEquivalence (6.2s)
✔ [4128/4147] Built ASGinzburg.ZAlgebraRightModuleVertexExt (4.6s)
✔ [4129/4147] Built ASGinzburg.PeriodCutZeroAugmentation (7.1s)
✔ [4130/4147] Built ASGinzburg.ZAlgebraConjugateModuleMorphisms (4.4s)
✔ [4131/4147] Built ASGinzburg.ZAlgebraFixedRepresentables (5.1s)
✔ [4132/4147] Built ASGinzburg.ASCutCornerVertexExt (4.7s)
✔ [4133/4147] Built ASGinzburg.ZAlgebraFixedSimples (4.2s)
✔ [4134/4147] Built ASGinzburg.ASResolutionTransportTerms (4.7s)
✔ [4135/4147] Built ASGinzburg.PeriodCutAugmentation (6.6s)
✔ [4136/4147] Built ASGinzburg.ASResolutionTransport (3.4s)
✔ [4137/4147] Built ASGinzburg.ASRegularIsomorphismInvariance (3.8s)
✔ [4138/4147] Built ASGinzburg.PeriodCutAugmentationKernel (6.6s)
✔ [4139/4147] Built ASGinzburg.PeriodCutZeroNilpotence (4.2s)
✔ [4140/4147] Built ASGinzburg.PeriodCutZeroProjection (6.4s)
✔ [4141/4147] Built ASGinzburg.PeriodCutHomogeneousIdeals (7.3s)
✔ [4142/4147] Built ASGinzburg.PeriodCutZeroJacobson (10s)
✔ [4143/4147] Built ASGinzburg.PeriodCutGradedMaximalIdeals (3.3s)
✔ [4144/4147] Built ASGinzburg.PeriodCutGradedJacobson (5.3s)
✔ [4145/4147] Built ASGinzburg.ASCutGradedRadicalQuotient (3.7s)
✔ [4146/4147] Built ASGinzburg (3.2s)
Build completed successfully (4147 jobs).
