work/ASGinzburgDraft/GradedOrdinaryRingDualData.lean:34:10: error: failed to synthesize
  IsScalarTower k Rᵐᵒᵖ ↑(ordinaryRingDual R M.ringModule)

Hint: Additional diagnostic information may be available using the `set_option diagnostics true` command.
work/ASGinzburgDraft/GradedOrdinaryRingDualData.lean:33:29: error: unsolved goals
k : Type u
inst✝³ : Field k
R : Type v
inst✝² : Ring R
inst✝¹ : Algebra k R
G : ℤ → Submodule k R
inst✝ : DirectSum.Decomposition G
M : GradedOrdinaryModuleData k R G
hG : ∀ (p q : ℤ), ∀ a ∈ G p, ∀ b ∈ G q, a * b ∈ G (p + q)
q : ℤ
c : k
f : ↑(ordinaryRingDual R M.ringModule)
hf : f ∈ {f | ∀ (p : ℤ), ∀ x ∈ M.grade p, f x ∈ G (p + q)}
p : ℤ
x : ↑M.ringModule
hx : x ∈ M.grade p
⊢ (c • f) x ∈ G (p + q)
work/ASGinzburgDraft/GradedOrdinaryRingDualData.lean:39:8: warning: automatically included section variable(s) unused in theorem `ASGinzburg.GradedOrdinaryModuleData.ringDualNativeGrade_mem_iff`:
  [DirectSum.Decomposition G]
consider restructuring your `variable` declarations so that the variables are not in scope or explicitly omit them:
  omit [DirectSum.Decomposition G] in theorem ...

Note: This linter can be disabled with `set_option linter.unusedSectionVars false`
work/ASGinzburgDraft/GradedOrdinaryRingDualData.lean:43:0: warning: automatically included section variable(s) unused in theorem `ASGinzburg.GradedOrdinaryModuleData.ringDualNativeGrade_eq_bot`:
  [DirectSum.Decomposition G]
consider restructuring your `variable` declarations so that the variables are not in scope or explicitly omit them:
  omit [DirectSum.Decomposition G] in theorem ...

Note: This linter can be disabled with `set_option linter.unusedSectionVars false`
