[diag] Diagnostics
  [reduction] unfolded declarations (max: 2114, num: 13):
    [reduction] AddMonoid.toZero ↦ 2114
    [reduction] Add.add ↦ 1268
    [reduction] HAdd.hAdd ↦ 1264
    [reduction] HSMul.hSMul ↦ 803
    [reduction] SMul.smul ↦ 803
    [reduction] AddMonoid.nsmul ↦ 571
    [reduction] OfNat.ofNat ↦ 499
    [reduction] Zero.zero ↦ 457
    [reduction] Quiver.Hom ↦ 141
    [reduction] NatCast.natCast ↦ 104
    [reduction] DirectSum ↦ 51
    [reduction] DFunLike.coe ↦ 43
    [reduction] MulOpposite ↦ 30
  [reduction] unfolded instances (max: 7358, num: 81):
    [reduction] AddCommGroup.toAddGroup ↦ 7358
    [reduction] AddGroup.toSubNegMonoid ↦ 6000
    [reduction] SubNegMonoid.toAddMonoid ↦ 4648
    [reduction] AddZeroClass.toAddZero ↦ 3611
    [reduction] AddCommMonoid.toAddMonoid ↦ 3438
    [reduction] AddZero.toZero ↦ 3360
    [reduction] AddMonoid.toAddZeroClass ↦ 2058
    [reduction] AddCommGroup.toAddCommMonoid ↦ 1985
    [reduction] Pi.addMonoid ↦ 1570
    [reduction] Pi.addCommMonoid ↦ 1205
    [reduction] Pi.addCommGroup ↦ 1199
    [reduction] Pi.addGroup ↦ 1199
    [reduction] Pi.subNegMonoid ↦ 1199
    [reduction] Pi.addZeroClass ↦ 1092
    [reduction] instHAdd ↦ 1012
    [reduction] instHSMul ↦ 803
    [reduction] NonUnitalNonAssocSemiring.toAddCommMonoid ↦ 763
    [reduction] Semiring.toNonUnitalSemiring ↦ 692
    [reduction] NonUnitalSemiring.toNonUnitalNonAssocSemiring ↦ 688
    [reduction] AddMonoid.toAddSemigroup ↦ 623
    [reduction] AddMonoid.toNatSMul ↦ 569
    [reduction] AddSemigroup.toAdd ↦ 542
    [reduction] instAddNat ↦ 488
    [reduction] Int.instAdd ↦ 460
    [reduction] instAddCommMonoidDirectSum ↦ 405
    [reduction] DFinsupp.addCommMonoid ↦ 405
    [reduction] DirectSum.instNonUnitalNonAssocSemiring ↦ 405
    [reduction] DirectSum.semiring ↦ 405
    [reduction] Ring.toSemiring ↦ 335
    [reduction] Zero.toOfNat0 ↦ 307
    [reduction] DirectSum.ring ↦ 303
    [reduction] NonAssocSemiring.toNonUnitalNonAssocSemiring ↦ 283
    [reduction] Semiring.toNonAssocSemiring ↦ 283
    [reduction] AddZero.toAdd ↦ 251
    [reduction] NonAssocRing.toNonUnitalNonAssocRing ↦ 223
    [reduction] NonUnitalNonAssocRing.toAddCommGroup ↦ 223
    [reduction] NonUnitalNonAssocRing.toNonUnitalNonAssocSemiring ↦ 223
    [reduction] Ring.toNonAssocRing ↦ 223
    [reduction] Pi.addSemigroup ↦ 190
    [reduction] Preadditive.homGroup ↦ 186
    [reduction] AddCommGroup.toDivisionAddCommMonoid ↦ 172
    [reduction] SubNegZeroMonoid.toSubNegMonoid ↦ 172
    [reduction] SubtractionCommMonoid.toSubtractionMonoid ↦ 172
    [reduction] SubtractionMonoid.toSubNegMonoid ↦ 172
    [reduction] SubtractionMonoid.toSubNegZeroMonoid ↦ 172
    [reduction] MulOpposite.instNonUnitalNonAssocSemiring ↦ 145
    [reduction] MulOpposite.instNonUnitalSemiring ↦ 145
    [reduction] MulOpposite.instSemiring ↦ 145
    [reduction] DFinsupp.hasNatScalar ↦ 144
    [reduction] Category.toCategoryStruct ↦ 141
    [reduction] CategoryStruct.toQuiver ↦ 141
    [reduction] Algebra.toSMul ↦ 113
    [reduction] MulOpposite.instAddCommMonoid ↦ 104
    [reduction] MulOpposite.instAddMonoid ↦ 90
    [reduction] MulOpposite.instSMul ↦ 90
    [reduction] Algebra.toModule ↦ 86
    [reduction] Quiver.opposite ↦ 81
    [reduction] Category.opposite ↦ 81
    [reduction] ModuleCat.moduleCategory ↦ 60
    [reduction] Pi.instZero ↦ 57
    [reduction] DirectSum.GRing.toGSemiring ↦ 56
    [reduction] AddCommMagma.toAdd ↦ 53
    [reduction] AddCommMonoid.toAddCommSemigroup ↦ 53
    [reduction] AddCommSemigroup.toAddCommMagma ↦ 53
    [reduction] AddCommSemigroup.toAddSemigroup ↦ 53
    [reduction] DistribMulAction.toMulAction ↦ 43
    [reduction] Module.toDistribMulAction ↦ 43
    [reduction] MulAction.toSMul ↦ 43
    [reduction] MulOpposite.instAlgebra ↦ 43
    [reduction] MulOpposite.instDistribMulAction ↦ 43
    [reduction] MulOpposite.instModule ↦ 43
    [reduction] MulOpposite.instMulAction ↦ 43
    [reduction] DivisionSemiring.toSemiring ↦ 40
    [reduction] Semifield.toCommSemiring ↦ 40
    [reduction] Pi.instAdd ↦ 38
    [reduction] CommRing.toRing ↦ 32
    [reduction] CommSemiring.toSemiring ↦ 32
    [reduction] Field.toCommRing ↦ 32
    [reduction] Field.toSemifield ↦ 32
    [reduction] Semifield.toDivisionSemiring ↦ 32
    [reduction] DFinsupp.instDFunLike ↦ 24
  [reduction] unfolded reducible declarations (max: 15132, num: 21):
    [reduction] CutQuiver.Vertex ↦ 15132
    [reduction] homAdd ↦ 5982
    [reduction] PeriodIso.CutGradedHom ↦ 1758
    [reduction] Hom ↦ 1588
    [reduction] inferInstance ↦ 848
    [reduction] Function.Injective.addMonoid ↦ 570
    [reduction] Function.Injective.addCommMonoid ↦ 539
    [reduction] PeriodIso.CutGradedBlock ↦ 436
    [reduction] Function.Injective.addZeroClass ↦ 419
    [reduction] CutGradedAlgebra ↦ 216
    [reduction] PeriodIso.CutGradedRing ↦ 216
    [reduction] unop ↦ 93
    [reduction] outParam ↦ 72
    [reduction] Nat.cast ↦ 68
    [reduction] homModule ↦ 64
    [reduction] ModuleCat.isAddCommGroup ↦ 60
    [reduction] AlgebraEnvelopingRing ↦ 56
    [reduction] DFinsupp.toFun ↦ 42
    [reduction] DFinsupp.support' ↦ 38
    [reduction] DecidableEq ↦ 30
    [reduction] Function.Injective.addCommGroup ↦ 30
  [type_class] used instances (max: 88, num: 1):
    [type_class] Pi.addZeroClass ↦ 88
  [type_class] max synth pending failures (maxSynthPendingDepth: 1), use `set_option maxSynthPendingDepth <limit>`
    [type_class] (i : ℕ) → (i_1 i_2 : Q.Vertex) → AddZeroClass (?m.54 i i_1 i_2)
    [type_class] (i : ℕ) → (i_1 i_2 : Q.Vertex) → AddZeroClass (?m.57 i i_1 i_2)
    [type_class] (i : ℕ) → (i_1 i_2 : Q.Vertex) → AddZeroClass (?m.59 i i_1 i_2)
    [type_class] ℕ → Q.Vertex → Q.Vertex → Field k
    [type_class] (i : ℕ) → (i_1 i_2 : Q.Vertex) → AddZeroClass (?m.60 i i_1 i_2)
    [type_class] (i : ℕ) → (i_1 i_2 : Q.Vertex) → AddZeroClass (?m.62 i i_1 i_2)
    [type_class] ℕ → Q.Vertex → Q.Vertex → Field k
    [type_class] (i : ℕ) → (i_1 i_2 : Q.Vertex) → AddZeroClass (?m.52 i i_1 i_2)
    [type_class] ℕ → Q.Vertex → Q.Vertex → Field k
    [type_class] ℕ → Q.Vertex → Q.Vertex → Field k
    [type_class] (i : ℕ) → (i_1 i_2 : Q.Vertex) → AddZeroClass (?m.49 i i_1 i_2)
    [type_class] (i : ℕ) → (i_1 i_2 : Q.Vertex) → AddZeroClass (?m.51 i i_1 i_2)
    [type_class] ℕ → Q.Vertex → Q.Vertex → Field k
    [type_class] ℕ → Q.Vertex → Q.Vertex → Field k
  [def_eq] heuristic for solving `f a =?= f b` (max: 522, num: 20):
    [def_eq] Pi.instZero ↦ 522
    [def_eq] instHAdd ↦ 479
    [def_eq] Int.add ↦ 456
    [def_eq] Pi.addMonoid ↦ 278
    [def_eq] Pi.addCommGroup ↦ 112
    [def_eq] Pi.addCommMonoid ↦ 104
    [def_eq] DFinsupp.mapRange ↦ 72
    [def_eq] Pi.instAdd ↦ 70
    [def_eq] Pi.module ↦ 64
    [def_eq] DirectSum.semiring ↦ 50
    [def_eq] MulOpposite.instZero ↦ 45
    [def_eq] MulOpposite.op ↦ 45
    [def_eq] MulOpposite.instAdd ↦ 43
    [def_eq] MulOpposite.instAddCommMonoid ↦ 43
    [def_eq] MulOpposite.instSMul ↦ 43
    [def_eq] DirectSum ↦ 42
    [def_eq] TensorProduct ↦ 41
    [def_eq] DFinsupp.instZero ↦ 37
    [def_eq] DFinsupp.instAdd ↦ 35
    [def_eq] ASRegular ↦ 21
  [kernel] unfolded declarations (max: 8170, num: 94):
    [kernel] HAdd.hAdd ↦ 8170
    [kernel] Add.add ↦ 6160
    [kernel] PeriodIso.CutGradedHom ↦ 5820
    [kernel] SubNegMonoid.toAddMonoid ↦ 3998
    [kernel] AddGroup.toSubNegMonoid ↦ 3492
    [kernel] AddCommGroup.toAddGroup ↦ 3288
    [kernel] Hom ↦ 3210
    [kernel] AddSemigroup.toAdd ↦ 2974
    [kernel] AddMonoid.toAddSemigroup ↦ 2726
    [kernel] homAdd ↦ 2570
    [kernel] instHAdd ↦ 2144
    [kernel] AddCommGroup.toAddCommMonoid ↦ 1934
    [kernel] AddCommMonoid.toAddMonoid ↦ 1726
    [kernel] Pi.addSemigroup ↦ 1224
    [kernel] Pi.instAdd ↦ 1224
    [kernel] Pi.addCommMonoid ↦ 1020
    [kernel] Pi.addMonoid ↦ 1020
    [kernel] Pi.subNegMonoid ↦ 1020
    [kernel] PeriodIso.CutGradedBlock ↦ 844
    [kernel] Pi.addCommGroup ↦ 816
    [kernel] Pi.addGroup ↦ 816
    [kernel] AddCommSemigroup.toAddSemigroup ↦ 645
    [kernel] AddCommMonoid.toAddCommSemigroup ↦ 434
    [kernel] DirectSum.GRing.toGSemiring ↦ 426
    [kernel] DFunLike.coe ↦ 421
    [kernel] AddZero.toZero ↦ 348
    [kernel] OfNat.ofNat ↦ 318
    [kernel] ZeroHom.toFun ↦ 268
    [kernel] HSMul.hSMul ↦ 250
    [kernel] homModule ↦ 232
    [kernel] AddZeroClass.toAddZero ↦ 228
    [kernel] AddMonoidHom.toZeroHom ↦ 210
    [kernel] Pi.addCommSemigroup ↦ 204
    [kernel] AlgebraEnvelopingRing ↦ 199
    [kernel] SMul.smul ↦ 196
    [kernel] CutGradedAlgebra ↦ 150
    [kernel] PeriodIso.CutGradedRing ↦ 150
    [kernel] AddZero.toAdd ↦ 122
    [kernel] Ring.toSemiring ↦ 110
    [kernel] DFinsupp.support' ↦ 108
    [kernel] Function.Injective.addMonoid ↦ 104
    [kernel] Trunc.lift ↦ 98
    [kernel] Zero.zero ↦ 86
    [kernel] DFinsupp.toFun ↦ 84
    [kernel] AddMonoidHom.instFunLike ↦ 82
    [kernel] NonUnitalNonAssocSemiring.toAddCommMonoid ↦ 69
    [kernel] Function.Injective.addZeroClass ↦ 68
    [kernel] Function.Injective.addCommMonoid ↦ 61
    [kernel] CutQuiver.Vertex ↦ 56
    [kernel] inferInstance ↦ 55
    [kernel] AddMonoid.toZero ↦ 55
    [kernel] List.rec ↦ 52
    [kernel] MulOpposite.instAdd ↦ 52
    [kernel] AddMonoid.toAddZeroClass ↦ 49
    [kernel] HMul.hMul ↦ 48
    [kernel] Mul.mul ↦ 48
    [kernel] unop ↦ 48
    [kernel] Quot.lift ↦ 48
    [kernel] Subtype.val ↦ 48
    [kernel] Equiv.toFun ↦ 45
    [kernel] EquivLike.coe ↦ 45
    [kernel] EquivLike.toFunLike ↦ 45
    [kernel] DFinsupp.instAdd ↦ 44
    [kernel] AddEquiv.instEquivLike ↦ 40
    [kernel] AddEquiv.toEquiv ↦ 40
    [kernel] DFinsupp.liftAddHom ↦ 40
    [kernel] DFinsupp.sumAddHom ↦ 40
    [kernel] DFinsupp.sumZeroHom ↦ 40
    [kernel] DirectSum.toAddMonoid ↦ 40
    [kernel] instHSMul ↦ 39
    [kernel] AddCommMagma.toAdd ↦ 39
    [kernel] Zero.toOfNat0 ↦ 37
    [kernel] Multiset.ofList ↦ 36
    [kernel] Quot.liftOn ↦ 36
    [kernel] Quiver.Hom ↦ 34
    [kernel] instAddCommMonoidDirectSum ↦ 33
    [kernel] DFinsupp.addCommMonoid ↦ 33
    [kernel] MulAction.toSMul ↦ 33
    [kernel] AddCommSemigroup.toAddCommMagma ↦ 32
    [kernel] MulOpposite.instSMul ↦ 32
    [kernel] Semiring.toNonAssocSemiring ↦ 31
    [kernel] AddMonoidHom.flip ↦ 30
    [kernel] ZeroHom.funLike ↦ 30
    [kernel] AddMonoid.nsmul ↦ 28
    [kernel] Algebra.toSMul ↦ 28
    [kernel] SMulZeroClass.toSMul ↦ 28
    [kernel] List.brecOn ↦ 27
    [kernel] List.casesOn ↦ 27
    [kernel] List.getLast?.match_1 ↦ 27
    [kernel] DistribMulAction.toMulAction ↦ 25
    [kernel] DistribSMul.toSMulZeroClass ↦ 24
    [kernel] NonUnitalSemiring.toNonUnitalNonAssocSemiring ↦ 23
    [kernel] DFinsupp.instZero ↦ 22
    [kernel] CategoryStruct.toQuiver ↦ 22
  use `set_option diagnostics.threshold <num>` to control threshold for reporting counters
work/derived-hom-native-grading-probe-2.lean:33:77: error: (deterministic) timeout at `isDefEq`, maximum number of heartbeats (50000) has been reached

Note: Use `set_option maxHeartbeats <num>` to set the limit.
[diag] Diagnostics
  [reduction] unfolded declarations (max: 6756, num: 15):
    [reduction] Add.add ↦ 6756
    [reduction] HAdd.hAdd ↦ 6715
    [reduction] AddMonoid.toZero ↦ 6273
    [reduction] SMul.smul ↦ 1776
    [reduction] HSMul.hSMul ↦ 1768
    [reduction] AddMonoid.nsmul ↦ 1119
    [reduction] OfNat.ofNat ↦ 884
    [reduction] Zero.zero ↦ 804
    [reduction] MulOpposite ↦ 169
    [reduction] DirectSum ↦ 153
    [reduction] NatCast.natCast ↦ 119
    [reduction] DFunLike.coe ↦ 72
    [reduction] MulOpposite.unop ↦ 53
    [reduction] DFinsupp.zipWith ↦ 32
    [reduction] MulOpposite.op ↦ 29
  [reduction] unfolded instances (max: 22079, num: 87):
    [reduction] AddCommGroup.toAddGroup ↦ 22079
    [reduction] AddGroup.toSubNegMonoid ↦ 17055
    [reduction] SubNegMonoid.toAddMonoid ↦ 11748
    [reduction] AddZeroClass.toAddZero ↦ 10613
    [reduction] AddZero.toZero ↦ 10014
    [reduction] AddCommMonoid.toAddMonoid ↦ 7482
    [reduction] instHAdd ↦ 6626
    [reduction] AddMonoid.toAddZeroClass ↦ 6231
    [reduction] Pi.addMonoid ↦ 4991
    [reduction] AddCommGroup.toAddCommMonoid ↦ 4851
    [reduction] Pi.addZeroClass ↦ 3649
    [reduction] Pi.addCommGroup ↦ 3612
    [reduction] Pi.addGroup ↦ 3612
    [reduction] Pi.subNegMonoid ↦ 3612
    [reduction] instAddNat ↦ 3197
    [reduction] Int.instAdd ↦ 3109
    [reduction] Pi.addCommMonoid ↦ 2296
    [reduction] AddMonoid.toAddSemigroup ↦ 2041
    [reduction] Semiring.toNonUnitalSemiring ↦ 1997
    [reduction] NonUnitalSemiring.toNonUnitalNonAssocSemiring ↦ 1803
    [reduction] instHSMul ↦ 1768
    [reduction] AddSemigroup.toAdd ↦ 1651
    [reduction] NonUnitalNonAssocSemiring.toAddCommMonoid ↦ 1528
    [reduction] Ring.toSemiring ↦ 1336
    [reduction] AddMonoid.toNatSMul ↦ 1113
    [reduction] NonAssocSemiring.toNonUnitalNonAssocSemiring ↦ 769
    [reduction] Semiring.toNonAssocSemiring ↦ 769
    [reduction] CommRing.toRing ↦ 742
    [reduction] Pi.addSemigroup ↦ 714
    [reduction] DirectSum.instNonUnitalNonAssocSemiring ↦ 621
    [reduction] DirectSum.semiring ↦ 621
    [reduction] AddZero.toAdd ↦ 599
    [reduction] instAddCommMonoidDirectSum ↦ 592
    [reduction] DFinsupp.addCommMonoid ↦ 592
    [reduction] Zero.toOfNat0 ↦ 550
    [reduction] DirectSum.ring ↦ 503
    [reduction] Module.toDistribMulAction ↦ 459
    [reduction] NonUnitalNonAssocRing.toNonUnitalNonAssocSemiring ↦ 401
    [reduction] DistribMulAction.toMulAction ↦ 387
    [reduction] NonAssocRing.toNonUnitalNonAssocRing ↦ 384
    [reduction] Ring.toNonAssocRing ↦ 384
    [reduction] NonUnitalNonAssocRing.toAddCommGroup ↦ 383
    [reduction] MulAction.toSMul ↦ 321
    [reduction] DFinsupp.hasNatScalar ↦ 314
    [reduction] DirectSum.GRing.toGSemiring ↦ 228
    [reduction] MulOpposite.instNonUnitalNonAssocSemiring ↦ 200
    [reduction] MulOpposite.instNonUnitalSemiring ↦ 200
    [reduction] MulOpposite.instSemiring ↦ 200
    [reduction] SMulZeroClass.toSMul ↦ 171
    [reduction] Pi.instAdd ↦ 169
    [reduction] MulOpposite.instAddCommMonoid ↦ 167
    [reduction] Algebra.toSMul ↦ 151
    [reduction] Pi.instZero ↦ 144
    [reduction] DistribSMul.toSMulZeroClass ↦ 135
    [reduction] MulOpposite.instSMul ↦ 128
    [reduction] MulOpposite.instAddMonoid ↦ 120
    [reduction] Algebra.toModule ↦ 100
    [reduction] AddCommMagma.toAdd ↦ 95
    [reduction] AddCommMonoid.toAddCommSemigroup ↦ 95
    [reduction] AddCommSemigroup.toAddCommMagma ↦ 95
    [reduction] AddCommSemigroup.toAddSemigroup ↦ 95
    [reduction] DistribMulAction.toDistribSMul ↦ 80
    [reduction] DFinsupp.instDFunLike ↦ 72
    [reduction] Pi.distribMulAction ↦ 72
    [reduction] Pi.instSMul ↦ 72
    [reduction] Pi.module ↦ 72
    [reduction] Pi.mulAction ↦ 72
    [reduction] MulOpposite.instDistribMulAction ↦ 53
    [reduction] MulOpposite.instMulAction ↦ 53
    [reduction] Semifield.toCommSemiring ↦ 51
    [reduction] MulOpposite.instModule ↦ 49
    [reduction] MulOpposite.instAdd ↦ 47
    [reduction] Field.toCommRing ↦ 46
    [reduction] Algebra.TensorProduct.instRing ↦ 46
    [reduction] MulOpposite.instAlgebra ↦ 45
    [reduction] DFinsupp.distribMulAction ↦ 44
    [reduction] DFinsupp.module ↦ 44
    [reduction] DirectSum.instModule ↦ 44
    [reduction] CommSemiring.toSemiring ↦ 43
    [reduction] Field.toSemifield ↦ 43
    [reduction] DivisionSemiring.toSemiring ↦ 42
    [reduction] DFinsupp.instAdd ↦ 39
    [reduction] DirectSum.instAlgebra ↦ 38
    [reduction] DFinsupp.instSMulZeroClass ↦ 36
    [reduction] Semifield.toDivisionSemiring ↦ 34
    [reduction] TensorProduct.addCommMonoid ↦ 33
    [reduction] Algebra.TensorProduct.instSemiring ↦ 33
  [reduction] unfolded reducible declarations (max: 23188, num: 25):
    [reduction] CutQuiver.Vertex ↦ 23188
    [reduction] homAdd ↦ 21595
    [reduction] PeriodIso.CutGradedHom ↦ 5730
    [reduction] Hom ↦ 5601
    [reduction] inferInstance ↦ 1227
    [reduction] Function.Injective.addZeroClass ↦ 865
    [reduction] Function.Injective.addMonoid ↦ 824
    [reduction] Function.Injective.addCommMonoid ↦ 759
    [reduction] PeriodIso.CutGradedBlock ↦ 705
    [reduction] CutGradedAlgebra ↦ 522
    [reduction] homModule ↦ 482
    [reduction] PeriodIso.CutGradedRing ↦ 414
    [reduction] DFinsupp.toFun ↦ 135
    [reduction] DFinsupp.support' ↦ 114
    [reduction] AlgebraEnvelopingRing ↦ 101
    [reduction] Nat.cast ↦ 83
    [reduction] outParam ↦ 73
    [reduction] PreOpposite.unop' ↦ 64
    [reduction] Function.Injective.distribSMul ↦ 55
    [reduction] Function.Injective.smulZeroClass ↦ 55
    [reduction] DecidableEq ↦ 47
    [reduction] inferInstanceAs ↦ 45
    [reduction] Function.Injective.distribMulAction ↦ 44
    [reduction] semiOutParam ↦ 27
    [reduction] Subtype.val ↦ 24
  [type_class] used instances (max: 88, num: 1):
    [type_class] Pi.addZeroClass ↦ 88
  [type_class] max synth pending failures (maxSynthPendingDepth: 1), use `set_option maxSynthPendingDepth <limit>`
    [type_class] ℕ → Q.Vertex → Q.Vertex → Field k
    [type_class] ℕ → Q.Vertex → Q.Vertex → Field k
    [type_class] (i : ℕ) → (i_1 i_2 : Q.Vertex) → AddZeroClass (?m.90 i i_1 i_2)
    [type_class] ℕ → Q.Vertex → Q.Vertex → Field k
    [type_class] (i : ℕ) → AddCommGroup ((periodIso A Q hAS).CutGradedBlock (fun i => ↑↑i) i)
    [type_class] (i : ℕ) → (i_1 i_2 : Q.Vertex) → AddZeroClass (?m.85 i i_1 i_2)
    [type_class] (i : ℕ) → (i_1 i_2 : Q.Vertex) → AddZeroClass (?m.60 i i_1 i_2)
    [type_class] AddCommMonoid ℕ
    [type_class] (i : ℕ) → (i_1 i_2 : Q.Vertex) → AddZeroClass (?m.57 i i_1 i_2)
    [type_class] (i : ℕ) → (i_1 i_2 : Q.Vertex) → AddZeroClass (?m.59 i i_1 i_2)
    [type_class] (i : ℕ) → AddCommGroup ((periodIso A Q hAS).CutGradedBlock (fun i => ↑↑i) i)
    [type_class] ℕ → Q.Vertex → Q.Vertex → Field k
    [type_class] ℕ → Q.Vertex → Q.Vertex → Field k
    [type_class] ℕ → Q.Vertex → Q.Vertex → Field k
    [type_class] (i : ℕ) → AddCommGroup ((periodIso A Q hAS).CutGradedBlock (fun i => ↑↑i) i)
    [type_class] (i : ℕ) → (i_1 i_2 : Q.Vertex) → AddZeroClass (?m.88 i i_1 i_2)
    [type_class] (i : ℕ) → AddCommGroup ((periodIso A Q hAS).CutGradedBlock (fun i => ↑↑i) i)
    [type_class] (i : ℕ) → (i_1 i_2 : Q.Vertex) → AddZeroClass (?m.87 i i_1 i_2)
    [type_class] (i : ℕ) → (i_1 i_2 : Q.Vertex) → AddZeroClass (?m.62 i i_1 i_2)
    [type_class] (i : ℕ) → AddCommGroup ((periodIso A Q hAS).CutGradedBlock (fun i => ↑↑i) i)
  [def_eq] heuristic for solving `f a =?= f b` (max: 3211, num: 23):
    [def_eq] instHAdd ↦ 3211
    [def_eq] Int.add ↦ 3103
    [def_eq] Pi.instZero ↦ 1752
    [def_eq] Pi.addMonoid ↦ 334
    [def_eq] Pi.instAdd ↦ 244
    [def_eq] Pi.addCommMonoid ↦ 221
    [def_eq] DFinsupp.mapRange ↦ 175
    [def_eq] Pi.module ↦ 142
    [def_eq] DFinsupp.instZero ↦ 128
    [def_eq] DFinsupp.instAdd ↦ 122
    [def_eq] MulOpposite ↦ 92
    [def_eq] Pi.addCommGroup ↦ 88
    [def_eq] DirectSum.semiring ↦ 87
    [def_eq] MulOpposite.instAddCommMonoid ↦ 77
    [def_eq] Algebra.toModule ↦ 64
    [def_eq] MulOpposite.instAdd ↦ 54
    [def_eq] MulOpposite.op ↦ 52
    [def_eq] MulOpposite.instZero ↦ 51
    [def_eq] DirectSum.instAlgebra ↦ 48
    [def_eq] MulOpposite.instSMul ↦ 45
    [def_eq] TensorProduct ↦ 40
    [def_eq] DirectSum ↦ 34
    [def_eq] ASRegular ↦ 26
  use `set_option diagnostics.threshold <num>` to control threshold for reporting counters
work/derived-hom-native-grading-probe-2.lean:25:18: error: (deterministic) timeout at `whnf`, maximum number of heartbeats (50000) has been reached

Note: Use `set_option maxHeartbeats <num>` to set the limit.
