@LinearEquiv : {R : Type u_1} →
  {S : Type u_2} →
    [inst : Semiring R] →
      [inst_1 : Semiring S] →
        (σ : R →+* S) →
          {σ' : S →+* R} →
            [RingHomInvPair σ σ'] →
              [RingHomInvPair σ' σ] →
                (M : Type u_3) →
                  (M₂ : Type u_4) →
                    [inst_4 : AddCommMonoid M] →
                      [inst_5 : AddCommMonoid M₂] → [Module R M] → [Module S M₂] → Type (max u_3 u_4)
@AddEquiv.toLinearEquiv : {R : Type u_1} →
  {M : Type u_2} →
    {M₂ : Type u_3} →
      [inst : Semiring R] →
        [inst_1 : AddCommMonoid M] →
          [inst_2 : AddCommMonoid M₂] →
            [inst_3 : Module R M] →
              [inst_4 : Module R M₂] → (e : M ≃+ M₂) → (∀ (c : R) (x : M), e (c • x) = c • e x) → M ≃ₗ[R] M₂
@ModuleCat.moduleOfAlgebraModule : {k : Type u_2} →
  [inst : Field k] → {A : Type u_3} → [inst_1 : Ring A] → [Algebra k A] → (M : ModuleCat A) → Module k ↑M
@ModuleCat.Algebra.instModuleCarrier : {S₀ : Type u_3} →
  [inst : CommSemiring S₀] → {S : Type u_2} → [inst_1 : Ring S] → [Algebra S₀ S] → {M : ModuleCat S} → Module S₀ ↑M
work/derived_hom_scalar_probe.lean:6:8: error(lean.unknownIdentifier): Unknown constant `ModuleCat.Algebra.instSMulCarrier`
@LinearMap.module : {R : Type u_1} →
  {R₂ : Type u_2} →
    {S : Type u_3} →
      {M : Type u_4} →
        {M₂ : Type u_5} →
          [inst : Semiring R] →
            [inst_1 : Semiring R₂] →
              [inst_2 : AddCommMonoid M] →
                [inst_3 : AddCommMonoid M₂] →
                  [inst_4 : Module R M] →
                    [inst_5 : Module R₂ M₂] →
                      {σ₁₂ : R →+* R₂} →
                        [inst_6 : Semiring S] →
                          [inst_7 : Module S M₂] → [SMulCommClass R₂ S M₂] → Module S (M →ₛₗ[σ₁₂] M₂)
