work/ASGinzburgDraft/PeriodCutEnvelopingDegreeZeroBridge.lean:34:0: warning: automatically included section variable(s) unused in theorem `ASGinzburg.ZAlgebra.PeriodIso.cutEnvelopingZeroTensorDegreeEquiv_apply`:
  [Fintype ι]
consider restructuring your `variable` declarations so that the variables are not in scope or explicitly omit them:
  omit [Fintype ι] in theorem ...

Note: This linter can be disabled with `set_option linter.unusedSectionVars false`
work/ASGinzburgDraft/PeriodCutEnvelopingDegreeZeroBridge.lean:52:2: error: unsolved goals
case pos
k : Type u
inst✝¹ : Field k
A : ZAlgebra k
p : ℤ
E : A.PeriodIso p
ι : Type w
inst✝ : Fintype ι
vertex : ι → ℤ
x : E.CutEnvelopingBlock vertex (0, 0)
d : CutEnvelopingDegreePairs 0
⊢ ((DirectSum.of (E.CutEnvelopingBlock vertex) (0, 0)) x) ↑cutEnvelopingDegreePairZero = x
work/ASGinzburgDraft/PeriodCutEnvelopingDegreeZeroBridge.lean:78:8: error: Function expected at
  DirectSum.of_injective ?m.68 ?m.71
but this term has type
  ?m.69 = ?m.70

Note: Expected a function because this term is being applied to the argument
  h'
work/ASGinzburgDraft/PeriodCutEnvelopingDegreeZeroBridge.lean:103:12: error: failed to synthesize
  ZeroHomClass
    (AlgebraEnvelopingRing k (E.CutGradedBlock (fun i => ↑↑i) 0) ≃ₗ[k] E.CutEnvelopingDegreeBlock (fun i => ↑↑i) 0)
    ?m.70 ?m.71
(deterministic) timeout at `typeclass`, maximum number of heartbeats (20000) has been reached

Note: Use `set_option synthInstance.maxHeartbeats <num>` to set the limit.

Hint: Additional diagnostic information may be available using the `set_option diagnostics true` command.

Hint: Additional diagnostic information may be available using the `set_option diagnostics true` command.
work/ASGinzburgDraft/PeriodCutEnvelopingDegreeZeroBridge.lean:109:21: error: failed to synthesize
  AddHomClass
    (AlgebraEnvelopingRing k (E.CutGradedBlock (fun i => ↑↑i) 0) ≃ₗ[k] E.CutEnvelopingDegreeBlock (fun i => ↑↑i) 0)
    ?m.134 ?m.135
(deterministic) timeout at `typeclass`, maximum number of heartbeats (20000) has been reached

Note: Use `set_option synthInstance.maxHeartbeats <num>` to set the limit.

Hint: Additional diagnostic information may be available using the `set_option diagnostics true` command.

Hint: Additional diagnostic information may be available using the `set_option diagnostics true` command.
