work/ASGinzburgDraft/GradedOrdinaryHomComponents.lean:28:6: error: failed to synthesize
  DirectSum.Decomposition N.grade

Hint: Additional diagnostic information may be available using the `set_option diagnostics true` command.
work/ASGinzburgDraft/GradedOrdinaryHomComponents.lean:40:8: warning: declaration uses 'sorry'
work/ASGinzburgDraft/GradedOrdinaryHomComponents.lean:54:6: warning: 'change homogeneousComponent k N.ringModule N.grade (p + s + q) (f.hom (r • x)) = _' tactic does nothing

Note: This linter can be disabled with `set_option linter.unusedTactic false`
work/ASGinzburgDraft/GradedOrdinaryHomComponents.lean:55:6: warning: 'rw [f.hom.map_smul]' tactic does nothing

Note: This linter can be disabled with `set_option linter.unusedTactic false`
work/ASGinzburgDraft/GradedOrdinaryHomComponents.lean:56:6: warning: 'have h :=
  homogeneousLinearMap_shifted_component k N.ringModule N.ringModule N.grade N.grade
    (Algebra.lsmul k k N.ringModule (r : R)) p
    (fun t y hy => by simpa only [add_comm] using N.smul_mem p t r r.property y hy) (s + q) (f x)' tactic does nothing

Note: This linter can be disabled with `set_option linter.unusedTactic false`
work/ASGinzburgDraft/GradedOrdinaryHomComponents.lean:61:6: warning: 'simpa only [Algebra.lsmul_apply, add_assoc, add_comm, add_left_comm] using h.symm' tactic does nothing

Note: This linter can be disabled with `set_option linter.unusedTactic false`
work/ASGinzburgDraft/GradedOrdinaryHomComponents.lean:55:6: warning: this tactic is never executed

Note: This linter can be disabled with `set_option linter.unreachableTactic false`
work/ASGinzburgDraft/GradedOrdinaryHomComponents.lean:56:6: warning: this tactic is never executed

Note: This linter can be disabled with `set_option linter.unreachableTactic false`
work/ASGinzburgDraft/GradedOrdinaryHomComponents.lean:61:6: warning: this tactic is never executed

Note: This linter can be disabled with `set_option linter.unreachableTactic false`
work/ASGinzburgDraft/GradedOrdinaryHomComponents.lean:75:6: error: failed to synthesize
  DirectSum.Decomposition N.grade

Hint: Additional diagnostic information may be available using the `set_option diagnostics true` command.
work/ASGinzburgDraft/GradedOrdinaryHomComponents.lean:78:8: warning: declaration uses 'sorry'
work/ASGinzburgDraft/GradedOrdinaryHomComponents.lean:83:2: warning: 'exact (DirectSum.decompose N.grade (f x) p).property' tactic does nothing

Note: This linter can be disabled with `set_option linter.unusedTactic false`
work/ASGinzburgDraft/GradedOrdinaryHomComponents.lean:83:2: warning: this tactic is never executed

Note: This linter can be disabled with `set_option linter.unreachableTactic false`
