'ASGinzburg.ZAlgebra.ASRegular.cutOrdinarySimpleProjectiveResolution_minimal_succ' depends on axioms: [propext,
 Classical.choice,
 Quot.sound]
'ASGinzburg.ZAlgebra.ASRegular.cutOrdinarySimpleProjectiveResolution_minimal' depends on axioms: [propext,
 Classical.choice,
 Quot.sound]
'ASGinzburg.ZAlgebra.ASRegular.cutGradedSimpleProjectiveResolution_topTerm_eq' depends on axioms: [propext,
 Classical.choice,
 Quot.sound]
'ASGinzburg.ZAlgebra.ASRegular.cutOrdinarySimpleProjectiveResolution_topTerm_eq' depends on axioms: [propext,
 Classical.choice,
 Quot.sound]
'ASGinzburg.ZAlgebra.ASRegular.cutGradedSimpleProjectiveResolution_topTerm_grade_lower_bound' depends on axioms: [propext,
 Classical.choice,
 Quot.sound]
'ASGinzburg.ZAlgebra.ASRegular.cutOrdinarySimpleProjectiveResolution_topTerm_not_isZero' depends on axioms: [propext,
 Classical.choice,
 Quot.sound]
'ASGinzburg.ZAlgebra.ASRegular.cutOrdinarySimple' depends on axioms: [propext, Classical.choice, Quot.sound]
'ASGinzburg.ZAlgebra.ASRegular.cutCornerResolution_ring_projective' depends on axioms: [propext,
 Classical.choice,
 Quot.sound]
'ASGinzburg.ZAlgebra.ASRegular.cutOrdinarySimpleProjectiveResolution' depends on axioms: [propext,
 Classical.choice,
 Quot.sound]
'ASGinzburg.ZAlgebra.ASRegular.cutOrdinarySimpleProjectiveResolution_finite' depends on axioms: [propext,
 Classical.choice,
 Quot.sound]
'ASGinzburg.ZAlgebra.ASRegular.cutOrdinarySimpleProjectiveResolution_isZero_ge_four' depends on axioms: [propext,
 Classical.choice,
 Quot.sound]
'ASGinzburg.ZAlgebra.ASRegular.cutOrdinarySimpleFieldEquiv' depends on axioms: [propext, Classical.choice, Quot.sound]
'ASGinzburg.ZAlgebra.ASRegular.cutOrdinarySimpleFieldEquiv_smul' depends on axioms: [propext,
 Classical.choice,
 Quot.sound]
'ASGinzburg.ZAlgebra.ASRegular.cutOrdinarySimpleVertexLinearEquiv' depends on axioms: [propext,
 Classical.choice,
 Quot.sound]
'ASGinzburg.ZAlgebra.ASRegular.cutOrdinarySimpleSheetIso' depends on axioms: [propext, Classical.choice, Quot.sound]
'ASGinzburg.ZAlgebra.ASRegular.cutOrdinarySimple_hasProjectiveDimensionLE_three' depends on axioms: [propext,
 Classical.choice,
 Quot.sound]
'ASGinzburg.ZAlgebra.ASRegular.cutOrdinarySimple_ext_ge_four_eq_zero' depends on axioms: [propext,
 Classical.choice,
 Quot.sound]
'ASGinzburg.ZAlgebra.ASRegular.cutOrdinarySimple_space_finrank' depends on axioms: [propext,
 Classical.choice,
 Quot.sound]
'ASGinzburg.ZAlgebra.ASRegular.cutOrdinarySimple_simple' depends on axioms: [propext, Classical.choice, Quot.sound]
'ASGinzburg.ZAlgebra.ASRegular.cutOrdinarySimpleTorRadicalQuotient_three_not_isZero' depends on axioms: [propext,
 Classical.choice,
 Quot.sound]
'ASGinzburg.ZAlgebra.ASRegular.cutOrdinarySimple_projectiveDimension_ge_three' depends on axioms: [propext,
 Classical.choice,
 Quot.sound]
'ASGinzburg.ZAlgebra.ASRegular.cutOrdinarySimple_projectiveDimension_eq_three' depends on axioms: [propext,
 Classical.choice,
 Quot.sound]
'ASGinzburg.ZAlgebra.ASRegular.cutOrdinarySimpleTopTensor_not_isZero' depends on axioms: [propext,
 Classical.choice,
 Quot.sound]
'ASGinzburg.ZAlgebra.ASRegular.cutOrdinarySimpleTorRadicalQuotientIso' depends on axioms: [propext,
 Classical.choice,
 Quot.sound]
'ASGinzburg.ZAlgebra.ASRegular.cutOrdinarySimpleTorRadicalQuotient_isZero_ge_four' depends on axioms: [propext,
 Classical.choice,
 Quot.sound]
'ASGinzburg.ZAlgebra.ASRegular.cutRegularEnveloping_projectiveDimension_ge_three' depends on axioms: [propext,
 Classical.choice,
 Quot.sound]
'ASGinzburg.ZAlgebra.ASRegular.cutSemisimpleBimodule_projective' depends on axioms: [propext,
 Classical.choice,
 Quot.sound]
'ASGinzburg.ZAlgebra.ASRegular.cutSemisimpleBimodule_finite' depends on axioms: [propext, Classical.choice, Quot.sound]
'ASGinzburg.ZAlgebra.ASRegular.cutSemisimpleRightObject' depends on axioms: [propext, Classical.choice, Quot.sound]
'ASGinzburg.ZAlgebra.ASRegular.cutSemisimpleRightVertexIso' depends on axioms: [propext, Classical.choice, Quot.sound]
'ASGinzburg.ZAlgebra.ASRegular.cutSemisimpleRight_hasProjectiveDimensionLE_three' depends on axioms: [propext,
 Classical.choice,
 Quot.sound]
'ASGinzburg.ZAlgebra.ASRegular.cutSemisimpleRight_ext_ge_four_eq_zero' depends on axioms: [propext,
 Classical.choice,
 Quot.sound]
'ASGinzburg.ZAlgebra.ASRegular.cutSemisimpleRightProjectiveResolution' depends on axioms: [propext,
 Classical.choice,
 Quot.sound]
'ASGinzburg.ZAlgebra.ASRegular.cutSemisimpleRightProjectiveResolution_finite' depends on axioms: [propext,
 Classical.choice,
 Quot.sound]
'ASGinzburg.ZAlgebra.ASRegular.cutSemisimpleRightProjectiveResolution_isZero_ge_four' depends on axioms: [propext,
 Classical.choice,
 Quot.sound]
'ASGinzburg.ZAlgebra.ASRegular.cutSemisimpleRight_projectiveDimension_ge_three' depends on axioms: [propext,
 Classical.choice,
 Quot.sound]
'ASGinzburg.ZAlgebra.ASRegular.cutSemisimpleRight_projectiveDimension_eq_three' depends on axioms: [propext,
 Classical.choice,
 Quot.sound]
'ASGinzburg.ZAlgebra.ASRegular.cutSemisimpleRightTor_isZero_ge_four' depends on axioms: [propext,
 Classical.choice,
 Quot.sound]
'ASGinzburg.ZAlgebra.ASRegular.cutSemisimpleEnvelopingEquiv' depends on axioms: [propext, Classical.choice, Quot.sound]
'ASGinzburg.ZAlgebra.ASRegular.cutSemisimpleEnveloping_isSemisimple' depends on axioms: [propext,
 Classical.choice,
 Quot.sound]
'ASGinzburg.ZAlgebra.ASRegular.cutSemisimpleBaseChangeEquiv' depends on axioms: [propext, Classical.choice, Quot.sound]
'ASGinzburg.ZAlgebra.ASRegular.cutSemisimpleBaseChange_isSemisimple' depends on axioms: [propext,
 Classical.choice,
 Quot.sound]
'ASGinzburg.envelopingLeftModule' depends on axioms: [propext, Quot.sound]
'ASGinzburg.envelopingRightModule' depends on axioms: [propext, Quot.sound]
'ASGinzburg.envelopingLeftScalarTower' depends on axioms: [propext, Quot.sound]
'ASGinzburg.envelopingRightScalarTower' depends on axioms: [propext, Quot.sound]
'ASGinzburg.envelopingActionsCommute' depends on axioms: [propext, Quot.sound]
'ASGinzburg.envelopingRightOperator' depends on axioms: [propext, Quot.sound]
'ASGinzburg.envelopingLeftLinearMap' depends on axioms: [propext, Quot.sound]
'ASGinzburg.envelopingLinearMap_right_smul' depends on axioms: [propext, Quot.sound]
'ASGinzburg.regularEnvelopingGeneratorMap' depends on axioms: [propext, Quot.sound]
'ASGinzburg.regularEnvelopingGeneratorMap_surjective' depends on axioms: [propext, Quot.sound]
'ASGinzburg.regularEnvelopingModule_finite_of_cyclic' depends on axioms: [propext, Classical.choice, Quot.sound]
'ASGinzburg.envelopingLeftModule_regular_eq' depends on axioms: [propext, Quot.sound]
'ASGinzburg.envelopingLeftModule_regular_free' depends on axioms: [propext, Classical.choice, Quot.sound]
'ASGinzburg.envelopingLeftModule_projective' depends on axioms: [propext, Classical.choice, Quot.sound]
'ASGinzburg.regularEnvelopingLeftModule_eq' depends on axioms: [propext, Quot.sound]
'ASGinzburg.regularEnvelopingRightModule_eq' depends on axioms: [propext, Quot.sound]
'ASGinzburg.regularEnvelopingLeftRestrictionIso' depends on axioms: [propext, Quot.sound]
'ASGinzburg.regularEnvelopingLeftRestrictionProjective' depends on axioms: [propext, Classical.choice, Quot.sound]
'ASGinzburg.regularEnvelopingRestrictedResolutionHomotopyEquiv' depends on axioms: [propext,
 Classical.choice,
 Quot.sound]
'ASGinzburg.envelopingLeftRestrictionFunctor' depends on axioms: [propext, Quot.sound]
'ASGinzburg.envelopingLeftRestrictionFunctorPreservesProjectiveObjects' depends on axioms: [propext,
 Classical.choice,
 Quot.sound]
'ASGinzburg.envelopingLeftRestrictionFunctorPreservesHomology' depends on axioms: [propext,
 Classical.choice,
 Quot.sound]
'ASGinzburg.envelopingLeftRestrictedProjectiveResolution' depends on axioms: [propext, Classical.choice, Quot.sound]
'ASGinzburg.tensorRightEnvelopingAugmentation' depends on axioms: [propext, Classical.choice, Quot.sound]
'ASGinzburg.tensorRightEnvelopingAugmentation_ι_zero' depends on axioms: [propext, Classical.choice, Quot.sound]
'ASGinzburg.tensorRightEnvelopingAugmentation_restrictScalars' depends on axioms: [propext,
 Classical.choice,
 Quot.sound]
'ASGinzburg.tensorRightEnvelopingBicomplexRestrictScalarsIso' depends on axioms: [propext, Classical.choice, Quot.sound]
'ASGinzburg.tensorRightEnvelopingFunctor' depends on axioms: [propext, Quot.sound]
'ASGinzburg.tensorRightEnvelopingFunctor_additive' depends on axioms: [propext, Quot.sound]
'ASGinzburg.tensorRightEnvelopingBifunctor' depends on axioms: [propext, Classical.choice, Quot.sound]
'ASGinzburg.tensorRightEnvelopingBifunctor_obj_additive' depends on axioms: [propext, Classical.choice, Quot.sound]
'ASGinzburg.tensorRightEnvelopingBifunctor_additive' depends on axioms: [propext, Classical.choice, Quot.sound]
'ASGinzburg.tensorRightEnvelopingBifunctor_map_app_tmul' depends on axioms: [propext, Classical.choice, Quot.sound]
'ASGinzburg.tensorRightEnvelopingBifunctor_obj_map_tmul' depends on axioms: [propext, Classical.choice, Quot.sound]
'ASGinzburg.tensorRightEnvelopingModule_finite' depends on axioms: [propext, Classical.choice, Quot.sound]
'ASGinzburg.tensorRightEnvelopingFinsuppDistribution' depends on axioms: [propext, Classical.choice, Quot.sound]
'ASGinzburg.tensorRightEnvelopingFinsuppDistribution_apply_tmul' depends on axioms: [propext,
 Classical.choice,
 Quot.sound]
'ASGinzburg.tensorRightEnvelopingFinsuppEquiv' depends on axioms: [propext, Classical.choice, Quot.sound]
'ASGinzburg.tensorRightEnvelopingFinsuppEquiv_single_tmul_single' depends on axioms: [propext,
 Classical.choice,
 Quot.sound]
'ASGinzburg.tensorRightEnvelopingFinsupp_free' depends on axioms: [propext, Classical.choice, Quot.sound]
'ASGinzburg.tensorRightEnvelopingFinsupp_projective' depends on axioms: [propext, Classical.choice, Quot.sound]
'ASGinzburg.rightRegularUnopLinearEquiv' depends on axioms: [propext, Quot.sound]
'ASGinzburg.tensorRightEnvelopingModule_projective' depends on axioms: [propext, Classical.choice, Quot.sound]
'ASGinzburg.tensorRightEnvelopingRegularLinearEquiv' depends on axioms: [propext, Quot.sound]
'ASGinzburg.tensorRightEnvelopingRegularLinearEquiv_tmul' depends on axioms: [propext, Quot.sound]
'ASGinzburg.tensorRightEnvelopingRegularEquiv' depends on axioms: [propext, Quot.sound]
'ASGinzburg.tensorRightEnvelopingRegularEquiv_tmul' depends on axioms: [propext, Quot.sound]
'ASGinzburg.tensorRightEnvelopingRegular_free' depends on axioms: [propext, Classical.choice, Quot.sound]
'ASGinzburg.tensorRightEnvelopingRegular_projective' depends on axioms: [propext, Classical.choice, Quot.sound]
'ASGinzburg.tensorRightEnvelopingAugmentation_quasiIso' depends on axioms: [propext, Classical.choice, Quot.sound]
'ASGinzburg.tensorRightEnvelopingResolution' depends on axioms: [propext, Classical.choice, Quot.sound]
'ASGinzburg.tensorRightEnvelopingResolution_finite' depends on axioms: [propext, Classical.choice, Quot.sound]
'ASGinzburg.tensorRightEnvelopingResolution_isZero' depends on axioms: [propext, Classical.choice, Quot.sound]
'ASGinzburg.tensorRightEnvelopingRestrictScalarsIso' depends on axioms: [propext, Classical.choice, Quot.sound]
'ASGinzburg.tensorRightEnvelopingRestrictScalarsIso_hom_apply' depends on axioms: [propext,
 Classical.choice,
 Quot.sound]
'ASGinzburg.tensorRightEnvelopingRestrictScalarsIso_inv_apply' depends on axioms: [propext,
 Classical.choice,
 Quot.sound]
'ASGinzburg.tensorRightEnvelopingBicomplex' depends on axioms: [propext, Classical.choice, Quot.sound]
'ASGinzburg.tensorRightEnvelopingBicomplex_projective' depends on axioms: [propext, Classical.choice, Quot.sound]
'ASGinzburg.tensorRightEnvelopingTotal' depends on axioms: [propext, Classical.choice, Quot.sound]
'ASGinzburg.tensorRightEnvelopingTotal_projective' depends on axioms: [propext, Classical.choice, Quot.sound]
'ASGinzburg.tensorRightEnvelopingTotalRestrictScalarsIso' depends on axioms: [propext, Classical.choice, Quot.sound]
'ASGinzburg.ι_tensorRightEnvelopingTotalRestrictScalarsIso_inv_f' depends on axioms: [propext,
 Classical.choice,
 Quot.sound]
'ASGinzburg.algebraModuleRestrictScalarsIso_inv_mem_span' depends on axioms: [propext, Classical.choice, Quot.sound]
'ASGinzburg.algebraModuleRestrictScalarsIso_inv_mem_actionSpan' depends on axioms: [propext,
 Classical.choice,
 Quot.sound]
'ASGinzburg.algebraModuleRestrictScalarsIso' depends on axioms: [propext, Quot.sound]
'ASGinzburg.algebraModuleRestrictScalarsIso_hom_apply' depends on axioms: [propext, Quot.sound]
'ASGinzburg.algebraModuleRestrictScalarsIso_inv_apply' depends on axioms: [propext, Quot.sound]
'ASGinzburg.balancedTensorAdjunction_unit_apply' depends on axioms: [propext, Classical.choice, Quot.sound]
'ASGinzburg.balancedTensorAdjunction_counit_tmul' depends on axioms: [propext, Classical.choice, Quot.sound]
'ASGinzburg.BalancedTensorMinimalDifferentials' depends on axioms: [propext, Quot.sound]
'ASGinzburg.balancedTensorTorMinimalDifferentials_isZero_iff' depends on axioms: [propext, Classical.choice, Quot.sound]
'ASGinzburg.balancedTensorDualCurry' depends on axioms: [propext, Classical.choice, Quot.sound]
'ASGinzburg.balancedTensorDualCurry_apply' depends on axioms: [propext, Classical.choice, Quot.sound]
'ASGinzburg.balancedTensorDualRestrict' depends on axioms: [propext, Quot.sound]
'ASGinzburg.balancedTensorDualRestrict_apply' depends on axioms: [propext, Quot.sound]
'ASGinzburg.balancedTensorDualRestrict_surjective' depends on axioms: [propext, Classical.choice, Quot.sound]
'ASGinzburg.balancedTensorDualUncurry' depends on axioms: [propext, Classical.choice, Quot.sound]
'ASGinzburg.balancedTensorDualUncurry_tmul' depends on axioms: [propext, Classical.choice, Quot.sound]
'ASGinzburg.balancedTensorFunctional_exists_extension' depends on axioms: [propext, Classical.choice, Quot.sound]
'ASGinzburg.balancedTensorMapRight_injective_of_projective' depends on axioms: [propext, Classical.choice, Quot.sound]
'ASGinzburg.balancedTensorRightFunctorPreservesMonomorphisms' depends on axioms: [propext, Classical.choice, Quot.sound]
'ASGinzburg.balancedTensorRightFunctorPreservesHomology' depends on axioms: [propext, Classical.choice, Quot.sound]
'ASGinzburg.balancedTensorRightFunctor_map_exact' depends on axioms: [propext, Classical.choice, Quot.sound]
'ASGinzburg.balancedTensorIdealAction' depends on axioms: [propext, Quot.sound]
'ASGinzburg.balancedTensorIdealAction_mem' depends on axioms: [propext, Quot.sound]
'ASGinzburg.balancedTensorIdealAction_smul_mem' depends on axioms: [propext, Classical.choice, Quot.sound]
'ASGinzburg.BalancedTensorIdealQuotient' depends on axioms: [propext, Quot.sound]
'ASGinzburg.balancedTensorQuotientScalar' depends on axioms: [propext, Quot.sound]
'ASGinzburg.balancedTensorQuotientCoefficient' depends on axioms: [propext, Classical.choice, Quot.sound]
'ASGinzburg.balancedTensorQuotientCoefficient_mk' depends on axioms: [propext, Classical.choice, Quot.sound]
'ASGinzburg.balancedTensorQuotientBilinear' depends on axioms: [propext, Classical.choice, Quot.sound]
'ASGinzburg.balancedTensorQuotientMap' depends on axioms: [propext, Classical.choice, Quot.sound]
'ASGinzburg.balancedTensorQuotientMap_tmul_mk' depends on axioms: [propext, Classical.choice, Quot.sound]
'ASGinzburg.balancedTensorQuotientInverse' depends on axioms: [propext, Classical.choice, Quot.sound]
'ASGinzburg.balancedTensorQuotientInverse_mk' depends on axioms: [propext, Classical.choice, Quot.sound]
'ASGinzburg.balancedTensorQuotientEquiv' depends on axioms: [propext, Classical.choice, Quot.sound]
'ASGinzburg.balancedTensorQuotientEquiv_tmul_mk' depends on axioms: [propext, Classical.choice, Quot.sound]
'ASGinzburg.balancedTensorQuotientEquiv_symm_mk' depends on axioms: [propext, Classical.choice, Quot.sound]
'ASGinzburg.balancedTensorRightUnitBilinear' depends on axioms: [propext, Quot.sound]
'ASGinzburg.balancedTensorRightUnitMap' depends on axioms: [propext, Classical.choice, Quot.sound]
'ASGinzburg.balancedTensorRightUnitInverse' depends on axioms: [propext, Quot.sound]
'ASGinzburg.balancedTensorRightUnitMap_tmul' depends on axioms: [propext, Classical.choice, Quot.sound]
'ASGinzburg.balancedTensorRightUnitInverse_apply' depends on axioms: [propext, Quot.sound]
'ASGinzburg.balancedTensorRightUnitEquiv' depends on axioms: [propext, Classical.choice, Quot.sound]
'ASGinzburg.balancedTensorScalarRestrictionMap' depends on axioms: [propext, Classical.choice, Quot.sound]
'ASGinzburg.balancedTensorScalarRestrictionInverse' depends on axioms: [propext, Classical.choice, Quot.sound]
'ASGinzburg.balancedTensorScalarRestrictionIso' depends on axioms: [propext, Classical.choice, Quot.sound]
'ASGinzburg.balancedTensorRight_projective_resolution_exactAt' depends on axioms: [propext,
 Classical.choice,
 Quot.sound]
'ASGinzburg.balancedTensorTor_projective_right_succ' depends on axioms: [propext, Classical.choice, Quot.sound]
'ASGinzburg.bifunctorBicomplex_exactAt_of_isZero_left' depends on axioms: [propext, Classical.choice, Quot.sound]
'ASGinzburg.bifunctorBicomplex_diagonal_exactAt_of_bounded_left' depends on axioms: [propext,
 Classical.choice,
 Quot.sound]
'ASGinzburg.bifunctorTotal_exactAt_of_bounded_left' depends on axioms: [propext, Classical.choice, Quot.sound]
'ASGinzburg.bifunctorTotal_isZero_homology_of_bounded_left' depends on axioms: [propext, Classical.choice, Quot.sound]
'ASGinzburg.bicomplexTotalProjection' depends on axioms: [propext, Classical.choice, Quot.sound]
'ASGinzburg.bicomplexTotal_ι_projection_same' depends on axioms: [propext, Classical.choice, Quot.sound]
'ASGinzburg.bicomplexTotal_ι_projection_ne' depends on axioms: [propext, Classical.choice, Quot.sound]
'ASGinzburg.bicomplexTotal_projection_ι_apply' depends on axioms: [propext, Classical.choice, Quot.sound]
'ASGinzburg.bicomplexTotal_projection_ι_apply_ne' depends on axioms: [propext, Classical.choice, Quot.sound]
'ASGinzburg.bicomplexTotalProjection_eq_zero' depends on axioms: [propext, Classical.choice, Quot.sound]
'ASGinzburg.bicomplexTotal_decomposition' depends on axioms: [propext, Classical.choice, Quot.sound]
'ASGinzburg.bicomplexTotal_decomposition_apply' depends on axioms: [propext, Classical.choice, Quot.sound]
'ASGinzburg.bicomplexTotal_D₁_projection' depends on axioms: [propext, Classical.choice, Quot.sound]
'ASGinzburg.bicomplexTotal_D₂_projection' depends on axioms: [propext, Classical.choice, Quot.sound]
'ASGinzburg.bicomplexTotal_d_projection' depends on axioms: [propext, Classical.choice, Quot.sound]
'ASGinzburg.bicomplexTotal_d_projection_of_degree' depends on axioms: [propext, Classical.choice, Quot.sound]
'ASGinzburg.bicomplexTotal_d_projection_apply' depends on axioms: [propext, Classical.choice, Quot.sound]
'ASGinzburg.bicomplexTotal_ext' depends on axioms: [propext, Classical.choice, Quot.sound]
'ASGinzburg.bicomplexMapFunctor' depends on axioms: [propext, Classical.choice, Quot.sound]
'ASGinzburg.bicomplexMapFunctor_hasTotal' depends on axioms: [propext, Classical.choice, Quot.sound]
'ASGinzburg.bicomplexTotalFunctorXIso' depends on axioms: [propext, Classical.choice, Quot.sound]
'ASGinzburg.ι_bicomplexTotalFunctorXIso_inv' depends on axioms: [propext, Classical.choice, Quot.sound]
'ASGinzburg.ιOrZero_bicomplexTotalFunctorXIso_inv' depends on axioms: [propext, Classical.choice, Quot.sound]
'ASGinzburg.d₁_bicomplexTotalFunctorXIso_inv' depends on axioms: [propext, Classical.choice, Quot.sound]
'ASGinzburg.d₂_bicomplexTotalFunctorXIso_inv' depends on axioms: [propext, Classical.choice, Quot.sound]
'ASGinzburg.bicomplexTotalFunctorXIso_inv_comm' depends on axioms: [propext, Classical.choice, Quot.sound]
'ASGinzburg.bicomplexTotalFunctorIso' depends on axioms: [propext, Classical.choice, Quot.sound]
'ASGinzburg.bicomplexTotalFunctorIso_inv_f' depends on axioms: [propext, Classical.choice, Quot.sound]
'ASGinzburg.bicomplexTotalFunctorIso_hom_f' depends on axioms: [propext, Classical.choice, Quot.sound]
'ASGinzburg.ι_bicomplexTotalFunctorIso_inv_f' depends on axioms: [propext, Classical.choice, Quot.sound]
'ASGinzburg.map_ι_bicomplexTotalFunctorIso_hom_f' depends on axioms: [propext, Classical.choice, Quot.sound]
'ASGinzburg.bicomplexTotalFunctorIso_inv_naturality' depends on axioms: [propext, Classical.choice, Quot.sound]
'ASGinzburg.bicomplexTotalFunctorIso_hom_naturality' depends on axioms: [propext, Classical.choice, Quot.sound]
'ASGinzburg.bicomplexTotal_projective' depends on axioms: [propext, Classical.choice, Quot.sound]
'ASGinzburg.bicomplexTotal_eq_zero_of_projections' depends on axioms: [propext, Classical.choice, Quot.sound]
'ASGinzburg.bicomplexTotal_maximal_row_cycle' depends on axioms: [propext, Classical.choice, Quot.sound]
'ASGinzburg.bicomplexTotal_insert_boundary_projection' depends on axioms: [propext, Classical.choice, Quot.sound]
'ASGinzburg.bicomplexTotal_insert_boundary_projection_gt' depends on axioms: [propext, Classical.choice, Quot.sound]
'ASGinzburg.bicomplexTotal_cycle_boundary_of_support' depends on axioms: [propext, Classical.choice, Quot.sound]
'ASGinzburg.bicomplexTotal_exactAt_of_diagonal_rows' depends on axioms: [propext, Classical.choice, Quot.sound]
'ASGinzburg.bicomplexTotal_acyclic_of_rows_acyclic' depends on axioms: [propext, Classical.choice, Quot.sound]
'ASGinzburg.bicomplexTotal_quasiIso_g_of_shortExact_rows' depends on axioms: [propext, Classical.choice, Quot.sound]
'ASGinzburg.bicomplexTotal_quasiIso_of_row_quasiIso' depends on axioms: [propext, Classical.choice, Quot.sound]
'ASGinzburg.bicomplexTotalProjection_naturality' depends on axioms: [propext, Classical.choice, Quot.sound]
'ASGinzburg.bicomplexTotalProjection_naturality_apply' depends on axioms: [propext, Classical.choice, Quot.sound]
'ASGinzburg.bicomplexTotal_map_injective' depends on axioms: [propext, Classical.choice, Quot.sound]
'ASGinzburg.bicomplexTotal_map_ιOrZero_apply' depends on axioms: [propext, Classical.choice, Quot.sound]
'ASGinzburg.bicomplexTotalFunctor_additive' depends on axioms: [propext, Classical.choice, Quot.sound]
'ASGinzburg.bicomplexTotal_map_surjective' depends on axioms: [propext, Classical.choice, Quot.sound]
'ASGinzburg.bicomplexTotal_exact' depends on axioms: [propext, Classical.choice, Quot.sound]
'ASGinzburg.bicomplexTotal_shortExact' depends on axioms: [propext, Classical.choice, Quot.sound]
'ASGinzburg.bifunctorTotal_isZero_of_bounded' depends on axioms: [propext, Classical.choice, Quot.sound]
'ASGinzburg.bifunctorTotalMap_id' depends on axioms: [propext, Classical.choice, Quot.sound]
'ASGinzburg.bifunctorTotalMap_comp' depends on axioms: [propext, Classical.choice, Quot.sound]
'ASGinzburg.bifunctorTotalHomotopyEquivLeft' depends on axioms: [propext, Classical.choice, Quot.sound]
'ASGinzburg.bifunctorTotalResolutionHomotopyEquiv' depends on axioms: [propext, Classical.choice, Quot.sound]
'ASGinzburg.bifunctorTotalResolutionHomotopyEquiv_hom' depends on axioms: [propext, Classical.choice, Quot.sound]
'ASGinzburg.bifunctorTotalResolution_quasiIso' depends on axioms: [propext, Classical.choice, Quot.sound]
'ASGinzburg.bifunctorTotalResolutionHomotopyEquiv_ι_zero' depends on axioms: [propext, Classical.choice, Quot.sound]
'ASGinzburg.bifunctorTotalResolutionLeftHomotopyEquiv' depends on axioms: [propext, Classical.choice, Quot.sound]
'ASGinzburg.bifunctorTotalResolutionLeftHomotopyEquiv_hom' depends on axioms: [propext, Classical.choice, Quot.sound]
'ASGinzburg.bifunctorTotalResolutionLeft_quasiIso' depends on axioms: [propext, Classical.choice, Quot.sound]
'ASGinzburg.mapBifunctorSingleLeftBicomplex' depends on axioms: [propext, Classical.choice, Quot.sound]
'ASGinzburg.mapBifunctorSingleLeftCofan' depends on axioms: [propext, Classical.choice, Quot.sound]
'ASGinzburg.mapBifunctorSingleLeftCofanIsColimit' depends on axioms: [propext, Classical.choice, Quot.sound]
'ASGinzburg.mapBifunctorSingleLeft_hasTotal' depends on axioms: [propext, Classical.choice, Quot.sound]
'ASGinzburg.mapBifunctorSingleLeftXIso' depends on axioms: [propext, Classical.choice, Quot.sound]
'ASGinzburg.mapBifunctorSingleLeftXIso_inv' depends on axioms: [propext, Classical.choice, Quot.sound]
'ASGinzburg.mapBifunctorSingleLeftXIso_inv_comm' depends on axioms: [propext, Classical.choice, Quot.sound]
'ASGinzburg.mapBifunctorSingleLeftIso' depends on axioms: [propext, Classical.choice, Quot.sound]
'ASGinzburg.mapBifunctorSingleLeftIso_inv_f' depends on axioms: [propext, Classical.choice, Quot.sound]
'ASGinzburg.ι_mapBifunctorSingleLeftIso_hom_f' depends on axioms: [propext, Classical.choice, Quot.sound]
'ASGinzburg.mapBifunctorSingleLeftIso_inv_naturality' depends on axioms: [propext, Classical.choice, Quot.sound]
'ASGinzburg.mapBifunctorSingleLeftIso_naturality' depends on axioms: [propext, Classical.choice, Quot.sound]
'ASGinzburg.mapBifunctorSingleRightBicomplex' depends on axioms: [propext, Classical.choice, Quot.sound]
'ASGinzburg.mapBifunctorSingleRightCofan' depends on axioms: [propext, Classical.choice, Quot.sound]
'ASGinzburg.mapBifunctorSingleRightCofanIsColimit' depends on axioms: [propext, Classical.choice, Quot.sound]
'ASGinzburg.mapBifunctorSingleRight_hasTotal' depends on axioms: [propext, Classical.choice, Quot.sound]
'ASGinzburg.mapBifunctorSingleRightXIso' depends on axioms: [propext, Classical.choice, Quot.sound]
'ASGinzburg.mapBifunctorSingleRightXIso_inv' depends on axioms: [propext, Classical.choice, Quot.sound]
'ASGinzburg.mapBifunctorSingleRightXIso_inv_comm' depends on axioms: [propext, Classical.choice, Quot.sound]
'ASGinzburg.mapBifunctorSingleRightIso' depends on axioms: [propext, Classical.choice, Quot.sound]
'ASGinzburg.mapBifunctorSingleRightIso_inv_f' depends on axioms: [propext, Classical.choice, Quot.sound]
'ASGinzburg.ι_mapBifunctorSingleRightIso_hom_f' depends on axioms: [propext, Classical.choice, Quot.sound]
'ASGinzburg.mapBifunctorSingleRightIso_inv_naturality' depends on axioms: [propext, Classical.choice, Quot.sound]
'ASGinzburg.mapBifunctorSingleRightIso_naturality' depends on axioms: [propext, Classical.choice, Quot.sound]
'ASGinzburg.moduleChain_exactAt_iff' depends on axioms: [propext, Classical.choice, Quot.sound]
'ASGinzburg.moduleChain_exists_boundary' depends on axioms: [propext, Classical.choice, Quot.sound]
'ASGinzburg.moduleChain_exists_signed_boundary' depends on axioms: [propext, Classical.choice, Quot.sound]
'ASGinzburg.complexShortExact_quasiIso_g_of_acyclic_kernel' depends on axioms: [propext, Classical.choice, Quot.sound]
'ASGinzburg.complexShortExact_acyclic_kernel_of_quasiIso_g' depends on axioms: [propext, Classical.choice, Quot.sound]
'ASGinzburg.complexShortExact_quasiIso_g_iff_acyclic_kernel' depends on axioms: [propext, Classical.choice, Quot.sound]
'ASGinzburg.envelopingBalancedTensorForgetComponent' depends on axioms: [propext, Classical.choice, Quot.sound]
'ASGinzburg.envelopingBalancedTensorForgetIso' depends on axioms: [propext, Classical.choice, Quot.sound]
'ASGinzburg.envelopingBalancedTensorHomRightModule' depends on axioms: [propext, Quot.sound]
'ASGinzburg.envelopingBalancedTensorHomRightScalarTower' depends on axioms: [propext, Quot.sound]
'ASGinzburg.envelopingBalancedTensorHomActionsCommute' depends on axioms: [propext, Quot.sound]
'ASGinzburg.envelopingBalancedTensorHomModule' depends on axioms: [propext, Quot.sound]
'ASGinzburg.envelopingBalancedTensorHomModule_tmul_apply' depends on axioms: [propext, Quot.sound]
'ASGinzburg.envelopingModule_tmul_smul' depends on axioms: [propext, Quot.sound]
'ASGinzburg.envelopingBalancedTensorCurry' depends on axioms: [propext, Classical.choice, Quot.sound]
'ASGinzburg.envelopingBalancedTensorCurry_apply' depends on axioms: [propext, Classical.choice, Quot.sound]
'ASGinzburg.envelopingBalancedTensorHomRestrictMap' depends on axioms: [propext, Quot.sound]
'ASGinzburg.envelopingBalancedTensorUncurry' depends on axioms: [propext, Classical.choice, Quot.sound]
'ASGinzburg.envelopingBalancedTensorUncurry_tmul' depends on axioms: [propext, Classical.choice, Quot.sound]
'ASGinzburg.envelopingBalancedTensorHomMap' depends on axioms: [propext, Quot.sound]
'ASGinzburg.envelopingBalancedTensorHomMap_apply' depends on axioms: [propext, Quot.sound]
'ASGinzburg.envelopingBalancedTensorHomMap_surjective' depends on axioms: [propext, Classical.choice, Quot.sound]
'ASGinzburg.envelopingBalancedTensor_projective' depends on axioms: [propext, Classical.choice, Quot.sound]
'ASGinzburg.envelopingBalancedTensorRightFunctorPreservesProjectiveObjects' depends on axioms: [propext,
 Classical.choice,
 Quot.sound]
'ASGinzburg.envelopingBalancedTensorRegularFieldEquiv' depends on axioms: [propext, Classical.choice, Quot.sound]
'ASGinzburg.envelopingBalancedTensorRegularFieldEquiv_tmul' depends on axioms: [propext, Classical.choice, Quot.sound]
'ASGinzburg.envelopingBalancedTensorRegularRightEquiv' depends on axioms: [propext, Classical.choice, Quot.sound]
'ASGinzburg.envelopingBalancedTensor_map_augmentation_quasiIso' depends on axioms: [propext,
 Classical.choice,
 Quot.sound]
'ASGinzburg.envelopingBalancedTensorProjectiveResolution' depends on axioms: [propext, Classical.choice, Quot.sound]
'ASGinzburg.EnvelopingBalancedTensorSpace' depends on axioms: [propext, Quot.sound]
'ASGinzburg.envelopingBalancedTensorRightActionHom' depends on axioms: [propext, Classical.choice, Quot.sound]
'ASGinzburg.envelopingBalancedTensorRightModule' depends on axioms: [propext, Classical.choice, Quot.sound]
'ASGinzburg.envelopingBalancedTensorRightModule_tmul' depends on axioms: [propext, Classical.choice, Quot.sound]
'ASGinzburg.envelopingBalancedTensorRightScalarTower' depends on axioms: [propext, Classical.choice, Quot.sound]
'ASGinzburg.envelopingBalancedTensorRightMap' depends on axioms: [propext, Classical.choice, Quot.sound]
'ASGinzburg.envelopingBalancedTensorRightMap_tmul' depends on axioms: [propext, Classical.choice, Quot.sound]
'ASGinzburg.envelopingBalancedTensorRightFunctor' depends on axioms: [propext, Classical.choice, Quot.sound]
'ASGinzburg.envelopingBalancedTensorRightFunctorAdditive' depends on axioms: [propext, Classical.choice, Quot.sound]
'ASGinzburg.rightModule_hasProjectiveDimensionLE_three_of_enveloping_dimension' depends on axioms: [propext,
 Classical.choice,
 Quot.sound]
'ASGinzburg.envelopingBalancedTensorRegularModuleIso' depends on axioms: [propext, Classical.choice, Quot.sound]
'ASGinzburg.envelopingResolutionRightProjectiveResolution' depends on axioms: [propext, Classical.choice, Quot.sound]
'ASGinzburg.envelopingResolutionRightProjectiveResolution_isZero' depends on axioms: [propext,
 Classical.choice,
 Quot.sound]
'ASGinzburg.rightModule_hasProjectiveDimensionLE_three_of_enveloping_resolution' depends on axioms: [propext,
 Classical.choice,
 Quot.sound]
'ASGinzburg.functor_mapBiproduct_morphism' depends on axioms: [propext, Classical.choice, Quot.sound]
'ASGinzburg.finiteBiproduct_projective' depends on axioms: [propext, Classical.choice, Quot.sound]
'ASGinzburg.finiteBiproduct_quasiIso' depends on axioms: [propext, Classical.choice, Quot.sound]
'ASGinzburg.finiteBiproductProjectiveResolution' depends on axioms: [propext, Classical.choice, Quot.sound]
'ASGinzburg.finiteBiproductProjectiveResolutionTermIso' depends on axioms: [propext, Classical.choice, Quot.sound]
'ASGinzburg.finiteBiproductProjectiveResolution_isZero' depends on axioms: [propext, Classical.choice, Quot.sound]
'ASGinzburg.projectiveResolutionAlongIso' depends on axioms: [propext, Classical.choice, Quot.sound]
'ASGinzburg.finiteBiproductProjectiveResolution_finite' depends on axioms: [propext, Classical.choice, Quot.sound]
'ASGinzburg.gradedZeroComponent' depends on axioms: [propext, Classical.choice, Quot.sound]
'ASGinzburg.gradedZeroComponent_homogeneous_eq_zero' depends on axioms: [propext, Classical.choice, Quot.sound]
'ASGinzburg.gradedZeroComponent_positive_eq_zero' depends on axioms: [propext, Classical.choice, Quot.sound]
'ASGinzburg.gradedNilpotentActionSpan' depends on axioms: [propext, Quot.sound]
'ASGinzburg.gradedModule_eq_zero_of_boundedBelow_nilpotent_action_span_top' depends on axioms: [propext,
 Classical.choice,
 Quot.sound]
'ASGinzburg.gradedModule_subsingleton_of_boundedBelow_nilpotent_action_span_top' depends on axioms: [propext,
 Classical.choice,
 Quot.sound]
'ASGinzburg.idealQuotient_smul_eq_zero' depends on axioms: [propext, Quot.sound]
'ASGinzburg.moduleCatFiniteCoproductEquivPi' depends on axioms: [propext, Classical.choice, Quot.sound]
'ASGinzburg.moduleCatFiniteCoproduct_finite' depends on axioms: [propext, Classical.choice, Quot.sound]
'ASGinzburg.moduleCatHomUniverseHasExt' depends on axioms: [propext, Classical.choice, Quot.sound]
'ASGinzburg.moduleCatRestrictionPreservesSmallColimits' depends on axioms: [propext, Classical.choice, Quot.sound]
'ASGinzburg.moduleCatRestrictionReflectsSmallColimits' depends on axioms: [propext, Classical.choice, Quot.sound]
'ASGinzburg.moduleCatRestrictionPreservesHomology' depends on axioms: [propext, Classical.choice, Quot.sound]
'ASGinzburg.moduleCatRestrictionReflectsIsomorphisms' depends on axioms: [propext, Classical.choice, Quot.sound]
'ASGinzburg.moduleCatField_projective' depends on axioms: [propext, Classical.choice, Quot.sound]
'ASGinzburg.moduleFieldRestrictionPreservesHomology' depends on axioms: [propext, Classical.choice, Quot.sound]
'ASGinzburg.moduleFieldRestrictionResolution' depends on axioms: [propext, Classical.choice, Quot.sound]
'ASGinzburg.moduleFieldTensorResolutionHomotopyEquiv' depends on axioms: [propext, Classical.choice, Quot.sound]
'ASGinzburg.moduleFieldTensorResolutionHomotopyEquiv_quasiIso' depends on axioms: [propext,
 Classical.choice,
 Quot.sound]
'ASGinzburg.moduleTensorFunctor' depends on axioms: [propext, Quot.sound]
'ASGinzburg.moduleTensorFunctor_additive' depends on axioms: [propext, Quot.sound]
'ASGinzburg.moduleTensorBifunctor' depends on axioms: [propext, Classical.choice, Quot.sound]
'ASGinzburg.moduleTensorBifunctor_obj_additive' depends on axioms: [propext, Classical.choice, Quot.sound]
'ASGinzburg.moduleTensorBifunctor_additive' depends on axioms: [propext, Classical.choice, Quot.sound]
'ASGinzburg.natBicomplex_hasTotal' depends on axioms: [propext, Classical.choice, Quot.sound]
'ASGinzburg.nat_hasMapBifunctor' depends on axioms: [propext, Classical.choice, Quot.sound]
'ASGinzburg.module_eq_zero_of_ideal_power_annihilates_action_span_top' depends on axioms: [propext,
 Classical.choice,
 Quot.sound]
'ASGinzburg.module_subsingleton_of_nilpotent_ideal_action_span_top' depends on axioms: [propext,
 Classical.choice,
 Quot.sound]
'ASGinzburg.ZAlgebra.PeriodIso.CutGradedRightModule.boundedBelowMinimalResolution_term_isZero_of_tor' depends on axioms: [propext,
 Classical.choice,
 Quot.sound]
'ASGinzburg.ZAlgebra.PeriodIso.CutGradedRightModule.ordinary_hasProjectiveDimensionLE_of_boundedBelow_tor_four' depends on axioms: [propext,
 Classical.choice,
 Quot.sound]
'ASGinzburg.ZAlgebra.PeriodIso.cornerFieldComponents' depends on axioms: [propext, Classical.choice, Quot.sound]
'ASGinzburg.ZAlgebra.PeriodIso.cornerFieldTotalFunctor' depends on axioms: [propext, Classical.choice, Quot.sound]
'ASGinzburg.ZAlgebra.PeriodIso.cornerFieldTotalFunctorPreservesFiniteLimits' depends on axioms: [propext,
 Classical.choice,
 Quot.sound]
'ASGinzburg.ZAlgebra.PeriodIso.cornerFieldTotalFunctorPreservesFiniteColimits' depends on axioms: [propext,
 Classical.choice,
 Quot.sound]
'ASGinzburg.ZAlgebra.PeriodIso.cornerTotalSpaceFunctor' depends on axioms: [propext, Classical.choice, Quot.sound]
'ASGinzburg.ZAlgebra.PeriodIso.cornerFieldTotalObjIso' depends on axioms: [propext, Classical.choice, Quot.sound]
'ASGinzburg.ZAlgebra.PeriodIso.cornerFieldTotalObjIso_ι_hom' depends on axioms: [propext, Classical.choice, Quot.sound]
'ASGinzburg.ZAlgebra.PeriodIso.cornerFieldTotalNatIso' depends on axioms: [propext, Classical.choice, Quot.sound]
'ASGinzburg.ZAlgebra.PeriodIso.cornerTotalSpaceFunctorPreservesFiniteLimits' depends on axioms: [propext,
 Classical.choice,
 Quot.sound]
'ASGinzburg.ZAlgebra.PeriodIso.cornerTotalSpaceFunctorPreservesFiniteColimits' depends on axioms: [propext,
 Classical.choice,
 Quot.sound]
'ASGinzburg.ZAlgebra.PeriodIso.cornerCoverHeight_above_bound_of_degree_below' depends on axioms: [propext,
 Classical.choice,
 Quot.sound]
'ASGinzburg.ZAlgebra.PeriodIso.cornerModuleDegreeSpace_subsingleton_of_height_bound' depends on axioms: [propext,
 Classical.choice,
 Quot.sound]
'ASGinzburg.ZAlgebra.PeriodIso.cornerGradedRightModule_grade_eq_bot_of_height_bound' depends on axioms: [propext,
 Classical.choice,
 Quot.sound]
'ASGinzburg.ZAlgebra.PeriodIso.CutEnvelopingBlock' depends on axioms: [propext, Classical.choice, Quot.sound]
'ASGinzburg.ZAlgebra.PeriodIso.cutEnvelopingBigradingEquiv' depends on axioms: [propext, Classical.choice, Quot.sound]
'ASGinzburg.ZAlgebra.PeriodIso.cutEnvelopingHomogeneousInclusion' depends on axioms: [propext,
 Classical.choice,
 Quot.sound]
'ASGinzburg.ZAlgebra.PeriodIso.cutEnvelopingHomogeneousInclusion_tmul' depends on axioms: [propext,
 Classical.choice,
 Quot.sound]
'ASGinzburg.ZAlgebra.PeriodIso.cutEnvelopingBigradingEquiv_inclusion' depends on axioms: [propext,
 Classical.choice,
 Quot.sound]
'ASGinzburg.ZAlgebra.PeriodIso.cutEnvelopingHomogeneousInclusion_mul_tmul' depends on axioms: [propext,
 Classical.choice,
 Quot.sound]
'ASGinzburg.ZAlgebra.PeriodIso.CutEnvelopingDegreePairs' does not depend on any axioms
'ASGinzburg.ZAlgebra.PeriodIso.CutEnvelopingDegreeBlock' depends on axioms: [propext, Classical.choice, Quot.sound]
'ASGinzburg.ZAlgebra.PeriodIso.cutEnvelopingDegreeEquiv' depends on axioms: [propext, Classical.choice, Quot.sound]
'ASGinzburg.ZAlgebra.PeriodIso.cutEnvelopingDegreeEquiv_apply' depends on axioms: [propext,
 Classical.choice,
 Quot.sound]
'ASGinzburg.ZAlgebra.PeriodIso.cutEnvelopingDegreeInclusion' depends on axioms: [propext, Classical.choice, Quot.sound]
'ASGinzburg.ZAlgebra.PeriodIso.cutEnvelopingDegreeEquiv_inclusion' depends on axioms: [propext,
 Classical.choice,
 Quot.sound]
'ASGinzburg.ZAlgebra.PeriodIso.cutEnvelopingDegreePairFinEquiv' depends on axioms: [propext, Quot.sound]
'ASGinzburg.ZAlgebra.PeriodIso.cutEnvelopingDegreePairFintype' depends on axioms: [propext,
 Classical.choice,
 Quot.sound]
'ASGinzburg.ZAlgebra.PeriodIso.cutEnvelopingDegreePair_card' depends on axioms: [propext, Classical.choice, Quot.sound]
'ASGinzburg.ZAlgebra.PeriodIso.cutEnvelopingDegreePair_zero' depends on axioms: [propext, Quot.sound]
'ASGinzburg.ZAlgebra.PeriodIso.cornerFieldTotalFunctorPreservesColimits' depends on axioms: [propext,
 Classical.choice,
 Quot.sound]
'ASGinzburg.ZAlgebra.PeriodIso.cornerTotalSpaceFunctorPreservesColimits' depends on axioms: [propext,
 Classical.choice,
 Quot.sound]
'ASGinzburg.ZAlgebra.PeriodIso.cornerModuleRingFunctorPreservesColimits' depends on axioms: [propext,
 Classical.choice,
 Quot.sound]
'ASGinzburg.ZAlgebra.PeriodIso.cornerModuleRingFunctor_map_exact' depends on axioms: [propext,
 Classical.choice,
 Quot.sound]
'ASGinzburg.ZAlgebra.PeriodIso.cornerModuleRingFunctorPreservesHomology' depends on axioms: [propext,
 Classical.choice,
 Quot.sound]
'ASGinzburg.ZAlgebra.PeriodIso.cornerModuleRingFunctorPreservesFiniteLimits' depends on axioms: [propext,
 Classical.choice,
 Quot.sound]
'ASGinzburg.ZAlgebra.PeriodIso.cornerModuleRingFunctorPreservesFiniteColimits' depends on axioms: [propext,
 Classical.choice,
 Quot.sound]
'ASGinzburg.ZAlgebra.PeriodIso.cornerModuleRingFunctor_map_shortExact' depends on axioms: [propext,
 Classical.choice,
 Quot.sound]
'ASGinzburg.ZAlgebra.PeriodIso.cornerModuleRingFunctor_exact_iff' depends on axioms: [propext,
 Classical.choice,
 Quot.sound]
'ASGinzburg.ZAlgebra.PeriodIso.cutGradedForgetFunctorFaithful' depends on axioms: [propext,
 Classical.choice,
 Quot.sound]
'ASGinzburg.ZAlgebra.PeriodIso.cornerModuleRingFunctorFaithful' depends on axioms: [propext,
 Classical.choice,
 Quot.sound]
'ASGinzburg.ZAlgebra.PeriodIso.cornerRingScalarObjIso' depends on axioms: [propext, Classical.choice, Quot.sound]
'ASGinzburg.ZAlgebra.PeriodIso.cornerRingScalarNatIso' depends on axioms: [propext, Classical.choice, Quot.sound]
'ASGinzburg.ZAlgebra.PeriodIso.CutGradedRightModule.boundedBelowMinimalResolution' depends on axioms: [propext,
 Classical.choice,
 Quot.sound]
'ASGinzburg.ZAlgebra.PeriodIso.CutGradedRightModule.boundedBelowMinimalResolution_grade_eq_bot' depends on axioms: [propext,
 Classical.choice,
 Quot.sound]
'ASGinzburg.ZAlgebra.PeriodIso.CutGradedRightModule.boundedBelowMinimalResolution_d_minimal' depends on axioms: [propext,
 Classical.choice,
 Quot.sound]
'ASGinzburg.ZAlgebra.PeriodIso.CutGradedRightModule.boundedBelowMinimalResolution_all_d_minimal' depends on axioms: [propext,
 Classical.choice,
 Quot.sound]
'ASGinzburg.ZAlgebra.PeriodIso.CutGradedRightModule.exists_boundedBelow_minimal_projectiveResolution' depends on axioms: [propext,
 Classical.choice,
 Quot.sound]
'ASGinzburg.ZAlgebra.PeriodIso.recoveredRingForgetNatIso' depends on axioms: [propext, Classical.choice, Quot.sound]
'ASGinzburg.ZAlgebra.PeriodIso.cutGradedForgetFunctorPreservesFiniteLimits' depends on axioms: [propext,
 Classical.choice,
 Quot.sound]
'ASGinzburg.ZAlgebra.PeriodIso.cutGradedForgetFunctorPreservesFiniteColimits' depends on axioms: [propext,
 Classical.choice,
 Quot.sound]
'ASGinzburg.ZAlgebra.PeriodIso.cutGradedForgetFunctor_exact_iff' depends on axioms: [propext,
 Classical.choice,
 Quot.sound]
'ASGinzburg.ZAlgebra.PeriodIso.cutGradedForgetFunctor_map_shortExact' depends on axioms: [propext,
 Classical.choice,
 Quot.sound]
'ASGinzburg.ZAlgebra.PeriodIso.cutGradedForgetFunctorPreservesColimits' depends on axioms: [propext,
 Classical.choice,
 Quot.sound]
'ASGinzburg.ZAlgebra.PeriodIso.cutGradedForgetFunctorPreservesProjectiveObjects' depends on axioms: [propext,
 Classical.choice,
 Quot.sound]
'ASGinzburg.ZAlgebra.PeriodIso.cutGradedMinimalResolution_ordinary_term_isZero_of_tor' depends on axioms: [propext,
 Classical.choice,
 Quot.sound]
'ASGinzburg.ZAlgebra.PeriodIso.cutGradedMinimalResolution_term_isZero_of_tor' depends on axioms: [propext,
 Classical.choice,
 Quot.sound]
'ASGinzburg.ZAlgebra.PeriodIso.cutGradedMinimalResolution_ordinary_hasProjectiveDimensionLE_of_tor_four' depends on axioms: [propext,
 Classical.choice,
 Quot.sound]
'ASGinzburg.ZAlgebra.PeriodIso.CutGradedRightModule.subsingleton_space_of_grade_lower_bound_radical_top' depends on axioms: [propext,
 Classical.choice,
 Quot.sound]
'ASGinzburg.ZAlgebra.PeriodIso.CutGradedRightModule.subsingleton_space_of_grade_lower_bound_radical_quotient' depends on axioms: [propext,
 Classical.choice,
 Quot.sound]
'ASGinzburg.ZAlgebra.PeriodIso.CutGradedRightModule.balancedTensorIdealAction_eq_gradedRadicalActionSpan' depends on axioms: [propext,
 Classical.choice,
 Quot.sound]
'ASGinzburg.ZAlgebra.PeriodIso.CutGradedRightModule.subsingleton_space_of_grade_lower_bound_tensor_radical_quotient' depends on axioms: [propext,
 Classical.choice,
 Quot.sound]
'ASGinzburg.ZAlgebra.PeriodIso.CutGradedRightModule.ringModule_isZero_of_grade_lower_bound_tensor_radical_quotient' depends on axioms: [propext,
 Classical.choice,
 Quot.sound]
'ASGinzburg.ZAlgebra.PeriodIso.CutGradedRightModule.ringModule_isZero_of_grade_lower_bound_tensor_functor' depends on axioms: [propext,
 Classical.choice,
 Quot.sound]
'ASGinzburg.ZAlgebra.PeriodIso.cutGradedJacobson_quotient_annihilated' depends on axioms: [propext,
 Classical.choice,
 Quot.sound]
'ASGinzburg.ZAlgebra.PeriodIso.cutMinimalProjectiveResolution_term_isZero_of_tor' depends on axioms: [propext,
 Classical.choice,
 Quot.sound]
'ASGinzburg.ZAlgebra.PeriodIso.cutMinimalProjectiveResolution_hasProjectiveDimensionLE_of_tor_four' depends on axioms: [propext,
 Classical.choice,
 Quot.sound]
'ASGinzburg.ZAlgebra.PeriodIso.cornerFiniteRepresentableSum_ring_projective' depends on axioms: [propext,
 Classical.choice,
 Quot.sound]
'ASGinzburg.ZAlgebra.PeriodIso.cornerFiniteProjective_ring_projective' depends on axioms: [propext,
 Classical.choice,
 Quot.sound]
'ASGinzburg.ZAlgebra.PeriodIso.cutGradedMinimalMorphism_ordinary_actionSpan' depends on axioms: [propext,
 Classical.choice,
 Quot.sound]
'ASGinzburg.ZAlgebra.PeriodIso.cornerRepresentableSum_ring_projective' depends on axioms: [propext,
 Classical.choice,
 Quot.sound]
'ASGinzburg.ZAlgebra.PeriodIso.cornerFreeRightModule_ring_projective' depends on axioms: [propext,
 Classical.choice,
 Quot.sound]
'ASGinzburg.ZAlgebra.PeriodIso.cornerProjective_ring_projective' depends on axioms: [propext,
 Classical.choice,
 Quot.sound]
'ASGinzburg.ZAlgebra.PeriodIso.cornerModuleRingFunctorPreservesProjectiveObjects' depends on axioms: [propext,
 Classical.choice,
 Quot.sound]
'ASGinzburg.ZAlgebra.PeriodIso.cutRegularRightFreeEquiv' depends on axioms: [propext, Classical.choice, Quot.sound]
'ASGinzburg.ZAlgebra.PeriodIso.cutRegularRight_ring_projective' depends on axioms: [propext,
 Classical.choice,
 Quot.sound]
'ASGinzburg.ZAlgebra.PeriodIso.cornerGradedRepresentable_ring_projective' depends on axioms: [propext,
 Classical.choice,
 Quot.sound]
'ASGinzburg.ZAlgebra.PeriodIso.cornerRepresentable_ring_projective' depends on axioms: [propext,
 Classical.choice,
 Quot.sound]
'ASGinzburg.ZAlgebra.PeriodIso.cornerCoverHom_diagonal_eq_zero_of_mem_radical' depends on axioms: [propext,
 Classical.choice,
 Quot.sound]
'ASGinzburg.ZAlgebra.PeriodIso.cornerModuleMap_mem_positiveActionSpan_of_radical' depends on axioms: [propext,
 Classical.choice,
 Quot.sound]
'ASGinzburg.ZAlgebra.PeriodIso.cornerPositiveActionSpan_component_lof_mem' depends on axioms: [propext,
 Classical.choice,
 Quot.sound]
'ASGinzburg.ZAlgebra.PeriodIso.cutHomogeneousRadicalAction_component_lof_mem' depends on axioms: [propext,
 Classical.choice,
 Quot.sound]
'ASGinzburg.ZAlgebra.PeriodIso.cutRightRepresentation_radical_component_mem' depends on axioms: [propext,
 Classical.choice,
 Quot.sound]
'ASGinzburg.ZAlgebra.PeriodIso.cornerRadicalActionSpan_component_mem' depends on axioms: [propext,
 Classical.choice,
 Quot.sound]
'ASGinzburg.ZAlgebra.PeriodIso.cornerRadicalActionSpan_mem_iff_components' depends on axioms: [propext,
 Classical.choice,
 Quot.sound]
'ASGinzburg.ZAlgebra.PeriodIso.cornerRadicalActionSpan_eq_top_iff_components' depends on axioms: [propext,
 Classical.choice,
 Quot.sound]
'ASGinzburg.ZAlgebra.PeriodIso.CutGradedRightModule.recoveredRightModule_isZero_above_of_grade_lower_bound' depends on axioms: [propext,
 Classical.choice,
 Quot.sound]
'ASGinzburg.ZAlgebra.PeriodIso.CutGradedRightModule.recoveredTotalEquiv_symm_mem_radical' depends on axioms: [propext,
 Classical.choice,
 Quot.sound]
'ASGinzburg.ZAlgebra.PeriodIso.CutGradedRightModule.recoveredTotalEquiv_mem_radical' depends on axioms: [propext,
 Classical.choice,
 Quot.sound]
'ASGinzburg.ZAlgebra.PeriodIso.CutGradedRightModule.recoveredTotalEquiv_mem_radical_iff' depends on axioms: [propext,
 Classical.choice,
 Quot.sound]
'ASGinzburg.ZAlgebra.PeriodIso.CutGradedRightModule.recoveredRightModule_isZero_iff_subsingleton_space' depends on axioms: [propext,
 Classical.choice,
 Quot.sound]
'ASGinzburg.ZAlgebra.PeriodIso.cornerRepresentableGenerator_ne_zero' depends on axioms: [propext,
 Classical.choice,
 Quot.sound]
'ASGinzburg.ZAlgebra.PeriodIso.cornerGradedRepresentable_grade_eq_bot_of_lt' depends on axioms: [propext,
 Classical.choice,
 Quot.sound]
'ASGinzburg.ZAlgebra.PeriodIso.cornerGradedRepresentable_ringModule_not_isZero' depends on axioms: [propext,
 Classical.choice,
 Quot.sound]
'ASGinzburg.ZAlgebra.PeriodIso.cornerSimpleTotalFieldEquiv' depends on axioms: [propext, Classical.choice, Quot.sound]
'ASGinzburg.ZAlgebra.PeriodIso.cornerSimpleTotal_vertex_action' depends on axioms: [propext,
 Classical.choice,
 Quot.sound]
'ASGinzburg.ZAlgebra.PeriodIso.cornerSimpleTotal_positive_action' depends on axioms: [propext,
 Classical.choice,
 Quot.sound]
'ASGinzburg.ZAlgebra.PeriodIso.cornerSimpleCharacter' depends on axioms: [propext, Classical.choice, Quot.sound]
'ASGinzburg.ZAlgebra.PeriodIso.cornerSimpleCharacter_eq_vertex' depends on axioms: [propext,
 Classical.choice,
 Quot.sound]
'ASGinzburg.ZAlgebra.PeriodIso.cornerSimpleTotalFieldEquiv_right_action' depends on axioms: [propext,
 Classical.choice,
 Quot.sound]
'ASGinzburg.ZAlgebra.PeriodIso.cornerSimpleVertexRightLinearEquiv' depends on axioms: [propext,
 Classical.choice,
 Quot.sound]
'ASGinzburg.ZAlgebra.PeriodIso.cornerSimpleSheetRightIso' depends on axioms: [propext, Classical.choice, Quot.sound]
'ASGinzburg.ZAlgebra.PeriodIso.cutVertexRightModule' depends on axioms: [propext, Classical.choice, Quot.sound]
'ASGinzburg.ZAlgebra.PeriodIso.cutVertexRightScalarTower' depends on axioms: [propext, Classical.choice, Quot.sound]
'ASGinzburg.ZAlgebra.PeriodIso.cutVertexRight_isSimple' depends on axioms: [propext, Classical.choice, Quot.sound]
'ASGinzburg.projectiveDimensionThreeResolution' depends on axioms: [propext, Classical.choice, Quot.sound]
'ASGinzburg.projectiveDimensionThreeResolution_isZero_ge_four' depends on axioms: [propext,
 Classical.choice,
 Quot.sound]
'ASGinzburg.leftDerived_isZero_of_projectiveDimensionLE_three' depends on axioms: [propext,
 Classical.choice,
 Quot.sound]
'ASGinzburg.projectiveDimensionTwoResolution' depends on axioms: [propext, Classical.choice, Quot.sound]
'ASGinzburg.projectiveDimensionTwoResolution_isZero_ge_three' depends on axioms: [propext, Classical.choice, Quot.sound]
'ASGinzburg.leftDerived_isZero_of_projectiveDimensionLE_two' depends on axioms: [propext, Classical.choice, Quot.sound]
'ASGinzburg.projectiveDimension_ge_three_of_nonzero_leftDerived_three' depends on axioms: [propext,
 Classical.choice,
 Quot.sound]
'ASGinzburg.projectiveResolutionChangeTarget' depends on axioms: [propext, Classical.choice, Quot.sound]
'ASGinzburg.projectiveResolution_map_augmentation_after_restriction' depends on axioms: [propext,
 Classical.choice,
 Quot.sound]
'ASGinzburg.projectiveResolution_map_augmentation_quasiIso' depends on axioms: [propext, Classical.choice, Quot.sound]
'ASGinzburg.ZAlgebra.HeightBoundedRightModule.complex' depends on axioms: [propext, Classical.choice, Quot.sound]
'ASGinzburg.ZAlgebra.HeightBoundedRightModule.complex_exactAt_succ' depends on axioms: [propext,
 Classical.choice,
 Quot.sound]
'ASGinzburg.ZAlgebra.HeightBoundedRightModule.augmentation' depends on axioms: [propext, Classical.choice, Quot.sound]
'ASGinzburg.ZAlgebra.HeightBoundedRightModule.augmentation_quasiIso' depends on axioms: [propext,
 Classical.choice,
 Quot.sound]
'ASGinzburg.ZAlgebra.HeightBoundedRightModule.resolution' depends on axioms: [propext, Classical.choice, Quot.sound]
'ASGinzburg.ZAlgebra.HeightBoundedRightModule.complex_d_minimal' depends on axioms: [propext,
 Classical.choice,
 Quot.sound]
'ASGinzburg.ZAlgebra.rightBoundedMinimalResolution' depends on axioms: [propext, Classical.choice, Quot.sound]
'ASGinzburg.ZAlgebra.rightBoundedMinimalResolution_term_isZero_above' depends on axioms: [propext,
 Classical.choice,
 Quot.sound]
'ASGinzburg.ZAlgebra.rightBoundedMinimalResolution_d_minimal' depends on axioms: [propext, Classical.choice, Quot.sound]
'ASGinzburg.ZAlgebra.exists_heightBounded_minimal_projectiveResolution' depends on axioms: [propext,
 Classical.choice,
 Quot.sound]
'ASGinzburg.ZAlgebra.HeightBoundedRightModule' depends on axioms: [propext, Classical.choice, Quot.sound]
'ASGinzburg.ZAlgebra.HeightBoundedRightModule.kernelTopBasis' depends on axioms: [propext, Classical.choice, Quot.sound]
'ASGinzburg.ZAlgebra.HeightBoundedRightModule.syzygy' depends on axioms: [propext, Classical.choice, Quot.sound]
'ASGinzburg.ZAlgebra.HeightBoundedRightModule.term' depends on axioms: [propext, Classical.choice, Quot.sound]
'ASGinzburg.ZAlgebra.HeightBoundedRightModule.cover' depends on axioms: [propext, Classical.choice, Quot.sound]
'ASGinzburg.ZAlgebra.HeightBoundedRightModule.term_projective' depends on axioms: [propext,
 Classical.choice,
 Quot.sound]
'ASGinzburg.ZAlgebra.HeightBoundedRightModule.cover_epi' depends on axioms: [propext, Classical.choice, Quot.sound]
'ASGinzburg.ZAlgebra.HeightBoundedRightModule.term_isZero_above' depends on axioms: [propext,
 Classical.choice,
 Quot.sound]
'ASGinzburg.ZAlgebra.HeightBoundedRightModule.differential' depends on axioms: [propext, Classical.choice, Quot.sound]
'ASGinzburg.ZAlgebra.HeightBoundedRightModule.differential_cover' depends on axioms: [propext,
 Classical.choice,
 Quot.sound]
'ASGinzburg.ZAlgebra.HeightBoundedRightModule.differential_sq' depends on axioms: [propext,
 Classical.choice,
 Quot.sound]
'ASGinzburg.ZAlgebra.HeightBoundedRightModule.differential_minimal' depends on axioms: [propext,
 Classical.choice,
 Quot.sound]
'ASGinzburg.ZAlgebra.HeightBoundedRightModule.differential_cover_exact' depends on axioms: [propext,
 Classical.choice,
 Quot.sound]
'ASGinzburg.ZAlgebra.HeightBoundedRightModule.differential_exact' depends on axioms: [propext,
 Classical.choice,
 Quot.sound]
'ASGinzburg.ZAlgebra.rightModule_surjective_of_boundedAbove_range_add_radical' depends on axioms: [propext,
 Classical.choice,
 Quot.sound]
'ASGinzburg.ZAlgebra.rightModule_epi_of_boundedAbove_range_add_radical' depends on axioms: [propext,
 Classical.choice,
 Quot.sound]
'ASGinzburg.ZAlgebra.rightModule_eq_zero_of_boundedAbove_radical_top' depends on axioms: [propext,
 Classical.choice,
 Quot.sound]
'ASGinzburg.ZAlgebra.rightModule_isZero_of_boundedAbove_radical_top' depends on axioms: [propext,
 Classical.choice,
 Quot.sound]
'ASGinzburg.ZAlgebra.rightModule_isZero_of_boundedAbove_radical_quotient' depends on axioms: [propext,
 Classical.choice,
 Quot.sound]
'ASGinzburg.ZAlgebra.rightModuleInclusionPreservesColimits' depends on axioms: [propext, Classical.choice, Quot.sound]
'ASGinzburg.ZAlgebra.rightSmallCoproductProjection' depends on axioms: [propext, Classical.choice, Quot.sound]
'ASGinzburg.ZAlgebra.rightSmallCoproduct_inclusion_projection' depends on axioms: [propext,
 Classical.choice,
 Quot.sound]
'ASGinzburg.ZAlgebra.rightSmallCoproduct_inclusion_projection_off' depends on axioms: [propext,
 Classical.choice,
 Quot.sound]
'ASGinzburg.ZAlgebra.rightSmallCoproductComponentIso' depends on axioms: [propext, Classical.choice, Quot.sound]
'ASGinzburg.ZAlgebra.rightSmallCoproductComponentIso_lof_inv' depends on axioms: [propext, Classical.choice, Quot.sound]
'ASGinzburg.ZAlgebra.rightSmallCoproductComponentIso_projection' depends on axioms: [propext,
 Classical.choice,
 Quot.sound]
'ASGinzburg.ZAlgebra.rightSmallCoproduct_radical_iff' depends on axioms: [propext, Classical.choice, Quot.sound]
'ASGinzburg.ZAlgebra.rightSmallCoproductTopMap' depends on axioms: [propext, Classical.choice, Quot.sound]
'ASGinzburg.ZAlgebra.rightSmallCoproductTopMap_surjective' depends on axioms: [propext, Classical.choice, Quot.sound]
'ASGinzburg.ZAlgebra.rightSmallCoproductTopMap_ker' depends on axioms: [propext, Classical.choice, Quot.sound]
'ASGinzburg.ZAlgebra.rightSmallCoproductTopEquiv' depends on axioms: [propext, Classical.choice, Quot.sound]
'ASGinzburg.ZAlgebra.rightTopBasisIndex_le_of_height_bound' depends on axioms: [propext, Classical.choice, Quot.sound]
'ASGinzburg.ZAlgebra.rightTopBasisFreeModule_isZero_above_of_height_bound' depends on axioms: [propext,
 Classical.choice,
 Quot.sound]
'ASGinzburg.ZAlgebra.rightTopBasisFreeModuleπ_kernel_isZero_above_of_height_bound' depends on axioms: [propext,
 Classical.choice,
 Quot.sound]
'ASGinzburg.ZAlgebra.representable_component_mem_radical_of_ne' depends on axioms: [propext,
 Classical.choice,
 Quot.sound]
'ASGinzburg.ZAlgebra.rightTopBasisFreeModuleπ_coordinate' depends on axioms: [propext, Classical.choice, Quot.sound]
'ASGinzburg.ZAlgebra.rightTopBasisFreeModuleπ_mem_radical_of_map_eq_zero' depends on axioms: [propext,
 Classical.choice,
 Quot.sound]
'ASGinzburg.ZAlgebra.rightTopBasisFreeModuleπ_kernel_inclusion_minimal' depends on axioms: [propext,
 Classical.choice,
 Quot.sound]
'ASGinzburg.ZAlgebra.RightModuleTopSpace' depends on axioms: [propext, Classical.choice, Quot.sound]
'ASGinzburg.ZAlgebra.rightTopBasisIndex' depends on axioms: [propext, Classical.choice, Quot.sound]
'ASGinzburg.ZAlgebra.rightTopBasisLift' depends on axioms: [propext, Classical.choice, Quot.sound]
'ASGinzburg.ZAlgebra.rightTopBasisLift_mkQ' depends on axioms: [propext, Classical.choice, Quot.sound]
'ASGinzburg.ZAlgebra.rightTopBasisFreeModule' depends on axioms: [propext, Classical.choice, Quot.sound]
'ASGinzburg.ZAlgebra.rightTopBasisFreeModuleπ' depends on axioms: [propext, Classical.choice, Quot.sound]
'ASGinzburg.ZAlgebra.rightTopBasisFreeModule_projective' depends on axioms: [propext, Classical.choice, Quot.sound]
'ASGinzburg.ZAlgebra.rightTopBasisFreeModuleπ_generator' depends on axioms: [propext, Classical.choice, Quot.sound]
'ASGinzburg.ZAlgebra.rightTopBasisFreeModuleπ_top_surjective' depends on axioms: [propext, Classical.choice, Quot.sound]
'ASGinzburg.ZAlgebra.rightTopBasisFreeModuleπ_range_add_radical' depends on axioms: [propext,
 Classical.choice,
 Quot.sound]
'ASGinzburg.ZAlgebra.rightTopBasisFreeModuleπ_epi' depends on axioms: [propext, Classical.choice, Quot.sound]
'ASGinzburg.bicomplexTotal_finite' depends on axioms: [propext, Classical.choice, Quot.sound]
'ASGinzburg.natTotalDiagonal_finite' depends on axioms: [propext, Classical.choice, Quot.sound]
'ASGinzburg.tensorRightEnvelopingTotal_finite' depends on axioms: [propext, Classical.choice, Quot.sound]
