✔ [3/31] Built Batteries.Util.LibraryNote (536ms)
✔ [4/33] Built Batteries.CodeAction.Deprecated (1.2s)
✔ [5/33] Built Batteries.Tactic.Lint.Basic (1.1s)
✔ [6/33] Built Batteries.Tactic.Unreachable (581ms)
✔ [8/36] Built Batteries.Tactic.OpenPrivate (1.3s)
✔ [10/36] Built Mathlib.Tactic.Linter.DirectoryDependency (1.4s)
✔ [11/36] Built Batteries.Tactic.Lint.TypeClass (599ms)
✔ [12/36] Built Batteries.Tactic.Lint.Misc (1.4s)
✔ [13/39] Built ImportGraph.RequiredModules (1.3s)
✔ [14/45] Built Batteries.Tactic.Lint.Simp (1.8s)
✔ [15/46] Built Batteries.Tactic.Alias (1.0s)
✔ [16/46] Built Batteries.Tactic.Lint.Frontend (2.3s)
✔ [17/47] Built Batteries.Lean.Meta.Inaccessible (580ms)
✔ [18/50] Built Batteries.Logic (776ms)
✔ [19/50] Built Mathlib.Tactic.Linter.Header (1.5s)
✔ [20/50] Built Batteries.Tactic.Lint (759ms)
✔ [21/50] Built Mathlib.Lean.Elab.Tactic.Meta (609ms)
✔ [22/50] Built Mathlib.Tactic.Linter.OldObtain (655ms)
✔ [23/50] Built Mathlib.Tactic.Linter.UnusedTacticExtension (934ms)
✔ [24/50] Built ImportGraph.Imports (2.0s)
✔ [25/50] Built Mathlib.Tactic.DeclarationNames (581ms)
✔ [26/50] Built Mathlib.Tactic.Linter.Multigoal (800ms)
✔ [27/50] Built Mathlib.Tactic.Linter.HashCommandLinter (798ms)
✔ [28/50] Built Mathlib.Tactic.Linter.GlobalAttributeIn (770ms)
✔ [29/50] Built Mathlib.Tactic.Linter.DocString (1.1s)
✔ [30/50] Built Mathlib.Tactic.Linter.FlexibleLinter (1.7s)
✔ [31/52] Built Mathlib.Tactic.Linter.DocPrime (912ms)
✔ [32/52] Built Batteries.Tactic.Trans (2.9s)
✔ [33/52] Built Mathlib.Tactic.Linter.DeprecatedSyntaxLinter (1.1s)
✔ [34/52] Built Mathlib.Lean.ContextInfo (867ms)
✔ [35/52] Built Mathlib.Tactic.MinImports (1.0s)
✔ [36/54] Built Mathlib.Tactic.Linter.CommandStart (1.3s)
✔ [37/54] Built Mathlib.Tactic.Linter.UnusedTactic (1.1s)
✔ [38/76] Built Mathlib.Tactic.Linter.Lint (993ms)
✔ [39/78] Built Batteries.Lean.NameMapAttribute (452ms)
✔ [40/80] Built Batteries.Lean.Position (395ms)
✔ [41/81] Built Batteries.Data.List.ArrayMap (346ms)
✔ [42/82] Built Mathlib.Tactic.ExtractGoal (1.4s)
✔ [43/82] Built Batteries.CodeAction.Attr (1.1s)
✔ [44/82] Built Mathlib.Tactic.TacticAnalysis (1.9s)
✔ [45/82] Built Batteries.Data.List.Count (383ms)
✔ [46/82] Built Batteries.Data.List.Init.Lemmas (342ms)
✔ [47/85] Built Mathlib.Tactic.Linter.Style (2.3s)
✔ [48/87] Built Batteries.Control.ForInStep.Basic (400ms)
✔ [49/87] Built Batteries.CodeAction.Basic (973ms)
✔ [51/91] Built Batteries.Control.ForInStep.Lemmas (511ms)
✔ [52/92] Built Batteries.Data.List.Matcher (323ms)
✔ [53/102] Built Batteries.Lean.Except (449ms)
✔ [54/105] Built Batteries.Lean.EStateM (855ms)
✔ [55/107] Built Mathlib.Tactic.TacticAnalysis.Declarations (1.9s)
✔ [56/113] Built Batteries.CodeAction.Misc (2.0s)
✔ [57/113] Built Batteries.Util.ExtendedBinder (1.1s)
✔ [60/113] Built Mathlib.Init (1.2s)
✔ [61/113] Built Batteries.Classes.SatisfiesM (1.3s)
✔ [62/113] Built Batteries.Data.List.Basic (3.9s)
✔ [63/113] Built Aesop.Check (527ms)
✔ [64/113] Built Mathlib.Tactic.OfNat (619ms)
✔ [65/113] Built Mathlib.Tactic.AdaptationNote (912ms)
✔ [66/113] Built Mathlib.Tactic.Attr.Register (1.0s)
✔ [67/113] Built Mathlib.Data.Nat.BinaryRec (969ms)
✔ [68/113] Built Mathlib.Data.Set.Defs (1.9s)
✔ [69/113] Built Mathlib.Util.AssertExistsExt (884ms)
✔ [70/113] Built Mathlib.Data.Int.Notation (855ms)
✔ [71/113] Built Aesop.Options.Public (2.3s)
✔ [72/113] Built Mathlib.Data.String.Defs (714ms)
✔ [73/113] Built Mathlib.Tactic.ExtendDoc (801ms)
✔ [74/113] Built Mathlib.Tactic.Simproc.ExistsAndEq (873ms)
✔ [75/113] Built Mathlib.Tactic.PPWithUniv (796ms)
✔ [76/113] Built Mathlib.Tactic.Eqns (816ms)
✔ [77/113] Built Mathlib.Lean.Name (938ms)
✔ [78/113] Built Mathlib.Tactic.Simps.NotationClass (1.5s)
✔ [79/113] Built Mathlib.Lean.Expr.Basic (1.8s)
✔ [80/113] Built Mathlib.Lean.Meta.Simp (1.4s)
✔ [81/113] Built Mathlib.Data.Nat.Notation (622ms)
✔ [82/113] Built Mathlib.Util.MemoFix (756ms)
✔ [83/114] Built Mathlib.Tactic.TypeStar (652ms)
✔ [84/114] Built Mathlib.Data.Array.Defs (684ms)
✔ [85/114] Built Mathlib.Tactic.Lemma (661ms)
✔ [86/114] Built Batteries.Data.List.Monadic (504ms)
✔ [87/114] Built Batteries.Data.List.Pairwise (469ms)
✔ [88/114] Built Mathlib.Util.AssertExists (1.4s)
✔ [89/115] Built Aesop.Options.Internal (1.4s)
✔ [90/115] Built Mathlib.Tactic.Core (1.9s)
✔ [91/115] Built Aesop.Forward.PremiseIndex (596ms)
✔ [92/115] Built Mathlib.Lean.Expr.ReplaceRec (1.2s)
✔ [93/115] Built Mathlib.Tactic.ToAdditive.GuessName (2.7s)
✔ [94/117] Built Mathlib.Logic.Function.Defs (1.1s)
✔ [95/117] Built Aesop.Forward.SlotIndex (405ms)
✔ [96/119] Built Batteries.Data.List.Lemmas (3.8s)
✔ [97/119] Built Aesop.Options (1.1s)
✔ [98/119] Built Aesop.Forward.LevelIndex (308ms)
✔ [99/121] Built Mathlib.Tactic.Basic (1.0s)
✔ [100/121] Built Aesop.Nanos (431ms)
✔ [101/122] Built Aesop.Index.DiscrTreeConfig (1.0s)
✔ [102/125] Built Mathlib.Tactic.SplitIfs (1.6s)
✔ [103/125] Built Batteries.Data.List.Perm (1.3s)
✔ [104/125] Built Batteries.Lean.Expr (1.0s)
✔ [106/125] Built Batteries.Data.Array.Merge (1.5s)
✔ [107/125] Built Batteries.Data.List (767ms)
✔ [108/126] Built Mathlib.Order.Defs.Unbundled (1.6s)
✔ [109/133] Built Aesop.Util.UnorderedArraySet (1.0s)
✔ [110/133] Built Batteries.Data.Array.Basic (553ms)
✔ [111/136] Built Aesop.Rule.Name (734ms)
✔ [112/139] Built Batteries.CodeAction.Match (1.6s)
✔ [113/139] Built Aesop.Util.UnionFind (537ms)
✔ [114/139] Built Aesop.Percent (450ms)
✔ [115/139] Built Batteries.CodeAction (571ms)
✔ [116/143] Built Aesop.RuleTac.RuleTerm (728ms)
✔ [117/143] Built Mathlib.Lean.Meta (989ms)
✔ [118/144] Built Aesop.RPINF.Basic (7.1s)
✔ [119/149] Built Aesop.Util.Basic (3.2s)
✔ [120/149] Built Aesop.RuleTac.FVarIdSubst (1.4s)
✔ [121/150] Built Mathlib.Tactic.Simps.Basic (6.0s)
✔ [122/150] Built Batteries.Control.Lemmas (366ms)
✔ [123/150] Built Mathlib.Tactic.MkIffOfInductiveProp (2.3s)
✔ [124/150] Built Aesop.Script.CtorNames (1.5s)
✔ [125/152] Built Aesop.Forward.Substitution (1.7s)
✔ [126/152] Built Batteries.Control.LawfulMonadState (1.5s)
✔ [127/152] Built Aesop.Tracing (1.7s)
✔ [128/152] Built Aesop.Script.Tactic (1.0s)
✔ [129/155] Built Batteries.Control.OptionT (771ms)
✔ [130/161] Built Aesop.RulePattern.Cache (1.0s)
✔ [131/161] Built Aesop.Script.GoalWithMVars (1.0s)
✔ [132/164] Built Batteries.Lean.MonadBacktrack (327ms)
✔ [133/166] Built Batteries.Control.AlternativeMonad (956ms)
✔ [134/166] Built Batteries.Tactic.PermuteGoals (834ms)
✔ [135/167] Built Batteries.Lean.Meta.Basic (689ms)
✔ [136/169] Built Aesop.Stats.Basic (1.8s)
✔ [137/169] Built Aesop.ElabM (1.3s)
✔ [138/169] Built Aesop.Util.Tactic (1.0s)
✔ [139/169] Built Batteries.Lean.Meta.SavedState (474ms)
✔ [140/171] Built Aesop.Util.Tactic.Ext (1.5s)
✔ [141/171] Built Aesop.Script.TacticState (1.5s)
✔ [142/171] Built Aesop.Util.Tactic.Unfold (1.9s)
✔ [143/171] Built Aesop.BaseM (1.2s)
✔ [144/175] Built Batteries.Lean.Meta.UnusedNames (504ms)
✔ [145/176] Built Aesop.RuleTac.ElabRuleTerm (1.4s)
✔ [146/178] Built Aesop.Util.EqualUpToIds (2.8s)
✔ [147/178] Built Mathlib.Tactic.ToAdditive.Frontend (6.2s)
✔ [148/178] Built Batteries.Lean.Meta.Expr (283ms)
✔ [149/179] Built Batteries.Lean.PersistentHashMap (334ms)
✔ [150/179] Built Batteries.Lean.Meta.InstantiateMVars (435ms)
✔ [151/179] Built Batteries.Lean.PersistentHashSet (488ms)
✔ [152/184] Built Aesop.RPINF (1.6s)
✔ [153/184] Built Batteries.Lean.Meta.DiscrTree (443ms)
✔ [154/184] Built Aesop.Script.Util (1.2s)
✔ [155/184] Built Aesop.RuleTac.Forward.Basic (1.3s)
✔ [156/186] Built Mathlib.Tactic.ToAdditive (1.1s)
✔ [157/186] Built Aesop.RuleSet.Name (974ms)
✔ [158/192] Built Aesop.RulePattern (1.9s)
✔ [159/192] Built Aesop.RuleSet.Filter (1.0s)
✔ [160/192] Built Aesop.Script.Step (1.9s)
✔ [161/192] Built Mathlib.Algebra.Notation.Defs (1.9s)
✔ [162/192] Built Aesop.RuleTac.GoalDiff (2.1s)
✔ [163/202] Built Aesop.Script.UScript (1.1s)
✔ [164/202] Built Aesop.Script.SScript (1.1s)
✔ [165/202] Built Aesop.Script.OptimizeSyntax (1.3s)
✔ [166/203] Built Aesop.Script.ScriptM (1.2s)
✔ [167/206] Built Aesop.Forward.RuleInfo (1.8s)
✔ [168/206] Built Aesop.Search.Expansion.Simp (628ms)
✔ [169/206] Built Aesop.Constants (297ms)
✔ [170/206] Built Mathlib.Algebra.Regular.Defs (1.1s)
✔ [171/217] Built Aesop.Script.Check (1.1s)
