ASGinzburg/GinzburgPrefixFixedCoefficients.lean:17:5: error(lean.synthInstanceFailed): failed to synthesize instance of type class
  HasQuotient
    (↥(Q.ginzburgCutCohomologicalComponent k x.1 (GinzburgArrow.source Q a) 0
        (v.2 - x.2 - GinzburgArrow.cutDegree Q a)))
    (Submodule k
      ↥(Q.ginzburgCutCohomologicalComponent k x.1 (GinzburgArrow.source Q a) 0
          (v.2 - x.2 - GinzburgArrow.cutDegree Q a)))

Hint: Type class instance resolution failures can be inspected with the `set_option trace.Meta.synthInstance true` command.
ASGinzburg/GinzburgPrefixFixedCoefficients.lean:26:5: error(lean.synthInstanceFailed): failed to synthesize instance of type class
  HasQuotient
    (↥(Q.ginzburgCutCohomologicalComponent k x.1 (GinzburgArrow.source Q a) 0
        (v.2 - x.2 - GinzburgArrow.cutDegree Q a)))
    (Submodule k
      ↥(Q.ginzburgCutCohomologicalComponent k x.1 (GinzburgArrow.source Q a) 0
          (v.2 - x.2 - GinzburgArrow.cutDegree Q a)))

Hint: Type class instance resolution failures can be inspected with the `set_option trace.Meta.synthInstance true` command.
ASGinzburg/GinzburgPrefixFixedCoefficients.lean:37:7: error(lean.synthInstanceFailed): failed to synthesize instance of type class
  HasQuotient
    (↥(Q.ginzburgCutCohomologicalComponent k x.1 (GinzburgArrow.source Q ↑a) 0
        (v.2 - x.2 - GinzburgArrow.cutDegree Q ↑a)))
    (Submodule k
      ↥(Q.ginzburgCutCohomologicalComponent k x.1 (GinzburgArrow.source Q ↑a) 0
          (v.2 - x.2 - GinzburgArrow.cutDegree Q ↑a)))

Hint: Type class instance resolution failures can be inspected with the `set_option trace.Meta.synthInstance true` command.
ASGinzburg/GinzburgPrefixFixedCoefficients.lean:43:90: error(lean.invalidField): Invalid field notation: Type of
  a
is not known; cannot resolve field `val`

Hint: Consider replacing the field projection with a call to one of the following:
  • `AddUnits.val`
  • `Char.val`
  • `DerivedWanted.val`
  • `Fin.val`
  • `Finset.val`
  • `IntermediateField.val`
  • `NonScalar.val`
  • `PNat.val`
  • `PreQuasiregular.val`
  • `Subalgebra.val`
  • `SubalgebraClass.val`
  • `Subtype.val`
  • `Units.val`
  • `ZMod.val`
  • `Array.Mem.val`
  • `Lean.ExprStructEq.val`
  • `NumberField.RingOfIntegers.val`
  • `OrderHom.Subtype.val`
  • `ST.Out.val`
  • `Valuation.IsUniformizer.val`
  • `Valuation.Uniformizer.val`
  • `Vector.Mem.val`
  • `Functor.Elements.val`
  • `Lean.Doc.Parser.val`
  • `Lean.Doc.WithSyntax.val`
  • `Lean.Elab.FieldInfo.val`
  • `Lean.Language.DynamicSnapshot.val`
  • `Lean.Language.SyntaxGuarded.val`
  • `Lean.Meta.InstanceEntry.val`
  • `Lean.Server.WithRpcRef.val`
  • `Std.Time.Timestamp.val`
  • `Std.Time.WallTime.val`
  • `Batteries.BinomialHeap.Imp.FindMin.val`
  • `Lean.Elab.ComputedFields.Context.val`
  • `Lean.Elab.Term.LetRecToLift.val`
  • `Lean.Elab.Term.NamedArg.val`
  • `Lean.Meta.Match.Example.val`
  • `Lean.Meta.Match.Pattern.val`
  • `Lean.Meta.Sym.BitVecValue.val`
  • `Lean.Meta.Sym.FinValue.val`
  • `Lean.Meta.SynthInstance.Instance.val`
  • `Mathlib.Tactic.Determinant.Cert.val`
  • `Std.Time.Internal.UnitVal.val`
  • `Lean.Meta.Try.Collector.InductionCandidate.val`
  • `Mathlib.Tactic.Ring.Common.Result.val`
  • `Lean.Meta.Grind.Arith.Cutsat.SymbolicBound.val`
