ASGinzburg/GinzburgDualArrowHessianMatrix.lean:14:7: error: Type mismatch: After simplification, term
  originalGinzburgLinearMap_degreeZero Q k ((Q.pathCyclicHessian k a b) φ)
 has type
  (Q.originalGinzburgLinearMap k (Q.target a) (Q.source b)) ((Q.pathCyclicHessian k a b) φ) ∈
    Q.ginzburgCohomologicalComponent k (Q.target a) (Q.source b) 0
but is expected to have type
  (Q.originalGinzburgLinearMap k (Q.target a) (Q.source b)) ((Q.pathCyclicHessian k a b) φ) ∈
    ↑(Q.ginzburgCohomologicalComponent k (Q.target a) (Q.source b) 0)
ASGinzburg/GinzburgDualArrowHessianMatrix.lean:38:8: error: Tactic `rewrite` failed: Did not find an occurrence of the pattern
  ((Q.originalGinzburgLinearMap ?k ?u ?v) ?f) (Path.originalGinzburg Q ?p)
in the target expression
  ↑f (Path.originalGinzburg Q q) =
    ((Q.originalGinzburgLinearMap k (Q.target a) (Q.source b)) ((Q.pathCyclicHessian k a b) φ))
      (Path.originalGinzburg Q q)

case pos
Q : CutQuiver
k : Type u
inst✝ : Field k
φ : ↥(Q.Potential k)
a b : Q.Arrow
hb : Q.target b = Q.source a
z : ↥(Q.ginzburgGeneratorFiltrationAtDegree k (Q.target a) (Q.source a) 0 0
    (GinzburgArrow.cutDegree Q (GinzburgArrow.dual a))) :=
  (Q.ginzburgDualLayerDifferential k φ (Q.target a) (Q.source a) (GinzburgArrow.cutDegree Q (GinzburgArrow.dual a)))
    (Q.ginzburgDualArrowRepresentative k a)
f : ↥(Q.ginzburgCutCohomologicalComponent k (Q.target a) (GinzburgArrow.source Q ↑⟨GinzburgArrow.original b, ⋯⟩) (0 - 0)
    (GinzburgArrow.cutDegree Q (GinzburgArrow.dual a) - GinzburgArrow.cutDegree Q ↑⟨GinzburgArrow.original b, ⋯⟩)) :=
  (CategoryTheory.ConcreteCategory.hom
      ((Q.ginzburgOriginalFilteredToPrefix k φ (Q.target a) (Q.source a)
            (GinzburgArrow.cutDegree Q (GinzburgArrow.dual a))).f
        0))
    z ⟨GinzburgArrow.original b, ⋯⟩
q : Q.Path (Q.target a) (GinzburgArrow.source Q ↑⟨GinzburgArrow.original b, ⋯⟩)
hp : (Path.originalGinzburg Q q).cohomologicalDegree = 0
⊢ ↑f (Path.originalGinzburg Q q) =
    ((Q.originalGinzburgLinearMap k (Q.target a) (Q.source b)) ((Q.pathCyclicHessian k a b) φ))
      (Path.originalGinzburg Q q)

Note: The target expression is not type-correct under the `implicit` transparency level, which may have triggered the failure. This is usually caused by unfolding of semireducible definitions in prior tactic steps. Use `set_option linter.tacticCheckInstances true` to investigate the source of the issue.
Full error:
  Application type mismatch: The argument
    hb
  has type
    @Eq (Fin Q.vertices) (Q.target b) (Q.source a)
  but is expected to have type
    @Eq Q.Vertex (GinzburgArrow.target Q (GinzburgArrow.original b)) (Q.source a)
  in the application
    And.intro hb
ASGinzburg/GinzburgDualArrowHessianMatrix.lean:42:6: error: Type mismatch: After simplification, term
  hp
 has type
  Not (p.cohomologicalDegree = 0)
but is expected to have type
  p ∉ {p | p.cohomologicalDegree = 0}
ASGinzburg/GinzburgDualArrowHessianMatrix.lean:45:6: error: Type mismatch: After simplification, term
  hp
 has type
  Not (p.cohomologicalDegree = 0)
but is expected to have type
  p ∉ {p | p.cohomologicalDegree = 0}
