ASGinzburg/GinzburgGeneratorHomologyComplex.lean:57:8: error: Tactic `rewrite` failed: motive is not type correct:
  fun _a =>
    { X₁ := (Q.ginzburgGeneratorHomologyChainComplex k φ u v c).X 2,
        X₂ := (Q.ginzburgGeneratorHomologyChainComplex k φ u v c).X 1,
        X₃ := (Q.ginzburgGeneratorHomologyChainComplex k φ u v c).X 0, f := _a,
        g := (Q.ginzburgGeneratorHomologyChainComplex k φ u v c).d 1 0, zero := ⋯ }.Exact
Error: Application type mismatch: The argument
  HomologicalComplex.d_comp_d (Q.ginzburgGeneratorHomologyChainComplex k φ u v c) (0 + 2) (0 + 1) 0
has type
  (Q.ginzburgGeneratorHomologyChainComplex k φ u v c).d (0 + 2) (0 + 1) ≫
      (Q.ginzburgGeneratorHomologyChainComplex k φ u v c).d (0 + 1) 0 =
    0
but is expected to have type
  autoParam (_a ≫ (Q.ginzburgGeneratorHomologyChainComplex k φ u v c).d 1 0 = 0) ShortComplex.zero._autoParam
in the application
  { X₁ := (Q.ginzburgGeneratorHomologyChainComplex k φ u v c).X 2,
    X₂ := (Q.ginzburgGeneratorHomologyChainComplex k φ u v c).X 1,
    X₃ := (Q.ginzburgGeneratorHomologyChainComplex k φ u v c).X 0, f := _a,
    g := (Q.ginzburgGeneratorHomologyChainComplex k φ u v c).d 1 0, zero := ⋯ }

Explanation: The rewrite tactic rewrites an expression 'e' using an equality 'a = b' by the following process. First, it looks for all 'a' in 'e'. Second, it tries to abstract these occurrences of 'a' to create a function 'm := fun _a => ...', called the *motive*, with the property that 'm a' is definitionally equal to 'e'. Third, we observe that 'congrArg' implies that 'm a = m b', which can be used with lemmas such as 'Eq.mpr' to change the goal. However, if 'e' depends on specific properties of 'a', then the motive 'm' might not typecheck.

Possible solutions: use rewrite's 'occs' configuration option to limit which occurrences are rewritten, or use 'simp' or 'conv' mode, which have strategies for certain kinds of dependencies (these tactics can handle proofs and 'Decidable' instances whose types depend on the rewritten term, and 'simp' can apply user-defined '@[congr]' theorems as well).

case zero
Q : CutQuiver
k : Type u
inst✝ : Field k
φ : ↥(Q.Potential k)
h : Q.GinzburgRegular k φ
u v : Q.Vertex
c : ℤ
⊢ { X₁ := (Q.ginzburgGeneratorHomologyChainComplex k φ u v c).X 2,
      X₂ := (Q.ginzburgGeneratorHomologyChainComplex k φ u v c).X 1,
      X₃ := (Q.ginzburgGeneratorHomologyChainComplex k φ u v c).X 0,
      f := (Q.ginzburgGeneratorHomologyChainComplex k φ u v c).d 2 1,
      g := (Q.ginzburgGeneratorHomologyChainComplex k φ u v c).d 1 0, zero := ⋯ }.Exact
