ASGinzburg/GinzburgASComponentExactness.lean:71:2: warning: Try this: 
  haveI̵

The goal is a proposition, so `have` is preferred over `haveI`.
The difference between `have` and `haveI` is that `haveI` inlines the value.
But this is not relevant for proofs because of proof irrelevance.

Note: This linter can be disabled with `set_option linter.style.haveILetI false`
ASGinzburg/GinzburgASComponentExactness.lean:74:2: warning: Try this: 
  haveI̵

The goal is a proposition, so `have` is preferred over `haveI`.
The difference between `have` and `haveI` is that `haveI` inlines the value.
But this is not relevant for proofs because of proof irrelevance.

Note: This linter can be disabled with `set_option linter.style.haveILetI false`
ASGinzburg/GinzburgASComponentExactness.lean:77:2: warning: Try this: 
  haveI̵

The goal is a proposition, so `have` is preferred over `haveI`.
The difference between `have` and `haveI` is that `haveI` inlines the value.
But this is not relevant for proofs because of proof irrelevance.

Note: This linter can be disabled with `set_option linter.style.haveILetI false`
ASGinzburg/GinzburgASComponentExactness.lean:104:2: warning: Try this: 
  haveI̵

The goal is a proposition, so `have` is preferred over `haveI`.
The difference between `have` and `haveI` is that `haveI` inlines the value.
But this is not relevant for proofs because of proof irrelevance.

Note: This linter can be disabled with `set_option linter.style.haveILetI false`
ASGinzburg/GinzburgASComponentExactness.lean:105:38: error(lean.synthInstanceFailed): failed to synthesize instance of type class
  IsIso
    (ShortComplex.homMk (Q.ginzburgASComponentRadicalMap k φ x v)
        (𝟙 (Q.ginzburgASComponentOriginalSimpleShortComplex k φ x v).X₂)
        (𝟙 (Q.ginzburgASComponentOriginalSimpleShortComplex k φ x v).X₃) ⋯ ⋯).τ₂

Hint: Type class instance resolution failures can be inspected with the `set_option trace.Meta.synthInstance true` command.
ASGinzburg/GinzburgASComponentExactness.lean:105:2: warning: Try this: 
  haveI̵

The goal is a proposition, so `have` is preferred over `haveI`.
The difference between `have` and `haveI` is that `haveI` inlines the value.
But this is not relevant for proofs because of proof irrelevance.

Note: This linter can be disabled with `set_option linter.style.haveILetI false`
ASGinzburg/GinzburgASComponentExactness.lean:106:37: error(lean.synthInstanceFailed): failed to synthesize instance of type class
  Mono
    (ShortComplex.homMk (Q.ginzburgASComponentRadicalMap k φ x v)
        (𝟙 (Q.ginzburgASComponentOriginalSimpleShortComplex k φ x v).X₂)
        (𝟙 (Q.ginzburgASComponentOriginalSimpleShortComplex k φ x v).X₃) ⋯ ⋯).τ₃

Hint: Type class instance resolution failures can be inspected with the `set_option trace.Meta.synthInstance true` command.
ASGinzburg/GinzburgASComponentExactness.lean:106:2: warning: Try this: 
  haveI̵

The goal is a proposition, so `have` is preferred over `haveI`.
The difference between `have` and `haveI` is that `haveI` inlines the value.
But this is not relevant for proofs because of proof irrelevance.

Note: This linter can be disabled with `set_option linter.style.haveILetI false`
