ASGinzburg/GinzburgLoopLayerDifferential.lean:44:4: error: Type mismatch: After simplification, term
  ginzburgGeneratorFilteredComplex_d Q k φ u v (-1) c (-1)
 has type
  @Eq
    ((Q.ginzburgGeneratorFilteredComplex k φ u v (-1) c).X (-1) ⟶
      (Q.ginzburgGeneratorFilteredComplex k φ u v (-1) c).X (-1 + 1))
    ((Q.ginzburgGeneratorFilteredComplex k φ u v (-1) c).d (-1) (-1 + 1))
    (ModuleCat.ofHom (Q.ginzburgGeneratorFilteredDifferential k φ u v (-1) (-1) c))
but is expected to have type
  @Eq
    ((Q.ginzburgGeneratorFilteredComplex k φ u v (-1) c).X (-1) ⟶
      (Q.ginzburgGeneratorFilteredComplex k φ u v (-1) c).X 0)
    ((Q.ginzburgGeneratorFilteredComplex k φ u v (-1) c).d (-1) 0)
    (ModuleCat.ofHom (Q.ginzburgGeneratorFilteredDifferential k φ u v (-1) (-1) c))
ASGinzburg/GinzburgLoopLayerDifferential.lean:57:4: error: Type mismatch: After simplification, term
  CochainComplex.of_d (fun j => ↧(Q.GinzburgAssociatedGraded k u v (-2) j c))
    (fun j => ModuleCat.ofHom (Q.ginzburgAssociatedGradedDifferential k φ u v (-2) j c)) (-2)
 has type
  @Eq (↧(Q.GinzburgAssociatedGraded k u v (-2) (-2) c) ⟶ ↧(Q.GinzburgAssociatedGraded k u v (-2) (-2 + 1) c))
    (CochainComplex.of.d (fun j => ↧(Q.GinzburgAssociatedGraded k u v (-2) j c))
      (fun j => ModuleCat.ofHom (Q.ginzburgAssociatedGradedDifferential k φ u v (-2) j c)) (-2) (-2 + 1))
    (ModuleCat.ofHom (Q.ginzburgAssociatedGradedDifferential k φ u v (-2) (-2) c))
but is expected to have type
  @Eq
    ((Q.ginzburgAssociatedGradedComplex k φ u v (-2) c).X (-2) ⟶
      (Q.ginzburgAssociatedGradedComplex k φ u v (-2) c).X (-1))
    ((Q.ginzburgAssociatedGradedComplex k φ u v (-2) c).d (-2) (-1))
    (ModuleCat.ofHom (Q.ginzburgAssociatedGradedDifferential k φ u v (-2) (-2) c))
