⚠ [3415/4065] Replayed ASGinzburg.PathAlgebra
warning: ASGinzburg/PathAlgebra.lean:97:42: This simp argument is unused:
  LinearMap.add_apply

Hint: Omit it from the simp argument list.
  simp [map_add, L̵i̵n̵e̵a̵r̵M̵a̵p̵.̵a̵d̵d̵_̵a̵p̵p̵l̵y̵,̵ ̵ih, ih']

Note: This linter can be disabled with `set_option linter.unusedSimpArgs false`
✔ [4261/4388] Built ASGinzburg.PeriodCutRecoveredBoundedness (9.3s)
✔ [4262/4388] Built ASGinzburg.AlgebraModuleRestrictionComparison (9.7s)
✔ [4263/4388] Built ASGinzburg.PeriodCutCornerFieldTotal (10s)
✔ [4265/4388] Built ASGinzburg.ModuleCatHomUniverseExt (10s)
✔ [4266/4388] Built ASGinzburg.PeriodCutVertexRightModule (19s)
✔ [4267/4388] Built ASGinzburg.PeriodCutRecoveredZero (10s)
✔ [4269/4388] Built ASGinzburg.RightModuleBoundedNakayama (10s)
✔ [4270/4388] Built ASGinzburg.IdealQuotientAnnihilation (10s)
✔ [4271/4388] Built ASGinzburg.ProjectiveDimensionThreeDerivedVanishing (13s)
✔ [4272/4388] Built ASGinzburg.ProjectiveResolutionMapOfProjectiveTarget (11s)
✔ [4273/4388] Built ASGinzburg.ModuleCatRestrictionHomology (13s)
✔ [4274/4388] Built ASGinzburg.BalancedTensorQuotient (23s)
✔ [4275/4388] Built ASGinzburg.FiniteBiproductProjectiveResolution (6.4s)
✔ [4276/4388] Built ASGinzburg.AlgebraEnvelopingModuleRestrictions (23s)
✔ [4277/4388] Built ASGinzburg.AlgebraEnvelopingRegularFinite (9.9s)
✔ [4279/4388] Built ASGinzburg.BalancedTensorRightUnit (11s)
✔ [4281/4388] Built ASGinzburg.ModuleCatFiniteCoproduct (5.2s)
✔ [4282/4388] Built ASGinzburg.AlgebraEnvelopingTensorBifunctor (18s)
✔ [4283/4388] Built ASGinzburg.BalancedTensorScalarRestriction (23s)
✔ [4285/4388] Built ASGinzburg.AlgebraEnvelopingTensorRegularFree (26s)
✔ [4287/4388] Built ASGinzburg.PeriodCutSimpleCharacters (26s)
✔ [4288/4388] Built ASGinzburg.AlgebraModuleActionSpanRestriction (9.3s)
✔ [4289/4388] Built ASGinzburg.ProjectiveResolutionMapAfterRestriction (7.3s)
✔ [4290/4388] Built ASGinzburg.ProjectiveDimensionTwoDerivedVanishing (8.6s)
✔ [4291/4388] Built ASGinzburg.PeriodCutCornerFieldTotalNaturality (16s)
✔ [4292/4388] Built ASGinzburg.PeriodCutRecoveredRadical (20s)
✔ [4295/4391] Built ASGinzburg.EnvelopingBalancedTensorRightAction (13s)
✔ [4297/4391] Built ASGinzburg.AlgebraEnvelopingRestrictedProjective (15s)
✔ [4299/4394] Built ASGinzburg.EnvelopingBalancedTensorHom (8.8s)
✔ [4301/4394] Built ASGinzburg.ASCutSemisimpleSeparability (65s)
✔ [4303/4396] Built ASGinzburg.PeriodCutSimpleRightEquiv (11s)
✔ [4304/4409] Built ASGinzburg.PeriodCutRadicalProjection (15s)
✔ [4307/4409] Built ASGinzburg.AlgebraEnvelopingRestrictionFunctor (14s)
✔ [4309/4460] Built ASGinzburg.EnvelopingBalancedTensorHomMaps (18s)
✔ [4312/4462] Built ASGinzburg.AlgebraEnvelopingTensorFinsuppFree (33s)
✔ [4313/4462] Built ASGinzburg.PeriodCutGradedNakayama (17s)
✔ [4315/4462] Built ASGinzburg.EnvelopingBalancedTensorRightMaps (36s)
✔ [4317/4462] Built ASGinzburg.ModuleTensorBifunctor (10s)
✔ [4318/4462] Built ASGinzburg.ModuleFieldRestrictionResolution (9.9s)
✔ [4319/4462] Built ASGinzburg.BalancedTensorMinimalDifferentials (9.4s)
✔ [4320/4462] Built ASGinzburg.AlgebraEnvelopingRestrictedRegular (17s)
✔ [4321/4462] Built ASGinzburg.ChainComplexModuleExactness (12s)
✔ [4322/4462] Built ASGinzburg.ChainComplexQuasiIsoOfAcyclicKernel (13s)
✔ [4323/4462] Built ASGinzburg.BalancedTensorAdjunctionFormulas (32s)
✔ [4324/4462] Built ASGinzburg.BalancedTensorProjectiveExactness (32s)
✔ [4325/4462] Built ASGinzburg.NilpotentIdealActionNakayama (13s)
✔ [4326/4462] Built ASGinzburg.ASCutSemisimpleBimoduleProjective (65s)
✔ [4327/4462] Built ASGinzburg.ModuleCatRestrictionColimits (10s)
✔ [4328/4462] Built ASGinzburg.RightModuleBoundedGeneration (17s)
✔ [4329/4462] Built ASGinzburg.ProjectiveResolutionChangeTarget (10s)
✔ [4330/4462] Built ASGinzburg.PeriodCutCoverGradeBoundedness (11s)
✔ [4331/4462] Built ASGinzburg.RightModuleColimitPreservation (10s)
✔ [4332/4462] Built ASGinzburg.RightSmallCoproductRadicals (18s)
✔ [4333/4462] Built ASGinzburg.PeriodCutRadicalProjectionCharacterization (8.6s)
✔ [4334/4462] Built ASGinzburg.AlgebraEnvelopingTensorProjective (7.4s)
✔ [4337/4462] Built ASGinzburg.RightModuleBoundedRadicalQuotient (8.4s)
✔ [4338/4462] Built ASGinzburg.AlgebraEnvelopingTensorRestriction (19s)
✔ [4339/4462] Built ASGinzburg.EnvelopingBalancedTensorHomEquiv (25s)
✔ [4340/4462] Built ASGinzburg.BalancedTensorTorProjectiveRight (5.2s)
✔ [4341/4462] Built ASGinzburg.EnvelopingBalancedTensorRegularUnit (16s)
✔ [4342/4462] Built ASGinzburg.PeriodCutGradedTensorNakayama (39s)
✔ [4343/4462] Built ASGinzburg.EnvelopingBalancedTensorForgetComparison (39s)
✔ [4345/4462] Built ASGinzburg.GradedNilpotentNakayama (9.5s)
✔ [4346/4462] Built ASGinzburg.RightSmallCoproductTops (10s)
✔ [4348/4462] Built ASGinzburg.PeriodCutEnvelopingBigrading (58s)
✔ [4349/4462] Built ASGinzburg.BicomplexTotalCoordinates (12s)
✔ [4350/4462] Built ASGinzburg.BicomplexTotalProjective (4.2s)
✔ [4352/4462] Built ASGinzburg.AlgebraEnvelopingTensorFinite (20s)
✔ [4353/4462] Built ASGinzburg.BicomplexTotalFunctor (19s)
✔ [4354/4462] Built ASGinzburg.RightTopBasisPresentation (36s)
✔ [4355/4462] Built ASGinzburg.EnvelopingBalancedTensorProjective (21s)
✔ [4357/4462] Built ASGinzburg.PeriodCutMinimalTorDetection (25s)
✔ [4358/4462] Built ASGinzburg.BifunctorTotalBounded (7.5s)
✔ [4359/4462] Built ASGinzburg.BifunctorTotalSingleLeft (7.9s)
✔ [4360/4462] Built ASGinzburg.BifunctorTotalSingleRight (15s)
✔ [4362/4462] Built ASGinzburg.PeriodCutEnvelopingDegreeDecomposition (26s)
✔ [4363/4462] Built ASGinzburg.AlgebraEnvelopingTensorTotal (7.4s)
✔ [4364/4462] Built ASGinzburg.BicomplexTotalShortExact (13s)
✔ [4368/4462] Built ASGinzburg.BicomplexTotalRowAcyclic (12s)
✔ [4369/4462] Built ASGinzburg.EnvelopingBalancedTensorProjectiveFunctor (5.5s)
✔ [4370/4462] Built ASGinzburg.RightTopBasisBoundedness (9.3s)
✔ [4371/4462] Built ASGinzburg.BifunctorTotalHomotopyEquivalence (7.3s)
✔ [4372/4462] Built ASGinzburg.PeriodCutEnvelopingDegreePairs (5.3s)
✔ [4373/4462] Built ASGinzburg.TensorTotalFinite (7.9s)
✔ [4374/4462] Built ASGinzburg.BicomplexTotalRowQuasiIso (4.1s)
✔ [4380/4462] Built ASGinzburg.AlgebraEnvelopingTensorBicomplexRestriction (9.6s)
✔ [4381/4462] Built ASGinzburg.BicomplexTotalBoundedRows (5.0s)
✔ [4382/4462] Built ASGinzburg.BifunctorTotalResolutionLeft (6.9s)
✔ [4388/4462] Built ASGinzburg.PeriodCutForgetScalarComparison (9.4s)
✔ [4392/4462] Built ASGinzburg.PeriodCutOrdinaryMinimality (10s)
✔ [4393/4462] Built ASGinzburg.EnvelopingBalancedTensorResolution (12s)
✔ [4399/4462] Built ASGinzburg.NatTotalExists (7.7s)
✔ [4400/4462] Built ASGinzburg.BifunctorTotalResolution (8.3s)
✔ [4401/4462] Built ASGinzburg.PeriodCutForgetColimits (12s)
✔ [4404/4462] Built ASGinzburg.PeriodCutForgetExactness (12s)
✔ [4405/4462] Built ASGinzburg.EnvelopingResolutionRightProjectiveDimension (9.8s)
✔ [4406/4462] Built ASGinzburg.AlgebraEnvelopingTensorTotalRestriction (13s)
✔ [4407/4462] Built ASGinzburg.RightTopBasisCoordinates (52s)
✔ [4410/4462] Built ASGinzburg.BifunctorTotalResolutionFormula (7.0s)
✔ [4411/4462] Built ASGinzburg.ModuleFieldTensorResolution (8.8s)
✔ [4412/4462] Built ASGinzburg.AlgebraEnvelopingTensorAugmentation (14s)
✔ [4416/4462] Built ASGinzburg.PeriodCutRepresentableBoundedness (7.8s)
✔ [4431/4462] Built ASGinzburg.EnvelopingModuleProjectiveDimension (8.9s)
✔ [4432/4462] Built ASGinzburg.PeriodCutGradedForgetExactness (14s)
✔ [4433/4462] Built ASGinzburg.AlgebraEnvelopingTensorTotalRestrictionMaps (16s)
✔ [4434/4462] Built ASGinzburg.RightTopBasisKernelMinimality (14s)
✔ [4435/4462] Built ASGinzburg.PeriodCutOrdinaryProjectives (21s)
✔ [4436/4462] Built ASGinzburg.RightBoundedMinimalSyzygies (12s)
✔ [4437/4462] Built ASGinzburg.PeriodCutOrdinaryFiniteProjectives (7.7s)
✔ [4438/4462] Built ASGinzburg.AlgebraEnvelopingTensorAugmentationRestriction (23s)
✔ [4439/4462] Built ASGinzburg.RightBoundedMinimalResolution (13s)
✔ [4440/4462] Built ASGinzburg.PeriodCutOrdinaryProjectivePreservation (15s)
✔ [4441/4462] Built ASGinzburg.ASCutOrdinaryResolutions (11s)
✔ [4442/4462] Built ASGinzburg.PeriodCutGradedBoundedMinimalResolution (7.7s)
✔ [4443/4462] Built ASGinzburg.PeriodCutGradedForgetPreservation (7.5s)
✔ [4444/4462] Built ASGinzburg.AlgebraEnvelopingTensorResolution (12s)
✔ [4445/4462] Built ASGinzburg.ASCutOrdinarySimpleModules (6.2s)
✔ [4446/4462] Built ASGinzburg.ASCutOrdinaryResolutionTopTerm (5.7s)
✔ [4447/4462] Built ASGinzburg.ASCutOrdinarySimpleDimension (7.8s)
✔ [4448/4462] Built ASGinzburg.ASCutOrdinaryResolutionMinimality (11s)
✔ [4449/4462] Built ASGinzburg.ASCutOrdinarySimpleCharacters (11s)
✔ [4450/4462] Built ASGinzburg.AlgebraEnvelopingTensorResolutionBounded (5.7s)
✔ [4451/4462] Built ASGinzburg.ASCutOrdinaryTopTensorNonzero (10s)
✔ [4452/4462] Built ASGinzburg.ASCutSemisimpleRightDimension (9.0s)
✔ [4453/4462] Built ASGinzburg.PeriodCutGradedMinimalTorDetection (13s)
✔ [4454/4462] Built ASGinzburg.ASCutSemisimpleRightResolution (5.4s)
✔ [4455/4462] Built ASGinzburg.PeriodCutBoundedTorProjectiveDimension (5.8s)
✔ [4456/4462] Built ASGinzburg.ASCutOrdinaryTorMinimalResolution (16s)
✔ [4457/4462] Built ASGinzburg.ASCutSemisimpleRightTor (4.1s)
✔ [4458/4462] Built ASGinzburg.ASCutOrdinarySimpleSharpDimension (6.0s)
✔ [4459/4462] Built ASGinzburg.ASCutSemisimpleRightSharpDimension (2.9s)
✔ [4460/4462] Built ASGinzburg.ASCutRegularEnvelopingDimensionLowerBound (6.2s)
✔ [4461/4462] Built ASGinzburg (3.2s)
Build completed successfully (4462 jobs).
