'ASGinzburg.ZAlgebra.ASRegular.cutEnvelopingMinimalRingHomNatComplex' depends on axioms: [propext,
 Classical.choice,
 Quot.sound]
'ASGinzburg.ZAlgebra.ASRegular.cutEnvelopingMinimalRingHomTermData' depends on axioms: [propext,
 Classical.choice,
 Quot.sound]
'ASGinzburg.ZAlgebra.ASRegular.cutEnvelopingMinimalRingHomTermData_ringModule' depends on axioms: [propext,
 Classical.choice,
 Quot.sound]
'ASGinzburg.ZAlgebra.ASRegular.cutEnvelopingMinimalRingHomTermData_isInternal' depends on axioms: [propext,
 Classical.choice,
 Quot.sound]
'ASGinzburg.ZAlgebra.ASRegular.cutEnvelopingMinimalRingHomTermData_exists_lower_bound' depends on axioms: [propext,
 Classical.choice,
 Quot.sound]
'ASGinzburg.ZAlgebra.ASRegular.cutEnvelopingMinimalRingHomNatComplex_term_finiteProjective' depends on axioms: [propext,
 Classical.choice,
 Quot.sound]
'ASGinzburg.ZAlgebra.ASRegular.cutEnvelopingMinimalRingDualExtHomologyIso' depends on axioms: [propext,
 Classical.choice,
 Quot.sound]
