work/ASGinzburgDraft/TrianglePotentialCoordinates.lean:43:2: error: unsolved goals
case refine_1
xyz : Triple333
⊢ (⋯ ▸
        ⋯ ▸
          (((CutQuiver.Path.nil 0).snoc (triangleX xyz.1) ⋯).snoc (triangleY xyz.2.1) ⋯).snoc (triangleZ xyz.2.2)
            ⋯).cutDegree =
    1
work/ASGinzburgDraft/TrianglePotentialCoordinates.lean:45:2: error: unsolved goals
case refine_2
xyz : Triple333
⊢ 3 ≤
    (⋯ ▸
        ⋯ ▸
          (((CutQuiver.Path.nil 0).snoc (triangleX xyz.1) ⋯).snoc (triangleY xyz.2.1) ⋯).snoc (triangleZ xyz.2.2)
            ⋯).length
work/ASGinzburgDraft/TrianglePotentialCoordinates.lean:46:2: error: unsolved goals
case refine_3
xyz : Triple333
⊢ wordClass
      (⋯ ▸
          ⋯ ▸
            (((CutQuiver.Path.nil 0).snoc (triangleX xyz.1) ⋯).snoc (triangleY xyz.2.1) ⋯).snoc (triangleZ xyz.2.2)
              ⋯).toList =
    wordClass [triangleX xyz.1, triangleY xyz.2.1, triangleZ xyz.2.2]
work/ASGinzburgDraft/TrianglePotentialCoordinates.lean:43:29: warning: This simp argument is unused:
  path_target_cast_cutDegree

Hint: Omit it from the simp argument list.
  simp [triangleCubicPath, p̵a̵t̵h̵_̵t̵a̵r̵g̵e̵t̵_̵c̵a̵s̵t̵_̵c̵u̵t̵D̵e̵g̵r̵e̵e̵,̵ ̵CutQuiver.Path.cutDegree, CutQuiver.cutDegree, triangleX_cut,
  ̲  ̲ ̲ ̲triangleY_cut, triangleZ_cut]

Note: This linter can be disabled with `set_option linter.unusedSimpArgs false`
work/ASGinzburgDraft/TrianglePotentialCoordinates.lean:43:57: warning: This simp argument is unused:
  CutQuiver.Path.cutDegree

Hint: Omit it from the simp argument list.
  simp [triangleCubicPath, path_target_cast_cutDegree, C̵u̵t̵Q̵u̵i̵v̵e̵r̵.̵P̵a̵t̵h̵.̵c̵u̵t̵D̵e̵g̵r̵e̵e̵,̵CutQuiver.cutDegree, triangleX_cut,
  ̲  ̲ ̲ ̲triangleY_cut, triangleZ_cut]

Note: This linter can be disabled with `set_option linter.unusedSimpArgs false`
work/ASGinzburgDraft/TrianglePotentialCoordinates.lean:44:6: warning: This simp argument is unused:
  CutQuiver.cutDegree

Hint: Omit it from the simp argument list.
  simp [triangleCubicPath, path_target_cast_cutDegree, CutQuiver.Path.cutDegree, C̵u̵t̵Q̵u̵i̵v̵e̵r̵.̵c̵u̵t̵D̵e̵g̵r̵e̵e̵,̵ ̵triangleX_cut,
  ̲  ̲ ̲ ̲triangleY_cut, triangleZ_cut]

Note: This linter can be disabled with `set_option linter.unusedSimpArgs false`
work/ASGinzburgDraft/TrianglePotentialCoordinates.lean:44:27: warning: This simp argument is unused:
  triangleX_cut

Hint: Omit it from the simp argument list.
  simp [triangleCubicPath, path_target_cast_cutDegree, CutQuiver.Path.cutDegree,
       ̵ ̵CutQuiver.cutDegree, triangleX̵_̵c̵u̵t̵,̵ ̵t̵r̵i̵a̵n̵g̵l̵e̵Y_cut, triangleZ_cut]

Note: This linter can be disabled with `set_option linter.unusedSimpArgs false`
work/ASGinzburgDraft/TrianglePotentialCoordinates.lean:44:42: warning: This simp argument is unused:
  triangleY_cut

Hint: Omit it from the simp argument list.
  simp [triangleCubicPath, path_target_cast_cutDegree, CutQuiver.Path.cutDegree,
       ̵ ̵CutQuiver.cutDegree, triangleX_cut, triangleY̵_̵c̵u̵t̵,̵ ̵t̵r̵i̵a̵n̵g̵l̵e̵Z_cut]

Note: This linter can be disabled with `set_option linter.unusedSimpArgs false`
work/ASGinzburgDraft/TrianglePotentialCoordinates.lean:44:57: warning: This simp argument is unused:
  triangleZ_cut

Hint: Omit it from the simp argument list.
  simp [triangleCubicPath, path_target_cast_cutDegree, CutQuiver.Path.cutDegree,
       ̵ ̵CutQuiver.cutDegree, triangleX_cut, triangleY_cut,̵ ̵t̵r̵i̵a̵n̵g̵l̵e̵Z̵_̵c̵u̵t̵]

Note: This linter can be disabled with `set_option linter.unusedSimpArgs false`
work/ASGinzburgDraft/TrianglePotentialCoordinates.lean:45:29: warning: This simp argument is unused:
  path_target_cast_length

Hint: Omit it from the simp argument list.
  simp [triangleCubicPath, p̵a̵t̵h̵_̵t̵a̵r̵g̵e̵t̵_̵c̵a̵s̵t̵_̵l̵e̵n̵g̵t̵h̵,̵ ̵CutQuiver.Path.length]

Note: This linter can be disabled with `set_option linter.unusedSimpArgs false`
work/ASGinzburgDraft/TrianglePotentialCoordinates.lean:45:54: warning: This simp argument is unused:
  CutQuiver.Path.length

Hint: Omit it from the simp argument list.
  simp [triangleCubicPath, path_target_cast_length,̵ ̵C̵u̵t̵Q̵u̵i̵v̵e̵r̵.̵P̵a̵t̵h̵.̵l̵e̵n̵g̵t̵h̵]

Note: This linter can be disabled with `set_option linter.unusedSimpArgs false`
work/ASGinzburgDraft/TrianglePotentialCoordinates.lean:46:29: warning: This simp argument is unused:
  path_target_cast_toList

Hint: Omit it from the simp argument list.
  simp [triangleCubicPath, p̵a̵t̵h̵_̵t̵a̵r̵g̵e̵t̵_̵c̵a̵s̵t̵_̵t̵o̵L̵i̵s̵t̵,̵ ̵CutQuiver.Path.toList, triangleCubicWordClass]

Note: This linter can be disabled with `set_option linter.unusedSimpArgs false`
work/ASGinzburgDraft/TrianglePotentialCoordinates.lean:46:54: warning: This simp argument is unused:
  CutQuiver.Path.toList

Hint: Omit it from the simp argument list.
  simp [triangleCubicPath, path_target_cast_toList, C̵u̵t̵Q̵u̵i̵v̵e̵r̵.̵P̵a̵t̵h̵.̵t̵o̵L̵i̵s̵t̵,̵triangleCubicWordClass]

Note: This linter can be disabled with `set_option linter.unusedSimpArgs false`
