'ASGinzburg.ZAlgebra.ASRegular.cutEnvelopingRegularMinimalResolution_term_finite' depends on axioms: [propext,
 Classical.choice,
 Quot.sound]
'ASGinzburg.ZAlgebra.ASRegular.cutEnvelopingRegularMinimalResolution_isZero_ge_four' depends on axioms: [propext,
 Classical.choice,
 Quot.sound]
'ASGinzburg.ZAlgebra.ASRegular.cutEnvelopingFiniteFourTermResolution' depends on axioms: [propext,
 Classical.choice,
 Quot.sound]
'ASGinzburg.ZAlgebra.ASRegular.nonempty_cutEnvelopingFiniteFourTermResolution' depends on axioms: [propext,
 Classical.choice,
 Quot.sound]
'ASGinzburg.ZAlgebra.ASRegular.cutEnvelopingFiniteProjectiveResolution' depends on axioms: [propext,
 Classical.choice,
 Quot.sound]
'ASGinzburg.ZAlgebra.ASRegular.cutEnvelopingFiniteProjectiveResolution_term_finite' depends on axioms: [propext,
 Classical.choice,
 Quot.sound]
'ASGinzburg.ZAlgebra.ASRegular.cutEnvelopingFiniteProjectiveResolution_isZero_ge_four' depends on axioms: [propext,
 Classical.choice,
 Quot.sound]
'ASGinzburg.ZAlgebra.ASRegular.cutRegularEnveloping_hasProjectiveDimensionLE_three' depends on axioms: [propext,
 Classical.choice,
 Quot.sound]
'ASGinzburg.ZAlgebra.ASRegular.cutRegularEnveloping_projectiveDimension_eq_three' depends on axioms: [propext,
 Classical.choice,
 Quot.sound]
'ASGinzburg.ZAlgebra.ASRegular.cutEnvelopingHomogeneousSubspace' depends on axioms: [propext,
 Classical.choice,
 Quot.sound]
'ASGinzburg.ZAlgebra.ASRegular.cutEnvelopingIntegerHomogeneousSubspace' depends on axioms: [propext,
 Classical.choice,
 Quot.sound]
'ASGinzburg.ZAlgebra.ASRegular.cutEnvelopingHomogeneousDecomposition' depends on axioms: [propext,
 Classical.choice,
 Quot.sound]
'ASGinzburg.ZAlgebra.ASRegular.cutEnvelopingIntegerHomogeneousDecomposition' depends on axioms: [propext,
 Classical.choice,
 Quot.sound]
'ASGinzburg.ZAlgebra.ASRegular.cutEnvelopingIntegerGradedMonoid' depends on axioms: [propext,
 Classical.choice,
 Quot.sound]
'ASGinzburg.ZAlgebra.ASRegular.cutEnvelopingIntegerHomogeneousSubspace_natCast' depends on axioms: [propext,
 Classical.choice,
 Quot.sound]
'ASGinzburg.ZAlgebra.ASRegular.cutEnvelopingIntegerHomogeneousSubspace_neg' depends on axioms: [propext,
 Classical.choice,
 Quot.sound]
'ASGinzburg.ZAlgebra.ASRegular.cutEnvelopingIntegerHomogeneousSubspace_mul_mem' depends on axioms: [propext,
 Classical.choice,
 Quot.sound]
'ASGinzburg.ZAlgebra.ASRegular.mem_cutEnvelopingAugmentationKernel_iff_operatorSpan' depends on axioms: [propext,
 Classical.choice,
 Quot.sound]
'ASGinzburg.ZAlgebra.ASRegular.cutEnvelopingRegularMinimalResolution' depends on axioms: [propext,
 Classical.choice,
 Quot.sound]
'ASGinzburg.ZAlgebra.ASRegular.cutEnvelopingRegularMinimalResolutionTermData' depends on axioms: [propext,
 Classical.choice,
 Quot.sound]
'ASGinzburg.ZAlgebra.ASRegular.cutEnvelopingRegularMinimalResolutionTermData_ringModule' depends on axioms: [propext,
 Classical.choice,
 Quot.sound]
'ASGinzburg.ZAlgebra.ASRegular.cutEnvelopingRegularMinimalResolutionTermData_boundedBelow' depends on axioms: [propext,
 Classical.choice,
 Quot.sound]
'ASGinzburg.ZAlgebra.ASRegular.cutEnvelopingRegularMinimalResolution_minimal' depends on axioms: [propext,
 Classical.choice,
 Quot.sound]
'ASGinzburg.ZAlgebra.ASRegular.cutEnvelopingMinimalTorTopEquiv' depends on axioms: [propext,
 Classical.choice,
 Quot.sound]
'ASGinzburg.ZAlgebra.ASRegular.cutEnvelopingMinimalTop_finite' depends on axioms: [propext,
 Classical.choice,
 Quot.sound]
'ASGinzburg.ZAlgebra.ASRegular.cutEnvelopingMinimalTop_isZero_ge_four' depends on axioms: [propext,
 Classical.choice,
 Quot.sound]
'ASGinzburg.ZAlgebra.ASRegular.cutEnvelopingMinimalTop_subsingleton_ge_four' depends on axioms: [propext,
 Classical.choice,
 Quot.sound]
'ASGinzburg.ZAlgebra.ASRegular.cutEnvelopingMinimalActionSpan_eq_top_ge_four' depends on axioms: [propext,
 Classical.choice,
 Quot.sound]
'ASGinzburg.ZAlgebra.ASRegular.cutEnvelopingAugmentation' depends on axioms: [propext, Classical.choice, Quot.sound]
'ASGinzburg.ZAlgebra.ASRegular.cutEnvelopingAugmentation_tmul' depends on axioms: [propext,
 Classical.choice,
 Quot.sound]
'ASGinzburg.ZAlgebra.ASRegular.cutEnvelopingAugmentation_surjective' depends on axioms: [propext,
 Classical.choice,
 Quot.sound]
'ASGinzburg.ZAlgebra.ASRegular.cutEnvelopingAugmentationKernel' depends on axioms: [propext,
 Classical.choice,
 Quot.sound]
'ASGinzburg.ZAlgebra.ASRegular.cutEnvelopingAugmentationKernelTwoSided' depends on axioms: [propext,
 Classical.choice,
 Quot.sound]
'ASGinzburg.ZAlgebra.ASRegular.CutEnvelopingAugmentationQuotient' depends on axioms: [propext,
 Classical.choice,
 Quot.sound]
'ASGinzburg.ZAlgebra.ASRegular.mem_cutEnvelopingAugmentationKernel' depends on axioms: [propext,
 Classical.choice,
 Quot.sound]
'ASGinzburg.ZAlgebra.ASRegular.cutEnvelopingAugmentationQuotientAlgEquiv' depends on axioms: [propext,
 Classical.choice,
 Quot.sound]
'ASGinzburg.ZAlgebra.ASRegular.cutEnvelopingAugmentationQuotientScalarAlgEquiv' depends on axioms: [propext,
 Classical.choice,
 Quot.sound]
'ASGinzburg.ZAlgebra.ASRegular.cutEnvelopingAugmentationQuotient_isSemisimple' depends on axioms: [propext,
 Classical.choice,
 Quot.sound]
'ASGinzburg.ZAlgebra.ASRegular.cutEnvelopingRegularGradedData' depends on axioms: [propext,
 Classical.choice,
 Quot.sound]
'ASGinzburg.ZAlgebra.ASRegular.cutEnvelopingRegularGradedData_ringModule' depends on axioms: [propext,
 Classical.choice,
 Quot.sound]
'ASGinzburg.ZAlgebra.ASRegular.cutEnvelopingRegularGradedData_grade_mem' depends on axioms: [propext,
 Classical.choice,
 Quot.sound]
'ASGinzburg.ZAlgebra.ASRegular.cutEnvelopingRegularGradedData_boundedBelow' depends on axioms: [propext,
 Classical.choice,
 Quot.sound]
'ASGinzburg.ZAlgebra.ASRegular.cutEnvelopingRegularGradedData_finite' depends on axioms: [propext,
 Classical.choice,
 Quot.sound]
'ASGinzburg.ZAlgebra.ASRegular.cutEnvelopingSemisimpleRightObject' depends on axioms: [propext,
 Classical.choice,
 Quot.sound]
'ASGinzburg.ZAlgebra.ASRegular.cutEnvelopingSemisimpleRightTensorIso' depends on axioms: [propext,
 Classical.choice,
 Quot.sound]
'ASGinzburg.ZAlgebra.ASRegular.cutEnvelopingSemisimpleTorIso' depends on axioms: [propext, Classical.choice, Quot.sound]
'ASGinzburg.ZAlgebra.ASRegular.cutEnvelopingSemisimpleTor_isZero_ge_four' depends on axioms: [propext,
 Classical.choice,
 Quot.sound]
'ASGinzburg.ZAlgebra.ASRegular.cutEnvelopingSemisimpleTor_finite' depends on axioms: [propext,
 Classical.choice,
 Quot.sound]
'ASGinzburg.ZAlgebra.ASRegular.cutEnvelopingPerfectCochainComplex' depends on axioms: [propext,
 Classical.choice,
 Quot.sound]
'ASGinzburg.ZAlgebra.ASRegular.cutEnvelopingPerfectCochainComplex_term_finiteProjective' depends on axioms: [propext,
 Classical.choice,
 Quot.sound]
'ASGinzburg.ZAlgebra.ASRegular.cutEnvelopingPerfectCochainComplex_term_finite' depends on axioms: [propext,
 Classical.choice,
 Quot.sound]
'ASGinzburg.ZAlgebra.ASRegular.cutEnvelopingPerfectCochainComplex_term_projective' depends on axioms: [propext,
 Classical.choice,
 Quot.sound]
'ASGinzburg.ZAlgebra.ASRegular.cutEnvelopingPerfectCochainComplex_isZero_outside' depends on axioms: [propext,
 Classical.choice,
 Quot.sound]
'ASGinzburg.ZAlgebra.ASRegular.cutEnvelopingPerfectCochainAugmentation' depends on axioms: [propext,
 Classical.choice,
 Quot.sound]
'ASGinzburg.ZAlgebra.ASRegular.cutEnvelopingPerfectCochainAugmentation_quasiIso' depends on axioms: [propext,
 Classical.choice,
 Quot.sound]
'ASGinzburg.ZAlgebra.ASRegular.cutHomologicallySmooth' depends on axioms: [propext, Classical.choice, Quot.sound]
'ASGinzburg.ZAlgebra.ASRegular.cutEnvelopingPerfectDerivedIso' depends on axioms: [propext,
 Classical.choice,
 Quot.sound]
'ASGinzburg.ZAlgebra.ASRegular.cutRegularEnvelopingPerfectDerived' depends on axioms: [propext,
 Classical.choice,
 Quot.sound]
'ASGinzburg.ZAlgebra.ASRegular.cutOrdinaryRight_hasProjectiveDimensionLE_three' depends on axioms: [propext,
 Classical.choice,
 Quot.sound]
'ASGinzburg.ZAlgebra.ASRegular.cutOrdinaryLeft_hasProjectiveDimensionLE_three' depends on axioms: [propext,
 Classical.choice,
 Quot.sound]
'ASGinzburg.ZAlgebra.ASRegular.cutOrdinaryRight_projectiveDimension_le_three' depends on axioms: [propext,
 Classical.choice,
 Quot.sound]
'ASGinzburg.ZAlgebra.ASRegular.cutOrdinaryLeft_projectiveDimension_le_three' depends on axioms: [propext,
 Classical.choice,
 Quot.sound]
'ASGinzburg.ZAlgebra.ASRegular.cutOrdinaryRight_projectiveDimension_three_attained' depends on axioms: [propext,
 Classical.choice,
 Quot.sound]
'ASGinzburg.ZAlgebra.ASRegular.cutOrdinaryRight_globalDimension_eq_three' depends on axioms: [propext,
 Classical.choice,
 Quot.sound]
'ASGinzburg.ZAlgebra.ASRegular.cutOrdinaryLeft_globalDimension_eq_three' depends on axioms: [propext,
 Classical.choice,
 Quot.sound]
'ASGinzburg.ZAlgebra.ASRegular.cutOrdinarySimpleSecondTorRadicalQuotient_three_not_isZero' depends on axioms: [propext,
 Classical.choice,
 Quot.sound]
'ASGinzburg.ZAlgebra.ASRegular.cutSemisimpleLeft_projectiveDimension_ge_three' depends on axioms: [propext,
 Classical.choice,
 Quot.sound]
'ASGinzburg.ZAlgebra.ASRegular.cutSemisimpleLeft_projectiveDimension_eq_three' depends on axioms: [propext,
 Classical.choice,
 Quot.sound]
'ASGinzburg.ZAlgebra.ASRegular.cutOrdinaryLeft_projectiveDimension_three_attained' depends on axioms: [propext,
 Classical.choice,
 Quot.sound]
'ASGinzburg.ZAlgebra.ASRegular.cutSemisimpleSecondTor_isZero_ge_four' depends on axioms: [propext,
 Classical.choice,
 Quot.sound]
'ASGinzburg.ZAlgebra.ASRegular.cutSemisimpleSecondTor_finite' depends on axioms: [propext, Classical.choice, Quot.sound]
'ASGinzburg.ZAlgebra.ASRegular.cutSemisimpleBalancedTor_finite' depends on axioms: [propext,
 Classical.choice,
 Quot.sound]
'ASGinzburg.ZAlgebra.ASRegular.cutSemisimpleEnvelopingSecondTor_isZero_ge_four' depends on axioms: [propext,
 Classical.choice,
 Quot.sound]
'ASGinzburg.ZAlgebra.ASRegular.cutSemisimpleEnvelopingSecondTor_finite' depends on axioms: [propext,
 Classical.choice,
 Quot.sound]
'ASGinzburg.ZAlgebra.ASRegular.cutSemisimpleEnvelopingBalancedTor_finite' depends on axioms: [propext,
 Classical.choice,
 Quot.sound]
'ASGinzburg.ZAlgebra.ASRegular.cutSemisimpleEnvelopingTensorObject' depends on axioms: [propext,
 Classical.choice,
 Quot.sound]
'ASGinzburg.ZAlgebra.ASRegular.cutSemisimpleEnvelopingTor_isZero_ge_four' depends on axioms: [propext,
 Classical.choice,
 Quot.sound]
'ASGinzburg.ZAlgebra.ASRegular.cutSemisimpleRightTor_finite' depends on axioms: [propext, Classical.choice, Quot.sound]
'ASGinzburg.ZAlgebra.ASRegular.cutSemisimpleLeftObject' depends on axioms: [propext, Classical.choice, Quot.sound]
'ASGinzburg.ZAlgebra.ASRegular.cutSemisimpleLeftObject_finite' depends on axioms: [propext,
 Classical.choice,
 Quot.sound]
'ASGinzburg.ZAlgebra.ASRegular.cutSemisimpleTor_finite' depends on axioms: [propext, Classical.choice, Quot.sound]
'ASGinzburg.ZAlgebra.ASRegular.cutSemisimpleRight_projectiveDimension_eq_three_unconditional' depends on axioms: [propext,
 Classical.choice,
 Quot.sound]
'ASGinzburg.ZAlgebra.ASRegular.cutRegularEnveloping_projectiveDimension_ge_three_unconditional' depends on axioms: [propext,
 Classical.choice,
 Quot.sound]
'ASGinzburg.ASRegularAlgebra' depends on axioms: [propext, Classical.choice, Quot.sound]
'ASGinzburg.asRegularIsomorphismSetoid' depends on axioms: [propext, Classical.choice, Quot.sound]
'ASGinzburg.ASRegularIsomorphismClass' depends on axioms: [propext, Classical.choice, Quot.sound]
'ASGinzburg.ASRegularAlgebra.isomorphismClass' depends on axioms: [propext, Classical.choice, Quot.sound]
'ASGinzburg.ASRegularAlgebra.isomorphismClass_eq_iff' depends on axioms: [propext, Classical.choice, Quot.sound]
'ASGinzburg.ASRegularAlgebra.isomorphismClass_eq_of_isomorphism' depends on axioms: [propext,
 Classical.choice,
 Quot.sound]
'ASGinzburg.algebraCommutatorSubspace' depends on axioms: [propext, Quot.sound]
'ASGinzburg.AlgebraCyclicQuotient' depends on axioms: [propext, Quot.sound]
'ASGinzburg.algebraCommutatorSubspace_map_mem' depends on axioms: [propext, Classical.choice, Quot.sound]
'ASGinzburg.algebraCyclicMap' depends on axioms: [propext, Classical.choice, Quot.sound]
'ASGinzburg.algebraCyclicMap_mk' depends on axioms: [propext, Classical.choice, Quot.sound]
'ASGinzburg.algebraCyclicEquiv' depends on axioms: [propext, Classical.choice, Quot.sound]
'ASGinzburg.algebraCyclicEquiv_mk' depends on axioms: [propext, Classical.choice, Quot.sound]
'ASGinzburg.algebraEnvelopingMap' depends on axioms: [propext, Quot.sound]
'ASGinzburg.algebraEnvelopingMap_tmul' depends on axioms: [propext, Quot.sound]
'ASGinzburg.algebraHom_op_surjective' depends on axioms: [propext, Quot.sound]
'ASGinzburg.algebraEnvelopingMap_surjective' depends on axioms: [propext, Quot.sound]
'ASGinzburg.algebraEnvelopingMapKernel' depends on axioms: [propext, Quot.sound]
'ASGinzburg.algebraEnvelopingMapKernelTwoSided' depends on axioms: [propext, Quot.sound]
'ASGinzburg.mem_algebraEnvelopingMapKernel' depends on axioms: [propext, Quot.sound]
'ASGinzburg.algebraEnvelopingMapKernel_eq_sup' depends on axioms: [propext, Classical.choice, Quot.sound]
'ASGinzburg.algebraEnvelopingMapQuotientAlgEquiv' depends on axioms: [propext, Classical.choice, Quot.sound]
'ASGinzburg.algebraHom_opKernel_pow_mem_unop' depends on axioms: [propext, Classical.choice, Quot.sound]
'ASGinzburg.algebraHom_opKernel_pow_eq_bot' depends on axioms: [propext, Classical.choice, Quot.sound]
'ASGinzburg.algebraEnvelopingMapKernel_pow_eq_bot' depends on axioms: [propext, Classical.choice, Quot.sound]
'ASGinzburg.algebraEnvelopingOppositeAlgEquiv' depends on axioms: [propext, Quot.sound]
'ASGinzburg.algebraEnvelopingOppositeAlgEquiv_tmul' depends on axioms: [propext, Quot.sound]
'ASGinzburg.regularEnvelopingOppositeRestrictionEquiv' depends on axioms: [propext, Quot.sound]
'ASGinzburg.regularEnvelopingOppositeRestrictionIso' depends on axioms: [propext, Quot.sound]
'ASGinzburg.algebraEnvelopingQuotientAugmentation' depends on axioms: [propext, Quot.sound]
'ASGinzburg.algebraEnvelopingQuotientAugmentation_tmul' depends on axioms: [propext, Quot.sound]
'ASGinzburg.algebraQuotient_op_surjective' depends on axioms: [propext, Quot.sound]
'ASGinzburg.algebraEnvelopingQuotientAugmentation_surjective' depends on axioms: [propext, Quot.sound]
'ASGinzburg.algebraEnvelopingQuotientKernel' depends on axioms: [propext, Quot.sound]
'ASGinzburg.algebraEnvelopingQuotientKernelTwoSided' depends on axioms: [propext, Quot.sound]
'ASGinzburg.AlgebraEnvelopingQuotientRing' depends on axioms: [propext, Quot.sound]
'ASGinzburg.mem_algebraEnvelopingQuotientKernel' depends on axioms: [propext, Quot.sound]
'ASGinzburg.algebraEnvelopingQuotientKernel_eq_sup' depends on axioms: [propext, Classical.choice, Quot.sound]
'ASGinzburg.tmul_mem_algebraEnvelopingQuotientKernel_of_left' depends on axioms: [propext, Quot.sound]
'ASGinzburg.tmul_mem_algebraEnvelopingQuotientKernel_of_right' depends on axioms: [propext, Quot.sound]
'ASGinzburg.algebraEnvelopingQuotientAlgEquiv' depends on axioms: [propext, Classical.choice, Quot.sound]
'ASGinzburg.algebraEnvelopingQuotientAlgEquiv_mk' depends on axioms: [propext, Classical.choice, Quot.sound]
'ASGinzburg.quotientEnvelopingRightKernelEquiv' depends on axioms: [propext, Classical.choice, Quot.sound]
'ASGinzburg.quotientEnvelopingRightKernelIso' depends on axioms: [propext, Classical.choice, Quot.sound]
'ASGinzburg.quotientTensorRightKernelIso' depends on axioms: [propext, Classical.choice, Quot.sound]
'ASGinzburg.quotientEnvelopingRightTargetModule' depends on axioms: [propext, Quot.sound]
'ASGinzburg.quotientEnvelopingRightTargetObject' depends on axioms: [propext, Quot.sound]
'ASGinzburg.idealQuotientRightScalarTower' depends on axioms: [propext, Quot.sound]
'ASGinzburg.QuotientTensorRightSpace' depends on axioms: [propext, Quot.sound]
'ASGinzburg.quotientTensorRightCanonicalFieldEquiv' depends on axioms: [propext, Quot.sound]
'ASGinzburg.quotientTensorRightTmul' depends on axioms: [propext, Quot.sound]
'ASGinzburg.quotientTensorRightCanonicalFieldEquiv_tmul' depends on axioms: [propext, Quot.sound]
'ASGinzburg.quotientTensorRightSourceObject' depends on axioms: [propext, Classical.choice, Quot.sound]
'ASGinzburg.quotientTensorRightEnvelopingEquiv' depends on axioms: [propext, Classical.choice, Quot.sound]
'ASGinzburg.AlgebraHomologicallySmooth' depends on axioms: [propext, Classical.choice, Quot.sound]
'ASGinzburg.algebraHomologicallySmooth_of_finiteFourTermResolution' depends on axioms: [propext,
 Classical.choice,
 Quot.sound]
'ASGinzburg.balancedTensorBifunctor' depends on axioms: [propext, Classical.choice, Quot.sound]
'ASGinzburg.balancedTensorBifunctor_obj_additive' depends on axioms: [propext, Classical.choice, Quot.sound]
'ASGinzburg.balancedTensorBifunctor_additive' depends on axioms: [propext, Classical.choice, Quot.sound]
'ASGinzburg.balancedTensorBifunctor_map_app_tmul' depends on axioms: [propext, Classical.choice, Quot.sound]
'ASGinzburg.balancedTensorBifunctor_obj_map_tmul' depends on axioms: [propext, Classical.choice, Quot.sound]
'ASGinzburg.balancedTensorTorBundledRightMinimalTopEquiv' depends on axioms: [propext, Classical.choice, Quot.sound]
'ASGinzburg.balancedTensorFlippedBifunctor_obj_additive' depends on axioms: [propext, Classical.choice, Quot.sound]
'ASGinzburg.balancedTensorFlippedBifunctor_additive' depends on axioms: [propext, Classical.choice, Quot.sound]
'ASGinzburg.balancedTensorDoubleResolutionColumnPreservesHomology' depends on axioms: [propext,
 Classical.choice,
 Quot.sound]
'ASGinzburg.balancedTensorDoubleResolutionColumnPreservesEpimorphisms' depends on axioms: [propext,
 Classical.choice,
 Quot.sound]
'ASGinzburg.balancedTensorDoubleResolutionLeftAugmentation' depends on axioms: [propext, Classical.choice, Quot.sound]
'ASGinzburg.balancedTensorDoubleResolutionLeftAugmentation_quasiIso' depends on axioms: [propext,
 Classical.choice,
 Quot.sound]
'ASGinzburg.balancedTensorDoubleResolutionRightHomologyIso' depends on axioms: [propext, Classical.choice, Quot.sound]
'ASGinzburg.balancedTensorDoubleResolutionTorRightIso' depends on axioms: [propext, Classical.choice, Quot.sound]
'ASGinzburg.balancedTensorTorBalanceIso' depends on axioms: [propext, Classical.choice, Quot.sound]
'ASGinzburg.balancedTensorDoubleResolutionRowPreservesHomology' depends on axioms: [propext,
 Classical.choice,
 Quot.sound]
'ASGinzburg.balancedTensorDoubleResolutionRowPreservesEpimorphisms' depends on axioms: [propext,
 Classical.choice,
 Quot.sound]
'ASGinzburg.balancedTensorDoubleResolutionAugmentation' depends on axioms: [propext, Classical.choice, Quot.sound]
'ASGinzburg.balancedTensorDoubleResolutionAugmentation_quasiIso' depends on axioms: [propext,
 Classical.choice,
 Quot.sound]
'ASGinzburg.balancedTensorDoubleResolutionHomologyIso' depends on axioms: [propext, Classical.choice, Quot.sound]
'ASGinzburg.balancedTensorDoubleResolutionTorLeftIso' depends on axioms: [propext, Classical.choice, Quot.sound]
'ASGinzburg.balancedTensorEnvelopingBicomplexIso' depends on axioms: [propext, Classical.choice, Quot.sound]
'ASGinzburg.tensorRightEnvelopingBifunctor_moduleOfAlgebraModule_eq' depends on axioms: [propext,
 Classical.choice,
 Quot.sound]
'ASGinzburg.balancedTensorEnvelopingTensorScalarIso' depends on axioms: [propext, Classical.choice, Quot.sound]
'ASGinzburg.balancedTensorEnvelopingTensorScalarIso_hom_tmul' depends on axioms: [propext, Classical.choice, Quot.sound]
'ASGinzburg.balancedTensorEnvelopingModuleIso' depends on axioms: [propext, Classical.choice, Quot.sound]
'ASGinzburg.balancedTensorEnvelopingModuleIso_hom_tmul' depends on axioms: [propext, Classical.choice, Quot.sound]
'ASGinzburg.balancedTensorEnvelopingModuleIso_naturality' depends on axioms: [propext, Classical.choice, Quot.sound]
'ASGinzburg.balancedTensorEnvelopingTensorScalarIso_naturality' depends on axioms: [propext,
 Classical.choice,
 Quot.sound]
'ASGinzburg.balancedTensorEnvelopingSecondTorComparisonIso' depends on axioms: [propext, Classical.choice, Quot.sound]
'ASGinzburg.balancedTensorEnvelopingSecondTor_isZero_of_resolution_term' depends on axioms: [propext,
 Classical.choice,
 Quot.sound]
'ASGinzburg.balancedTensorEnvelopingSecondTor_finite_of_resolution_term' depends on axioms: [propext,
 Classical.choice,
 Quot.sound]
'ASGinzburg.balancedTensorEnvelopingTorComparisonIso' depends on axioms: [propext, Classical.choice, Quot.sound]
'ASGinzburg.balancedTensorEnvelopingTor_isZero_of_resolution_term' depends on axioms: [propext,
 Classical.choice,
 Quot.sound]
'ASGinzburg.balancedTensorEnvelopingTotalIso' depends on axioms: [propext, Classical.choice, Quot.sound]
'ASGinzburg.balancedTensorFieldModuleChangeIso' depends on axioms: [propext, Classical.choice, Quot.sound]
'ASGinzburg.balancedTensorFieldModuleChangeIso_hom_tmul' depends on axioms: [propext, Classical.choice, Quot.sound]
'ASGinzburg.balancedTensorFieldModuleChangeIso_naturality' depends on axioms: [propext, Classical.choice, Quot.sound]
'ASGinzburg.balancedTensorSpace_finite' depends on axioms: [propext, Classical.choice, Quot.sound]
'ASGinzburg.balancedTensorLeftFunctorFieldModuleChangeIso' depends on axioms: [propext, Classical.choice, Quot.sound]
'ASGinzburg.balancedTensorTorLeftFieldModuleChangeIso' depends on axioms: [propext, Classical.choice, Quot.sound]
'ASGinzburg.algebraModuleCompHomField_eq' depends on axioms: [propext, Quot.sound]
'ASGinzburg.balancedTensorTorLeftCanonicalFieldIso' depends on axioms: [propext, Classical.choice, Quot.sound]
'ASGinzburg.balancedTensorDoubleOppositeScalarEquiv' depends on axioms: [propext, Quot.sound]
'ASGinzburg.balancedTensorDoubleOppositeModule_projective' depends on axioms: [propext, Classical.choice, Quot.sound]
'ASGinzburg.balancedTensorLeftFunctorPreservesMonomorphisms' depends on axioms: [propext, Classical.choice, Quot.sound]
'ASGinzburg.balancedTensorLeftFunctorPreservesHomology' depends on axioms: [propext, Classical.choice, Quot.sound]
'ASGinzburg.balancedTensorLeftFunctor_map_exact' depends on axioms: [propext, Classical.choice, Quot.sound]
'ASGinzburg.idealQuotientRightModule_smul' depends on axioms: [propext, Quot.sound]
'ASGinzburg.idealQuotientRightModule_annihilated' depends on axioms: [propext, Quot.sound]
'ASGinzburg.balancedTensorLeftIdealAction' depends on axioms: [propext, Quot.sound]
'ASGinzburg.balancedTensorLeftIdealAction_mem' depends on axioms: [propext, Quot.sound]
'ASGinzburg.balancedTensorLeftQuotientScalar' depends on axioms: [propext, Quot.sound]
'ASGinzburg.balancedTensorLeftQuotientCoefficient' depends on axioms: [propext, Classical.choice, Quot.sound]
'ASGinzburg.balancedTensorLeftQuotientCoefficient_mk' depends on axioms: [propext, Classical.choice, Quot.sound]
'ASGinzburg.balancedTensorLeftQuotientBilinear' depends on axioms: [propext, Classical.choice, Quot.sound]
'ASGinzburg.balancedTensorLeftQuotientMap' depends on axioms: [propext, Classical.choice, Quot.sound]
'ASGinzburg.balancedTensorLeftQuotientMap_tmul_mk' depends on axioms: [propext, Classical.choice, Quot.sound]
'ASGinzburg.balancedTensorLeftQuotientInverse' depends on axioms: [propext, Classical.choice, Quot.sound]
'ASGinzburg.balancedTensorLeftQuotientInverse_mk' depends on axioms: [propext, Classical.choice, Quot.sound]
'ASGinzburg.balancedTensorLeftQuotientEquiv' depends on axioms: [propext, Classical.choice, Quot.sound]
'ASGinzburg.balancedTensorRightFunctorFieldModuleChangeIso' depends on axioms: [propext, Classical.choice, Quot.sound]
'ASGinzburg.balancedTensorTorRightFieldModuleChangeIso' depends on axioms: [propext, Classical.choice, Quot.sound]
'ASGinzburg.balancedTensorRightFunctorCanonicalFieldIso' depends on axioms: [propext, Classical.choice, Quot.sound]
'ASGinzburg.balancedTensorTorRightCanonicalFieldIso' depends on axioms: [propext, Classical.choice, Quot.sound]
'ASGinzburg.balancedTensorTmul_eq_zero_of_left_action_span' depends on axioms: [propext, Classical.choice, Quot.sound]
'ASGinzburg.balancedTensorMapRight_eq_zero_of_action_span' depends on axioms: [propext, Classical.choice, Quot.sound]
'ASGinzburg.balancedTensorRightFunctor_map_eq_zero_of_action_span' depends on axioms: [propext,
 Classical.choice,
 Quot.sound]
'ASGinzburg.balancedTensorTorRightMinimalResolutionIso' depends on axioms: [propext, Classical.choice, Quot.sound]
'ASGinzburg.balancedTensorTorRightMinimalResolution_isZero_iff' depends on axioms: [propext,
 Classical.choice,
 Quot.sound]
'ASGinzburg.balancedTensorTorRightMinimalTopEquiv' depends on axioms: [propext, Classical.choice, Quot.sound]
'ASGinzburg.balancedTensorTorRightMinimalTopIso' depends on axioms: [propext, Classical.choice, Quot.sound]
'ASGinzburg.balancedTensorTorRightMinimalTop_finite' depends on axioms: [propext, Classical.choice, Quot.sound]
'ASGinzburg.ordinaryIdealActionSpan_eq_top_of_minimal_tor_zero' depends on axioms: [propext,
 Classical.choice,
 Quot.sound]
'ASGinzburg.balancedTensorTorBalanceObjIso' depends on axioms: [propext, Classical.choice, Quot.sound]
'ASGinzburg.balancedTensorTor_isZero_of_right_resolution_term' depends on axioms: [propext,
 Classical.choice,
 Quot.sound]
'ASGinzburg.balancedTensorTor_finite_of_right_resolution_term' depends on axioms: [propext,
 Classical.choice,
 Quot.sound]
'ASGinzburg.moduleCatShortComplexHomology_finite' depends on axioms: [propext, Classical.choice, Quot.sound]
'ASGinzburg.balancedTensorTorLeft_finite_of_resolution_term' depends on axioms: [propext, Classical.choice, Quot.sound]
'ASGinzburg.balancedTensorTorFirstObjectIso' depends on axioms: [propext, Classical.choice, Quot.sound]
'ASGinzburg.balancedTensorResolutionRow_exactAt' depends on axioms: [propext, Classical.choice, Quot.sound]
'ASGinzburg.balancedTensorTotal_exactAt_of_bounded_resolution' depends on axioms: [propext,
 Classical.choice,
 Quot.sound]
'ASGinzburg.balancedTensorTotal_isZero_homology_of_bounded_resolution' depends on axioms: [propext,
 Classical.choice,
 Quot.sound]
'ASGinzburg.bifunctorTotalRightResolutionAugmentation' depends on axioms: [propext, Classical.choice, Quot.sound]
'ASGinzburg.ι_bifunctorTotalRightResolutionAugmentation_f' depends on axioms: [propext, Classical.choice, Quot.sound]
'ASGinzburg.bifunctorTotalRightResolutionAugmentation_quasiIso' depends on axioms: [propext,
 Classical.choice,
 Quot.sound]
'ASGinzburg.bifunctorTotalRightResolutionHomologyIso' depends on axioms: [propext, Classical.choice, Quot.sound]
'ASGinzburg.bifunctorTotalRightResolutionHomologyIso_hom' depends on axioms: [propext, Classical.choice, Quot.sound]
'ASGinzburg.bifunctorTotal_quasiIso_of_row_quasiIso' depends on axioms: [propext, Classical.choice, Quot.sound]
'ASGinzburg.chainSingleZeroExtend_isZero_away' depends on axioms: [propext, Classical.choice, Quot.sound]
'ASGinzburg.chainSingleZeroExtendIso' depends on axioms: [propext, Classical.choice, Quot.sound]
'ASGinzburg.directSumGradeInclusion' depends on axioms: [propext, Quot.sound]
'ASGinzburg.directSumGrade' depends on axioms: [propext, Classical.choice, Quot.sound]
'ASGinzburg.directSumGradeEquiv' depends on axioms: [propext, Classical.choice, Quot.sound]
'ASGinzburg.directSumGradingLinearEquiv' depends on axioms: [propext, Classical.choice, Quot.sound]
'ASGinzburg.directSumGradingLinearEquiv_of_mem' depends on axioms: [propext, Classical.choice, Quot.sound]
'ASGinzburg.directSumGradeDecomposition' depends on axioms: [propext, Classical.choice, Quot.sound]
'ASGinzburg.directSumGrade_mem_iff' depends on axioms: [propext, Classical.choice, Quot.sound]
'ASGinzburg.directSumModuleSwapMap' depends on axioms: [propext, Classical.choice, Quot.sound]
'ASGinzburg.directSumModuleSwapMap_of_of' depends on axioms: [propext, Classical.choice, Quot.sound]
'ASGinzburg.directSumModuleSwap' depends on axioms: [propext, Classical.choice, Quot.sound]
'ASGinzburg.directSumModuleSwap_of_of' depends on axioms: [propext, Classical.choice, Quot.sound]
'ASGinzburg.regularEnvelopingOpposite_hasProjectiveDimensionLE_three' depends on axioms: [propext,
 Classical.choice,
 Quot.sound]
'ASGinzburg.leftModule_hasProjectiveDimensionLE_three_of_enveloping_dimension' depends on axioms: [propext,
 Classical.choice,
 Quot.sound]
'ASGinzburg.FiniteFourTermProjectiveResolution.perfectCochainComplex' depends on axioms: [propext,
 Classical.choice,
 Quot.sound]
'ASGinzburg.FiniteFourTermProjectiveResolution.perfectCochainComplex_term_finiteProjective' depends on axioms: [propext,
 Classical.choice,
 Quot.sound]
'ASGinzburg.FiniteFourTermProjectiveResolution.perfectCochainComplex_isZero_outside' depends on axioms: [propext,
 Classical.choice,
 Quot.sound]
'ASGinzburg.FiniteFourTermProjectiveResolution.perfectCochainComplex_perfect' depends on axioms: [propext,
 Classical.choice,
 Quot.sound]
'ASGinzburg.FiniteFourTermProjectiveResolution.perfectCochainAugmentation' depends on axioms: [propext,
 Classical.choice,
 Quot.sound]
'ASGinzburg.FiniteFourTermProjectiveResolution.perfectCochainAugmentation_quasiIso' depends on axioms: [propext,
 Classical.choice,
 Quot.sound]
'ASGinzburg.FiniteFourTermProjectiveResolution.ordinaryPerfectModule' depends on axioms: [propext,
 Classical.choice,
 Quot.sound]
'ASGinzburg.FiniteFourTermProjectiveResolution' depends on axioms: [propext, Classical.choice, Quot.sound]
'ASGinzburg.FiniteFourTermProjectiveResolution.term_finite' depends on axioms: [propext, Classical.choice, Quot.sound]
'ASGinzburg.FiniteFourTermProjectiveResolution.toProjectiveResolution' depends on axioms: [propext,
 Classical.choice,
 Quot.sound]
'ASGinzburg.FiniteFourTermProjectiveResolution.toProjectiveResolution_term_finite' depends on axioms: [propext,
 Classical.choice,
 Quot.sound]
'ASGinzburg.FiniteFourTermProjectiveResolution.toProjectiveResolution_isZero_ge_four' depends on axioms: [propext,
 Classical.choice,
 Quot.sound]
'ASGinzburg.finiteFourTermTruncationOfResolution' depends on axioms: [propext, Classical.choice, Quot.sound]
'ASGinzburg.nonempty_finiteFourTermProjectiveResolution_of_resolution' depends on axioms: [propext,
 Classical.choice,
 Quot.sound]
'ASGinzburg.exists_fourTermProjectiveResolution_finite_of_resolution' depends on axioms: [propext,
 Classical.choice,
 Quot.sound]
'ASGinzburg.FiniteGradedOrdinaryProjectiveCover' depends on axioms: [propext, Classical.choice, Quot.sound]
'ASGinzburg.FiniteGradedOrdinaryProjectiveCover.ofExists' depends on axioms: [propext, Classical.choice, Quot.sound]
'ASGinzburg.FiniteGradedOrdinaryProjectiveCover.source_finite' depends on axioms: [propext,
 Classical.choice,
 Quot.sound]
'ASGinzburg.finiteHomogeneousComponents' depends on axioms: [propext, Classical.choice, Quot.sound]
'ASGinzburg.component_mem_finiteHomogeneousComponents_or_zero' depends on axioms: [propext,
 Classical.choice,
 Quot.sound]
'ASGinzburg.mem_homogeneousCore_span_finiteHomogeneousComponents' depends on axioms: [propext,
 Classical.choice,
 Quot.sound]
'ASGinzburg.exists_finite_homogeneous_idempotent_quotient_basis_lifts' depends on axioms: [propext,
 Classical.choice,
 Quot.sound]
'ASGinzburg.exists_finite_homogeneous_principal_minimal_cover' depends on axioms: [propext,
 Classical.choice,
 Quot.sound]
'ASGinzburg.exists_finite_homogeneous_principal_top_presentation' depends on axioms: [propext,
 Classical.choice,
 Quot.sound]
'ASGinzburg.fourTermTruncationOfResolution' depends on axioms: [propext, Classical.choice, Quot.sound]
'ASGinzburg.fourTermTruncationOfResolution_term_zero' depends on axioms: [propext, Classical.choice, Quot.sound]
'ASGinzburg.GinzburgRegularPotential' depends on axioms: [propext, Classical.choice, Quot.sound]
'ASGinzburg.GinzburgRegularPotential.asRegularAlgebra' depends on axioms: [propext, Classical.choice, Quot.sound]
'ASGinzburg.GinzburgRegularPotential.asIsomorphismClass' depends on axioms: [propext, Classical.choice, Quot.sound]
'ASGinzburg.GinzburgRegularPotential.asIsomorphismClass_eq_iff' depends on axioms: [propext,
 Classical.choice,
 Quot.sound]
'ASGinzburg.ginzburgRegularASClassMap_surjective_iff' depends on axioms: [propext, Classical.choice, Quot.sound]
'ASGinzburg.scalarSubmoduleQuotientOperator' depends on axioms: [propext, Classical.choice, Quot.sound]
'ASGinzburg.scalarSubmoduleQuotientOperator_mkQ' depends on axioms: [propext, Classical.choice, Quot.sound]
'ASGinzburg.quotient_mkQ_mem_gradedNilpotentActionSpan' depends on axioms: [propext, Classical.choice, Quot.sound]
'ASGinzburg.gradedNilpotentActionSpan_quotient_eq_top' depends on axioms: [propext, Classical.choice, Quot.sound]
'ASGinzburg.homogeneousComponent' depends on axioms: [propext, Classical.choice, Quot.sound]
'ASGinzburg.homogeneousLinearMap_component' depends on axioms: [propext, Classical.choice, Quot.sound]
'ASGinzburg.homogeneousLinearMap_kernel_component_mem' depends on axioms: [propext, Classical.choice, Quot.sound]
'ASGinzburg.homogeneousLinearMapKernelDecomposition' depends on axioms: [propext, Classical.choice, Quot.sound]
'ASGinzburg.ordinaryHomogeneousKernelDecomposition' depends on axioms: [propext, Classical.choice, Quot.sound]
'ASGinzburg.homogeneousLinearMap_range_component_mem' depends on axioms: [propext, Classical.choice, Quot.sound]
'ASGinzburg.homogeneousLinearMapRangeDecomposition' depends on axioms: [propext, Classical.choice, Quot.sound]
'ASGinzburg.ordinaryHomogeneousRangeDecomposition' depends on axioms: [propext, Classical.choice, Quot.sound]
'ASGinzburg.gradedModuleComponentProjection' depends on axioms: [propext, Classical.choice, Quot.sound]
'ASGinzburg.gradedNilpotentActionSpan_projection_positive' depends on axioms: [propext, Classical.choice, Quot.sound]
'ASGinzburg.gradedNilpotentActionSpan_homogeneous' depends on axioms: [propext, Classical.choice, Quot.sound]
'ASGinzburg.gradedNilpotentActionSpan_linear_homogeneous' depends on axioms: [propext, Classical.choice, Quot.sound]
'ASGinzburg.homogeneousSubmodule_eq_top_of_radical_top' depends on axioms: [propext, Classical.choice, Quot.sound]
'ASGinzburg.linearMap_surjective_of_homogeneous_radical_top' depends on axioms: [propext, Classical.choice, Quot.sound]
'ASGinzburg.moduleFinite_of_boundedBelow_finite_radical_top' depends on axioms: [propext, Classical.choice, Quot.sound]
'ASGinzburg.gradedMinimalResolution_term_isZero_of_tor' depends on axioms: [propext, Classical.choice, Quot.sound]
'ASGinzburg.fourTermProjectiveResolution_of_graded_minimal_tor_four' depends on axioms: [propext,
 Classical.choice,
 Quot.sound]
'ASGinzburg.hasProjectiveDimensionLE_three_of_graded_minimal_tor_four' depends on axioms: [propext,
 Classical.choice,
 Quot.sound]
'ASGinzburg.gradedModule_subsingleton_of_linear_grading_nilpotent_action_span_top' depends on axioms: [propext,
 Classical.choice,
 Quot.sound]
'ASGinzburg.GradedOrdinaryModuleData.kernelModule' depends on axioms: [propext, Classical.choice, Quot.sound]
'ASGinzburg.GradedOrdinaryModuleData.kernelGrade' depends on axioms: [propext, Classical.choice, Quot.sound]
'ASGinzburg.GradedOrdinaryModuleData.kernelGrade_mem_iff' depends on axioms: [propext, Classical.choice, Quot.sound]
'ASGinzburg.GradedOrdinaryModuleData.kernelGradeDecomposition' depends on axioms: [propext,
 Classical.choice,
 Quot.sound]
'ASGinzburg.GradedOrdinaryModuleData.kernelData' depends on axioms: [propext, Classical.choice, Quot.sound]
'ASGinzburg.GradedOrdinaryModuleData.kernelGrade_eq_bot_of_lower_bound' depends on axioms: [propext,
 Classical.choice,
 Quot.sound]
'ASGinzburg.GradedOrdinaryModuleData.kernelData_boundedBelow' depends on axioms: [propext, Classical.choice, Quot.sound]
'ASGinzburg.GradedOrdinaryModuleData.kernelInclusion' depends on axioms: [propext, Classical.choice, Quot.sound]
'ASGinzburg.GradedOrdinaryModuleData.kernelInclusion_preservesGrade' depends on axioms: [propext,
 Classical.choice,
 Quot.sound]
'ASGinzburg.GradedOrdinaryModuleData.kernelInclusion_mono' depends on axioms: [propext, Classical.choice, Quot.sound]
'ASGinzburg.GradedOrdinaryModuleData.kernelInclusion_comp' depends on axioms: [propext, Classical.choice, Quot.sound]
'ASGinzburg.GradedOrdinaryModuleData.kernelIsoKernelModule' depends on axioms: [propext, Classical.choice, Quot.sound]
'ASGinzburg.GradedOrdinaryModuleData.kernelIsoKernelModule_hom_inclusion' depends on axioms: [propext,
 Classical.choice,
 Quot.sound]
'ASGinzburg.GradedOrdinaryBoundedModule.complex' depends on axioms: [propext, Classical.choice, Quot.sound]
'ASGinzburg.GradedOrdinaryBoundedModule.complex_exactAt_succ' depends on axioms: [propext, Classical.choice, Quot.sound]
'ASGinzburg.GradedOrdinaryBoundedModule.augmentation' depends on axioms: [propext, Classical.choice, Quot.sound]
'ASGinzburg.GradedOrdinaryBoundedModule.augmentation_quasiIso' depends on axioms: [propext,
 Classical.choice,
 Quot.sound]
'ASGinzburg.GradedOrdinaryBoundedModule.resolution' depends on axioms: [propext, Classical.choice, Quot.sound]
'ASGinzburg.GradedOrdinaryBoundedModule.resolution_d_minimal' depends on axioms: [propext, Classical.choice, Quot.sound]
'ASGinzburg.GradedOrdinaryBoundedModule.resolution_grade_isInternal' depends on axioms: [propext,
 Classical.choice,
 Quot.sound]
'ASGinzburg.GradedOrdinaryBoundedModule.resolution_grade_boundedBelow' depends on axioms: [propext,
 Classical.choice,
 Quot.sound]
'ASGinzburg.GradedOrdinaryBoundedModule.resolution_d_preservesGrade' depends on axioms: [propext,
 Classical.choice,
 Quot.sound]
'ASGinzburg.GradedOrdinaryBoundedModule.nextSyzygy' depends on axioms: [propext, Classical.choice, Quot.sound]
'ASGinzburg.GradedOrdinaryBoundedModule.syzygy' depends on axioms: [propext, Classical.choice, Quot.sound]
'ASGinzburg.GradedOrdinaryBoundedModule.termData' depends on axioms: [propext, Classical.choice, Quot.sound]
'ASGinzburg.GradedOrdinaryBoundedModule.term' depends on axioms: [propext, Classical.choice, Quot.sound]
'ASGinzburg.GradedOrdinaryBoundedModule.cover' depends on axioms: [propext, Classical.choice, Quot.sound]
'ASGinzburg.GradedOrdinaryBoundedModule.term_projective' depends on axioms: [propext, Classical.choice, Quot.sound]
'ASGinzburg.GradedOrdinaryBoundedModule.cover_epi' depends on axioms: [propext, Classical.choice, Quot.sound]
'ASGinzburg.GradedOrdinaryBoundedModule.term_boundedBelow' depends on axioms: [propext, Classical.choice, Quot.sound]
'ASGinzburg.GradedOrdinaryBoundedModule.inclusion' depends on axioms: [propext, Classical.choice, Quot.sound]
'ASGinzburg.GradedOrdinaryBoundedModule.inclusion_mono' depends on axioms: [propext, Classical.choice, Quot.sound]
'ASGinzburg.GradedOrdinaryBoundedModule.inclusion_cover' depends on axioms: [propext, Classical.choice, Quot.sound]
'ASGinzburg.GradedOrdinaryBoundedModule.differential' depends on axioms: [propext, Classical.choice, Quot.sound]
'ASGinzburg.GradedOrdinaryBoundedModule.differential_cover' depends on axioms: [propext, Classical.choice, Quot.sound]
'ASGinzburg.GradedOrdinaryBoundedModule.differential_sq' depends on axioms: [propext, Classical.choice, Quot.sound]
'ASGinzburg.GradedOrdinaryBoundedModule.differential_preservesGrade' depends on axioms: [propext,
 Classical.choice,
 Quot.sound]
'ASGinzburg.GradedOrdinaryBoundedModule.differential_minimal' depends on axioms: [propext, Classical.choice, Quot.sound]
'ASGinzburg.GradedOrdinaryBoundedModule.inclusion_cover_exact' depends on axioms: [propext,
 Classical.choice,
 Quot.sound]
'ASGinzburg.GradedOrdinaryBoundedModule.differential_cover_exact' depends on axioms: [propext,
 Classical.choice,
 Quot.sound]
'ASGinzburg.GradedOrdinaryBoundedModule.differential_exact' depends on axioms: [propext, Classical.choice, Quot.sound]
'ASGinzburg.GradedOrdinaryModuleData' depends on axioms: [propext, Classical.choice, Quot.sound]
'ASGinzburg.GradedOrdinaryModuleData.decomposition' depends on axioms: [propext, Classical.choice, Quot.sound]
'ASGinzburg.GradedOrdinaryModuleData.BoundedBelow' depends on axioms: [propext, Classical.choice, Quot.sound]
'ASGinzburg.GradedOrdinaryModuleData.PreservesGrade' depends on axioms: [propext, Classical.choice, Quot.sound]
'ASGinzburg.GradedOrdinaryModuleData.preservesGrade_id' depends on axioms: [propext, Classical.choice, Quot.sound]
'ASGinzburg.GradedOrdinaryModuleData.preservesGrade_comp' depends on axioms: [propext, Classical.choice, Quot.sound]
'ASGinzburg.GradedOrdinaryProjectiveCover' depends on axioms: [propext, Classical.choice, Quot.sound]
'ASGinzburg.GradedOrdinaryProjectiveCover.ofExists' depends on axioms: [propext, Classical.choice, Quot.sound]
'ASGinzburg.GradedOrdinaryBoundedModule' depends on axioms: [propext, Classical.choice, Quot.sound]
'ASGinzburg.GradedOrdinaryBoundedModule.resolution_d_minimal_all' depends on axioms: [propext,
 Classical.choice,
 Quot.sound]
'ASGinzburg.homogeneousCore' depends on axioms: [propext, Classical.choice, Quot.sound]
'ASGinzburg.homogeneousCore_le' depends on axioms: [propext, Classical.choice, Quot.sound]
'ASGinzburg.mem_homogeneousCore_of_mem' depends on axioms: [propext, Classical.choice, Quot.sound]
'ASGinzburg.homogeneousCore_component_mem' depends on axioms: [propext, Classical.choice, Quot.sound]
'ASGinzburg.mem_homogeneousCore_of_components_mem' depends on axioms: [propext, Classical.choice, Quot.sound]
'ASGinzburg.homogeneousCore_map_mem' depends on axioms: [propext, Classical.choice, Quot.sound]
'ASGinzburg.exists_homogeneous_idempotent_fixed_lift' depends on axioms: [propext, Quot.sound]
'ASGinzburg.homogeneousIdempotentFixedLift' depends on axioms: [propext, Classical.choice, Quot.sound]
'ASGinzburg.homogeneousIdempotentFixedLift_properties' depends on axioms: [propext, Classical.choice, Quot.sound]
'ASGinzburg.exists_homogeneous_idempotent_quotient_basis_lifts' depends on axioms: [propext,
 Classical.choice,
 Quot.sound]
'ASGinzburg.homogeneousOrdinaryQuotientGrade_smul_mem' depends on axioms: [propext, Quot.sound]
'ASGinzburg.homogeneousOrdinaryQuotientGrade_zero_smul_mem' depends on axioms: [propext, Quot.sound]
'ASGinzburg.homogeneousOrdinaryQuotientGrade_degreeZero_action' depends on axioms: [propext, Quot.sound]
'ASGinzburg.homogeneousOrdinaryQuotientGrade' depends on axioms: [propext, Quot.sound]
'ASGinzburg.homogeneousOrdinaryQuotientScalarsEquiv' depends on axioms: [propext, Quot.sound]
'ASGinzburg.homogeneousOrdinaryQuotientScalarsEquiv_mkQ' depends on axioms: [propext, Quot.sound]
'ASGinzburg.homogeneousOrdinaryQuotientDecomposition' depends on axioms: [propext, Classical.choice, Quot.sound]
'ASGinzburg.homogeneousOrdinaryQuotientGrade_exists_lift' depends on axioms: [propext, Quot.sound]
'ASGinzburg.homogeneousOrdinaryQuotientGrade_mkQ_mem' depends on axioms: [propext, Quot.sound]
'ASGinzburg.homogeneousOrdinaryQuotientGrade_eq_bot_of_lower_bound' depends on axioms: [propext,
 Classical.choice,
 Quot.sound]
'ASGinzburg.exists_homogeneous_principal_minimal_cover' depends on axioms: [propext, Classical.choice, Quot.sound]
'ASGinzburg.exists_homogeneous_principal_top_presentation' depends on axioms: [propext, Classical.choice, Quot.sound]
'ASGinzburg.homogeneousQuotientGrade' depends on axioms: [propext, Quot.sound]
'ASGinzburg.homogeneousQuotientComponentMap' depends on axioms: [propext, Quot.sound]
'ASGinzburg.homogeneousQuotientDecomposeMap' depends on axioms: [propext, Classical.choice, Quot.sound]
'ASGinzburg.homogeneousQuotientDecomposeMap_ker' depends on axioms: [propext, Classical.choice, Quot.sound]
'ASGinzburg.homogeneousQuotientDecomposition' depends on axioms: [propext, Classical.choice, Quot.sound]
'ASGinzburg.homogeneousSubmoduleGrade' depends on axioms: [propext, Quot.sound]
'ASGinzburg.homogeneousSubmoduleGradeEmbedding' depends on axioms: [propext, Quot.sound]
'ASGinzburg.homogeneousSubmoduleGrade_isInternal' depends on axioms: [propext, Classical.choice, Quot.sound]
'ASGinzburg.homogeneousSubmoduleDecomposition' depends on axioms: [propext, Classical.choice, Quot.sound]
'ASGinzburg.homogeneousSubmoduleGrade_eq_bot_of_lower_bound' depends on axioms: [propext, Quot.sound]
'ASGinzburg.ordinaryOperatorActionSpan' depends on axioms: [propext, Quot.sound]
'ASGinzburg.ordinaryOperatorActionSpan_smul_mem_of_scalar_span' depends on axioms: [propext,
 Classical.choice,
 Quot.sound]
'ASGinzburg.ordinaryIdealActionSpan_eq_operatorActionSpan' depends on axioms: [propext, Classical.choice, Quot.sound]
'ASGinzburg.idealQuotientRightInducedField_eq' depends on axioms: [propext, Quot.sound]
'ASGinzburg.idealQuotientRightCanonicalFieldIso' depends on axioms: [propext, Quot.sound]
'ASGinzburg.balancedTensorRightIdealQuotientCanonicalFieldIso' depends on axioms: [propext,
 Classical.choice,
 Quot.sound]
'ASGinzburg.balancedTensorTorIdealQuotientCanonicalFieldIso' depends on axioms: [propext, Classical.choice, Quot.sound]
'ASGinzburg.principalIdempotentCoproductModule' depends on axioms: [propext, Classical.choice, Quot.sound]
'ASGinzburg.principalIdempotentCoproductModule_projective' depends on axioms: [propext, Classical.choice, Quot.sound]
'ASGinzburg.principalIdempotentCoproductModule_finite' depends on axioms: [propext, Classical.choice, Quot.sound]
'ASGinzburg.principalIdempotentSmallCoproduct_projective' depends on axioms: [propext, Classical.choice, Quot.sound]
'ASGinzburg.principalIdempotentSmallCoproductIso' depends on axioms: [propext, Classical.choice, Quot.sound]
'ASGinzburg.principalIdempotentSmallCoproduct_finite' depends on axioms: [propext, Classical.choice, Quot.sound]
'ASGinzburg.integerGradingShiftDecomposition' depends on axioms: [propext, Classical.choice, Quot.sound]
'ASGinzburg.principalIdempotentGrade' depends on axioms: [propext, Classical.choice, Quot.sound]
'ASGinzburg.principalIdempotentGradeDecomposition' depends on axioms: [propext, Classical.choice, Quot.sound]
'ASGinzburg.principalIdempotentGrade_eq_bot_of_lower_bound' depends on axioms: [propext, Classical.choice, Quot.sound]
'ASGinzburg.principalIdempotentGenerator_mem_grade_zero' depends on axioms: [propext, Classical.choice, Quot.sound]
'ASGinzburg.principalIdempotentMap' depends on axioms: [propext, Classical.choice, Quot.sound]
'ASGinzburg.principalIdempotentMap_apply' depends on axioms: [propext, Classical.choice, Quot.sound]
'ASGinzburg.principalIdempotentMap_generator' depends on axioms: [propext, Classical.choice, Quot.sound]
'ASGinzburg.principalIdempotentGenerator_fixed' depends on axioms: [propext, Classical.choice, Quot.sound]
'ASGinzburg.principalIdempotentHom_generator_fixed' depends on axioms: [propext, Classical.choice, Quot.sound]
'ASGinzburg.principalIdempotentHom_ext' depends on axioms: [propext, Classical.choice, Quot.sound]
'ASGinzburg.principalIdempotentHomEquiv' depends on axioms: [propext, Classical.choice, Quot.sound]
'ASGinzburg.principalIdempotentOperator' does not depend on any axioms
'ASGinzburg.principalIdempotentModule' depends on axioms: [propext, Classical.choice, Quot.sound]
'ASGinzburg.principalIdempotentInclusion' depends on axioms: [propext, Classical.choice, Quot.sound]
'ASGinzburg.principalIdempotentProjection' depends on axioms: [propext, Classical.choice, Quot.sound]
'ASGinzburg.principalIdempotentProjection_retract' depends on axioms: [propext, Classical.choice, Quot.sound]
'ASGinzburg.principalIdempotentModule_projective' depends on axioms: [propext, Classical.choice, Quot.sound]
'ASGinzburg.principalIdempotentModule_finite' depends on axioms: [propext, Classical.choice, Quot.sound]
'ASGinzburg.principalIdempotentGenerator' depends on axioms: [propext, Classical.choice, Quot.sound]
'ASGinzburg.principalIdempotentModule_generator' depends on axioms: [propext, Classical.choice, Quot.sound]
'ASGinzburg.linearDirectSumPositiveSubspace' depends on axioms: [propext, Classical.choice, Quot.sound]
'ASGinzburg.linearDirectSumEraseZero_mem_positiveSubspace' depends on axioms: [propext, Classical.choice, Quot.sound]
'ASGinzburg.linearDirectSumAugmentation_eq_zeroComponent' depends on axioms: [propext, Classical.choice, Quot.sound]
'ASGinzburg.linearDirectSumAugmentationKernel_eq_zero_sup_positive' depends on axioms: [propext,
 Classical.choice,
 Quot.sound]
'ASGinzburg.linearDirectSumHomogeneousInclusion' depends on axioms: [propext, Classical.choice, Quot.sound]
'ASGinzburg.linearDirectSumHomogeneousInclusion_injective' depends on axioms: [propext, Classical.choice, Quot.sound]
'ASGinzburg.linearDirectSumHomogeneousSubspace' depends on axioms: [propext, Classical.choice, Quot.sound]
'ASGinzburg.linearDirectSumHomogeneousRangeEquiv' depends on axioms: [propext, Classical.choice, Quot.sound]
'ASGinzburg.linearDirectSumHomogeneousSubspaces_isInternal' depends on axioms: [propext, Classical.choice, Quot.sound]
'ASGinzburg.linearDirectSumHomogeneousDecomposition' depends on axioms: [propext, Classical.choice, Quot.sound]
'ASGinzburg.moduleCatRingEquiv_hasProjectiveDimensionLE_three' depends on axioms: [propext,
 Classical.choice,
 Quot.sound]
'ASGinzburg.natDownTotalComplexShapeSymmetry' depends on axioms: [propext, Classical.choice, Quot.sound]
'ASGinzburg.natDownTotalComplexShapeSymmetrySymmetry' depends on axioms: [propext, Classical.choice, Quot.sound]
'ASGinzburg.natHomogeneousSubspaceIntegerExtension' depends on axioms: [propext, Quot.sound]
'ASGinzburg.natHomogeneousSubspaceIntegerExtension_natCast' depends on axioms: [propext, Classical.choice, Quot.sound]
'ASGinzburg.natHomogeneousSubspaceIntegerExtension_nonneg' depends on axioms: [propext, Quot.sound]
'ASGinzburg.natHomogeneousSubspaceIntegerExtension_neg' depends on axioms: [propext, Classical.choice, Quot.sound]
'ASGinzburg.natHomogeneousSubspaceIntegerExtension_iSupIndep' depends on axioms: [propext, Classical.choice, Quot.sound]
'ASGinzburg.natHomogeneousSubspaceIntegerExtension_iSup_eq_top' depends on axioms: [propext,
 Classical.choice,
 Quot.sound]
'ASGinzburg.natHomogeneousSubspaceIntegerExtension_isInternal' depends on axioms: [propext,
 Classical.choice,
 Quot.sound]
'ASGinzburg.natHomogeneousSubspaceIntegerExtensionDecomposition' depends on axioms: [propext,
 Classical.choice,
 Quot.sound]
'ASGinzburg.noncommIdealSup_pow_le' depends on axioms: [propext, Classical.choice, Quot.sound]
'ASGinzburg.noncommIdealSup_pow_eq_bot' depends on axioms: [propext, Classical.choice, Quot.sound]
'ASGinzburg.ordinaryGlobalDimension' depends on axioms: [propext, Classical.choice, Quot.sound]
'ASGinzburg.projectiveDimension_le_ordinaryGlobalDimension' depends on axioms: [propext, Classical.choice, Quot.sound]
'ASGinzburg.ordinaryGlobalDimension_le_iff' depends on axioms: [propext, Classical.choice, Quot.sound]
'ASGinzburg.ordinaryGlobalDimension_le_nat_iff' depends on axioms: [propext, Classical.choice, Quot.sound]
'ASGinzburg.ordinaryGlobalDimension_eq_of_bound_and_attained' depends on axioms: [propext, Classical.choice, Quot.sound]
'ASGinzburg.ordinaryGlobalDimension_eq_nat_of_bound_and_attained' depends on axioms: [propext,
 Classical.choice,
 Quot.sound]
'ASGinzburg.ordinaryIdealActionSpan' depends on axioms: [propext, Quot.sound]
'ASGinzburg.ordinaryIdealActionSpan_map_mem' depends on axioms: [propext, Classical.choice, Quot.sound]
'ASGinzburg.ordinaryIdealActionSpan_directSum_iff' depends on axioms: [propext, Classical.choice, Quot.sound]
'ASGinzburg.ordinaryIdealActionDirectSumTopMap' depends on axioms: [propext, Quot.sound]
'ASGinzburg.ordinaryIdealActionDirectSumTopMap_apply' depends on axioms: [propext, Quot.sound]
'ASGinzburg.ordinaryIdealActionDirectSumTopMap_surjective' depends on axioms: [propext, Classical.choice, Quot.sound]
'ASGinzburg.ordinaryIdealActionDirectSumTopMap_ker' depends on axioms: [propext, Classical.choice, Quot.sound]
'ASGinzburg.ordinaryIdealActionDirectSumTopEquiv' depends on axioms: [propext, Classical.choice, Quot.sound]
'ASGinzburg.ordinaryIdealActionDirectSumTopEquiv_mkQ' depends on axioms: [propext, Classical.choice, Quot.sound]
'ASGinzburg.ordinaryIdealActionDirectSumQuotientMap' depends on axioms: [propext, Classical.choice, Quot.sound]
'ASGinzburg.ordinaryIdealActionDirectSumQuotientMap_apply' depends on axioms: [propext, Classical.choice, Quot.sound]
'ASGinzburg.ordinaryIdealActionDirectSumQuotientMap_surjective' depends on axioms: [propext,
 Classical.choice,
 Quot.sound]
'ASGinzburg.ordinaryIdealActionDirectSumQuotientMap_ker' depends on axioms: [propext, Classical.choice, Quot.sound]
'ASGinzburg.ordinaryIdealActionDirectSumQuotientEquiv' depends on axioms: [propext, Classical.choice, Quot.sound]
'ASGinzburg.ordinaryIdealActionDirectSumQuotientEquiv_mkQ' depends on axioms: [propext, Classical.choice, Quot.sound]
'ASGinzburg.ordinaryIdealActionSpan_smul_mem' depends on axioms: [propext, Classical.choice, Quot.sound]
'ASGinzburg.ordinaryIdealActionSubmodule' depends on axioms: [propext, Classical.choice, Quot.sound]
'ASGinzburg.ordinaryIdealActionSubmodule_mem' depends on axioms: [propext, Classical.choice, Quot.sound]
'ASGinzburg.ordinaryIdealActionSubmodule_restrictScalars' depends on axioms: [propext, Classical.choice, Quot.sound]
'ASGinzburg.ordinaryIdealActionTopRestrictScalarsEquiv' depends on axioms: [propext, Classical.choice, Quot.sound]
'ASGinzburg.ordinaryIdealActionTopRestrictScalarsEquiv_mkQ' depends on axioms: [propext, Classical.choice, Quot.sound]
'ASGinzburg.ordinaryIdealActionSubmodule_map_mem' depends on axioms: [propext, Classical.choice, Quot.sound]
'ASGinzburg.ordinaryIdealActionTopMap' depends on axioms: [propext, Classical.choice, Quot.sound]
'ASGinzburg.ordinaryIdealActionTopMap_mkQ' depends on axioms: [propext, Classical.choice, Quot.sound]
'ASGinzburg.ordinaryFiniteProjectiveProperty' depends on axioms: [propext, Quot.sound]
'ASGinzburg.ordinaryModule_finiteFreeRetract' depends on axioms: [propext, Classical.choice, Quot.sound]
'ASGinzburg.ordinaryFiniteProjectiveProperty_iff' depends on axioms: [propext, Classical.choice, Quot.sound]
'ASGinzburg.ordinaryFiniteProjectiveProperty_of_retract' depends on axioms: [propext, Quot.sound]
'ASGinzburg.ordinaryFiniteProjectiveProperty_of_iso' depends on axioms: [propext, Quot.sound]
'ASGinzburg.ordinaryFiniteProjectiveProperty_of_isZero' depends on axioms: [propext, Classical.choice, Quot.sound]
'ASGinzburg.ordinaryFiniteProjectiveCochainProperty' depends on axioms: [propext, Quot.sound]
'ASGinzburg.ordinaryPerfectModuleProperty' depends on axioms: [propext, Classical.choice, Quot.sound]
'ASGinzburg.ordinaryFiniteProjectiveCochainProperty_term_finite' depends on axioms: [propext,
 Classical.choice,
 Quot.sound]
'ASGinzburg.ordinaryFiniteProjectiveCochainProperty_term_projective' depends on axioms: [propext,
 Classical.choice,
 Quot.sound]
'ASGinzburg.ordinaryPerfectDerivedProperty' depends on axioms: [propext, Classical.choice, Quot.sound]
'ASGinzburg.ordinaryPerfectDerivedProperty_of_cochain' depends on axioms: [propext, Classical.choice, Quot.sound]
'ASGinzburg.ordinaryPerfectDerivedProperty_of_iso' depends on axioms: [propext, Classical.choice, Quot.sound]
'ASGinzburg.ordinaryPerfectModuleProperty_derived_single' depends on axioms: [propext, Classical.choice, Quot.sound]
'ASGinzburg.ordinaryPerfectModuleProperty_derived_degree_zero' depends on axioms: [propext,
 Classical.choice,
 Quot.sound]
'ASGinzburg.idempotentFixedSpaceIsInternal' depends on axioms: [propext, Classical.choice, Quot.sound]
'ASGinzburg.idempotentSmulLinearMap' depends on axioms: [propext]
'ASGinzburg.idempotentFixedSpace_homogeneous' depends on axioms: [propext, Classical.choice, Quot.sound]
'ASGinzburg.idempotentFixedSpaceGradeDecomposition' depends on axioms: [propext, Classical.choice, Quot.sound]
'ASGinzburg.idempotentFixedSpaceGradedBasis' depends on axioms: [propext, Classical.choice, Quot.sound]
'ASGinzburg.idempotentHomogeneousBasisIndex' depends on axioms: [propext, Classical.choice, Quot.sound]
'ASGinzburg.idempotentHomogeneousBasis' depends on axioms: [propext, Classical.choice, Quot.sound]
'ASGinzburg.idempotentHomogeneousBasis_apply' depends on axioms: [propext, Classical.choice, Quot.sound]
'ASGinzburg.idempotentHomogeneousBasis_mem_grade' depends on axioms: [propext, Classical.choice, Quot.sound]
'ASGinzburg.idempotentHomogeneousBasis_fixed' depends on axioms: [propext, Classical.choice, Quot.sound]
'ASGinzburg.idempotentFixedSpace' depends on axioms: [propext]
'ASGinzburg.idempotentComponentProjection' depends on axioms: [propext]
'ASGinzburg.completeOrthogonalModuleComponents' depends on axioms: [propext, Classical.choice, Quot.sound]
'ASGinzburg.CutQuiver.closedPathTrace' depends on axioms: [propext, Classical.choice, Quot.sound]
'ASGinzburg.CutQuiver.closedPathTrace_single' depends on axioms: [propext, Classical.choice, Quot.sound]
'ASGinzburg.CutQuiver.closedPathTrace_comp' depends on axioms: [propext, Classical.choice, Quot.sound]
'ASGinzburg.CutQuiver.pathCyclicTrace' depends on axioms: [propext, Classical.choice, Quot.sound]
'ASGinzburg.CutQuiver.pathCyclicTrace_mul_comm' depends on axioms: [propext, Classical.choice, Quot.sound]
'ASGinzburg.CutQuiver.algebraCommutatorSubspace_le_ker_pathCyclicTrace' depends on axioms: [propext,
 Classical.choice,
 Quot.sound]
'ASGinzburg.CutQuiver.pathCyclicQuotientTrace' depends on axioms: [propext, Classical.choice, Quot.sound]
'ASGinzburg.CutQuiver.pathCyclicQuotientTrace_mk' depends on axioms: [propext, Classical.choice, Quot.sound]
'ASGinzburg.ZAlgebra.PeriodIso.cutHomogeneousInclusion_mem_gradedJacobson_of_ne_zero' depends on axioms: [propext,
 Classical.choice,
 Quot.sound]
'ASGinzburg.ZAlgebra.PeriodIso.cutEnvelopingAugmentation_homogeneous_ne_zero' depends on axioms: [propext,
 Classical.choice,
 Quot.sound]
'ASGinzburg.ZAlgebra.PeriodIso.cutEnvelopingHomogeneousInclusion_mem_augmentationKernel' depends on axioms: [propext,
 Classical.choice,
 Quot.sound]
'ASGinzburg.ZAlgebra.PeriodIso.cutGradedSemisimpleQuotientAlgEquiv_mk' depends on axioms: [propext,
 Classical.choice,
 Quot.sound]
'ASGinzburg.ZAlgebra.PeriodIso.cutEnvelopingQuotientTensorEquiv' depends on axioms: [propext,
 Classical.choice,
 Quot.sound]
'ASGinzburg.ZAlgebra.PeriodIso.cutEnvelopingAugmentation_tensorComparison' depends on axioms: [propext,
 Classical.choice,
 Quot.sound]
'ASGinzburg.ZAlgebra.PeriodIso.cutEnvelopingAugmentationKernel_eq_scalarKernel' depends on axioms: [propext,
 Classical.choice,
 Quot.sound]
'ASGinzburg.ZAlgebra.PeriodIso.cutAugmentation_comp_cutZeroRingInclusion' depends on axioms: [propext,
 Classical.choice,
 Quot.sound]
'ASGinzburg.ZAlgebra.PeriodIso.cutEnvelopingZeroInclusion' depends on axioms: [propext, Classical.choice, Quot.sound]
'ASGinzburg.ZAlgebra.PeriodIso.cutEnvelopingZeroInclusion_tmul' depends on axioms: [propext,
 Classical.choice,
 Quot.sound]
'ASGinzburg.ZAlgebra.PeriodIso.cutEnvelopingVertexAugmentation_comp_zeroInclusion' depends on axioms: [propext,
 Classical.choice,
 Quot.sound]
'ASGinzburg.ZAlgebra.PeriodIso.cutEnvelopingAugmentationKernel_comap_zeroInclusion' depends on axioms: [propext,
 Classical.choice,
 Quot.sound]
'ASGinzburg.ZAlgebra.PeriodIso.cutEnvelopingAugmentationKernelSubspace' depends on axioms: [propext,
 Classical.choice,
 Quot.sound]
'ASGinzburg.ZAlgebra.PeriodIso.mem_cutEnvelopingAugmentationKernelSubspace' depends on axioms: [propext,
 Classical.choice,
 Quot.sound]
'ASGinzburg.ZAlgebra.PeriodIso.cutEnvelopingAugmentationZeroKernelImage' depends on axioms: [propext,
 Classical.choice,
 Quot.sound]
'ASGinzburg.ZAlgebra.PeriodIso.cutEnvelopingPositiveHomogeneousSubspace' depends on axioms: [propext,
 Classical.choice,
 Quot.sound]
'ASGinzburg.ZAlgebra.PeriodIso.cutEnvelopingDegreeZeroKernelImage_eq' depends on axioms: [propext,
 Classical.choice,
 Quot.sound]
'ASGinzburg.ZAlgebra.PeriodIso.cutEnvelopingAugmentationKernelSubspace_eq_zero_sup_positive' depends on axioms: [propext,
 Classical.choice,
 Quot.sound]
'ASGinzburg.ZAlgebra.PeriodIso.cutEnvelopingZeroKernelOperators' depends on axioms: [propext,
 Classical.choice,
 Quot.sound]
'ASGinzburg.ZAlgebra.PeriodIso.cutEnvelopingPositiveHomogeneousOperators' depends on axioms: [propext,
 Classical.choice,
 Quot.sound]
'ASGinzburg.ZAlgebra.PeriodIso.cutEnvelopingZeroKernelOperators_span' depends on axioms: [propext,
 Classical.choice,
 Quot.sound]
'ASGinzburg.ZAlgebra.PeriodIso.cutEnvelopingPositiveHomogeneousOperators_span' depends on axioms: [propext,
 Classical.choice,
 Quot.sound]
'ASGinzburg.ZAlgebra.PeriodIso.cutEnvelopingAugmentationKernelSubspace_eq_operatorSpan' depends on axioms: [propext,
 Classical.choice,
 Quot.sound]
'ASGinzburg.ZAlgebra.PeriodIso.cutEnvelopingAugmentation_degreeInclusion_pos' depends on axioms: [propext,
 Classical.choice,
 Quot.sound]
'ASGinzburg.ZAlgebra.PeriodIso.cutEnvelopingHomogeneousSubspace_le_augmentationKernel' depends on axioms: [propext,
 Classical.choice,
 Quot.sound]
'ASGinzburg.ZAlgebra.PeriodIso.cutEnvelopingCoordinateAugmentation' depends on axioms: [propext,
 Classical.choice,
 Quot.sound]
'ASGinzburg.ZAlgebra.PeriodIso.cutEnvelopingCoordinateAugmentation_surjective' depends on axioms: [propext,
 Classical.choice,
 Quot.sound]
'ASGinzburg.ZAlgebra.PeriodIso.cutEnvelopingCoordinateAugmentation_ker' depends on axioms: [propext,
 Classical.choice,
 Quot.sound]
'ASGinzburg.ZAlgebra.PeriodIso.cutEnvelopingCoordinateAugmentation_vertexIdempotent' depends on axioms: [propext,
 Classical.choice,
 Quot.sound]
'ASGinzburg.ZAlgebra.PeriodIso.cutEnvelopingDegreeEquiv_homogeneousInclusion' depends on axioms: [propext,
 Classical.choice,
 Quot.sound]
'ASGinzburg.ZAlgebra.PeriodIso.cutEnvelopingDegreeInclusion_lof' depends on axioms: [propext,
 Classical.choice,
 Quot.sound]
'ASGinzburg.ZAlgebra.PeriodIso.cutEnvelopingHomogeneousInclusion_mem_totalDegree' depends on axioms: [propext,
 Classical.choice,
 Quot.sound]
'ASGinzburg.ZAlgebra.PeriodIso.cutEnvelopingDegreePairZero' does not depend on any axioms
'ASGinzburg.ZAlgebra.PeriodIso.cutEnvelopingDegreePairZero_unique' does not depend on any axioms
'ASGinzburg.ZAlgebra.PeriodIso.cutEnvelopingZeroTensorDegreeEquiv' depends on axioms: [propext,
 Classical.choice,
 Quot.sound]
'ASGinzburg.ZAlgebra.PeriodIso.cutEnvelopingZeroTensorDegreeEquiv_apply' depends on axioms: [propext,
 Classical.choice,
 Quot.sound]
'ASGinzburg.ZAlgebra.PeriodIso.cutEnvelopingDegreeEquiv_zeroHomogeneousInclusion' depends on axioms: [propext,
 Classical.choice,
 Quot.sound]
'ASGinzburg.ZAlgebra.PeriodIso.cutEnvelopingDegreeInclusion_zeroTensorDegreeEquiv' depends on axioms: [propext,
 Classical.choice,
 Quot.sound]
'ASGinzburg.ZAlgebra.PeriodIso.cutEnvelopingDegreeZeroInclusion_injective' depends on axioms: [propext,
 Classical.choice,
 Quot.sound]
'ASGinzburg.ZAlgebra.PeriodIso.cutEnvelopingDegreeZeroEquiv' depends on axioms: [propext, Classical.choice, Quot.sound]
'ASGinzburg.ZAlgebra.PeriodIso.cutEnvelopingDegreeZeroEquiv_tmul' depends on axioms: [propext,
 Classical.choice,
 Quot.sound]
'ASGinzburg.ZAlgebra.PeriodIso.cutEnvelopingDegreeInclusion_degreeZeroEquiv' depends on axioms: [propext,
 Classical.choice,
 Quot.sound]
'ASGinzburg.ZAlgebra.PeriodIso.cutEnvelopingDegreeZeroLinearMap_eq' depends on axioms: [propext,
 Classical.choice,
 Quot.sound]
'ASGinzburg.ZAlgebra.PeriodIso.cutEnvelopingZeroInclusion_injective' depends on axioms: [propext,
 Classical.choice,
 Quot.sound]
'ASGinzburg.ZAlgebra.PeriodIso.cutEnvelopingDegreeZeroSubalgebra' depends on axioms: [propext,
 Classical.choice,
 Quot.sound]
'ASGinzburg.ZAlgebra.PeriodIso.cutEnvelopingDegreeZeroRange_eq_subalgebra' depends on axioms: [propext,
 Classical.choice,
 Quot.sound]
'ASGinzburg.ZAlgebra.PeriodIso.cutEnvelopingDegreeZeroRange_one' depends on axioms: [propext,
 Classical.choice,
 Quot.sound]
'ASGinzburg.ZAlgebra.PeriodIso.cutEnvelopingDegreeZeroRange_mul' depends on axioms: [propext,
 Classical.choice,
 Quot.sound]
'ASGinzburg.ZAlgebra.PeriodIso.cutEnvelopingDegreeZeroSubalgebraEquiv' depends on axioms: [propext,
 Classical.choice,
 Quot.sound]
'ASGinzburg.ZAlgebra.PeriodIso.cutEnvelopingDegreeZeroSubalgebraEquiv_apply' depends on axioms: [propext,
 Classical.choice,
 Quot.sound]
'ASGinzburg.ZAlgebra.PeriodIso.cutEnvelopingAugmentationKernel_moduleActionSpan_eq_gradedNilpotentActionSpan' depends on axioms: [propext,
 Classical.choice,
 Quot.sound]
'ASGinzburg.ZAlgebra.PeriodIso.cutEnvelopingGradedModuleFieldModule' depends on axioms: [propext,
 Classical.choice,
 Quot.sound]
'ASGinzburg.ZAlgebra.PeriodIso.cutEnvelopingGradedModuleFieldSMul' depends on axioms: [propext,
 Classical.choice,
 Quot.sound]
'ASGinzburg.ZAlgebra.PeriodIso.cutEnvelopingGradedModuleModule' depends on axioms: [propext,
 Classical.choice,
 Quot.sound]
'ASGinzburg.ZAlgebra.PeriodIso.cutEnvelopingGradedModuleSMul' depends on axioms: [propext, Classical.choice, Quot.sound]
'ASGinzburg.ZAlgebra.PeriodIso.cutEnvelopingGradedModuleScalarTower' depends on axioms: [propext,
 Classical.choice,
 Quot.sound]
'ASGinzburg.ZAlgebra.PeriodIso.cutEnvelopingGradedModule_zeroAction_preserves' depends on axioms: [propext,
 Classical.choice,
 Quot.sound]
'ASGinzburg.ZAlgebra.PeriodIso.cutEnvelopingGradedModule_positiveAction_raises' depends on axioms: [propext,
 Classical.choice,
 Quot.sound]
'ASGinzburg.ZAlgebra.PeriodIso.cutEnvelopingGradedModule_subsingleton_of_radical_top' depends on axioms: [propext,
 Classical.choice,
 Quot.sound]
'ASGinzburg.ZAlgebra.PeriodIso.cutEnvelopingGradedModule_finite_of_finite_top' depends on axioms: [propext,
 Classical.choice,
 Quot.sound]
'ASGinzburg.ZAlgebra.PeriodIso.cutEnvelopingHomogeneousInclusion_mul_mem_totalDegree' depends on axioms: [propext,
 Classical.choice,
 Quot.sound]
'ASGinzburg.ZAlgebra.PeriodIso.cutEnvelopingHomogeneousSubspace_mul_mem' depends on axioms: [propext,
 Classical.choice,
 Quot.sound]
'ASGinzburg.ZAlgebra.PeriodIso.cutEnvelopingZeroInclusion_mul_mem_homogeneousSubspace' depends on axioms: [propext,
 Classical.choice,
 Quot.sound]
'ASGinzburg.ZAlgebra.PeriodIso.cutEnvelopingHomogeneousSubspace_mul_zeroInclusion_mem' depends on axioms: [propext,
 Classical.choice,
 Quot.sound]
'ASGinzburg.ZAlgebra.PeriodIso.cutEnvelopingHomogeneousSubspace' depends on axioms: [propext,
 Classical.choice,
 Quot.sound]
'ASGinzburg.ZAlgebra.PeriodIso.cutEnvelopingDegreeInclusion_injective' depends on axioms: [propext,
 Classical.choice,
 Quot.sound]
'ASGinzburg.ZAlgebra.PeriodIso.cutEnvelopingHomogeneousSubspaces_isInternal' depends on axioms: [propext,
 Classical.choice,
 Quot.sound]
'ASGinzburg.ZAlgebra.PeriodIso.cutEnvelopingHomogeneousDecomposition' depends on axioms: [propext,
 Classical.choice,
 Quot.sound]
'ASGinzburg.ZAlgebra.PeriodIso.cutEnvelopingDegreeInclusion_mem_homogeneousSubspace' depends on axioms: [propext,
 Classical.choice,
 Quot.sound]
'ASGinzburg.ZAlgebra.PeriodIso.cutEnvelopingHomogeneousProjection' depends on axioms: [propext,
 Classical.choice,
 Quot.sound]
'ASGinzburg.ZAlgebra.PeriodIso.cutEnvelopingHomogeneousProjection_mem' depends on axioms: [propext,
 Classical.choice,
 Quot.sound]
'ASGinzburg.ZAlgebra.PeriodIso.cutEnvelopingHomogeneousProjection_of_inclusion_same' depends on axioms: [propext,
 Classical.choice,
 Quot.sound]
'ASGinzburg.ZAlgebra.PeriodIso.cutEnvelopingHomogeneousProjection_of_inclusion_ne' depends on axioms: [propext,
 Classical.choice,
 Quot.sound]
'ASGinzburg.ZAlgebra.PeriodIso.cutEnvelopingIntegerHomogeneousSubspace' depends on axioms: [propext,
 Classical.choice,
 Quot.sound]
'ASGinzburg.ZAlgebra.PeriodIso.cutEnvelopingIntegerHomogeneousSubspace_natCast' depends on axioms: [propext,
 Classical.choice,
 Quot.sound]
'ASGinzburg.ZAlgebra.PeriodIso.cutEnvelopingIntegerHomogeneousSubspace_neg' depends on axioms: [propext,
 Classical.choice,
 Quot.sound]
'ASGinzburg.ZAlgebra.PeriodIso.cutEnvelopingIntegerHomogeneousSubspaces_isInternal' depends on axioms: [propext,
 Classical.choice,
 Quot.sound]
'ASGinzburg.ZAlgebra.PeriodIso.cutEnvelopingIntegerHomogeneousDecomposition' depends on axioms: [propext,
 Classical.choice,
 Quot.sound]
'ASGinzburg.ZAlgebra.PeriodIso.cutEnvelopingIntegerHomogeneousSubspace_mul_mem' depends on axioms: [propext,
 Classical.choice,
 Quot.sound]
'ASGinzburg.ZAlgebra.PeriodIso.cutEnvelopingIntegerGradedMul' depends on axioms: [propext, Classical.choice, Quot.sound]
'ASGinzburg.ZAlgebra.PeriodIso.cutEnvelopingPositiveHomogeneous_mul_raises_degree' depends on axioms: [propext,
 Classical.choice,
 Quot.sound]
'ASGinzburg.ZAlgebra.PeriodIso.cutEnvelopingIntegerGradedOne' depends on axioms: [propext, Classical.choice, Quot.sound]
'ASGinzburg.ZAlgebra.PeriodIso.cutEnvelopingIntegerGradedMonoid' depends on axioms: [propext,
 Classical.choice,
 Quot.sound]
'ASGinzburg.ZAlgebra.PeriodIso.cutEnvelopingAugmentationKernel_moduleActionSpan_eq_operators' depends on axioms: [propext,
 Classical.choice,
 Quot.sound]
'ASGinzburg.ZAlgebra.PeriodIso.cutEnvelopingKernel_zeroComap_eq' depends on axioms: [propext,
 Classical.choice,
 Quot.sound]
'ASGinzburg.ZAlgebra.PeriodIso.cutEnvelopingKernel_zeroComap_pow_eq_bot' depends on axioms: [propext,
 Classical.choice,
 Quot.sound]
'ASGinzburg.ZAlgebra.PeriodIso.cutEnvelopingKernel_zeroComap_isNilpotent' depends on axioms: [propext,
 Classical.choice,
 Quot.sound]
'ASGinzburg.ZAlgebra.PeriodIso.cutEnvelopingLinearGrade_zeroAction_preserves' depends on axioms: [propext,
 Classical.choice,
 Quot.sound]
'ASGinzburg.ZAlgebra.PeriodIso.cutEnvelopingLinearGrade_positiveAction_raises' depends on axioms: [propext,
 Classical.choice,
 Quot.sound]
'ASGinzburg.ZAlgebra.PeriodIso.cutEnvelopingLinearGrade_subsingleton_of_radical_top' depends on axioms: [propext,
 Classical.choice,
 Quot.sound]
'ASGinzburg.ZAlgebra.PeriodIso.cutEnvelopingLinearGrade_finite_of_finite_top' depends on axioms: [propext,
 Classical.choice,
 Quot.sound]
'ASGinzburg.ZAlgebra.PeriodIso.cutEnvelopingGradedProjectiveCover' depends on axioms: [propext,
 Classical.choice,
 Quot.sound]
'ASGinzburg.ZAlgebra.PeriodIso.cutEnvelopingGradedCoverSelection' depends on axioms: [propext,
 Classical.choice,
 Quot.sound]
'ASGinzburg.ZAlgebra.PeriodIso.cutEnvelopingGradedMinimalResolution' depends on axioms: [propext,
 Classical.choice,
 Quot.sound]
'ASGinzburg.ZAlgebra.PeriodIso.cutEnvelopingGradedMinimalResolutionTermData' depends on axioms: [propext,
 Classical.choice,
 Quot.sound]
'ASGinzburg.ZAlgebra.PeriodIso.cutEnvelopingGradedMinimalResolutionTermData_ringModule' depends on axioms: [propext,
 Classical.choice,
 Quot.sound]
'ASGinzburg.ZAlgebra.PeriodIso.cutEnvelopingGradedMinimalResolutionTermData_boundedBelow' depends on axioms: [propext,
 Classical.choice,
 Quot.sound]
'ASGinzburg.ZAlgebra.PeriodIso.cutEnvelopingGradedMinimalResolution_minimal' depends on axioms: [propext,
 Classical.choice,
 Quot.sound]
'ASGinzburg.ZAlgebra.PeriodIso.cutEnvelopingRegularMinimalResolution' depends on axioms: [propext,
 Classical.choice,
 Quot.sound]
'ASGinzburg.ZAlgebra.PeriodIso.cutEnvelopingRegularMinimalResolutionTermData' depends on axioms: [propext,
 Classical.choice,
 Quot.sound]
'ASGinzburg.ZAlgebra.PeriodIso.cutEnvelopingRegularMinimalResolutionTermData_ringModule' depends on axioms: [propext,
 Classical.choice,
 Quot.sound]
'ASGinzburg.ZAlgebra.PeriodIso.cutEnvelopingRegularMinimalResolutionTermData_boundedBelow' depends on axioms: [propext,
 Classical.choice,
 Quot.sound]
'ASGinzburg.ZAlgebra.PeriodIso.cutEnvelopingRegularMinimalResolution_minimal' depends on axioms: [propext,
 Classical.choice,
 Quot.sound]
'ASGinzburg.ZAlgebra.PeriodIso.CutEnvelopingPositiveOperator' depends on axioms: [propext, Classical.choice, Quot.sound]
'ASGinzburg.ZAlgebra.PeriodIso.cutEnvelopingPositiveOperatorDegree' depends on axioms: [propext,
 Classical.choice,
 Quot.sound]
'ASGinzburg.ZAlgebra.PeriodIso.cutEnvelopingPositiveOperatorDegree_pos' depends on axioms: [propext,
 Classical.choice,
 Quot.sound]
'ASGinzburg.ZAlgebra.PeriodIso.cutEnvelopingPositiveOperatorValue' depends on axioms: [propext,
 Classical.choice,
 Quot.sound]
'ASGinzburg.ZAlgebra.PeriodIso.cutEnvelopingPositiveOperatorValue_mem' depends on axioms: [propext,
 Classical.choice,
 Quot.sound]
'ASGinzburg.ZAlgebra.PeriodIso.mem_cutEnvelopingPositiveHomogeneousOperators_iff' depends on axioms: [propext,
 Classical.choice,
 Quot.sound]
'ASGinzburg.ZAlgebra.PeriodIso.cutEnvelopingPositiveModuleOperator' depends on axioms: [propext,
 Classical.choice,
 Quot.sound]
'ASGinzburg.ZAlgebra.PeriodIso.cutEnvelopingPositiveModuleOperator_apply' depends on axioms: [propext,
 Classical.choice,
 Quot.sound]
'ASGinzburg.ZAlgebra.PeriodIso.cutEnvelopingAugmentation' depends on axioms: [propext, Classical.choice, Quot.sound]
'ASGinzburg.ZAlgebra.PeriodIso.cutEnvelopingAugmentation_surjective' depends on axioms: [propext,
 Classical.choice,
 Quot.sound]
'ASGinzburg.ZAlgebra.PeriodIso.cutEnvelopingAugmentationKernel' depends on axioms: [propext,
 Classical.choice,
 Quot.sound]
'ASGinzburg.ZAlgebra.PeriodIso.cutEnvelopingAugmentationKernelTwoSided' depends on axioms: [propext,
 Classical.choice,
 Quot.sound]
'ASGinzburg.ZAlgebra.PeriodIso.CutEnvelopingAugmentationQuotient' depends on axioms: [propext,
 Classical.choice,
 Quot.sound]
'ASGinzburg.ZAlgebra.PeriodIso.mem_cutEnvelopingAugmentationKernel' depends on axioms: [propext,
 Classical.choice,
 Quot.sound]
'ASGinzburg.ZAlgebra.PeriodIso.cutEnvelopingAugmentationQuotientAlgEquiv' depends on axioms: [propext,
 Classical.choice,
 Quot.sound]
'ASGinzburg.ZAlgebra.PeriodIso.cutEnvelopingAugmentationQuotientScalarAlgEquiv' depends on axioms: [propext,
 Classical.choice,
 Quot.sound]
'ASGinzburg.ZAlgebra.PeriodIso.cutEnvelopingAugmentationQuotient_isSemisimple' depends on axioms: [propext,
 Classical.choice,
 Quot.sound]
'ASGinzburg.ZAlgebra.PeriodIso.cutEnvelopingRegularGradedData' depends on axioms: [propext,
 Classical.choice,
 Quot.sound]
'ASGinzburg.ZAlgebra.PeriodIso.cutEnvelopingRegularGradedData_ringModule' depends on axioms: [propext,
 Classical.choice,
 Quot.sound]
'ASGinzburg.ZAlgebra.PeriodIso.cutEnvelopingRegularGradedData_grade_mem' depends on axioms: [propext,
 Classical.choice,
 Quot.sound]
'ASGinzburg.ZAlgebra.PeriodIso.cutEnvelopingRegularGradedData_boundedBelow' depends on axioms: [propext,
 Classical.choice,
 Quot.sound]
'ASGinzburg.ZAlgebra.PeriodIso.cutEnvelopingRegularModule' depends on axioms: [propext, Classical.choice, Quot.sound]
'ASGinzburg.ZAlgebra.PeriodIso.cutEnvelopingRegularModule_homogeneous_smul' depends on axioms: [propext,
 Classical.choice,
 Quot.sound]
'ASGinzburg.ZAlgebra.PeriodIso.cutEnvelopingRegularModule_finite' depends on axioms: [propext,
 Classical.choice,
 Quot.sound]
'ASGinzburg.ZAlgebra.PeriodIso.cutEnvelopingRegularHomogeneousOperator' depends on axioms: [propext,
 Classical.choice,
 Quot.sound]
'ASGinzburg.ZAlgebra.PeriodIso.cutEnvelopingRegularHomogeneousOperator_homogeneous' depends on axioms: [propext,
 Classical.choice,
 Quot.sound]
'ASGinzburg.ZAlgebra.PeriodIso.cutEnvelopingRegularHomogeneousOperator_integerGrade' depends on axioms: [propext,
 Classical.choice,
 Quot.sound]
'ASGinzburg.ZAlgebra.PeriodIso.cutEnvelopingRegularModule_integerDegree_smul' depends on axioms: [propext,
 Classical.choice,
 Quot.sound]
'ASGinzburg.ZAlgebra.PeriodIso.cutEnvelopingRegularModule_totalDegree_smul' depends on axioms: [propext,
 Classical.choice,
 Quot.sound]
'ASGinzburg.ZAlgebra.PeriodIso.cutEnvelopingZeroRegularRepresentation' depends on axioms: [propext,
 Classical.choice,
 Quot.sound]
'ASGinzburg.ZAlgebra.PeriodIso.cutEnvelopingZeroRegularModule' depends on axioms: [propext,
 Classical.choice,
 Quot.sound]
'ASGinzburg.ZAlgebra.PeriodIso.cutEnvelopingZeroRegularModule_tmul_smul' depends on axioms: [propext,
 Classical.choice,
 Quot.sound]
'ASGinzburg.ZAlgebra.PeriodIso.cutEnvelopingZeroRegularScalarTower' depends on axioms: [propext,
 Classical.choice,
 Quot.sound]
'ASGinzburg.ZAlgebra.PeriodIso.cutIntegerHomogeneousSpace_zeroEnveloping_smul' depends on axioms: [propext,
 Classical.choice,
 Quot.sound]
'ASGinzburg.ZAlgebra.PeriodIso.cutEnvelopingRegularIntegerGrade' depends on axioms: [propext,
 Classical.choice,
 Quot.sound]
'ASGinzburg.ZAlgebra.PeriodIso.cutEnvelopingRegularIntegerDecomposition' depends on axioms: [propext,
 Classical.choice,
 Quot.sound]
'ASGinzburg.ZAlgebra.PeriodIso.cutEnvelopingRegularIntegerGrade_negative' depends on axioms: [propext,
 Classical.choice,
 Quot.sound]
'ASGinzburg.ZAlgebra.PeriodIso.cutGradedRingSelfScalarTower' depends on axioms: [propext, Classical.choice, Quot.sound]
'ASGinzburg.ZAlgebra.PeriodIso.cutGradedRingSelfScalarComm' depends on axioms: [propext, Classical.choice, Quot.sound]
'ASGinzburg.ZAlgebra.PeriodIso.cutEnvelopingVertexIdempotent_mem_degreeZero' depends on axioms: [propext,
 Classical.choice,
 Quot.sound]
'ASGinzburg.ZAlgebra.PeriodIso.cutEnvelopingVertexIdempotent_mem_integerDegreeZero' depends on axioms: [propext,
 Classical.choice,
 Quot.sound]
'ASGinzburg.ZAlgebra.PeriodIso.cutEnvelopingOppositeFactorScalarTower' depends on axioms: [propext,
 Classical.choice,
 Quot.sound]
'ASGinzburg.ZAlgebra.PeriodIso.cutEnvelopingOppositeFactorScalarComm' depends on axioms: [propext,
 Classical.choice,
 Quot.sound]
'ASGinzburg.ZAlgebra.PeriodIso.cutEnvelopingVertexIdempotent' depends on axioms: [propext, Classical.choice, Quot.sound]
'ASGinzburg.ZAlgebra.PeriodIso.cutEnvelopingVertexIdempotent_mul_self' depends on axioms: [propext,
 Classical.choice,
 Quot.sound]
'ASGinzburg.ZAlgebra.PeriodIso.cutEnvelopingVertexIdempotent_mul_ne' depends on axioms: [propext,
 Classical.choice,
 Quot.sound]
'ASGinzburg.ZAlgebra.PeriodIso.sum_cutEnvelopingVertexIdempotent' depends on axioms: [propext,
 Classical.choice,
 Quot.sound]
'ASGinzburg.ZAlgebra.PeriodIso.cutEnvelopingZeroInclusion_mem_integerDegreeZero' depends on axioms: [propext,
 Classical.choice,
 Quot.sound]
'ASGinzburg.ZAlgebra.PeriodIso.cutEnvelopingZeroRestrictedRingModule' depends on axioms: [propext,
 Classical.choice,
 Quot.sound]
'ASGinzburg.ZAlgebra.PeriodIso.cutEnvelopingZeroRestrictedRingSMul' depends on axioms: [propext,
 Classical.choice,
 Quot.sound]
'ASGinzburg.ZAlgebra.PeriodIso.cutEnvelopingZeroRestrictedRingModule_smul' depends on axioms: [propext,
 Classical.choice,
 Quot.sound]
'ASGinzburg.ZAlgebra.PeriodIso.cutEnvelopingZeroRestrictedRingScalarTower' depends on axioms: [propext,
 Classical.choice,
 Quot.sound]
'ASGinzburg.ZAlgebra.PeriodIso.cutEnvelopingZeroRestrictedModule' depends on axioms: [propext,
 Classical.choice,
 Quot.sound]
'ASGinzburg.ZAlgebra.PeriodIso.cutEnvelopingZeroRestrictedSMul' depends on axioms: [propext,
 Classical.choice,
 Quot.sound]
'ASGinzburg.ZAlgebra.PeriodIso.cutEnvelopingZeroRestrictedModule_smul' depends on axioms: [propext,
 Classical.choice,
 Quot.sound]
'ASGinzburg.ZAlgebra.PeriodIso.cutEnvelopingZeroRestrictedModuleScalarTower' depends on axioms: [propext,
 Classical.choice,
 Quot.sound]
'ASGinzburg.ZAlgebra.PeriodIso.cutEnvelopingZeroRestrictedModuleEnvelopingScalarTower' depends on axioms: [propext,
 Classical.choice,
 Quot.sound]
'ASGinzburg.ZAlgebra.PeriodIso.cutZeroEnvelopingSelfSMul' depends on axioms: [propext, Classical.choice, Quot.sound]
'ASGinzburg.ZAlgebra.PeriodIso.cutZeroEnvelopingSelfScalarTower' depends on axioms: [propext,
 Classical.choice,
 Quot.sound]
'ASGinzburg.ZAlgebra.PeriodIso.cutZeroEnvelopingAugmentationKernel' depends on axioms: [propext,
 Classical.choice,
 Quot.sound]
'ASGinzburg.ZAlgebra.PeriodIso.cutZeroEnvelopingAugmentationKernelTwoSided' depends on axioms: [propext,
 Classical.choice,
 Quot.sound]
'ASGinzburg.ZAlgebra.PeriodIso.cutZeroEnvelopingAugmentationKernel_pow_eq_bot' depends on axioms: [propext,
 Classical.choice,
 Quot.sound]
'ASGinzburg.ZAlgebra.PeriodIso.cutZeroEnvelopingAugmentationKernel_isNilpotent' depends on axioms: [propext,
 Classical.choice,
 Quot.sound]
'ASGinzburg.ZAlgebra.PeriodIso.cutZeroSelfScalarTower' depends on axioms: [propext, Classical.choice, Quot.sound]
'ASGinzburg.ZAlgebra.PeriodIso.cutZeroAugmentationKernel' depends on axioms: [propext, Classical.choice, Quot.sound]
'ASGinzburg.ZAlgebra.PeriodIso.cutZeroAugmentationKernelTwoSided' depends on axioms: [propext,
 Classical.choice,
 Quot.sound]
'ASGinzburg.ZAlgebra.PeriodIso.cutZeroAugmentationKernel_pow_matrixVanishing' depends on axioms: [propext,
 Classical.choice,
 Quot.sound]
'ASGinzburg.ZAlgebra.PeriodIso.cutZeroAugmentationKernel_pow_vertices_eq_bot' depends on axioms: [propext,
 Classical.choice,
 Quot.sound]
'ASGinzburg.ZAlgebra.PeriodIso.cutZeroAugmentationKernel_isNilpotent' depends on axioms: [propext,
 Classical.choice,
 Quot.sound]
'ASGinzburg.principalIdempotentBasisCoverMap' depends on axioms: [propext, Classical.choice, Quot.sound]
'ASGinzburg.principalIdempotentBasisCoverMap_of' depends on axioms: [propext, Classical.choice, Quot.sound]
'ASGinzburg.principalIdempotentBasisCoverCoordinates' depends on axioms: [propext, Classical.choice, Quot.sound]
'ASGinzburg.radicalTopBasisDirectSumEquiv' depends on axioms: [propext, Classical.choice, Quot.sound]
'ASGinzburg.radicalTopBasisDirectSumEquiv_of' depends on axioms: [propext, Classical.choice, Quot.sound]
'ASGinzburg.principalIdempotentBasisCover_top_factorization' depends on axioms: [propext, Classical.choice, Quot.sound]
'ASGinzburg.principalIdempotentBasisCover_kernel_minimal' depends on axioms: [propext, Classical.choice, Quot.sound]
'ASGinzburg.principalIdempotentBasisCoverCoordinates_surjective' depends on axioms: [propext,
 Classical.choice,
 Quot.sound]
'ASGinzburg.principalIdempotentBasisCover_top_surjective' depends on axioms: [propext, Classical.choice, Quot.sound]
'ASGinzburg.principalHomogeneousCoverSummandGrade' depends on axioms: [propext, Classical.choice, Quot.sound]
'ASGinzburg.principalHomogeneousCoverGrade' depends on axioms: [propext, Classical.choice, Quot.sound]
'ASGinzburg.principalHomogeneousCoverGradeDecomposition' depends on axioms: [propext, Classical.choice, Quot.sound]
'ASGinzburg.principalHomogeneousCoverGrade_mem_iff' depends on axioms: [propext, Classical.choice, Quot.sound]
'ASGinzburg.principalHomogeneousCoverMap' depends on axioms: [propext, Classical.choice, Quot.sound]
'ASGinzburg.principalHomogeneousCoverMap_of' depends on axioms: [propext, Classical.choice, Quot.sound]
'ASGinzburg.principalHomogeneousCoverMap_mem_grade' depends on axioms: [propext, Classical.choice, Quot.sound]
'ASGinzburg.principalHomogeneousCoverSummandGrade_eq_bot_of_lower_bound' depends on axioms: [propext,
 Classical.choice,
 Quot.sound]
'ASGinzburg.principalHomogeneousCoverGrade_eq_bot_of_lower_bound' depends on axioms: [propext,
 Classical.choice,
 Quot.sound]
'ASGinzburg.principalHomogeneousCoverGrade_smul_mem' depends on axioms: [propext, Classical.choice, Quot.sound]
'ASGinzburg.principalHomogeneousCoverGrade_zero_smul_mem' depends on axioms: [propext, Classical.choice, Quot.sound]
'ASGinzburg.principalHomogeneousCoverOrdinaryScalarsEquiv' depends on axioms: [propext, Classical.choice, Quot.sound]
'ASGinzburg.principalHomogeneousCoverOrdinaryScalarsEquiv_apply' depends on axioms: [propext,
 Classical.choice,
 Quot.sound]
'ASGinzburg.principalHomogeneousCoverOrdinaryGrade' depends on axioms: [propext, Classical.choice, Quot.sound]
'ASGinzburg.principalHomogeneousCoverOrdinaryGrade_mem_iff' depends on axioms: [propext, Classical.choice, Quot.sound]
'ASGinzburg.principalHomogeneousCoverOrdinaryGradeDecomposition' depends on axioms: [propext,
 Classical.choice,
 Quot.sound]
'ASGinzburg.principalHomogeneousCoverOrdinaryGrade_smul_mem' depends on axioms: [propext, Classical.choice, Quot.sound]
'ASGinzburg.principalHomogeneousCoverOrdinaryMap_mem_grade' depends on axioms: [propext, Classical.choice, Quot.sound]
'ASGinzburg.principalHomogeneousCoverOrdinaryGrade_eq_bot_of_lower_bound' depends on axioms: [propext,
 Classical.choice,
 Quot.sound]
'ASGinzburg.principalIdempotentOrdinaryGrade' depends on axioms: [propext, Classical.choice, Quot.sound]
'ASGinzburg.principalIdempotentOrdinaryGradeDecomposition' depends on axioms: [propext, Classical.choice, Quot.sound]
'ASGinzburg.principalIdempotentShiftedGradeDecomposition' depends on axioms: [propext, Classical.choice, Quot.sound]
'ASGinzburg.principalIdempotentOrdinaryGrade_eq_bot_of_lower_bound' depends on axioms: [propext,
 Classical.choice,
 Quot.sound]
'ASGinzburg.principalIdempotentOrdinaryGenerator_mem_grade_zero' depends on axioms: [propext,
 Classical.choice,
 Quot.sound]
'ASGinzburg.principalIdempotentTopCoordinate' depends on axioms: [propext, Classical.choice, Quot.sound]
'ASGinzburg.principalIdempotentTopCoordinate_apply' depends on axioms: [propext, Classical.choice, Quot.sound]
'ASGinzburg.principalIdempotentTopCoordinate_generator' depends on axioms: [propext, Classical.choice, Quot.sound]
'ASGinzburg.principalIdempotentTopCoordinate_surjective' depends on axioms: [propext, Classical.choice, Quot.sound]
'ASGinzburg.principalIdempotentTopCoordinate_ker' depends on axioms: [propext, Classical.choice, Quot.sound]
'ASGinzburg.principalIdempotentTopEquiv' depends on axioms: [propext, Classical.choice, Quot.sound]
'ASGinzburg.regularEnvelopingModuleCat_inducedScalarModule_eq' depends on axioms: [propext, Quot.sound]
'ASGinzburg.regularEnvelopingModuleCat_finite' depends on axioms: [propext, Classical.choice, Quot.sound]
'ASGinzburg.regularEnvelopingNativeFieldEquiv' depends on axioms: [propext, Quot.sound]
'ASGinzburg.regularEnvelopingNativeFieldEquiv_apply' depends on axioms: [propext, Quot.sound]
'ASGinzburg.regularEnvelopingNativeGrade' depends on axioms: [propext, Quot.sound]
'ASGinzburg.regularEnvelopingNativeGrade_mem' depends on axioms: [propext, Quot.sound]
'ASGinzburg.regularEnvelopingNativeGrade_isInternal' depends on axioms: [propext, Classical.choice, Quot.sound]
'ASGinzburg.regularEnvelopingNativeGrade_eq_bot' depends on axioms: [propext, Quot.sound]
'ASGinzburg.liftedCoordinateAugmentation' depends on axioms: [propext, Quot.sound]
'ASGinzburg.liftedCoordinateAugmentation_apply' depends on axioms: [propext, Quot.sound]
'ASGinzburg.liftedCoordinateAugmentation_ker' depends on axioms: [propext, Quot.sound]
'ASGinzburg.liftedCoordinateAugmentation_idempotent' depends on axioms: [propext, Quot.sound]
'ASGinzburg.sum_liftedIdempotentFamily' depends on axioms: [propext, Classical.choice, Quot.sound]
'ASGinzburg.scalarProductPairFunctionEquiv' depends on axioms: [propext, Quot.sound]
'ASGinzburg.scalarProductPairEnvelopingEquiv' depends on axioms: [propext, Classical.choice, Quot.sound]
'ASGinzburg.scalarProductPairEnvelopingEquiv_tmul_apply' depends on axioms: [propext, Classical.choice, Quot.sound]
'ASGinzburg.scalarProductPairEnvelopingEquiv_delta' depends on axioms: [propext, Classical.choice, Quot.sound]
'ASGinzburg.scalarStableGrade' depends on axioms: [propext]
'ASGinzburg.mem_scalarStableGrade' depends on axioms: [propext]
'ASGinzburg.scalarStableGradeDecomposition' depends on axioms: [propext, Classical.choice, Quot.sound]
'ASGinzburg.scalarStableGrade_eq_bot_of_eq_bot' depends on axioms: [propext, Quot.sound]
'ASGinzburg.stableSubmoduleQuotientOperator' depends on axioms: [propext, Classical.choice, Quot.sound]
'ASGinzburg.stableSubmoduleQuotientOperator_mkQ' depends on axioms: [propext, Classical.choice, Quot.sound]
'ASGinzburg.tmul_mem_tensorLeftIdeal' depends on axioms: [propext, Quot.sound]
'ASGinzburg.tmul_mem_tensorRightIdeal' depends on axioms: [propext, Quot.sound]
'ASGinzburg.tensorLeftIdeal_mul_le' depends on axioms: [propext, Classical.choice, Quot.sound]
'ASGinzburg.tensorRightIdeal_mul_le' depends on axioms: [propext, Classical.choice, Quot.sound]
'ASGinzburg.tensorLeftIdeal_pow_le' depends on axioms: [propext, Classical.choice, Quot.sound]
'ASGinzburg.tensorRightIdeal_pow_le' depends on axioms: [propext, Classical.choice, Quot.sound]
'ASGinzburg.tensorLeftIdeal_pow_eq_bot' depends on axioms: [propext, Classical.choice, Quot.sound]
'ASGinzburg.tensorRightIdeal_pow_eq_bot' depends on axioms: [propext, Classical.choice, Quot.sound]
'ASGinzburg.tensorProductIdempotentFamily' depends on axioms: [propext, Quot.sound]
'ASGinzburg.tensorProductIdempotentFamily_idempotent' depends on axioms: [propext, Quot.sound]
'ASGinzburg.tensorProductIdempotentFamily_orthogonal' depends on axioms: [propext, Classical.choice, Quot.sound]
'ASGinzburg.tensorProductIdempotentFamily_sum_one' depends on axioms: [propext, Classical.choice, Quot.sound]
