[diag] Diagnostics
  [reduction] unfolded declarations (max: 1146, num: 23):
    [reduction] AddMonoid.toZero ↦ 1146
    [reduction] Add.add ↦ 630
    [reduction] HAdd.hAdd ↦ 590
    [reduction] OfNat.ofNat ↦ 342
    [reduction] Zero.zero ↦ 243
    [reduction] SMul.smul ↦ 215
    [reduction] HSMul.hSMul ↦ 212
    [reduction] DFunLike.coe ↦ 180
    [reduction] DirectSum ↦ 123
    [reduction] AddMonoid.nsmul ↦ 114
    [reduction] NatCast.natCast ↦ 114
    [reduction] Int.rec ↦ 72
    [reduction] DFinsupp.liftAddHom ↦ 63
    [reduction] DFinsupp.sumAddHom ↦ 63
    [reduction] DFinsupp.sumZeroHom ↦ 63
    [reduction] DirectSum.toAddMonoid ↦ 63
    [reduction] EquivLike.coe ↦ 63
    [reduction] Trunc.lift ↦ 63
    [reduction] NonUnitalNonAssocSemiring.toMul ↦ 36
    [reduction] SubNegMonoid.zsmul ↦ 36
    [reduction] Mul.mul ↦ 35
    [reduction] HMul.hMul ↦ 32
    [reduction] HasQuotient.quotient' ↦ 26
  [reduction] unfolded instances (max: 5873, num: 62):
    [reduction] AddCommGroup.toAddGroup ↦ 5873
    [reduction] AddGroup.toSubNegMonoid ↦ 4863
    [reduction] SubNegMonoid.toAddMonoid ↦ 2824
    [reduction] AddCommMonoid.toAddMonoid ↦ 2018
    [reduction] AddZeroClass.toAddZero ↦ 1871
    [reduction] AddZero.toZero ↦ 1747
    [reduction] AddCommGroup.toAddCommMonoid ↦ 1408
    [reduction] AddMonoid.toAddZeroClass ↦ 1136
    [reduction] Pi.addMonoid ↦ 1012
    [reduction] NormedField.toField ↦ 978
    [reduction] Pi.addCommGroup ↦ 927
    [reduction] Pi.addGroup ↦ 927
    [reduction] Pi.subNegMonoid ↦ 927
    [reduction] Field.toCommRing ↦ 911
    [reduction] AddMonoid.toAddSemigroup ↦ 808
    [reduction] Pi.addCommMonoid ↦ 793
    [reduction] CommRing.toRing ↦ 694
    [reduction] Pi.addZeroClass ↦ 597
    [reduction] AddSemigroup.toAdd ↦ 590
    [reduction] instHAdd ↦ 578
    [reduction] instAddNat ↦ 237
    [reduction] Pi.addSemigroup ↦ 237
    [reduction] instHSMul ↦ 212
    [reduction] Zero.toOfNat0 ↦ 171
    [reduction] Int.instAdd ↦ 170
    [reduction] AddZero.toAdd ↦ 124
    [reduction] AddMonoid.toNatSMul ↦ 114
    [reduction] NonUnitalNonAssocSemiring.toAddCommMonoid ↦ 110
    [reduction] NonUnitalSemiring.toNonUnitalNonAssocSemiring ↦ 109
    [reduction] Pi.instAdd ↦ 109
    [reduction] DirectSum.ring ↦ 106
    [reduction] AddMonoidHom.instFunLike ↦ 96
    [reduction] DirectSum.semiring ↦ 95
    [reduction] Ring.toSemiring ↦ 93
    [reduction] SMulZeroClass.toSMul ↦ 93
    [reduction] DirectSum.instNonUnitalNonAssocSemiring ↦ 91
    [reduction] Semiring.toNonUnitalSemiring ↦ 87
    [reduction] DistribSMul.toSMulZeroClass ↦ 77
    [reduction] Module.toDistribMulAction ↦ 74
    [reduction] DFinsupp.addCommGroup ↦ 69
    [reduction] DirectSum.instAddCommGroup ↦ 69
    [reduction] AddCommGroup.toDivisionAddCommMonoid ↦ 63
    [reduction] AddEquiv.instEquivLike ↦ 63
    [reduction] EquivLike.toFunLike ↦ 63
    [reduction] NegZeroClass.toZero ↦ 63
    [reduction] SubNegZeroMonoid.toNegZeroClass ↦ 63
    [reduction] SubNegZeroMonoid.toSubNegMonoid ↦ 63
    [reduction] SubtractionCommMonoid.toSubtractionMonoid ↦ 63
    [reduction] SubtractionMonoid.toSubNegMonoid ↦ 63
    [reduction] SubtractionMonoid.toSubNegZeroMonoid ↦ 63
    [reduction] DistribMulAction.toMulAction ↦ 61
    [reduction] DFinsupp.addCommMonoid ↦ 58
    [reduction] instAddCommMonoidDirectSum ↦ 56
    [reduction] DFinsupp.hasNatScalar ↦ 54
    [reduction] DistribMulAction.toDistribSMul ↦ 54
    [reduction] MulAction.toSMul ↦ 50
    [reduction] NonAssocSemiring.toNonUnitalNonAssocSemiring ↦ 44
    [reduction] Semiring.toNonAssocSemiring ↦ 44
    [reduction] SubNegMonoid.toNeg ↦ 36
    [reduction] SubNegMonoid.toSub ↦ 36
    [reduction] Submodule.hasQuotient ↦ 24
    [reduction] CommSemiring.toSemiring ↦ 23
  [reduction] unfolded reducible declarations (max: 8278, num: 27):
    [reduction] CutQuiver.Vertex ↦ 8278
    [reduction] homAdd ↦ 3903
    [reduction] CutGradedHom ↦ 895
    [reduction] Hom ↦ 840
    [reduction] CutGradedBlock ↦ 493
    [reduction] CutGradedRing ↦ 493
    [reduction] inferInstance ↦ 184
    [reduction] AddMonoidHom.toZeroHom ↦ 150
    [reduction] Function.Injective.addZeroClass ↦ 144
    [reduction] Nat.cast ↦ 96
    [reduction] Function.Injective.addCommMonoid ↦ 91
    [reduction] ZeroHom.toFun ↦ 87
    [reduction] inferInstanceAs ↦ 85
    [reduction] DirectSum.mulHom ↦ 84
    [reduction] Function.Injective.addMonoid ↦ 83
    [reduction] DFinsupp.support' ↦ 81
    [reduction] Int.casesOn ↦ 72
    [reduction] Function.Injective.addGroup ↦ 72
    [reduction] Function.Injective.subNegMonoid ↦ 72
    [reduction] Function.Injective.addCommGroup ↦ 69
    [reduction] AddEquiv.toEquiv ↦ 63
    [reduction] Equiv.toFun ↦ 63
    [reduction] Ideal ↦ 59
    [reduction] DecidableEq ↦ 50
    [reduction] outParam ↦ 50
    [reduction] HasQuotient.Quotient ↦ 27
    [reduction] Function.Injective.distribSMul ↦ 21
  [type_class] used instances (max: 44, num: 1):
    [type_class] Pi.addZeroClass ↦ 44
  [type_class] max synth pending failures (maxSynthPendingDepth: 1), use `set_option maxSynthPendingDepth <limit>`
    [type_class] (i : ℕ) → AddCommGroup (E.CutGradedBlock (fun i => ↑↑i) i)
    [type_class] AddCommMonoid ℕ
    [type_class] (i : ℕ) → AddCommGroup (E.CutGradedBlock (fun i => ↑↑i) i)
    [type_class] (i : ℕ) → AddCommGroup (E.CutGradedBlock (fun i => ↑↑i) i)
    [type_class] (i : ℕ) → (i_1 i_2 : Q.Vertex) → AddZeroClass (?m.125 i i_1 i_2)
    [type_class] (i : ℕ) → AddCommGroup (E.CutGradedBlock (fun i => ↑↑i) i)
    [type_class] (i : ℕ) → AddCommGroup (E.CutGradedBlock (fun i => ↑↑i) i)
    [type_class] (i : ℕ) → AddCommGroup (E.CutGradedBlock (fun i => ↑↑i) i)
    [type_class] ℕ → (i : ℕ) → AddCommMonoid (E.CutGradedBlock (fun i => ↑↑i) i)
    [type_class] ℕ → Q.Vertex → Q.Vertex → Field k
    [type_class] ℕ → Q.Vertex → Q.Vertex → Field k
    [type_class] (i : ℕ) → AddCommGroup (E.CutGradedBlock (fun i => ↑↑i) i)
    [type_class] ℕ → Q.Vertex → Q.Vertex → Field k
    [type_class] ℕ → Q.Vertex → (i : ℕ) → AddCommMonoid (E.CutGradedBlock (fun i => ↑↑i) i)
    [type_class] ℕ → Q.Vertex → (i : ℕ) → AddCommMonoid (E.CutGradedBlock (fun i => ↑↑i) i)
    [type_class] (i : ℕ) → AddCommGroup (E.CutGradedBlock (fun i => ↑↑i) i)
    [type_class] (i : ℕ) → (i_1 i_2 : Q.Vertex) → AddZeroClass (?m.128 i i_1 i_2)
    [type_class] (i : ℕ) → (i_1 i_2 : Q.Vertex) → AddZeroClass (?m.130 i i_1 i_2)
    [type_class] (i : ℕ) → AddCommGroup (E.CutGradedBlock (fun i => ↑↑i) i)
    [type_class] (i : ℕ) → AddCommGroup (E.CutGradedBlock (fun i => ↑↑i) i)
    [type_class] (i : ℕ) → AddCommGroup (E.CutGradedBlock (fun i => ↑↑i) i)
    [type_class] AddCommMonoid ℕ
    [type_class] (i : ℕ) → AddCommGroup (E.CutGradedBlock (fun i => ↑↑i) i)
    [type_class] (i : ℕ) → (i_1 i_2 : Q.Vertex) → AddZeroClass (?m.127 i i_1 i_2)
    [type_class] ℕ → Q.Vertex → Q.Vertex → (i : ℕ) → AddCommMonoid (E.CutGradedBlock (fun i => ↑↑i) i)
    [type_class] (i : ℕ) → AddCommGroup (E.CutGradedBlock (fun i => ↑↑i) i)
    [type_class] (i : ℕ) → AddCommGroup (E.CutGradedBlock (fun i => ↑↑i) i)
    [type_class] AddCommMonoid ℕ
    [type_class] (i : ℕ) → AddCommGroup (E.CutGradedBlock (fun i => ↑↑i) i)
    [type_class] (i : ℕ) → AddCommGroup (E.CutGradedBlock (fun i => ↑↑i) i)
    [type_class] (i : ℕ) → AddCommGroup (E.CutGradedBlock (fun i => ↑↑i) i)
    [type_class] (i : ℕ) → AddCommGroup (E.CutGradedBlock (fun i => ↑↑i) i)
    [type_class] ℕ → (i : ℕ) → AddCommMonoid (E.CutGradedBlock (fun i => ↑↑i) i)
  [def_eq] heuristic for solving `f a =?= f b` (max: 258, num: 12):
    [def_eq] Pi.instZero ↦ 258
    [def_eq] instHAdd ↦ 248
    [def_eq] Pi.addMonoid ↦ 236
    [def_eq] Int.add ↦ 168
    [def_eq] Pi.addCommGroup ↦ 64
    [def_eq] DirectSum ↦ 63
    [def_eq] Pi.addCommMonoid ↦ 37
    [def_eq] DirectSum.semiring ↦ 33
    [def_eq] DFinsupp.mapRange ↦ 31
    [def_eq] DFinsupp.instZero ↦ 30
    [def_eq] Pi.instAdd ↦ 30
    [def_eq] DFinsupp.instAdd ↦ 29
  use `set_option diagnostics.threshold <num>` to control threshold for reporting counters
[diag] Diagnostics
  [reduction] unfolded declarations (max: 3444, num: 31):
    [reduction] AddMonoid.toZero ↦ 3444
    [reduction] Add.add ↦ 1770
    [reduction] HAdd.hAdd ↦ 1650
    [reduction] OfNat.ofNat ↦ 1030
    [reduction] Zero.zero ↦ 733
    [reduction] SMul.smul ↦ 649
    [reduction] HSMul.hSMul ↦ 640
    [reduction] DFunLike.coe ↦ 540
    [reduction] DirectSum ↦ 369
    [reduction] AddMonoid.nsmul ↦ 342
    [reduction] NatCast.natCast ↦ 342
    [reduction] Int.rec ↦ 216
    [reduction] DFinsupp.liftAddHom ↦ 189
    [reduction] DFinsupp.sumAddHom ↦ 189
    [reduction] DFinsupp.sumZeroHom ↦ 189
    [reduction] DirectSum.toAddMonoid ↦ 189
    [reduction] EquivLike.coe ↦ 189
    [reduction] Trunc.lift ↦ 189
    [reduction] NonUnitalNonAssocSemiring.toMul ↦ 108
    [reduction] SubNegMonoid.zsmul ↦ 108
    [reduction] Mul.mul ↦ 105
    [reduction] HMul.hMul ↦ 96
    [reduction] HasQuotient.quotient' ↦ 78
    [reduction] Int.add ↦ 54
    [reduction] Int.mul ↦ 54
    [reduction] Ring.toNeg ↦ 36
    [reduction] Ring.toSub ↦ 36
    [reduction] Ring.zsmul ↦ 36
    [reduction] DFinsupp.zipWith ↦ 33
    [reduction] CoeHTCT.coe ↦ 22
    [reduction] CoeT.coe ↦ 22
  [reduction] unfolded instances (max: 17358, num: 99):
    [reduction] AddCommGroup.toAddGroup ↦ 17358
    [reduction] AddGroup.toSubNegMonoid ↦ 14392
    [reduction] SubNegMonoid.toAddMonoid ↦ 8331
    [reduction] AddCommMonoid.toAddMonoid ↦ 5972
    [reduction] AddZeroClass.toAddZero ↦ 5616
    [reduction] AddZero.toZero ↦ 5244
    [reduction] AddCommGroup.toAddCommMonoid ↦ 4168
    [reduction] AddMonoid.toAddZeroClass ↦ 3409
    [reduction] Pi.addMonoid ↦ 3036
    [reduction] NormedField.toField ↦ 2934
    [reduction] Field.toCommRing ↦ 2721
    [reduction] Pi.addCommGroup ↦ 2697
    [reduction] Pi.addGroup ↦ 2697
    [reduction] Pi.subNegMonoid ↦ 2697
    [reduction] AddMonoid.toAddSemigroup ↦ 2424
    [reduction] Pi.addCommMonoid ↦ 2295
    [reduction] CommRing.toRing ↦ 2070
    [reduction] Pi.addZeroClass ↦ 1791
    [reduction] AddSemigroup.toAdd ↦ 1770
    [reduction] instHAdd ↦ 1614
    [reduction] Pi.addSemigroup ↦ 711
    [reduction] instAddNat ↦ 651
    [reduction] instHSMul ↦ 640
    [reduction] Zero.toOfNat0 ↦ 517
    [reduction] Int.instAdd ↦ 450
    [reduction] AddZero.toAdd ↦ 372
    [reduction] AddMonoid.toNatSMul ↦ 342
    [reduction] NonUnitalNonAssocSemiring.toAddCommMonoid ↦ 330
    [reduction] NonUnitalSemiring.toNonUnitalNonAssocSemiring ↦ 327
    [reduction] Pi.instAdd ↦ 327
    [reduction] DirectSum.ring ↦ 314
    [reduction] AddMonoidHom.instFunLike ↦ 288
    [reduction] DirectSum.semiring ↦ 285
    [reduction] SMulZeroClass.toSMul ↦ 283
    [reduction] DirectSum.instNonUnitalNonAssocSemiring ↦ 273
    [reduction] Ring.toSemiring ↦ 267
    [reduction] Semiring.toNonUnitalSemiring ↦ 261
    [reduction] DistribSMul.toSMulZeroClass ↦ 233
    [reduction] Module.toDistribMulAction ↦ 225
    [reduction] DFinsupp.addCommGroup ↦ 209
    [reduction] DirectSum.instAddCommGroup ↦ 209
    [reduction] AddCommGroup.toDivisionAddCommMonoid ↦ 191
    [reduction] NegZeroClass.toZero ↦ 191
    [reduction] SubNegZeroMonoid.toNegZeroClass ↦ 191
    [reduction] SubNegZeroMonoid.toSubNegMonoid ↦ 191
    [reduction] SubtractionCommMonoid.toSubtractionMonoid ↦ 191
    [reduction] SubtractionMonoid.toSubNegMonoid ↦ 191
    [reduction] SubtractionMonoid.toSubNegZeroMonoid ↦ 191
    [reduction] AddEquiv.instEquivLike ↦ 189
    [reduction] EquivLike.toFunLike ↦ 189
    [reduction] DistribMulAction.toMulAction ↦ 186
    [reduction] DFinsupp.addCommMonoid ↦ 174
    [reduction] instAddCommMonoidDirectSum ↦ 168
    [reduction] DistribMulAction.toDistribSMul ↦ 164
    [reduction] DFinsupp.hasNatScalar ↦ 162
    [reduction] MulAction.toSMul ↦ 153
    [reduction] NonAssocSemiring.toNonUnitalNonAssocSemiring ↦ 132
    [reduction] Semiring.toNonAssocSemiring ↦ 132
    [reduction] SubNegMonoid.toNeg ↦ 108
    [reduction] SubNegMonoid.toSub ↦ 108
    [reduction] Submodule.hasQuotient ↦ 72
    [reduction] CommSemiring.toSemiring ↦ 65
    [reduction] Semiring.toMonoidWithZero ↦ 60
    [reduction] DFinsupp.module ↦ 54
    [reduction] DirectSum.instModule ↦ 54
    [reduction] MulZeroClass.toSMulWithZero ↦ 53
    [reduction] SMulWithZero.toSMulZeroClass ↦ 53
    [reduction] DFinsupp.instSMulZeroClass ↦ 51
    [reduction] DirectSum.instMul ↦ 51
    [reduction] MonoidWithZero.toMonoid ↦ 51
    [reduction] MulZeroClass.toMul ↦ 51
    [reduction] Semigroup.toMul ↦ 51
    [reduction] AddCon.addGroup ↦ 49
    [reduction] QuotientAddGroup.Quotient.addCommGroup ↦ 49
    [reduction] QuotientAddGroup.Quotient.addGroup ↦ 49
    [reduction] Submodule.Quotient.addCommGroup ↦ 49
    [reduction] DFinsupp.distribMulAction ↦ 48
    [reduction] MonoidWithZero.toMulZeroOneClass ↦ 48
    [reduction] MulZeroOneClass.toMulZeroClass ↦ 48
    [reduction] DivisionSemiring.toSemiring ↦ 47
    [reduction] Semifield.toCommSemiring ↦ 47
    [reduction] instHMul ↦ 45
    [reduction] Ideal.instHasQuotient ↦ 45
    [reduction] Monoid.toSemigroup ↦ 39
    [reduction] MulOne.toMul ↦ 39
    [reduction] MulOneClass.toMulOne ↦ 39
    [reduction] MulZeroOneClass.toMulOneClass ↦ 39
    [reduction] DFinsupp.hasIntScalar ↦ 36
    [reduction] Ring.toAddCommGroup ↦ 36
    [reduction] DirectSum.GRing.toGSemiring ↦ 36
    [reduction] Field.toSemifield ↦ 35
    [reduction] Semifield.toDivisionSemiring ↦ 35
    [reduction] DFinsupp.instAdd ↦ 33
    [reduction] Semiring.toModule ↦ 32
    [reduction] Pi.distribMulAction ↦ 24
    [reduction] Pi.module ↦ 24
    [reduction] Pi.mulAction ↦ 24
    [reduction] MonoidWithZero.toMulActionWithZero ↦ 23
    [reduction] MulActionWithZero.toMulAction ↦ 23
  [reduction] unfolded reducible declarations (max: 24235, num: 32):
    [reduction] CutQuiver.Vertex ↦ 24235
    [reduction] homAdd ↦ 11481
    [reduction] CutGradedHom ↦ 2590
    [reduction] Hom ↦ 2440
    [reduction] CutGradedRing ↦ 1448
    [reduction] CutGradedBlock ↦ 1428
    [reduction] inferInstance ↦ 552
    [reduction] AddMonoidHom.toZeroHom ↦ 450
    [reduction] Function.Injective.addZeroClass ↦ 434
    [reduction] Nat.cast ↦ 288
    [reduction] Function.Injective.addCommMonoid ↦ 275
    [reduction] ZeroHom.toFun ↦ 261
    [reduction] inferInstanceAs ↦ 257
    [reduction] DirectSum.mulHom ↦ 252
    [reduction] Function.Injective.addMonoid ↦ 251
    [reduction] DFinsupp.support' ↦ 243
    [reduction] Int.casesOn ↦ 216
    [reduction] Function.Injective.addGroup ↦ 216
    [reduction] Function.Injective.subNegMonoid ↦ 216
    [reduction] Function.Injective.addCommGroup ↦ 209
    [reduction] AddEquiv.toEquiv ↦ 189
    [reduction] Equiv.toFun ↦ 189
    [reduction] Ideal ↦ 144
    [reduction] DecidableEq ↦ 140
    [reduction] outParam ↦ 129
    [reduction] HasQuotient.Quotient ↦ 89
    [reduction] Function.Injective.distribSMul ↦ 63
    [reduction] Function.Injective.smulZeroClass ↦ 54
    [reduction] homModule ↦ 48
    [reduction] Function.Injective.distribMulAction ↦ 48
    [reduction] semiOutParam ↦ 42
    [reduction] DFinsupp.toFun ↦ 42
  [type_class] used instances (max: 132, num: 45):
    [type_class] Pi.addZeroClass ↦ 132
    [type_class] DenselyNormedField.toNontriviallyNormedField ↦ 42
    [type_class] DenselyNormedField.toNormedField ↦ 42
    [type_class] NontriviallyNormedField.toNormedField ↦ 42
    [type_class] RCLike.toDenselyNormedField ↦ 42
    [type_class] Field.toSemifield ↦ 39
    [type_class] Pi.module ↦ 39
    [type_class] Pi.Function.module ↦ 39
    [type_class] EuclideanDomain.toCommRing ↦ 33
    [type_class] Field.toCommRing ↦ 33
    [type_class] Field.toEuclideanDomain ↦ 33
    [type_class] IdemCommSemiring.toCommSemiring ↦ 33
    [type_class] NormedCommRing.toCommRing ↦ 33
    [type_class] NormedCommRing.toSeminormedCommRing ↦ 33
    [type_class] NormedField.toField ↦ 33
    [type_class] NormedField.toNormedCommRing ↦ 33
    [type_class] Semifield.toCommSemiring ↦ 33
    [type_class] SeminormedCommRing.toCommRing ↦ 33
    [type_class] DirectSum.GradeZero.commRing ↦ 33
    [type_class] DirectSum.GradeZero.commSemiring ↦ 33
    [type_class] instDecidableEqNat ↦ 31
    [type_class] CommRing.toCommSemiring ↦ 30
    [type_class] DivisionSemiring.toSemiring ↦ 27
    [type_class] IdemCommSemiring.toIdemSemiring ↦ 27
    [type_class] IdemSemiring.toSemiring ↦ 27
    [type_class] KleeneAlgebra.toIdemSemiring ↦ 27
    [type_class] Semifield.toDivisionSemiring ↦ 27
    [type_class] DirectSum.GradeZero.semiring ↦ 27
    [type_class] CommRing.toRing ↦ 21
    [type_class] CommSemiring.toSemiring ↦ 21
    [type_class] DirectSum.commRing ↦ 21
    [type_class] DivisionRing.toDivisionSemiring ↦ 21
    [type_class] DivisionRing.toRing ↦ 21
    [type_class] Field.toDivisionRing ↦ 21
    [type_class] Nat.instAddCommMonoid ↦ 21
    [type_class] NormedCommRing.toNormedRing ↦ 21
    [type_class] NormedDivisionRing.toDivisionRing ↦ 21
    [type_class] NormedDivisionRing.toNormedRing ↦ 21
    [type_class] NormedField.toNormedDivisionRing ↦ 21
    [type_class] NormedRing.toRing ↦ 21
    [type_class] NormedRing.toSeminormedRing ↦ 21
    [type_class] Ring.toSemiring ↦ 21
    [type_class] SeminormedCommRing.toSeminormedRing ↦ 21
    [type_class] SeminormedRing.toRing ↦ 21
    [type_class] DirectSum.GradeZero.ring ↦ 21
  [type_class] max synth pending failures (maxSynthPendingDepth: 1), use `set_option maxSynthPendingDepth <limit>`
    [type_class] (i : ℕ) → AddCommGroup (E.CutGradedBlock (fun i => ↑↑i) i)
    [type_class] ℕ → Q.Vertex → (i : ℕ) → AddCommMonoid (E.CutGradedBlock (fun i => ↑↑i) i)
    [type_class] AddCommMonoid ℕ
    [type_class] ℕ → Q.Vertex → (i : ℕ) → AddCommMonoid (E.CutGradedBlock (fun i => ↑↑i) i)
    [type_class] (i : ℕ) → AddCommGroup (E.CutGradedBlock (fun i => ↑↑i) i)
    [type_class] (i : ℕ) → AddCommGroup (E.CutGradedBlock (fun i => ↑↑i) i)
    [type_class] (i : ℕ) → AddCommGroup (E.CutGradedBlock (fun i => ↑↑i) i)
    [type_class] (i : ℕ) → AddCommGroup (E.CutGradedBlock (fun i => ↑↑i) i)
    [type_class] ℕ → Q.Vertex → Q.Vertex → (i : ℕ) → AddCommMonoid (E.CutGradedBlock (fun i => ↑↑i) i)
    [type_class] (i : ℕ) → AddCommGroup (E.CutGradedBlock (fun i => ↑↑i) i)
    [type_class] (i : ℕ) → (i_1 i_2 : Q.Vertex) → AddZeroClass (?m.125 i i_1 i_2)
    [type_class] (i : ℕ) → AddCommGroup (E.CutGradedBlock (fun i => ↑↑i) i)
    [type_class] (i : ℕ) → AddCommGroup (E.CutGradedBlock (fun i => ↑↑i) i)
    [type_class] (i : ℕ) → AddCommGroup (E.CutGradedBlock (fun i => ↑↑i) i)
    [type_class] (i : ℕ) → (i_1 i_2 : Q.Vertex) → AddZeroClass (?m.182 i i_1 i_2)
    [type_class] ℕ → Q.Vertex → Q.Vertex → Field k
    [type_class] ℕ → Q.Vertex → Q.Vertex → Field k
    [type_class] (i : ℕ) → AddCommGroup (E.CutGradedBlock (fun i => ↑↑i) i)
    [type_class] ℕ → (i : ℕ) → AddCommMonoid (E.CutGradedBlock (fun i => ↑↑i) i)
    [type_class] (i : ℕ) → AddCommGroup (E.CutGradedBlock (fun i => ↑↑i) i)
    [type_class] (i : ℕ) → AddCommGroup (E.CutGradedBlock (fun i => ↑↑i) i)
    [type_class] (i : ℕ) → AddCommGroup (E.CutGradedBlock (fun i => ↑↑i) i)
    [type_class] ℕ → Q.Vertex → Q.Vertex → Field k
    [type_class] ℕ → (i : ℕ) → AddCommMonoid (E.CutGradedBlock (fun i => ↑↑i) i)
    [type_class] (i : ℕ) → (i_1 i_2 : Q.Vertex) → AddZeroClass (?m.205 i i_1 i_2)
    [type_class] ℕ → (i : ℕ) → AddCommMonoid (E.CutGradedBlock (fun i => ↑↑i) i)
    [type_class] ℕ → Q.Vertex → Q.Vertex → Field k
    [type_class] ℕ → (i : ℕ) → AddCommMonoid (E.CutGradedBlock (fun i => ↑↑i) i)
    [type_class] (i : ℕ) → AddCommGroup (E.CutGradedBlock (fun i => ↑↑i) i)
    [type_class] (i : ℕ) → AddCommGroup (E.CutGradedBlock (fun i => ↑↑i) i)
    [type_class] ℕ → Q.Vertex → Q.Vertex → Field k
    [type_class] (i : ℕ) → AddCommGroup (E.CutGradedBlock (fun i => ↑↑i) i)
    [type_class] AddCommMonoid ℕ
    [type_class] (i : ℕ) → AddCommGroup (E.CutGradedBlock (fun i => ↑↑i) i)
    [type_class] (i : ℕ) → (i_1 i_2 : Q.Vertex) → AddZeroClass (?m.210 i i_1 i_2)
    [type_class] (i : ℕ) → AddCommGroup (E.CutGradedBlock (fun i => ↑↑i) i)
    [type_class] (i : ℕ) → AddCommGroup (E.CutGradedBlock (fun i => ↑↑i) i)
    [type_class] (i : ℕ) → AddCommGroup (E.CutGradedBlock (fun i => ↑↑i) i)
    [type_class] (i : ℕ) → AddCommGroup (E.CutGradedBlock (fun i => ↑↑i) i)
    [type_class] (i : ℕ) → AddCommGroup (E.CutGradedBlock (fun i => ↑↑i) i)
    [type_class] ℕ → Q.Vertex → Q.Vertex → Field k
    [type_class] (i : ℕ) → AddCommGroup (E.CutGradedBlock (fun i => ↑↑i) i)
    [type_class] (i : ℕ) → AddCommGroup (E.CutGradedBlock (fun i => ↑↑i) i)
    [type_class] ℕ → Q.Vertex → (i : ℕ) → AddCommMonoid (E.CutGradedBlock (fun i => ↑↑i) i)
    [type_class] ℕ → Q.Vertex → (i : ℕ) → AddCommMonoid (E.CutGradedBlock (fun i => ↑↑i) i)
    [type_class] AddCommMonoid ℕ
    [type_class] (i : ℕ) → AddCommGroup (E.CutGradedBlock (fun i => ↑↑i) i)
    [type_class] AddCommMonoid ℕ
    [type_class] (i : ℕ) → AddCommGroup (E.CutGradedBlock (fun i => ↑↑i) i)
    [type_class] ℕ → Q.Vertex → (i : ℕ) → AddCommMonoid (E.CutGradedBlock (fun i => ↑↑i) i)
    [type_class] (i : ℕ) → (i_1 i_2 : Q.Vertex) → AddZeroClass (?m.177 i i_1 i_2)
    [type_class] (i : ℕ) → AddCommGroup (E.CutGradedBlock (fun i => ↑↑i) i)
    [type_class] (i : ℕ) → AddCommGroup (E.CutGradedBlock (fun i => ↑↑i) i)
    [type_class] (i : ℕ) → (i_1 i_2 : Q.Vertex) → AddZeroClass (?m.179 i i_1 i_2)
    [type_class] (i : ℕ) → (i_1 i_2 : Q.Vertex) → AddZeroClass (?m.128 i i_1 i_2)
    [type_class] (i : ℕ) → AddCommGroup (E.CutGradedBlock (fun i => ↑↑i) i)
    [type_class] (i : ℕ) → (i_1 i_2 : Q.Vertex) → AddZeroClass (?m.130 i i_1 i_2)
    [type_class] ℕ → (i : ℕ) → AddCommMonoid (E.CutGradedBlock (fun i => ↑↑i) i)
    [type_class] (i : ℕ) → AddCommGroup (E.CutGradedBlock (fun i => ↑↑i) i)
    [type_class] (i : ℕ) → AddCommGroup (E.CutGradedBlock (fun i => ↑↑i) i)
    [type_class] (i : ℕ) → AddCommGroup (E.CutGradedBlock (fun i => ↑↑i) i)
    [type_class] (i : ℕ) → AddCommGroup (E.CutGradedBlock (fun i => ↑↑i) i)
    [type_class] (i : ℕ) → AddCommGroup (E.CutGradedBlock (fun i => ↑↑i) i)
    [type_class] (i : ℕ) → AddCommGroup (E.CutGradedBlock (fun i => ↑↑i) i)
    [type_class] (i : ℕ) → AddCommGroup (E.CutGradedBlock (fun i => ↑↑i) i)
    [type_class] (i : ℕ) → AddCommGroup (E.CutGradedBlock (fun i => ↑↑i) i)
    [type_class] (i : ℕ) → (i_1 i_2 : Q.Vertex) → AddZeroClass (?m.180 i i_1 i_2)
    [type_class] AddCommMonoid ℕ
    [type_class] (i : ℕ) → (i_1 i_2 : Q.Vertex) → AddZeroClass (?m.207 i i_1 i_2)
    [type_class] (i : ℕ) → AddCommGroup (E.CutGradedBlock (fun i => ↑↑i) i)
    [type_class] ℕ → Q.Vertex → (i : ℕ) → AddCommMonoid (E.CutGradedBlock (fun i => ↑↑i) i)
    [type_class] ℕ → Q.Vertex → Q.Vertex → (i : ℕ) → AddCommMonoid (E.CutGradedBlock (fun i => ↑↑i) i)
    [type_class] (i : ℕ) → (i_1 i_2 : Q.Vertex) → AddZeroClass (?m.127 i i_1 i_2)
    [type_class] (i : ℕ) → AddCommGroup (E.CutGradedBlock (fun i => ↑↑i) i)
    [type_class] (i : ℕ) → AddCommGroup (E.CutGradedBlock (fun i => ↑↑i) i)
    [type_class] (i : ℕ) → AddCommGroup (E.CutGradedBlock (fun i => ↑↑i) i)
    [type_class] ℕ → Q.Vertex → Q.Vertex → (i : ℕ) → AddCommMonoid (E.CutGradedBlock (fun i => ↑↑i) i)
    [type_class] ℕ → Q.Vertex → Q.Vertex → Field k
    [type_class] AddCommMonoid ℕ
    [type_class] (i : ℕ) → AddCommGroup (E.CutGradedBlock (fun i => ↑↑i) i)
    [type_class] (i : ℕ) → AddCommGroup (E.CutGradedBlock (fun i => ↑↑i) i)
    [type_class] ℕ → Q.Vertex → Q.Vertex → Field k
    [type_class] AddCommMonoid ℕ
    [type_class] ℕ → Q.Vertex → Q.Vertex → Field k
    [type_class] AddCommMonoid ℕ
    [type_class] AddCommMonoid ℕ
    [type_class] (i : ℕ) → AddCommGroup (E.CutGradedBlock (fun i => ↑↑i) i)
    [type_class] (i : ℕ) → AddCommGroup (E.CutGradedBlock (fun i => ↑↑i) i)
    [type_class] (i : ℕ) → AddCommGroup (E.CutGradedBlock (fun i => ↑↑i) i)
    [type_class] (i : ℕ) → AddCommGroup (E.CutGradedBlock (fun i => ↑↑i) i)
    [type_class] (i : ℕ) → AddCommGroup (E.CutGradedBlock (fun i => ↑↑i) i)
    [type_class] (i : ℕ) → AddCommGroup (E.CutGradedBlock (fun i => ↑↑i) i)
    [type_class] (i : ℕ) → AddCommGroup (E.CutGradedBlock (fun i => ↑↑i) i)
    [type_class] (i : ℕ) → AddCommGroup (E.CutGradedBlock (fun i => ↑↑i) i)
    [type_class] (i : ℕ) → AddCommGroup (E.CutGradedBlock (fun i => ↑↑i) i)
    [type_class] (i : ℕ) → AddCommGroup (E.CutGradedBlock (fun i => ↑↑i) i)
    [type_class] ℕ → (i : ℕ) → AddCommMonoid (E.CutGradedBlock (fun i => ↑↑i) i)
    [type_class] (i : ℕ) → AddCommGroup (E.CutGradedBlock (fun i => ↑↑i) i)
    [type_class] (i : ℕ) → (i_1 i_2 : Q.Vertex) → AddZeroClass (?m.208 i i_1 i_2)
  [def_eq] heuristic for solving `f a =?= f b` (max: 774, num: 20):
    [def_eq] Pi.instZero ↦ 774
    [def_eq] instHAdd ↦ 684
    [def_eq] Pi.addMonoid ↦ 652
    [def_eq] Int.add ↦ 444
    [def_eq] DirectSum ↦ 168
    [def_eq] Pi.addCommGroup ↦ 152
    [def_eq] Pi.addCommMonoid ↦ 111
    [def_eq] DirectSum.semiring ↦ 95
    [def_eq] DFinsupp.mapRange ↦ 93
    [def_eq] DFinsupp.instZero ↦ 90
    [def_eq] Pi.instAdd ↦ 90
    [def_eq] DFinsupp.instAdd ↦ 87
    [def_eq] Add.add ↦ 54
    [def_eq] AddCommGroup.toAddGroup ↦ 54
    [def_eq] AddGroup.toSubNegMonoid ↦ 54
    [def_eq] Pi.module ↦ 48
    [def_eq] Semiring.toModule ↦ 45
    [def_eq] Hom ↦ 36
    [def_eq] _root_.Quotient ↦ 33
    [def_eq] Submodule.quotientRel ↦ 33
  [kernel] unfolded declarations (max: 982, num: 48):
    [kernel] AddGroup.toSubNegMonoid ↦ 982
    [kernel] AddCommGroup.toAddGroup ↦ 793
    [kernel] SubNegMonoid.toAddMonoid ↦ 729
    [kernel] Pi.subNegMonoid ↦ 504
    [kernel] homAdd ↦ 464
    [kernel] AddCommMonoid.toAddMonoid ↦ 460
    [kernel] AddZero.toZero ↦ 371
    [kernel] AddZeroClass.toAddZero ↦ 346
    [kernel] HAdd.hAdd ↦ 340
    [kernel] AddCommGroup.toAddCommMonoid ↦ 328
    [kernel] Pi.addGroup ↦ 324
    [kernel] Pi.addCommMonoid ↦ 320
    [kernel] AddMonoid.toZero ↦ 303
    [kernel] Pi.addCommGroup ↦ 260
    [kernel] AddSemigroup.toAdd ↦ 234
    [kernel] AddMonoid.toAddZeroClass ↦ 226
    [kernel] AddMonoid.toAddSemigroup ↦ 218
    [kernel] HSMul.hSMul ↦ 218
    [kernel] SMul.smul ↦ 214
    [kernel] OfNat.ofNat ↦ 168
    [kernel] AddMonoid.nsmul ↦ 160
    [kernel] instHSMul ↦ 157
    [kernel] Add.add ↦ 156
    [kernel] AddMonoid.toNatSMul ↦ 144
    [kernel] Pi.addMonoid ↦ 144
    [kernel] SubNegZeroMonoid.toNegZeroClass ↦ 138
    [kernel] SubNegZeroMonoid.toSubNegMonoid ↦ 138
    [kernel] SubtractionMonoid.toSubNegMonoid ↦ 138
    [kernel] instHAdd ↦ 102
    [kernel] CutGradedRing ↦ 90
    [kernel] Zero.zero ↦ 80
    [kernel] AddCommGroup.toDivisionAddCommMonoid ↦ 70
    [kernel] NegZeroClass.toZero ↦ 70
    [kernel] SubtractionCommMonoid.toSubtractionMonoid ↦ 70
    [kernel] SubtractionMonoid.toSubNegZeroMonoid ↦ 70
    [kernel] CutGradedBlock ↦ 64
    [kernel] Pi.addSemigroup ↦ 48
    [kernel] Pi.instAdd ↦ 48
    [kernel] Pi.instZero ↦ 48
    [kernel] Zero.toOfNat0 ↦ 48
    [kernel] Pi.addZeroClass ↦ 40
    [kernel] Hom ↦ 36
    [kernel] Ring.toSemiring ↦ 28
    [kernel] AddCommSemigroup.toAddSemigroup ↦ 26
    [kernel] HasQuotient.Quotient ↦ 25
    [kernel] HasQuotient.quotient' ↦ 25
    [kernel] SubNegMonoid.zsmul ↦ 24
    [kernel] Function.Injective.addMonoid ↦ 22
  use `set_option diagnostics.threshold <num>` to control threshold for reporting counters
