'ASGinzburg.triangleEdgeTarget' does not depend on any axioms
'ASGinzburg.triangleEdgeArrow' depends on axioms: [propext, Quot.sound]
'ASGinzburg.triangleEdgePath' depends on axioms: [propext, Quot.sound]
'ASGinzburg.triangleEdgePath_length' depends on axioms: [propext, Quot.sound]
'ASGinzburg.triangleEdgePath_toList' depends on axioms: [propext, Quot.sound]
'ASGinzburg.triangleLengthOnePathArrow' depends on axioms: [propext, Classical.choice, Quot.sound]
'ASGinzburg.triangleEdgePathIndexEquiv' depends on axioms: [propext, Classical.choice, Quot.sound]
'ASGinzburg.triangleXPath' depends on axioms: [propext, Quot.sound]
'ASGinzburg.triangleYPath' depends on axioms: [propext, Quot.sound]
'ASGinzburg.triangleZPath' depends on axioms: [propext, Quot.sound]
'ASGinzburg.triangleXPath_toList' depends on axioms: [propext, Quot.sound]
'ASGinzburg.triangleYPath_toList' depends on axioms: [propext, Quot.sound]
'ASGinzburg.triangleZPath_toList' depends on axioms: [propext, Quot.sound]
'ASGinzburg.triangleEdgeArrowEquiv' depends on axioms: [propext, Classical.choice, Quot.sound]
'ASGinzburg.triangleEdgeArrowEquiv_single' depends on axioms: [propext, Classical.choice, Quot.sound]
'ASGinzburg.triangleXArrowEquiv' depends on axioms: [propext, Classical.choice, Quot.sound]
'ASGinzburg.triangleYArrowEquiv' depends on axioms: [propext, Classical.choice, Quot.sound]
'ASGinzburg.triangleZArrowEquiv' depends on axioms: [propext, Classical.choice, Quot.sound]
'ASGinzburg.triangleXArrowEquiv_single' depends on axioms: [propext, Classical.choice, Quot.sound]
'ASGinzburg.triangleYArrowEquiv_single' depends on axioms: [propext, Classical.choice, Quot.sound]
'ASGinzburg.triangleZArrowEquiv_single' depends on axioms: [propext, Classical.choice, Quot.sound]
