work/ASGinzburgDraft/GradedOrdinaryHomComponents.lean:25:0: warning: automatically included section variable(s) unused in theorem `ASGinzburg.GradedOrdinaryModuleData.homComponentLinear_apply_homogeneous`:
  [DirectSum.Decomposition G]
consider restructuring your `variable` declarations so that the variables are not in scope or explicitly omit them:
  omit [DirectSum.Decomposition G] in theorem ...

Note: This linter can be disabled with `set_option linter.unusedSectionVars false`
work/ASGinzburgDraft/GradedOrdinaryHomComponents.lean:56:10: error: Tactic `rewrite` failed: Did not find an occurrence of the pattern
  (ModuleCat.Hom.hom f) (?c • ?x)
in the target expression
  (homogeneousComponent k (↑N.ringModule) N.grade (p + s + q)) ((ModuleCat.Hom.hom f) (r • ↑x)) =
    ↑r • (homogeneousComponent k (↑N.ringModule) N.grade (s + q)) ((ConcreteCategory.hom f) ↑x)

case homogeneous.homogeneous
k : Type u
inst✝³ : Field k
R : Type v
inst✝² : Ring R
inst✝¹ : Algebra k R
G : ℤ → Submodule k R
inst✝ : DirectSum.Decomposition G
M N : GradedOrdinaryModuleData k R G
f : M.ringModule ⟶ N.ringModule
q : ℤ
this✝ : DirectSum.Decomposition M.grade := M.decomposition
this : DirectSum.Decomposition N.grade := N.decomposition
p : ℤ
r : ↥(G p)
s : ℤ
x : ↥(M.grade s)
⊢ (homogeneousComponent k (↑N.ringModule) N.grade (p + s + q)) ((ModuleCat.Hom.hom f) (r • ↑x)) =
    ↑r • (homogeneousComponent k (↑N.ringModule) N.grade (s + q)) ((ConcreteCategory.hom f) ↑x)
