work/ASGinzburgDraft/ScalarAugmentationLiftedCoordinates.lean:20:8: warning: automatically included section variable(s) unused in theorem `ASGinzburg.liftedCoordinateAugmentation_apply`:
  [Fintype ι]
  [DecidableEq ι]
consider restructuring your `variable` declarations so that the variables are not in scope or explicitly omit them:
  omit [Fintype ι] [DecidableEq ι] in theorem ...

Note: This linter can be disabled with `set_option linter.unusedSectionVars false`
work/ASGinzburgDraft/ScalarAugmentationLiftedCoordinates.lean:24:4: error(lean.unknownIdentifier): Unknown constant `RingHom.ker`
work/ASGinzburgDraft/ScalarAugmentationLiftedCoordinates.lean:24:61: error(lean.unknownIdentifier): Unknown constant `RingHom.ker`
work/ASGinzburgDraft/ScalarAugmentationLiftedCoordinates.lean:25:2: error: No applicable extensionality theorem found for type
  ?m.10

Note: Extensionality theorems can be registered by marking them with the `[ext]` attribute
work/ASGinzburgDraft/ScalarAugmentationLiftedCoordinates.lean:39:31: error: Type mismatch
  Pi.single i 1 j
has type
  ?m.44 j
but is expected to have type
  k
work/ASGinzburgDraft/ScalarAugmentationLiftedCoordinates.lean:47:0: warning: automatically included section variable(s) unused in theorem `ASGinzburg.sum_liftedIdempotentFamily`:
  [DecidableEq ι]
consider restructuring your `variable` declarations so that the variables are not in scope or explicitly omit them:
  omit [DecidableEq ι] in theorem ...

Note: This linter can be disabled with `set_option linter.unusedSectionVars false`
