⚠ [3415/3695] Replayed ASGinzburg.PathAlgebra
warning: ASGinzburg/PathAlgebra.lean:97:42: This simp argument is unused:
  LinearMap.add_apply

Hint: Omit it from the simp argument list.
  simp [map_add, L̵i̵n̵e̵a̵r̵M̵a̵p̵.̵a̵d̵d̵_̵a̵p̵p̵l̵y̵,̵ ̵ih, ih']

Note: This linter can be disabled with `set_option linter.unusedSimpArgs false`
✔ [4177/4232] Built ASGinzburg.FiniteModuleCatCoproduct (3.0s)
✔ [4209/4232] Built ASGinzburg.ASResolutionComplexMinimality (6.4s)
✔ [4212/4232] Built ASGinzburg.PeriodCutRadicalCornerEntries (6.0s)
✔ [4213/4232] Built ASGinzburg.PeriodCutRightVertexSpaces (7.5s)
✔ [4217/4232] Built ASGinzburg.PeriodCutIntegerHomogeneousSpaces (8.4s)
✔ [4218/4232] Built ASGinzburg.PeriodCutGradedModuleRadical (6.2s)
✔ [4219/4232] Built ASGinzburg.PeriodCutForgetGrading (6.0s)
✔ [4220/4232] Built ASGinzburg.PeriodCutRepresentableValues (8.3s)
✔ [4221/4232] Built ASGinzburg.PeriodCutPositiveActionRadical (5.6s)
✔ [4222/4232] Built ASGinzburg.PeriodCutGradedRepresentableGenerators (10s)
✔ [4223/4232] Built ASGinzburg.PeriodCutGradedMinimality (4.3s)
✔ [4224/4232] Built ASGinzburg.PeriodCutFiniteProjectives (5.2s)
✔ [4225/4232] Built ASGinzburg.ASCutGradedResolutionMinimality (4.5s)
✔ [4226/4232] Built ASGinzburg.PeriodCutRepresentableActionMap (7.8s)
✔ [4227/4232] Built ASGinzburg.ASCutGradedResolutionFiniteness (3.1s)
✔ [4228/4232] Built ASGinzburg.PeriodCutRepresentableValueProjection (7.1s)
✔ [4229/4232] Built ASGinzburg.PeriodCutRepresentableRightIdeal (4.2s)
✔ [4230/4232] Built ASGinzburg.PeriodCutRepresentableRightIdealGrading (4.2s)
✔ [4231/4232] Built ASGinzburg (3.7s)
Build completed successfully (4232 jobs).
