ASGinzburg/AlgebraEnvelopingRingDualTensorEvaluationInduction.lean:13:0: warning: Definition `ASGinzburg.envelopingTensorEvaluationFirstRightModule` of class type is semireducible. Most type class instances should be instance-reducible, so consider marking this
definition with `@[instance_reducible]`. If it is intentionally semireducible, this warning can be disabled with `set_option warn.classDefReducibility false`.
ASGinzburg/AlgebraEnvelopingRingDualTensorEvaluationInduction.lean:17:17: warning: Definition `ASGinzburg.envelopingTensorEvaluationFirstRightModule` of class type is semireducible. Most type class instances should be instance-reducible, so consider marking this
definition with `@[instance_reducible]`. If it is intentionally semireducible, this warning can be disabled with `set_option warn.classDefReducibility false`.
ASGinzburg/AlgebraEnvelopingRingDualTensorEvaluationInduction.lean:19:0: warning: Definition `ASGinzburg.envelopingTensorEvaluationFirstRightSMul` of class type is semireducible. Most type class instances should be instance-reducible, so consider marking this
definition with `@[instance_reducible]`. If it is intentionally semireducible, this warning can be disabled with `set_option warn.classDefReducibility false`.
ASGinzburg/AlgebraEnvelopingRingDualTensorEvaluationInduction.lean:23:17: warning: Definition `ASGinzburg.envelopingTensorEvaluationFirstRightSMul` of class type is semireducible. Most type class instances should be instance-reducible, so consider marking this
definition with `@[instance_reducible]`. If it is intentionally semireducible, this warning can be disabled with `set_option warn.classDefReducibility false`.
ASGinzburg/AlgebraEnvelopingRingDualTensorEvaluationInduction.lean:58:2: warning: Try this: 
  letI̵

The goal is a proposition, so `let` is preferred over `letI`.
The difference between `let` and `letI` is that `letI` inlines the value.
But this is not relevant for proofs because of proof irrelevance.

Note: This linter can be disabled with `set_option linter.style.haveILetI false`
ASGinzburg/AlgebraEnvelopingRingDualTensorEvaluationInduction.lean:59:2: warning: Try this: 
  letI̵

The goal is a proposition, so `let` is preferred over `letI`.
The difference between `let` and `letI` is that `letI` inlines the value.
But this is not relevant for proofs because of proof irrelevance.

Note: This linter can be disabled with `set_option linter.style.haveILetI false`
ASGinzburg/AlgebraEnvelopingRingDualTensorEvaluationInduction.lean:60:2: warning: Try this: 
  letI̵

The goal is a proposition, so `let` is preferred over `letI`.
The difference between `let` and `letI` is that `letI` inlines the value.
But this is not relevant for proofs because of proof irrelevance.

Note: This linter can be disabled with `set_option linter.style.haveILetI false`
ASGinzburg/AlgebraEnvelopingRingDualTensorEvaluationInduction.lean:102:2: warning: Try this: 
  letI̵

The goal is a proposition, so `let` is preferred over `letI`.
The difference between `let` and `letI` is that `letI` inlines the value.
But this is not relevant for proofs because of proof irrelevance.

Note: This linter can be disabled with `set_option linter.style.haveILetI false`
ASGinzburg/AlgebraEnvelopingRingDualTensorEvaluationInduction.lean:103:2: warning: Try this: 
  letI̵

The goal is a proposition, so `let` is preferred over `letI`.
The difference between `let` and `letI` is that `letI` inlines the value.
But this is not relevant for proofs because of proof irrelevance.

Note: This linter can be disabled with `set_option linter.style.haveILetI false`
ASGinzburg/AlgebraEnvelopingRingDualTensorEvaluationInduction.lean:104:2: warning: Try this: 
  letI̵

The goal is a proposition, so `let` is preferred over `letI`.
The difference between `let` and `letI` is that `letI` inlines the value.
But this is not relevant for proofs because of proof irrelevance.

Note: This linter can be disabled with `set_option linter.style.haveILetI false`
ASGinzburg/AlgebraEnvelopingRingDualTensorEvaluationInduction.lean:132:2: warning: Try this: 
  letI̵

The goal is a proposition, so `let` is preferred over `letI`.
The difference between `let` and `letI` is that `letI` inlines the value.
But this is not relevant for proofs because of proof irrelevance.

Note: This linter can be disabled with `set_option linter.style.haveILetI false`
ASGinzburg/AlgebraEnvelopingRingDualTensorEvaluationInduction.lean:133:2: warning: Try this: 
  letI̵

The goal is a proposition, so `let` is preferred over `letI`.
The difference between `let` and `letI` is that `letI` inlines the value.
But this is not relevant for proofs because of proof irrelevance.

Note: This linter can be disabled with `set_option linter.style.haveILetI false`
ASGinzburg/AlgebraEnvelopingRingDualTensorEvaluationInduction.lean:134:2: warning: Try this: 
  letI̵

The goal is a proposition, so `let` is preferred over `letI`.
The difference between `let` and `letI` is that `letI` inlines the value.
But this is not relevant for proofs because of proof irrelevance.

Note: This linter can be disabled with `set_option linter.style.haveILetI false`
ASGinzburg/AlgebraEnvelopingRingDualTensorEvaluationInduction.lean:142:4: error: 'change' tactic failed, pattern
  φ (MulOpposite.op 1 • m) • MulOpposite.unop (MulOpposite.op y) = φ m • y
is not definitionally equal to target
  (fun x =>
        (have this :=
            (envelopingTensorEvaluationInduction k R M)
              ((envelopingTensorEvaluationFieldTensorSection k R M) (φ ⊗ₜ[k] y));
          this)
          x)
      m =
    (fun x =>
        (have this := (dualTensorHom k M R) (φ ⊗ₜ[k] y);
          this)
          x)
      m
ASGinzburg/AlgebraEnvelopingRingDualTensorEvaluationInduction.lean:163:2: warning: Try this: 
  letI̵

The goal is a proposition, so `let` is preferred over `letI`.
The difference between `let` and `letI` is that `letI` inlines the value.
But this is not relevant for proofs because of proof irrelevance.

Note: This linter can be disabled with `set_option linter.style.haveILetI false`
ASGinzburg/AlgebraEnvelopingRingDualTensorEvaluationInduction.lean:164:2: warning: Try this: 
  letI̵

The goal is a proposition, so `let` is preferred over `letI`.
The difference between `let` and `letI` is that `letI` inlines the value.
But this is not relevant for proofs because of proof irrelevance.

Note: This linter can be disabled with `set_option linter.style.haveILetI false`
ASGinzburg/AlgebraEnvelopingRingDualTensorEvaluationInduction.lean:165:2: warning: Try this: 
  letI̵

The goal is a proposition, so `let` is preferred over `letI`.
The difference between `let` and `letI` is that `letI` inlines the value.
But this is not relevant for proofs because of proof irrelevance.

Note: This linter can be disabled with `set_option linter.style.haveILetI false`
ASGinzburg/AlgebraEnvelopingRingDualTensorEvaluationInduction.lean:179:2: warning: Try this: 
  letI̵

The goal is a proposition, so `let` is preferred over `letI`.
The difference between `let` and `letI` is that `letI` inlines the value.
But this is not relevant for proofs because of proof irrelevance.

Note: This linter can be disabled with `set_option linter.style.haveILetI false`
ASGinzburg/AlgebraEnvelopingRingDualTensorEvaluationInduction.lean:180:2: warning: Try this: 
  letI̵

The goal is a proposition, so `let` is preferred over `letI`.
The difference between `let` and `letI` is that `letI` inlines the value.
But this is not relevant for proofs because of proof irrelevance.

Note: This linter can be disabled with `set_option linter.style.haveILetI false`
ASGinzburg/AlgebraEnvelopingRingDualTensorEvaluationInduction.lean:181:2: warning: Try this: 
  letI̵

The goal is a proposition, so `let` is preferred over `letI`.
The difference between `let` and `letI` is that `letI` inlines the value.
But this is not relevant for proofs because of proof irrelevance.

Note: This linter can be disabled with `set_option linter.style.haveILetI false`
