ASGinzburg/AlgebraEnvelopingTensorAugmentationRestriction.lean:30:2: warning: Try this: 
  letI̵

The goal is a proposition, so `let` is preferred over `letI`.
The difference between `let` and `letI` is that `letI` inlines the value.
But this is not relevant for proofs because of proof irrelevance.

Note: This linter can be disabled with `set_option linter.style.haveILetI false`
ASGinzburg/AlgebraEnvelopingTensorAugmentationRestriction.lean:32:2: warning: Try this: 
  letI̵

The goal is a proposition, so `let` is preferred over `letI`.
The difference between `let` and `letI` is that `letI` inlines the value.
But this is not relevant for proofs because of proof irrelevance.

Note: This linter can be disabled with `set_option linter.style.haveILetI false`
ASGinzburg/AlgebraEnvelopingTensorAugmentationRestriction.lean:53:2: warning: Try this: 
  letI̵

The goal is a proposition, so `let` is preferred over `letI`.
The difference between `let` and `letI` is that `letI` inlines the value.
But this is not relevant for proofs because of proof irrelevance.

Note: This linter can be disabled with `set_option linter.style.haveILetI false`
ASGinzburg/AlgebraEnvelopingTensorAugmentationRestriction.lean:68:6: error: Tactic `rewrite` failed: Did not find an occurrence of the pattern
  (((ModuleCat.restrictScalars (algebraMap k Rᵐᵒᵖ)).mapHomologicalComplex (ComplexShape.down ℕ)).obj
          P.complex).ιMapBifunctor
      (((ModuleCat.restrictScalars (algebraMap k R)).mapHomologicalComplex (ComplexShape.down ℕ)).obj Q.complex)
      (moduleTensorBifunctor k) (ComplexShape.down ℕ) 0 0 0 hij ≫
    (tensorRightEnvelopingTotalRestrictScalarsIso k R P.complex Q.complex).inv.f 0
in the target expression
  ((((((moduleTensorBifunctor k).mapBifunctorHomologicalComplex (ComplexShape.down ℕ) (ComplexShape.down ℕ)).obj
                    (((ModuleCat.restrictScalars (algebraMap k Rᵐᵒᵖ)).mapHomologicalComplex (ComplexShape.down ℕ)).obj
                      P.complex)).obj
                (((ModuleCat.restrictScalars (algebraMap k R)).mapHomologicalComplex (ComplexShape.down ℕ)).obj
                  Q.complex)).ιTotal
            (ComplexShape.down ℕ) 0 0 0 hij ≫
          e.inv.f 0) ≫
        G.map α) ≫
      (tensorRightEnvelopingRestrictScalarsIso k R M N).hom =
    ((((moduleTensorBifunctor k).mapBifunctorHomologicalComplex (ComplexShape.down ℕ) (ComplexShape.down ℕ)).obj
                (((ModuleCat.restrictScalars (algebraMap k Rᵐᵒᵖ)).mapHomologicalComplex (ComplexShape.down ℕ)).obj
                  P.complex)).obj
            (((ModuleCat.restrictScalars (algebraMap k R)).mapHomologicalComplex (ComplexShape.down ℕ)).obj
              Q.complex)).ιTotal
        (ComplexShape.down ℕ) 0 0 0 hij ≫
      β

k : Type u
inst✝² : Field k
R : Type v
inst✝¹ : Ring R
inst✝ : Algebra k R
M : ModuleCat Rᵐᵒᵖ
N : ModuleCat R
P : ProjectiveResolution M
Q : ProjectiveResolution N
G : ModuleCat (AlgebraEnvelopingRing k R)ᵐᵒᵖ ⥤ ModuleCat k :=
  ModuleCat.restrictScalars (algebraMap k (AlgebraEnvelopingRing k R)ᵐᵒᵖ)
e : ((ModuleCat.restrictScalars (algebraMap k (AlgebraEnvelopingRing k R)ᵐᵒᵖ)).mapHomologicalComplex
        (ComplexShape.down ℕ)).obj
    (tensorRightEnvelopingTotal k R P.complex Q.complex (ComplexShape.down ℕ)) ≅
  (((ModuleCat.restrictScalars (algebraMap k Rᵐᵒᵖ)).mapHomologicalComplex (ComplexShape.down ℕ)).obj
        P.complex).mapBifunctor
    (((ModuleCat.restrictScalars (algebraMap k R)).mapHomologicalComplex (ComplexShape.down ℕ)).obj Q.complex)
    (moduleTensorBifunctor k) (ComplexShape.down ℕ) :=
  tensorRightEnvelopingTotalRestrictScalarsIso k R P.complex Q.complex
Pk : ProjectiveResolution ((ModuleCat.restrictScalars (algebraMap k Rᵐᵒᵖ)).obj M) :=
  moduleFieldRestrictionResolution k Rᵐᵒᵖ P
Qk : ProjectiveResolution ((ModuleCat.restrictScalars (algebraMap k R)).obj N) := moduleFieldRestrictionResolution k R Q
this✝¹ : Projective ((ModuleCat.restrictScalars (algebraMap k Rᵐᵒᵖ)).obj M) :=
  moduleCatField_projective k ((ModuleCat.restrictScalars (algebraMap k Rᵐᵒᵖ)).obj M)
this✝ : Projective ((ModuleCat.restrictScalars (algebraMap k R)).obj N) :=
  moduleCatField_projective k ((ModuleCat.restrictScalars (algebraMap k R)).obj N)
α : (tensorRightEnvelopingTotal k R P.complex Q.complex (ComplexShape.down ℕ)).X 0 ⟶
  ((tensorRightEnvelopingBifunctor k R).obj M).obj N :=
  (tensorRightEnvelopingAugmentation k R P Q).f 0
β : ((((ModuleCat.restrictScalars (algebraMap k Rᵐᵒᵖ)).mapHomologicalComplex (ComplexShape.down ℕ)).obj
            P.complex).mapBifunctor
        (((ModuleCat.restrictScalars (algebraMap k R)).mapHomologicalComplex (ComplexShape.down ℕ)).obj Q.complex)
        (moduleTensorBifunctor k) (ComplexShape.down ℕ)).X
    0 ⟶
  ((moduleTensorBifunctor k).obj ((ModuleCat.restrictScalars (algebraMap k Rᵐᵒᵖ)).obj M)).obj
    ((ModuleCat.restrictScalars (algebraMap k R)).obj N) :=
  (moduleFieldTensorResolutionHomotopyEquiv k R P Q).hom.f 0
this : IsIso (e.inv.f 0) := Iso.isIso_inv (Hom.isoApp e 0)
hi :
  e.inv.f 0 ≫ e.hom.f 0 =
    𝟙
      (((((ModuleCat.restrictScalars (algebraMap k Rᵐᵒᵖ)).mapHomologicalComplex (ComplexShape.down ℕ)).obj
                P.complex).mapBifunctor
            (((ModuleCat.restrictScalars (algebraMap k R)).mapHomologicalComplex (ComplexShape.down ℕ)).obj Q.complex)
            (moduleTensorBifunctor k) (ComplexShape.down ℕ)).X
        0)
hij : (ComplexShape.down ℕ).π (ComplexShape.down ℕ) (ComplexShape.down ℕ) (0, 0) = 0
hh :
  ιMapBifunctor Pk.complex Qk.complex (moduleTensorBifunctor k) (ComplexShape.down ℕ) 0 0 0 ⋯ ≫ β =
    ((moduleTensorBifunctor k).map (Pk.π.f 0)).app (Qk.complex.X 0) ≫
      ((moduleTensorBifunctor k).obj ((ModuleCat.restrictScalars (algebraMap k Rᵐᵒᵖ)).obj M)).map (Qk.π.f 0)
⊢ ((((((moduleTensorBifunctor k).mapBifunctorHomologicalComplex (ComplexShape.down ℕ) (ComplexShape.down ℕ)).obj
                    (((ModuleCat.restrictScalars (algebraMap k Rᵐᵒᵖ)).mapHomologicalComplex (ComplexShape.down ℕ)).obj
                      P.complex)).obj
                (((ModuleCat.restrictScalars (algebraMap k R)).mapHomologicalComplex (ComplexShape.down ℕ)).obj
                  Q.complex)).ιTotal
            (ComplexShape.down ℕ) 0 0 0 hij ≫
          e.inv.f 0) ≫
        G.map α) ≫
      (tensorRightEnvelopingRestrictScalarsIso k R M N).hom =
    ((((moduleTensorBifunctor k).mapBifunctorHomologicalComplex (ComplexShape.down ℕ) (ComplexShape.down ℕ)).obj
                (((ModuleCat.restrictScalars (algebraMap k Rᵐᵒᵖ)).mapHomologicalComplex (ComplexShape.down ℕ)).obj
                  P.complex)).obj
            (((ModuleCat.restrictScalars (algebraMap k R)).mapHomologicalComplex (ComplexShape.down ℕ)).obj
              Q.complex)).ιTotal
        (ComplexShape.down ℕ) 0 0 0 hij ≫
      β
