ASGinzburg/ASLeftBidualComplex.lean:32:2: error: unsolved goals
case succ.succ.zero
k : Type u
inst✝ : Field k
A : ZAlgebra k
Q : CutQuiver
w : Q.LiftVertex
R : A.ASResolution Q w
⊢ R.d₁ ≫ 0 = 0
ASGinzburg/ASLeftBidualComplex.lean:52:101: error: unsolved goals
k : Type u
inst✝ : Field k
A : ZAlgebra k
Q : CutQuiver
w : Q.LiftVertex
R : A.ASResolution Q w
n : ℕ
⊢ A.leftModuleADualMap (R.leftResolutionDifferential n) = A.leftModuleADualMap (R.leftResolutionDifferential n)
ASGinzburg/ASLeftBidualComplex.lean:66:6: warning: Try this: 
  letI̵

The goal is a proposition, so `let` is preferred over `letI`.
The difference between `let` and `letI` is that `letI` inlines the value.
But this is not relevant for proofs because of proof irrelevance.

Note: This linter can be disabled with `set_option linter.style.haveILetI false`
ASGinzburg/ASLeftBidualComplex.lean:67:6: warning: Try this: 
  letI̵

The goal is a proposition, so `let` is preferred over `letI`.
The difference between `let` and `letI` is that `letI` inlines the value.
But this is not relevant for proofs because of proof irrelevance.

Note: This linter can be disabled with `set_option linter.style.haveILetI false`
ASGinzburg/ASLeftBidualComplex.lean:70:10: error(lean.synthInstanceFailed): failed to synthesize instance of type class
  IsIso (A.rightModuleBidualEvaluation (R.complexTerm 2))

Hint: Type class instance resolution failures can be inspected with the `set_option trace.Meta.synthInstance true` command.
ASGinzburg/ASLeftBidualComplex.lean:77:6: warning: Try this: 
  letI̵

The goal is a proposition, so `let` is preferred over `letI`.
The difference between `let` and `letI` is that `letI` inlines the value.
But this is not relevant for proofs because of proof irrelevance.

Note: This linter can be disabled with `set_option linter.style.haveILetI false`
ASGinzburg/ASLeftBidualComplex.lean:78:6: warning: Try this: 
  letI̵

The goal is a proposition, so `let` is preferred over `letI`.
The difference between `let` and `letI` is that `letI` inlines the value.
But this is not relevant for proofs because of proof irrelevance.

Note: This linter can be disabled with `set_option linter.style.haveILetI false`
ASGinzburg/ASLeftBidualComplex.lean:81:10: error(lean.synthInstanceFailed): failed to synthesize instance of type class
  IsIso (A.rightModuleBidualEvaluation (R.complexTerm 1))

Hint: Type class instance resolution failures can be inspected with the `set_option trace.Meta.synthInstance true` command.
ASGinzburg/ASLeftBidualComplex.lean:88:6: warning: Try this: 
  letI̵

The goal is a proposition, so `let` is preferred over `letI`.
The difference between `let` and `letI` is that `letI` inlines the value.
But this is not relevant for proofs because of proof irrelevance.

Note: This linter can be disabled with `set_option linter.style.haveILetI false`
ASGinzburg/ASLeftBidualComplex.lean:89:6: warning: Try this: 
  letI̵

The goal is a proposition, so `let` is preferred over `letI`.
The difference between `let` and `letI` is that `letI` inlines the value.
But this is not relevant for proofs because of proof irrelevance.

Note: This linter can be disabled with `set_option linter.style.haveILetI false`
ASGinzburg/ASLeftBidualComplex.lean:92:10: error(lean.synthInstanceFailed): failed to synthesize instance of type class
  IsIso (A.rightModuleBidualEvaluation (R.complexTerm 0))

Hint: Type class instance resolution failures can be inspected with the `set_option trace.Meta.synthInstance true` command.
ASGinzburg/ASLeftBidualComplex.lean:99:4: error: unsolved goals
case succ.succ.succ
k : Type u
inst✝ : Field k
A : ZAlgebra k
Q : CutQuiver
w : Q.LiftVertex
R : A.ASResolution Q w
i : ℕ
hij : (ComplexShape.up ℕ).Rel (i + 1 + 1 + 1) (i + 1 + 1 + 1 + 1)
⊢ (R.leftResolutionBidualTermIso (i + 1 + 1 + 1)).hom ≫ 0 = 0 ≫ (R.leftResolutionBidualTermIso (i + 1 + 1 + 1 + 1)).hom
