ASGinzburg/AlgebraEnvelopingRingDualTensorEvaluationInduction.lean:13:0: warning: Definition `ASGinzburg.envelopingTensorEvaluationFirstRightModule` of class type is semireducible. Most type class instances should be instance-reducible, so consider marking this
definition with `@[instance_reducible]`. If it is intentionally semireducible, this warning can be disabled with `set_option warn.classDefReducibility false`.
ASGinzburg/AlgebraEnvelopingRingDualTensorEvaluationInduction.lean:17:17: warning: Definition `ASGinzburg.envelopingTensorEvaluationFirstRightModule` of class type is semireducible. Most type class instances should be instance-reducible, so consider marking this
definition with `@[instance_reducible]`. If it is intentionally semireducible, this warning can be disabled with `set_option warn.classDefReducibility false`.
ASGinzburg/AlgebraEnvelopingRingDualTensorEvaluationInduction.lean:19:0: warning: Definition `ASGinzburg.envelopingTensorEvaluationFirstRightSMul` of class type is semireducible. Most type class instances should be instance-reducible, so consider marking this
definition with `@[instance_reducible]`. If it is intentionally semireducible, this warning can be disabled with `set_option warn.classDefReducibility false`.
ASGinzburg/AlgebraEnvelopingRingDualTensorEvaluationInduction.lean:23:17: warning: Definition `ASGinzburg.envelopingTensorEvaluationFirstRightSMul` of class type is semireducible. Most type class instances should be instance-reducible, so consider marking this
definition with `@[instance_reducible]`. If it is intentionally semireducible, this warning can be disabled with `set_option warn.classDefReducibility false`.
ASGinzburg/AlgebraEnvelopingRingDualTensorEvaluationInduction.lean:58:2: warning: Try this: 
  letI̵

The goal is a proposition, so `let` is preferred over `letI`.
The difference between `let` and `letI` is that `letI` inlines the value.
But this is not relevant for proofs because of proof irrelevance.

Note: This linter can be disabled with `set_option linter.style.haveILetI false`
ASGinzburg/AlgebraEnvelopingRingDualTensorEvaluationInduction.lean:59:2: warning: Try this: 
  letI̵

The goal is a proposition, so `let` is preferred over `letI`.
The difference between `let` and `letI` is that `letI` inlines the value.
But this is not relevant for proofs because of proof irrelevance.

Note: This linter can be disabled with `set_option linter.style.haveILetI false`
ASGinzburg/AlgebraEnvelopingRingDualTensorEvaluationInduction.lean:60:2: warning: Try this: 
  letI̵

The goal is a proposition, so `let` is preferred over `letI`.
The difference between `let` and `letI` is that `letI` inlines the value.
But this is not relevant for proofs because of proof irrelevance.

Note: This linter can be disabled with `set_option linter.style.haveILetI false`
ASGinzburg/AlgebraEnvelopingRingDualTensorEvaluationInduction.lean:102:2: warning: Try this: 
  letI̵

The goal is a proposition, so `let` is preferred over `letI`.
The difference between `let` and `letI` is that `letI` inlines the value.
But this is not relevant for proofs because of proof irrelevance.

Note: This linter can be disabled with `set_option linter.style.haveILetI false`
ASGinzburg/AlgebraEnvelopingRingDualTensorEvaluationInduction.lean:103:2: warning: Try this: 
  letI̵

The goal is a proposition, so `let` is preferred over `letI`.
The difference between `let` and `letI` is that `letI` inlines the value.
But this is not relevant for proofs because of proof irrelevance.

Note: This linter can be disabled with `set_option linter.style.haveILetI false`
ASGinzburg/AlgebraEnvelopingRingDualTensorEvaluationInduction.lean:104:2: warning: Try this: 
  letI̵

The goal is a proposition, so `let` is preferred over `letI`.
The difference between `let` and `letI` is that `letI` inlines the value.
But this is not relevant for proofs because of proof irrelevance.

Note: This linter can be disabled with `set_option linter.style.haveILetI false`
ASGinzburg/AlgebraEnvelopingRingDualTensorEvaluationInduction.lean:132:2: warning: Try this: 
  letI̵

The goal is a proposition, so `let` is preferred over `letI`.
The difference between `let` and `letI` is that `letI` inlines the value.
But this is not relevant for proofs because of proof irrelevance.

Note: This linter can be disabled with `set_option linter.style.haveILetI false`
ASGinzburg/AlgebraEnvelopingRingDualTensorEvaluationInduction.lean:133:2: warning: Try this: 
  letI̵

The goal is a proposition, so `let` is preferred over `letI`.
The difference between `let` and `letI` is that `letI` inlines the value.
But this is not relevant for proofs because of proof irrelevance.

Note: This linter can be disabled with `set_option linter.style.haveILetI false`
ASGinzburg/AlgebraEnvelopingRingDualTensorEvaluationInduction.lean:134:2: warning: Try this: 
  letI̵

The goal is a proposition, so `let` is preferred over `letI`.
The difference between `let` and `letI` is that `letI` inlines the value.
But this is not relevant for proofs because of proof irrelevance.

Note: This linter can be disabled with `set_option linter.style.haveILetI false`
ASGinzburg/AlgebraEnvelopingRingDualTensorEvaluationInduction.lean:144:8: error: Tactic `rewrite` failed: Did not find an occurrence of the pattern
  (fun x =>
      (have this := (envelopingTensorEvaluationContraction ?k ?R ?M ?φ) (?a ⊗ₜ[?k] ?b);
        this)
        x)
    ?m
in the target expression
  (fun x =>
        (have this := (envelopingTensorEvaluationContraction k R M φ) (1 ⊗ₜ[k] MulOpposite.op y);
          this)
          x)
      m =
    (fun x =>
        (have this := (dualTensorHom k M R) (φ ⊗ₜ[k] y);
          this)
          x)
      m

case refine_1
k : Type u
inst✝⁶ : Field k
R : Type v
inst✝⁵ : Ring R
inst✝⁴ : Algebra k R
M : Type w
inst✝³ : AddCommGroup M
inst✝² : Module k M
inst✝¹ : Module Rᵐᵒᵖ M
inst✝ : IsScalarTower k Rᵐᵒᵖ M
z : Module.Dual k M ⊗[k] R
this✝¹ : Module (AlgebraEnvelopingRing k R) (BalancedTensorHom k R M R) := envelopingBalancedTensorHomModule k R M R
this✝ : IsScalarTower k (AlgebraEnvelopingRing k R) (BalancedTensorHom k R M R) :=
  envelopingTensorEvaluationHomScalarTower k R M R
this : SMulCommClass (AlgebraEnvelopingRing k R) k (BalancedTensorHom k R M R) :=
  envelopingTensorEvaluationHomScalarCommute k R M R
φ : Module.Dual k M
y : R
m : M
⊢ (fun x =>
        (have this := (envelopingTensorEvaluationContraction k R M φ) (1 ⊗ₜ[k] MulOpposite.op y);
          this)
          x)
      m =
    (fun x =>
        (have this := (dualTensorHom k M R) (φ ⊗ₜ[k] y);
          this)
          x)
      m

Note: The target expression is not type-correct under the `implicit` transparency level, which may have triggered the failure. This is usually caused by unfolding of semireducible definitions in prior tactic steps. Use `set_option linter.tacticCheckInstances true` to investigate the source of the issue.
Full error:
  invalid have declaration, term
    (envelopingTensorEvaluationContraction k R M φ) (1 ⊗ₜ[k] MulOpposite.op y)
  has type
    BalancedTensorHom k R M R
  but is expected to have type
    M →ₗ[k] R
ASGinzburg/AlgebraEnvelopingRingDualTensorEvaluationInduction.lean:166:2: warning: Try this: 
  letI̵

The goal is a proposition, so `let` is preferred over `letI`.
The difference between `let` and `letI` is that `letI` inlines the value.
But this is not relevant for proofs because of proof irrelevance.

Note: This linter can be disabled with `set_option linter.style.haveILetI false`
ASGinzburg/AlgebraEnvelopingRingDualTensorEvaluationInduction.lean:167:2: warning: Try this: 
  letI̵

The goal is a proposition, so `let` is preferred over `letI`.
The difference between `let` and `letI` is that `letI` inlines the value.
But this is not relevant for proofs because of proof irrelevance.

Note: This linter can be disabled with `set_option linter.style.haveILetI false`
ASGinzburg/AlgebraEnvelopingRingDualTensorEvaluationInduction.lean:168:2: warning: Try this: 
  letI̵

The goal is a proposition, so `let` is preferred over `letI`.
The difference between `let` and `letI` is that `letI` inlines the value.
But this is not relevant for proofs because of proof irrelevance.

Note: This linter can be disabled with `set_option linter.style.haveILetI false`
ASGinzburg/AlgebraEnvelopingRingDualTensorEvaluationInduction.lean:182:2: warning: Try this: 
  letI̵

The goal is a proposition, so `let` is preferred over `letI`.
The difference between `let` and `letI` is that `letI` inlines the value.
But this is not relevant for proofs because of proof irrelevance.

Note: This linter can be disabled with `set_option linter.style.haveILetI false`
ASGinzburg/AlgebraEnvelopingRingDualTensorEvaluationInduction.lean:183:2: warning: Try this: 
  letI̵

The goal is a proposition, so `let` is preferred over `letI`.
The difference between `let` and `letI` is that `letI` inlines the value.
But this is not relevant for proofs because of proof irrelevance.

Note: This linter can be disabled with `set_option linter.style.haveILetI false`
ASGinzburg/AlgebraEnvelopingRingDualTensorEvaluationInduction.lean:184:2: warning: Try this: 
  letI̵

The goal is a proposition, so `let` is preferred over `letI`.
The difference between `let` and `letI` is that `letI` inlines the value.
But this is not relevant for proofs because of proof irrelevance.

Note: This linter can be disabled with `set_option linter.style.haveILetI false`
