ASGinzburg/GradedFunctorExactnessReflection.lean:24:2: warning: Try this: 
  haveI̵

The goal is a proposition, so `have` is preferred over `haveI`.
The difference between `have` and `haveI` is that `haveI` inlines the value.
But this is not relevant for proofs because of proof irrelevance.

Note: This linter can be disabled with `set_option linter.style.haveILetI false`
ASGinzburg/GradedFunctorExactnessReflection.lean:28:50: error: Tactic `rewrite` failed: Did not find an occurrence of the pattern
  F.map (?f ≫ ?g)
in the target expression
  Epi
    (F.map
      (have this := kernel.lift g f hfg ≫ (M.kernelIsoKernelModule N g).hom;
      this))

k : Type u
inst✝⁷ : Field k
R : Type v
inst✝⁶ : Ring R
inst✝⁵ : Algebra k R
S : Type w
inst✝⁴ : Ring S
A : ℤ → Submodule k R
b : ℤ
F : ModuleCat R ⥤ ModuleCat S
inst✝³ : F.Additive
inst✝² : PreservesFiniteColimits F
hDetect : ∀ (N : GradedOrdinaryModuleData k R A), N.BoundedBelow b → IsZero (F.obj N.ringModule) → IsZero N.ringModule
P M N : GradedOrdinaryModuleData k R A
hb : M.BoundedBelow b
f : P.ringModule ⟶ M.ringModule
g : M.ringModule ⟶ N.ringModule
hfg : f ≫ g = 0
hf : P.PreservesGrade M f
hg : M.PreservesGrade N g
inst✝¹ : Epi g
inst✝ : Projective N.ringModule
hExact : ({ X₁ := P.ringModule, X₂ := M.ringModule, X₃ := N.ringModule, f := f, g := g, zero := hfg }.map F).Exact
this : Epi (F.map (kernel.lift g f hfg))
⊢ Epi
    (F.map
      (have this := kernel.lift g f hfg ≫ (M.kernelIsoKernelModule N g).hom;
      this))

Note: The target expression is not type-correct under the `implicit` transparency level, which may have triggered the failure. This is usually caused by unfolding of semireducible definitions in prior tactic steps. Use `set_option linter.tacticCheckInstances true` to investigate the source of the issue.
Full error:
  invalid have declaration, term
    kernel.lift g f hfg ≫ (M.kernelIsoKernelModule N g).hom
  has type
    P.ringModule ⟶ M.kernelModule N g
  but is expected to have type
    P.ringModule ⟶ (M.kernelData N g hg).ringModule
ASGinzburg/GradedFunctorExactnessReflection.lean:26:2: warning: Try this: 
  haveI̵

The goal is a proposition, so `have` is preferred over `haveI`.
The difference between `have` and `haveI` is that `haveI` inlines the value.
But this is not relevant for proofs because of proof irrelevance.

Note: This linter can be disabled with `set_option linter.style.haveILetI false`
ASGinzburg/GradedFunctorExactnessReflection.lean:30:2: warning: Try this: 
  haveI̵

The goal is a proposition, so `have` is preferred over `haveI`.
The difference between `have` and `haveI` is that `haveI` inlines the value.
But this is not relevant for proofs because of proof irrelevance.

Note: This linter can be disabled with `set_option linter.style.haveILetI false`
