ASGinzburg/SimpleRightModules.lean:47:8: warning: `if_pos` has been deprecated: Use `ite_eq_left` instead
ASGinzburg/SimpleRightModules.lean:50:6: error: failed to synthesize
  Module k (A.Hom j i)

Hint: Additional diagnostic information may be available using the `set_option diagnostics true` command.
ASGinzburg/SimpleRightModules.lean:55:8: warning: `if_neg` has been deprecated: Use `ite_eq_right` instead
ASGinzburg/SimpleRightModules.lean:92:8: error: Tactic `rewrite` failed: motive is not type correct:
  fun _a => (A.rightModuleEvaluation i).obj (cokernel (A.representableRadical i).inclusion) ≅ cokernel _a
Error: Application type mismatch: The argument
  instHasCokernelMapOfPreservesColimitWalkingParallelPairParallelPairOfNatHom (A.rightModuleEvaluation i)
    (A.representableRadical i).inclusion
has type
  HasCokernel ((A.rightModuleEvaluation i).map (A.representableRadical i).inclusion)
but is expected to have type
  HasCokernel _a
in the application
  @cokernel (ModuleCat k) (ModuleCat.moduleCategory k) Preadditive.preadditiveHasZeroMorphisms
    ((A.rightModuleEvaluation i).obj (A.representableRadical i).object)
    ((A.rightModuleEvaluation i).obj (A.representable i)) _a ⋯

Explanation: The rewrite tactic rewrites an expression 'e' using an equality 'a = b' by the following process. First, it looks for all 'a' in 'e'. Second, it tries to abstract these occurrences of 'a' to create a function 'm := fun _a => ...', called the *motive*, with the property that 'm a' is definitionally equal to 'e'. Third, we observe that 'congrArg' implies that 'm a = m b', which can be used with lemmas such as 'Eq.mpr' to change the goal. However, if 'e' depends on specific properties of 'a', then the motive 'm' might not typecheck.

Possible solutions: use rewrite's 'occs' configuration option to limit which occurrences are rewritten, or use 'simp' or 'conv' mode, which have strategies for certain kinds of dependencies (these tactics can handle proofs and 'Decidable' instances whose types depend on the rewritten term, and 'simp' can apply user-defined '@[congr]' theorems as well).

k : Type u
inst✝ : Field k
A : ZAlgebra k
i : ℤ
e : (A.rightModuleEvaluation i).obj (cokernel (A.representableRadical i).inclusion) ≅
  cokernel ((A.rightModuleEvaluation i).map (A.representableRadical i).inclusion) :=
  A.rightModuleCokernelObjIso (A.representableRadical i).inclusion i
⊢ (A.rightModuleEvaluation i).obj (cokernel (A.representableRadical i).inclusion) ≅ cokernel 0
ASGinzburg/SimpleRightModules.lean:104:10: warning: `if_pos` has been deprecated: Use `ite_eq_left` instead
ASGinzburg/SimpleRightModules.lean:105:12: error(lean.synthInstanceFailed): failed to synthesize instance of type class
  Module k ↑((A.rightModuleEvaluation j).obj (A.representable i))

Hint: Type class instance resolution failures can be inspected with the `set_option trace.Meta.synthInstance true` command.
ASGinzburg/SimpleRightModules.lean:150:6: warning: Try this: 
  letI̵

The goal is a proposition, so `let` is preferred over `letI`.
The difference between `let` and `letI` is that `letI` inlines the value.
But this is not relevant for proofs because of proof irrelevance.

Note: This linter can be disabled with `set_option linter.style.haveILetI false`
ASGinzburg/SimpleRightModules.lean:157:6: warning: Try this: 
  haveI̵

The goal is a proposition, so `have` is preferred over `haveI`.
The difference between `have` and `haveI` is that `haveI` inlines the value.
But this is not relevant for proofs because of proof irrelevance.

Note: This linter can be disabled with `set_option linter.style.haveILetI false`
ASGinzburg/SimpleRightModules.lean:158:6: warning: Try this: 
  haveI̵

The goal is a proposition, so `have` is preferred over `haveI`.
The difference between `have` and `haveI` is that `haveI` inlines the value.
But this is not relevant for proofs because of proof irrelevance.

Note: This linter can be disabled with `set_option linter.style.haveILetI false`
