ASGinzburg/GradedFourTermExactnessReflection.lean:35:2: warning: Try this: 
  haveI̵

The goal is a proposition, so `have` is preferred over `haveI`.
The difference between `have` and `haveI` is that `haveI` inlines the value.
But this is not relevant for proofs because of proof irrelevance.

Note: This linter can be disabled with `set_option linter.style.haveILetI false`
ASGinzburg/GradedFourTermExactnessReflection.lean:42:2: warning: Try this: 
  haveI̵

The goal is a proposition, so `have` is preferred over `haveI`.
The difference between `have` and `haveI` is that `haveI` inlines the value.
But this is not relevant for proofs because of proof irrelevance.

Note: This linter can be disabled with `set_option linter.style.haveILetI false`
ASGinzburg/GradedFourTermExactnessReflection.lean:43:2: warning: Try this: 
  haveI̵

The goal is a proposition, so `have` is preferred over `haveI`.
The difference between `have` and `haveI` is that `haveI` inlines the value.
But this is not relevant for proofs because of proof irrelevance.

Note: This linter can be disabled with `set_option linter.style.haveILetI false`
ASGinzburg/GradedFourTermExactnessReflection.lean:49:20: error(lean.synthInstanceFailed): failed to synthesize instance of type class
  Epi g₁

Hint: Type class instance resolution failures can be inspected with the `set_option trace.Meta.synthInstance true` command.
ASGinzburg/GradedFourTermExactnessReflection.lean:53:4: error: Type mismatch: After simplification, term
  h
 has type
  @ShortComplex.Exact (ModuleCat R) (ModuleCat.moduleCategory R) Preadditive.preadditiveHasZeroMorphisms
    { X₁ := P₀.ringModule, X₂ := P₁.ringModule, X₃ := P₂.ringModule, f := f₀, g := g₁ ≫ P₂.kernelInclusion P₃ f₂,
      zero := ⋯ }
but is expected to have type
  @ShortComplex.Exact (ModuleCat R) (ModuleCat.moduleCategory R) Preadditive.preadditiveHasZeroMorphisms
    { X₁ := P₀.ringModule, X₂ := P₁.ringModule, X₃ := P₂.ringModule, f := f₀, g := f₁, zero := h₀ }
ASGinzburg/GradedFourTermExactnessReflection.lean:58:2: warning: Try this: 
  haveI̵

The goal is a proposition, so `have` is preferred over `haveI`.
The difference between `have` and `haveI` is that `haveI` inlines the value.
But this is not relevant for proofs because of proof irrelevance.

Note: This linter can be disabled with `set_option linter.style.haveILetI false`
ASGinzburg/GradedFourTermExactnessReflection.lean:59:38: error(lean.synthInstanceFailed): failed to synthesize instance of type class
  Epi g₁

Hint: Type class instance resolution failures can be inspected with the `set_option trace.Meta.synthInstance true` command.
ASGinzburg/GradedFourTermExactnessReflection.lean:59:2: warning: Try this: 
  haveI̵

The goal is a proposition, so `have` is preferred over `haveI`.
The difference between `have` and `haveI` is that `haveI` inlines the value.
But this is not relevant for proofs because of proof irrelevance.

Note: This linter can be disabled with `set_option linter.style.haveILetI false`
ASGinzburg/GradedFourTermExactnessReflection.lean:62:2: warning: Try this: 
  haveI̵

The goal is a proposition, so `have` is preferred over `haveI`.
The difference between `have` and `haveI` is that `haveI` inlines the value.
But this is not relevant for proofs because of proof irrelevance.

Note: This linter can be disabled with `set_option linter.style.haveILetI false`
ASGinzburg/GradedFourTermExactnessReflection.lean:63:21: error(lean.synthInstanceFailed): failed to synthesize instance of type class
  Epi g₀

Hint: Type class instance resolution failures can be inspected with the `set_option trace.Meta.synthInstance true` command.
ASGinzburg/GradedFourTermExactnessReflection.lean:63:2: warning: Try this: 
  haveI̵

The goal is a proposition, so `have` is preferred over `haveI`.
The difference between `have` and `haveI` is that `haveI` inlines the value.
But this is not relevant for proofs because of proof irrelevance.

Note: This linter can be disabled with `set_option linter.style.haveILetI false`
ASGinzburg/GradedFourTermExactnessReflection.lean:66:4: error(lean.synthInstanceFailed): failed to synthesize instance of type class
  Mono (P₀.kernelFactor P₁ K₂ f₀ g₁ h₀g₁ ≫ P₁.kernelInclusion K₂ g₁)

Hint: Type class instance resolution failures can be inspected with the `set_option trace.Meta.synthInstance true` command.
ASGinzburg/GradedFourTermExactnessReflection.lean:64:2: warning: Try this: 
  haveI̵

The goal is a proposition, so `have` is preferred over `haveI`.
The difference between `have` and `haveI` is that `haveI` inlines the value.
But this is not relevant for proofs because of proof irrelevance.

Note: This linter can be disabled with `set_option linter.style.haveILetI false`
