ASGinzburg/FourTermProjectiveResolution.lean:15:2: warning: Try this: 
  haveI̵

The goal is a proposition, so `have` is preferred over `haveI`.
The difference between `have` and `haveI` is that `haveI` inlines the value.
But this is not relevant for proofs because of proof irrelevance.

Note: This linter can be disabled with `set_option linter.style.haveILetI false`
ASGinzburg/FourTermProjectiveResolution.lean:16:2: warning: Try this: 
  haveI̵

The goal is a proposition, so `have` is preferred over `haveI`.
The difference between `have` and `haveI` is that `haveI` inlines the value.
But this is not relevant for proofs because of proof irrelevance.

Note: This linter can be disabled with `set_option linter.style.haveILetI false`
ASGinzburg/FourTermProjectiveResolution.lean:17:2: warning: Try this: 
  haveI̵

The goal is a proposition, so `have` is preferred over `haveI`.
The difference between `have` and `haveI` is that `haveI` inlines the value.
But this is not relevant for proofs because of proof irrelevance.

Note: This linter can be disabled with `set_option linter.style.haveILetI false`
ASGinzburg/FourTermProjectiveResolution.lean:87:4: warning: Try this: 
  letI̵

The goal is a proposition, so `let` is preferred over `letI`.
The difference between `let` and `letI` is that `letI` inlines the value.
But this is not relevant for proofs because of proof irrelevance.

Note: This linter can be disabled with `set_option linter.style.haveILetI false`
ASGinzburg/FourTermProjectiveResolution.lean:107:6: warning: Try this: 
  letI̵

The goal is a proposition, so `let` is preferred over `letI`.
The difference between `let` and `letI` is that `letI` inlines the value.
But this is not relevant for proofs because of proof irrelevance.

Note: This linter can be disabled with `set_option linter.style.haveILetI false`
ASGinzburg/FourTermProjectiveResolution.lean:120:86: error(lean.invalidField): Invalid field `symm`: The environment does not contain `Function.symm`, so it is not possible to project the field `symm` from an expression
  ChainComplex.toSingle₀Equiv_symm_apply_f_zero
of type
  ∀ (f : HomologicalComplex.X ?m.339 0 ⟶ ?m.340) (hf : HomologicalComplex.d ?m.339 1 0 ≫ f = 0),
    ((ChainComplex.toSingle₀Equiv ?m.339 ?m.340).symm ⟨f, hf⟩).f 0 = f
