ASGinzburg/EnvelopingBalancedTensorRegularUnit.lean:26:6: warning: Try this: 
  letI̵

The goal is a proposition, so `let` is preferred over `letI`.
The difference between `let` and `letI` is that `letI` inlines the value.
But this is not relevant for proofs because of proof irrelevance.

Note: This linter can be disabled with `set_option linter.style.haveILetI false`
ASGinzburg/EnvelopingBalancedTensorRegularUnit.lean:61:2: warning: Try this: 
  letI̵

The goal is a proposition, so `let` is preferred over `letI`.
The difference between `let` and `letI` is that `letI` inlines the value.
But this is not relevant for proofs because of proof irrelevance.

Note: This linter can be disabled with `set_option linter.style.haveILetI false`
ASGinzburg/EnvelopingBalancedTensorRegularUnit.lean:62:2: warning: Try this: 
  letI̵

The goal is a proposition, so `let` is preferred over `letI`.
The difference between `let` and `letI` is that `letI` inlines the value.
But this is not relevant for proofs because of proof irrelevance.

Note: This linter can be disabled with `set_option linter.style.haveILetI false`
ASGinzburg/EnvelopingBalancedTensorRegularUnit.lean:93:10: warning: Try this: 
  letI̵

The goal is a proposition, so `let` is preferred over `letI`.
The difference between `let` and `letI` is that `letI` inlines the value.
But this is not relevant for proofs because of proof irrelevance.

Note: This linter can be disabled with `set_option linter.style.haveILetI false`
ASGinzburg/EnvelopingBalancedTensorRegularUnit.lean:95:10: error: Type mismatch: After simplification, term
  regularEnvelopingModule_tmul_smul k R 1 (MulOpposite.unop b)
    (have this := r;
    this)
 has type
  1 ⊗ₜ[k] b • r = 1 * r * MulOpposite.unop b
but is expected to have type
  1 ⊗ₜ[k] b • r = r * MulOpposite.unop b
