ASGinzburg/ASGeneratorDimensions.lean:21:4: warning: Try this: 
  letI̵

The goal is a proposition, so `let` is preferred over `letI`.
The difference between `let` and `letI` is that `letI` inlines the value.
But this is not relevant for proofs because of proof irrelevance.

Note: This linter can be disabled with `set_option linter.style.haveILetI false`
ASGinzburg/ASGeneratorDimensions.lean:24:44: warning: `if_neg` has been deprecated: Use `ite_eq_right` instead
ASGinzburg/ASGeneratorDimensions.lean:31:10: warning: `if_pos` has been deprecated: Use `ite_eq_left` instead
ASGinzburg/ASGeneratorDimensions.lean:34:6: warning: Try this: 
  letI̵

The goal is a proposition, so `let` is preferred over `letI`.
The difference between `let` and `letI` is that `letI` inlines the value.
But this is not relevant for proofs because of proof irrelevance.

Note: This linter can be disabled with `set_option linter.style.haveILetI false`
ASGinzburg/ASGeneratorDimensions.lean:35:10: warning: `if_neg` has been deprecated: Use `ite_eq_right` instead
ASGinzburg/ASGeneratorDimensions.lean:63:76: error(lean.invalidField): Invalid field `finiteHom`: The environment does not contain `ASGinzburg.ZAlgebra.finiteHom`, so it is not possible to project the field `finiteHom` from an expression
  A
of type `ZAlgebra k`
ASGinzburg/ASGeneratorDimensions.lean:63:4: warning: Try this: 
  letI̵

The goal is a proposition, so `let` is preferred over `letI`.
The difference between `let` and `letI` is that `letI` inlines the value.
But this is not relevant for proofs because of proof irrelevance.

Note: This linter can be disabled with `set_option linter.style.haveILetI false`
ASGinzburg/ASGeneratorDimensions.lean:64:4: error(lean.synthInstanceFailed): failed to synthesize instance of type class
  Module.Finite k
    (A.Hom i (Q.height (Q.incomingSource w a)) ⧸
      A.positiveActionSpan (A.representable (Q.height (Q.incomingSource w a))) i)

Hint: Type class instance resolution failures can be inspected with the `set_option trace.Meta.synthInstance true` command.
ASGinzburg/ASGeneratorDimensions.lean:59:2: warning: Try this: 
  letI̵

The goal is a proposition, so `let` is preferred over `letI`.
The difference between `let` and `letI` is that `letI` inlines the value.
But this is not relevant for proofs because of proof irrelevance.

Note: This linter can be disabled with `set_option linter.style.haveILetI false`
