ASGinzburg/ASLastArrowCoverNaturality.lean:45:6: error: Tactic `rewrite` failed: Did not find an occurrence of the pattern
  ?e ((LinearEquiv.symm ?e) ?c)
in the target expression
  (A.rightFiniteCoproductPiEquiv (fun a => A.representable (Q.height (Q.incomingSource w a))) (Q.height u))
      ((A.rightFiniteCoproductPiEquiv (fun a => A.representable (Q.height (Q.incomingSource w a))) (Q.height u)).symm
        ((A.lastArrowPrefixEvaluation Q R u w)
          ((Q.unrolledLastArrowLinearEquiv k u w huw) (((Q.unrolledPathComp k) g) f))))
      a =
    (ConcreteCategory.hom
        ((A.representable (Q.height (Q.incomingSource w a))).obj.map
          (have this := (A.unrolledPathLinearEvaluation Q R u v) f;
            this).op))
      ((A.rightFiniteCoproductPiEquiv (fun a => A.representable (Q.height (Q.incomingSource w a))) (Q.height v))
        ((A.rightFiniteCoproductPiEquiv (fun a => A.representable (Q.height (Q.incomingSource w a))) (Q.height v)).symm
          ((A.lastArrowPrefixEvaluation Q R v w) ((Q.unrolledLastArrowLinearEquiv k v w hvw) g)))
        a)

k : Type u
inst✝ : Field k
A : ZAlgebra k
Q : CutQuiver
R : (w : Q.LiftVertex) → A.ASResolution Q w
u v w : Q.LiftVertex
huw : u ≠ w
hvw : v ≠ w
f : Q.UnrolledPathComponent k u v
g : Q.UnrolledPathComponent k v w
a : Q.incomingArrows w
ha :
  (A.rightFiniteCoproductPiEquiv (fun a => A.representable (Q.height (Q.incomingSource w a))) (Q.height u))
      ((ConcreteCategory.hom
          ((∐ fun a => A.representable (Q.height (Q.incomingSource w a))).obj.map
            (have this := (A.unrolledPathLinearEvaluation Q R u v) f;
              this).op))
        ((A.lastArrowToASFirstTerm Q R v w hvw) g))
      a =
    (ConcreteCategory.hom
        ((A.representable (Q.height (Q.incomingSource w a))).obj.map
          (have this := (A.unrolledPathLinearEvaluation Q R u v) f;
            this).op))
      ((A.rightFiniteCoproductPiEquiv (fun a => A.representable (Q.height (Q.incomingSource w a))) (Q.height v))
        ((A.lastArrowToASFirstTerm Q R v w hvw) g) a)
⊢ (A.rightFiniteCoproductPiEquiv (fun a => A.representable (Q.height (Q.incomingSource w a))) (Q.height u))
      ((A.rightFiniteCoproductPiEquiv (fun a => A.representable (Q.height (Q.incomingSource w a))) (Q.height u)).symm
        ((A.lastArrowPrefixEvaluation Q R u w)
          ((Q.unrolledLastArrowLinearEquiv k u w huw) (((Q.unrolledPathComp k) g) f))))
      a =
    (ConcreteCategory.hom
        ((A.representable (Q.height (Q.incomingSource w a))).obj.map
          (have this := (A.unrolledPathLinearEvaluation Q R u v) f;
            this).op))
      ((A.rightFiniteCoproductPiEquiv (fun a => A.representable (Q.height (Q.incomingSource w a))) (Q.height v))
        ((A.rightFiniteCoproductPiEquiv (fun a => A.representable (Q.height (Q.incomingSource w a))) (Q.height v)).symm
          ((A.lastArrowPrefixEvaluation Q R v w) ((Q.unrolledLastArrowLinearEquiv k v w hvw) g)))
        a)

Note: The target expression is not type-correct under the `implicit` transparency level, which may have triggered the failure. This is usually caused by unfolding of semireducible definitions in prior tactic steps. Use `set_option linter.tacticCheckInstances true` to investigate the source of the issue.
Full error:
  Application type mismatch: The argument
    (A.lastArrowPrefixEvaluation Q R u w) ((Q.unrolledLastArrowLinearEquiv k u w huw) (((Q.unrolledPathComp k) g) f))
  has type
    (a : Q.incomingArrows w) → A.Hom (Q.height u) (Q.height (Q.incomingSource w a))
  but is expected to have type
    (a : Q.incomingArrows w) →
      ↑((A.rightModuleEvaluation (Q.height u)).obj (A.representable (Q.height (Q.incomingSource w a))))
  in the application
    (A.rightFiniteCoproductPiEquiv (fun a => A.representable (Q.height (Q.incomingSource w a))) (Q.height u)).symm
      ((A.lastArrowPrefixEvaluation Q R u w)
        ((Q.unrolledLastArrowLinearEquiv k u w huw) (((Q.unrolledPathComp k) g) f)))
