ASGinzburg/OrdinaryModuleRingDualDerived.lean:36:4: warning: Try this: 
  letI̵

The goal is a proposition, so `let` is preferred over `letI`.
The difference between `let` and `letI` is that `letI` inlines the value.
But this is not relevant for proofs because of proof irrelevance.

Note: This linter can be disabled with `set_option linter.style.haveILetI false`
ASGinzburg/OrdinaryModuleRingDualDerived.lean:41:4: warning: Try this: 
  haveI̵

The goal is a proposition, so `have` is preferred over `haveI`.
The difference between `have` and `haveI` is that `haveI` inlines the value.
But this is not relevant for proofs because of proof irrelevance.

Note: This linter can be disabled with `set_option linter.style.haveILetI false`
ASGinzburg/OrdinaryModuleRingDualDerived.lean:43:4: warning: Try this: 
  haveI̵

The goal is a proposition, so `have` is preferred over `haveI`.
The difference between `have` and `haveI` is that `haveI` inlines the value.
But this is not relevant for proofs because of proof irrelevance.

Note: This linter can be disabled with `set_option linter.style.haveILetI false`
ASGinzburg/OrdinaryModuleRingDualDerived.lean:45:4: warning: Try this: 
  haveI̵

The goal is a proposition, so `have` is preferred over `haveI`.
The difference between `have` and `haveI` is that `haveI` inlines the value.
But this is not relevant for proofs because of proof irrelevance.

Note: This linter can be disabled with `set_option linter.style.haveILetI false`
ASGinzburg/OrdinaryModuleRingDualDerived.lean:48:10: error(lean.synthInstanceFailed): failed to synthesize instance of type class
  QuasiIso ((HomologicalComplex.opFunctor (ModuleCat R) (ComplexShape.down ℕ)).map P.π.op)

Hint: Type class instance resolution failures can be inspected with the `set_option trace.Meta.synthInstance true` command.
