ASGinzburg/OppositePotential.lean:21:9: error: unsolved goals
case zero
Q : CutQuiver
k : Type u
inst✝ : Field k
φ : CyclicPolynomial k Q.Arrow
⊢ 0 ∈ Q.opposite.potentialSpace k
ASGinzburg/OppositePotential.lean:22:29: error: Type mismatch: After simplification, term
  Submodule.add_mem (Q.opposite.potentialSpace k) ihx ihy
 has type
  @Membership.mem (CyclicPolynomial k Q.opposite.Arrow) (Submodule k (CyclicPolynomial k Q.opposite.Arrow))
    SetLike.instMembership (Q.opposite.potentialSpace k) (reverseCyclicPolynomial x + reverseCyclicPolynomial y)
but is expected to have type
  @Membership.mem (CyclicPolynomial k Q.Arrow) (Submodule k (CyclicPolynomial k Q.opposite.Arrow))
    SetLike.instMembership (Q.opposite.potentialSpace k) (reverseCyclicPolynomial x + reverseCyclicPolynomial y)
ASGinzburg/OppositePotential.lean:24:22: error: Type mismatch: After simplification, term
  Submodule.smul_mem (Q.opposite.potentialSpace k) a ih
 has type
  @Membership.mem (CyclicPolynomial k Q.opposite.Arrow) (Submodule k (CyclicPolynomial k Q.opposite.Arrow))
    SetLike.instMembership (Q.opposite.potentialSpace k) (a • reverseCyclicPolynomial x)
but is expected to have type
  @Membership.mem (CyclicPolynomial k Q.Arrow) (Submodule k (CyclicPolynomial k Q.opposite.Arrow))
    SetLike.instMembership (Q.opposite.potentialSpace k) (a • reverseCyclicPolynomial x)
ASGinzburg/OppositePotential.lean:39:6: error: Type mismatch: After simplification, term
  hh
 has type
  q.opposite.toList = (Path.transport ⋯ ⋯ p).toList
but is expected to have type
  q.toList.reverse = p.toList
ASGinzburg/OppositePotential.lean:42:8: error: Type mismatch: After simplification, term
  congrArg Path.cutDegree hq
 has type
  q.opposite.cutDegree = (Path.transport ⋯ ⋯ p).cutDegree
but is expected to have type
  q.cutDegree = p.cutDegree
ASGinzburg/OppositePotential.lean:46:8: error: Type mismatch: After simplification, term
  congrArg Path.length hq
 has type
  q.opposite.length = (Path.transport ⋯ ⋯ p).length
but is expected to have type
  q.length = p.length
ASGinzburg/OppositePotential.lean:48:49: error: Tactic `rewrite` failed: Did not find an occurrence of the pattern
  (List.reverse ?as).reverse
in the target expression
  traceWord q.toList.reverse.reverse ∈ Q.potentialSpace k

case mem
Q : CutQuiver
k : Type u
inst✝ : Field k
φ : CyclicPolynomial k Q.opposite.Arrow
v : Q.opposite.Vertex
p : Q.opposite.Path v v
hc : p.cutDegree = 1
hl : 3 ≤ p.length
q : Q.Path (Fin.rev v) (Fin.rev v)
hq : (oppositePathEquiv (Fin.rev v) (Fin.rev v)) q = Path.transport ⋯ ⋯ p
hw : q.toList.reverse = p.toList
hqc : q.cutDegree = 1
hql : 3 ≤ q.length
⊢ traceWord q.toList.reverse.reverse ∈ Q.potentialSpace k

Note: The target expression is not type-correct under the `implicit` transparency level, which may have triggered the failure. This is usually caused by unfolding of semireducible definitions in prior tactic steps. Use `set_option linter.tacticCheckInstances true` to investigate the source of the issue.
Full error:
  Application type mismatch: The argument
    SetLike.instMembership
  has type
    Membership (CyclicPolynomial k Q.Arrow) (Submodule k (CyclicPolynomial k Q.Arrow))
  but is expected to have type
    Membership (CyclicPolynomial k Q.opposite.Arrow) (Submodule k (CyclicPolynomial k Q.Arrow))
  in the application
    @Membership.mem (CyclicPolynomial k Q.opposite.Arrow) (Submodule k (CyclicPolynomial k Q.Arrow))
      SetLike.instMembership
ASGinzburg/OppositePotential.lean:50:9: error: unsolved goals
case zero
Q : CutQuiver
k : Type u
inst✝ : Field k
φ : CyclicPolynomial k Q.opposite.Arrow
⊢ 0 ∈ Q.potentialSpace k
ASGinzburg/OppositePotential.lean:51:29: error: Type mismatch: After simplification, term
  Submodule.add_mem (Q.potentialSpace k) ihx ihy
 has type
  @Membership.mem (CyclicPolynomial k Q.Arrow) (Submodule k (CyclicPolynomial k Q.Arrow)) SetLike.instMembership
    (Q.potentialSpace k) (reverseCyclicPolynomial x + reverseCyclicPolynomial y)
but is expected to have type
  @Membership.mem (CyclicPolynomial k Q.opposite.Arrow) (Submodule k (CyclicPolynomial k Q.Arrow))
    SetLike.instMembership (Q.potentialSpace k) (reverseCyclicPolynomial x + reverseCyclicPolynomial y)
ASGinzburg/OppositePotential.lean:53:22: error: Type mismatch: After simplification, term
  Submodule.smul_mem (Q.potentialSpace k) a ih
 has type
  @Membership.mem (CyclicPolynomial k Q.Arrow) (Submodule k (CyclicPolynomial k Q.Arrow)) SetLike.instMembership
    (Q.potentialSpace k) (a • reverseCyclicPolynomial x)
but is expected to have type
  @Membership.mem (CyclicPolynomial k Q.opposite.Arrow) (Submodule k (CyclicPolynomial k Q.Arrow))
    SetLike.instMembership (Q.potentialSpace k) (a • reverseCyclicPolynomial x)
