ASGinzburg/OppositePathCyclicHessian.lean:19:6: error: Tactic `rewrite` failed: Did not find an occurrence of the pattern
  (Q.opposite.pathWordMap ?k (Q.opposite.target ?a) (Q.opposite.source ?b)) ((Q.opposite.pathCyclicHessian ?k ?a ?b) ?φ)
in the target expression
  reverseWordPolynomial ((cyclicHessianWord a b) ↑φ) =
    (Q.opposite.pathWordMap k (Q.opposite.target b) (Q.opposite.source a))
      ((Q.opposite.pathCyclicHessian k b a) ((Q.oppositePotentialEquiv k) φ))

Q : CutQuiver
k : Type u
inst✝ : Field k
a b : Q.Arrow
φ : ↥(Q.Potential k)
⊢ reverseWordPolynomial ((cyclicHessianWord a b) ↑φ) =
    (Q.opposite.pathWordMap k (Q.opposite.target b) (Q.opposite.source a))
      ((Q.opposite.pathCyclicHessian k b a) ((Q.oppositePotentialEquiv k) φ))

Note: The target expression is not type-correct under the `implicit` transparency level, which may have triggered the failure. This is usually caused by unfolding of semireducible definitions in prior tactic steps. Use `set_option linter.tacticCheckInstances true` to investigate the source of the issue.
Full error:
  Application type mismatch: The argument
    b
  has type
    Q.Arrow
  but is expected to have type
    Fin Q.opposite.arrows
  in the application
    Q.opposite.target b
