[diag] Diagnostics
  [reduction] unfolded declarations (max: 2668, num: 22):
    [reduction] InducedCategory.homEquiv ↦ 2668
    [reduction] ConcreteCategory.hom ↦ 2328
    [reduction] SMul.smul ↦ 1162
    [reduction] HSMul.hSMul ↦ 1064
    [reduction] Quiver.Hom ↦ 815
    [reduction] OfNat.ofNat ↦ 430
    [reduction] Zero.zero ↦ 430
    [reduction] DFunLike.coe ↦ 388
    [reduction] InducedCategory.homAddEquiv ↦ 324
    [reduction] Add.add ↦ 250
    [reduction] HAdd.hAdd ↦ 250
    [reduction] NSMul.nsmul ↦ 250
    [reduction] HSub.hSub ↦ 240
    [reduction] Neg.neg ↦ 240
    [reduction] Sub.sub ↦ 240
    [reduction] ZSMul.zsmul ↦ 240
    [reduction] linearYoneda ↦ 107
    [reduction] representable ↦ 107
    [reduction] representableFunctor ↦ 107
    [reduction] linearCoyoneda ↦ 93
    [reduction] rightModuleADual ↦ 91
    [reduction] rightModuleADualFunctor ↦ 54
  [reduction] unfolded reducible declarations (max: 14753, num: 42):
    [reduction] unop ↦ 14753
    [reduction] ObjectProperty.FullSubcategory.obj ↦ 11138
    [reduction] Functor.obj ↦ 9839
    [reduction] Equiv.toFun ↦ 4656
    [reduction] ModuleCat.isAddCommGroup ↦ 4219
    [reduction] NatTrans.app ↦ 3104
    [reduction] ModuleCat.Hom.hom ↦ 2328
    [reduction] ModuleCat.Hom.hom' ↦ 2328
    [reduction] InducedCategory.Hom.hom ↦ 2328
    [reduction] ModuleCat.carrier ↦ 2128
    [reduction] LinearMap.toAddHom ↦ 1552
    [reduction] Function.Injective.addCommGroup ↦ 672
    [reduction] Function.Injective.addGroup ↦ 672
    [reduction] Function.Injective.subNegMonoid ↦ 672
    [reduction] AddEquiv.toEquiv ↦ 648
    [reduction] inferInstance ↦ 605
    [reduction] ModuleCat.isModule ↦ 468
    [reduction] AddHom.toFun ↦ 388
    [reduction] Function.Injective.addMonoid ↦ 384
    [reduction] Equiv.invFun ↦ 340
    [reduction] Equiv.addCommGroup ↦ 292
    [reduction] ModuleCat.of ↦ 224
    [reduction] Function.Injective.addSemigroup ↦ 150
    [reduction] Equiv.smul ↦ 146
    [reduction] FunLike ↦ 145
    [reduction] Function.Injective.addZeroClass ↦ 134
    [reduction] homAdd ↦ 54
    [reduction] Equiv.add ↦ 50
    [reduction] AddEquiv.distribMulAction ↦ 48
    [reduction] AddEquiv.distribSMul ↦ 48
    [reduction] AddEquiv.module ↦ 48
    [reduction] Equiv.Neg ↦ 48
    [reduction] Equiv.smulZeroClass ↦ 48
    [reduction] Equiv.sub ↦ 48
    [reduction] Equiv.zero ↦ 48
    [reduction] Function.Injective.distribMulAction ↦ 47
    [reduction] Function.Injective.distribSMul ↦ 47
    [reduction] Function.Injective.module ↦ 47
    [reduction] Module.compHom ↦ 46
    [reduction] Function.Injective.smulZeroClass ↦ 46
    [reduction] Hom ↦ 43
    [reduction] RightModule ↦ 41
  [def_eq] heuristic for solving `f a =?= f b` (max: 170, num: 4):
    [def_eq] InducedCategory.homMk ↦ 170
    [def_eq] instHAdd ↦ 125
    [def_eq] ObjectProperty.FullSubcategory.category._aux_1 ↦ 34
    [def_eq] ObjectProperty.homMk ↦ 25
  use `set_option diagnostics.threshold <num>` to control threshold for reporting counters
work/lean-upgrade/ModuleBidualEvaluationDiagnostic.lean:234:9: error: (deterministic) timeout at `whnf`, maximum number of heartbeats (10000) has been reached

Note: Use `set_option maxHeartbeats <num>` to set the limit.
[diag] Diagnostics
  [reduction] unfolded declarations (max: 2664, num: 21):
    [reduction] InducedCategory.homEquiv ↦ 2664
    [reduction] ConcreteCategory.hom ↦ 2328
    [reduction] SMul.smul ↦ 1158
    [reduction] HSMul.hSMul ↦ 1060
    [reduction] Quiver.Hom ↦ 815
    [reduction] OfNat.ofNat ↦ 430
    [reduction] Zero.zero ↦ 430
    [reduction] DFunLike.coe ↦ 388
    [reduction] InducedCategory.homAddEquiv ↦ 322
    [reduction] Add.add ↦ 250
    [reduction] HAdd.hAdd ↦ 250
    [reduction] NSMul.nsmul ↦ 250
    [reduction] HSub.hSub ↦ 240
    [reduction] Neg.neg ↦ 240
    [reduction] Sub.sub ↦ 240
    [reduction] ZSMul.zsmul ↦ 240
    [reduction] linearCoyoneda ↦ 198
    [reduction] leftRepresentable ↦ 107
    [reduction] leftRepresentableFunctor ↦ 107
    [reduction] leftModuleADual ↦ 89
    [reduction] leftModuleADualFunctor ↦ 53
  [reduction] unfolded reducible declarations (max: 14746, num: 42):
    [reduction] unop ↦ 14746
    [reduction] ObjectProperty.FullSubcategory.obj ↦ 11133
    [reduction] Functor.obj ↦ 9828
    [reduction] Equiv.toFun ↦ 4656
    [reduction] ModuleCat.isAddCommGroup ↦ 4219
    [reduction] NatTrans.app ↦ 3104
    [reduction] ModuleCat.Hom.hom ↦ 2328
    [reduction] ModuleCat.Hom.hom' ↦ 2328
    [reduction] InducedCategory.Hom.hom ↦ 2328
    [reduction] ModuleCat.carrier ↦ 2128
    [reduction] LinearMap.toAddHom ↦ 1552
    [reduction] Function.Injective.addCommGroup ↦ 670
    [reduction] Function.Injective.addGroup ↦ 670
    [reduction] Function.Injective.subNegMonoid ↦ 670
    [reduction] AddEquiv.toEquiv ↦ 644
    [reduction] inferInstance ↦ 604
    [reduction] ModuleCat.isModule ↦ 466
    [reduction] AddHom.toFun ↦ 388
    [reduction] Function.Injective.addMonoid ↦ 382
    [reduction] Equiv.invFun ↦ 336
    [reduction] Equiv.addCommGroup ↦ 290
    [reduction] ModuleCat.of ↦ 222
    [reduction] Function.Injective.addSemigroup ↦ 150
    [reduction] FunLike ↦ 145
    [reduction] Equiv.smul ↦ 144
    [reduction] Function.Injective.addZeroClass ↦ 132
    [reduction] homAdd ↦ 54
    [reduction] Equiv.add ↦ 50
    [reduction] Equiv.Neg ↦ 48
    [reduction] Equiv.sub ↦ 48
    [reduction] AddEquiv.distribMulAction ↦ 46
    [reduction] AddEquiv.distribSMul ↦ 46
    [reduction] AddEquiv.module ↦ 46
    [reduction] Equiv.smulZeroClass ↦ 46
    [reduction] Equiv.zero ↦ 46
    [reduction] Module.compHom ↦ 46
    [reduction] Function.Injective.distribMulAction ↦ 46
    [reduction] Function.Injective.distribSMul ↦ 46
    [reduction] Function.Injective.module ↦ 46
    [reduction] Function.Injective.smulZeroClass ↦ 46
    [reduction] Hom ↦ 43
    [reduction] LeftModule ↦ 41
  [def_eq] heuristic for solving `f a =?= f b` (max: 168, num: 4):
    [def_eq] InducedCategory.homMk ↦ 168
    [def_eq] instHAdd ↦ 125
    [def_eq] ObjectProperty.FullSubcategory.category._aux_1 ↦ 34
    [def_eq] ObjectProperty.homMk ↦ 25
  use `set_option diagnostics.threshold <num>` to control threshold for reporting counters
work/lean-upgrade/ModuleBidualEvaluationDiagnostic.lean:241:9: error: (deterministic) timeout at `whnf`, maximum number of heartbeats (10000) has been reached

Note: Use `set_option maxHeartbeats <num>` to set the limit.
