ASGinzburg/ASResolutionExtColimits.lean:12:0: warning: Definition `ASGinzburg.ZAlgebra.rightModuleExtZeroPreservesColimits` of class type is semireducible. Most type class instances should be instance-reducible, so consider marking this
definition with `@[instance_reducible]`. If it is intentionally semireducible, this warning can be disabled with `set_option warn.classDefReducibility false`.
ASGinzburg/ASResolutionExtColimits.lean:12:0: warning: Definition `rightModuleExtZeroPreservesColimits` is a proposition; use `theorem` instead of `def`

Note: This linter can be disabled with `set_option linter.defProp false`
ASGinzburg/ASResolutionExtColimits.lean:24:2: warning: Try this: 
  letI̵

The goal is a proposition, so `let` is preferred over `letI`.
The difference between `let` and `letI` is that `letI` inlines the value.
But this is not relevant for proofs because of proof irrelevance.

Note: This linter can be disabled with `set_option linter.style.haveILetI false`
ASGinzburg/ASResolutionExtColimits.lean:18:0: warning: Definition `ASGinzburg.ZAlgebra.rightModuleExtSuccPreservesColimits` of class type is semireducible. Most type class instances should be instance-reducible, so consider marking this
definition with `@[instance_reducible]`. If it is intentionally semireducible, this warning can be disabled with `set_option warn.classDefReducibility false`.
ASGinzburg/ASResolutionExtColimits.lean:18:0: warning: Definition `rightModuleExtSuccPreservesColimits` is a proposition; use `theorem` instead of `def`

Note: This linter can be disabled with `set_option linter.defProp false`
ASGinzburg/ASResolutionExtColimits.lean:32:0: warning: Definition `ASGinzburg.ZAlgebra.ASResolution.secondSyzygyHomPreservesColimits` of class type is semireducible. Most type class instances should be instance-reducible, so consider marking this
definition with `@[instance_reducible]`. If it is intentionally semireducible, this warning can be disabled with `set_option warn.classDefReducibility false`.
ASGinzburg/ASResolutionExtColimits.lean:32:0: warning: Definition `secondSyzygyHomPreservesColimits` is a proposition; use `theorem` instead of `def`

Note: This linter can be disabled with `set_option linter.defProp false`
ASGinzburg/ASResolutionExtColimits.lean:40:2: warning: Try this: 
  letI̵

The goal is a proposition, so `let` is preferred over `letI`.
The difference between `let` and `letI` is that `letI` inlines the value.
But this is not relevant for proofs because of proof irrelevance.

Note: This linter can be disabled with `set_option linter.style.haveILetI false`
ASGinzburg/ASResolutionExtColimits.lean:37:0: warning: Definition `ASGinzburg.ZAlgebra.ASResolution.firstSyzygyHomPreservesColimits` of class type is semireducible. Most type class instances should be instance-reducible, so consider marking this
definition with `@[instance_reducible]`. If it is intentionally semireducible, this warning can be disabled with `set_option warn.classDefReducibility false`.
ASGinzburg/ASResolutionExtColimits.lean:37:0: warning: Definition `firstSyzygyHomPreservesColimits` is a proposition; use `theorem` instead of `def`

Note: This linter can be disabled with `set_option linter.defProp false`
ASGinzburg/ASResolutionExtColimits.lean:46:2: warning: Try this: 
  letI̵

The goal is a proposition, so `let` is preferred over `letI`.
The difference between `let` and `letI` is that `letI` inlines the value.
But this is not relevant for proofs because of proof irrelevance.

Note: This linter can be disabled with `set_option linter.style.haveILetI false`
ASGinzburg/ASResolutionExtColimits.lean:43:0: warning: Definition `ASGinzburg.ZAlgebra.ASResolution.simpleHomPreservesColimits` of class type is semireducible. Most type class instances should be instance-reducible, so consider marking this
definition with `@[instance_reducible]`. If it is intentionally semireducible, this warning can be disabled with `set_option warn.classDefReducibility false`.
ASGinzburg/ASResolutionExtColimits.lean:43:0: warning: Definition `simpleHomPreservesColimits` is a proposition; use `theorem` instead of `def`

Note: This linter can be disabled with `set_option linter.defProp false`
ASGinzburg/ASResolutionExtColimits.lean:52:2: warning: Try this: 
  letI̵

The goal is a proposition, so `let` is preferred over `letI`.
The difference between `let` and `letI` is that `letI` inlines the value.
But this is not relevant for proofs because of proof irrelevance.

Note: This linter can be disabled with `set_option linter.style.haveILetI false`
ASGinzburg/ASResolutionExtColimits.lean:50:0: warning: Definition `ASGinzburg.ZAlgebra.ASResolution.secondSyzygyExtOnePreservesColimits` of class type is semireducible. Most type class instances should be instance-reducible, so consider marking this
definition with `@[instance_reducible]`. If it is intentionally semireducible, this warning can be disabled with `set_option warn.classDefReducibility false`.
ASGinzburg/ASResolutionExtColimits.lean:50:0: warning: Definition `secondSyzygyExtOnePreservesColimits` is a proposition; use `theorem` instead of `def`

Note: This linter can be disabled with `set_option linter.defProp false`
ASGinzburg/ASResolutionExtColimits.lean:58:2: warning: Try this: 
  letI̵

The goal is a proposition, so `let` is preferred over `letI`.
The difference between `let` and `letI` is that `letI` inlines the value.
But this is not relevant for proofs because of proof irrelevance.

Note: This linter can be disabled with `set_option linter.style.haveILetI false`
ASGinzburg/ASResolutionExtColimits.lean:59:2: warning: Try this: 
  letI̵

The goal is a proposition, so `let` is preferred over `letI`.
The difference between `let` and `letI` is that `letI` inlines the value.
But this is not relevant for proofs because of proof irrelevance.

Note: This linter can be disabled with `set_option linter.style.haveILetI false`
ASGinzburg/ASResolutionExtColimits.lean:60:2: warning: Try this: 
  letI̵

The goal is a proposition, so `let` is preferred over `letI`.
The difference between `let` and `letI` is that `letI` inlines the value.
But this is not relevant for proofs because of proof irrelevance.

Note: This linter can be disabled with `set_option linter.style.haveILetI false`
ASGinzburg/ASResolutionExtColimits.lean:55:0: warning: Definition `ASGinzburg.ZAlgebra.ASResolution.firstSyzygyExtOnePreservesColimits` of class type is semireducible. Most type class instances should be instance-reducible, so consider marking this
definition with `@[instance_reducible]`. If it is intentionally semireducible, this warning can be disabled with `set_option warn.classDefReducibility false`.
ASGinzburg/ASResolutionExtColimits.lean:55:0: warning: Definition `firstSyzygyExtOnePreservesColimits` is a proposition; use `theorem` instead of `def`

Note: This linter can be disabled with `set_option linter.defProp false`
ASGinzburg/ASResolutionExtColimits.lean:66:2: warning: Try this: 
  letI̵

The goal is a proposition, so `let` is preferred over `letI`.
The difference between `let` and `letI` is that `letI` inlines the value.
But this is not relevant for proofs because of proof irrelevance.

Note: This linter can be disabled with `set_option linter.style.haveILetI false`
ASGinzburg/ASResolutionExtColimits.lean:67:2: warning: Try this: 
  letI̵

The goal is a proposition, so `let` is preferred over `letI`.
The difference between `let` and `letI` is that `letI` inlines the value.
But this is not relevant for proofs because of proof irrelevance.

Note: This linter can be disabled with `set_option linter.style.haveILetI false`
ASGinzburg/ASResolutionExtColimits.lean:63:0: warning: Definition `ASGinzburg.ZAlgebra.ASResolution.simpleExtOnePreservesColimits` of class type is semireducible. Most type class instances should be instance-reducible, so consider marking this
definition with `@[instance_reducible]`. If it is intentionally semireducible, this warning can be disabled with `set_option warn.classDefReducibility false`.
ASGinzburg/ASResolutionExtColimits.lean:63:0: warning: Definition `simpleExtOnePreservesColimits` is a proposition; use `theorem` instead of `def`

Note: This linter can be disabled with `set_option linter.defProp false`
ASGinzburg/ASResolutionExtColimits.lean:75:2: warning: Try this: 
  letI̵

The goal is a proposition, so `let` is preferred over `letI`.
The difference between `let` and `letI` is that `letI` inlines the value.
But this is not relevant for proofs because of proof irrelevance.

Note: This linter can be disabled with `set_option linter.style.haveILetI false`
ASGinzburg/ASResolutionExtColimits.lean:72:0: warning: Definition `ASGinzburg.ZAlgebra.ASResolution.simpleExtTwoPreservesColimits` of class type is semireducible. Most type class instances should be instance-reducible, so consider marking this
definition with `@[instance_reducible]`. If it is intentionally semireducible, this warning can be disabled with `set_option warn.classDefReducibility false`.
ASGinzburg/ASResolutionExtColimits.lean:72:0: warning: Definition `simpleExtTwoPreservesColimits` is a proposition; use `theorem` instead of `def`

Note: This linter can be disabled with `set_option linter.defProp false`
ASGinzburg/ASResolutionExtColimits.lean:82:2: warning: Try this: 
  letI̵

The goal is a proposition, so `let` is preferred over `letI`.
The difference between `let` and `letI` is that `letI` inlines the value.
But this is not relevant for proofs because of proof irrelevance.

Note: This linter can be disabled with `set_option linter.style.haveILetI false`
ASGinzburg/ASResolutionExtColimits.lean:83:2: warning: Try this: 
  letI̵

The goal is a proposition, so `let` is preferred over `letI`.
The difference between `let` and `letI` is that `letI` inlines the value.
But this is not relevant for proofs because of proof irrelevance.

Note: This linter can be disabled with `set_option linter.style.haveILetI false`
ASGinzburg/ASResolutionExtColimits.lean:79:0: warning: Definition `ASGinzburg.ZAlgebra.ASResolution.simpleExtThreePreservesColimits` of class type is semireducible. Most type class instances should be instance-reducible, so consider marking this
definition with `@[instance_reducible]`. If it is intentionally semireducible, this warning can be disabled with `set_option warn.classDefReducibility false`.
ASGinzburg/ASResolutionExtColimits.lean:79:0: warning: Definition `simpleExtThreePreservesColimits` is a proposition; use `theorem` instead of `def`

Note: This linter can be disabled with `set_option linter.defProp false`
ASGinzburg/ASResolutionExtColimits.lean:94:2: warning: Try this: 
  letI̵

The goal is a proposition, so `let` is preferred over `letI`.
The difference between `let` and `letI` is that `letI` inlines the value.
But this is not relevant for proofs because of proof irrelevance.

Note: This linter can be disabled with `set_option linter.style.haveILetI false`
ASGinzburg/ASResolutionExtColimits.lean:104:4: warning: Try this: 
  letI̵

The goal is a proposition, so `let` is preferred over `letI`.
The difference between `let` and `letI` is that `letI` inlines the value.
But this is not relevant for proofs because of proof irrelevance.

Note: This linter can be disabled with `set_option linter.style.haveILetI false`
ASGinzburg/ASResolutionExtColimits.lean:99:0: warning: Definition `ASGinzburg.ZAlgebra.ASResolution.simpleExtPreservesExactColimits` of class type is semireducible. Most type class instances should be instance-reducible, so consider marking this
definition with `@[instance_reducible]`. If it is intentionally semireducible, this warning can be disabled with `set_option warn.classDefReducibility false`.
ASGinzburg/ASResolutionExtColimits.lean:99:0: warning: Definition `simpleExtPreservesExactColimits` is a proposition; use `theorem` instead of `def`

Note: This linter can be disabled with `set_option linter.defProp false`
ASGinzburg/ASResolutionExtColimits.lean:121:2: warning: Try this: 
  letI̵

The goal is a proposition, so `let` is preferred over `letI`.
The difference between `let` and `letI` is that `letI` inlines the value.
But this is not relevant for proofs because of proof irrelevance.

Note: This linter can be disabled with `set_option linter.style.haveILetI false`
ASGinzburg/ASResolutionExtColimits.lean:117:0: warning: Definition `ASGinzburg.ZAlgebra.ASResolution.simpleExtPreservesCoproducts` of class type is semireducible. Most type class instances should be instance-reducible, so consider marking this
definition with `@[instance_reducible]`. If it is intentionally semireducible, this warning can be disabled with `set_option warn.classDefReducibility false`.
ASGinzburg/ASResolutionExtColimits.lean:117:0: warning: Definition `simpleExtPreservesCoproducts` is a proposition; use `theorem` instead of `def`

Note: This linter can be disabled with `set_option linter.defProp false`
ASGinzburg/ASResolutionExtColimits.lean:136:2: warning: Try this: 
  letI̵

The goal is a proposition, so `let` is preferred over `letI`.
The difference between `let` and `letI` is that `letI` inlines the value.
But this is not relevant for proofs because of proof irrelevance.

Note: This linter can be disabled with `set_option linter.style.haveILetI false`
ASGinzburg/ASResolutionExtColimits.lean:162:6: error: Tactic `rewrite` failed: Did not find an occurrence of the pattern
  Sigma.ι (fun j => ↧(Abelian.Ext (A.simpleRightModule (Q.height x)) (F j) n)) i ≫
    (ModuleCat.coprodIsoDirectSum fun j => ↧(Abelian.Ext (A.simpleRightModule (Q.height x)) (F j) n)).hom
in the target expression
  ((A.rightModuleExtCovariant (A.simpleRightModule (Q.height x)) n).map (Sigma.ι F i) ≫
        (R.simpleExtCoproductIso n F).hom) ≫
      (ModuleCat.coprodIsoDirectSum fun j => ↧(Abelian.Ext (A.simpleRightModule (Q.height x)) (F j) n)).hom =
    Sigma.ι (fun j => ↧(Abelian.Ext (A.simpleRightModule (Q.height x)) (F j) n)) i ≫
      (ModuleCat.coprodIsoDirectSum fun j => ↧(Abelian.Ext (A.simpleRightModule (Q.height x)) (F j) n)).hom

k : Type u
inst✝¹ : Field k
A : ZAlgebra k
Q : CutQuiver
x : Q.LiftVertex
R : A.ASResolution Q x
I : Type
inst✝ : DecidableEq I
n : ℕ
F : I → A.RightModule
i : I
a : Abelian.Ext (A.simpleRightModule (Q.height x)) (F i) n
h :
  (A.rightModuleExtCovariant (A.simpleRightModule (Q.height x)) n).map (Sigma.ι F i) ≫
      (R.simpleExtCoproductIso n F).hom =
    Sigma.ι (fun j => ↧(Abelian.Ext (A.simpleRightModule (Q.height x)) (F j) n)) i
hh :
  ((A.rightModuleExtCovariant (A.simpleRightModule (Q.height x)) n).map (Sigma.ι F i) ≫
        (R.simpleExtCoproductIso n F).hom) ≫
      (ModuleCat.coprodIsoDirectSum fun j => ↧(Abelian.Ext (A.simpleRightModule (Q.height x)) (F j) n)).hom =
    Sigma.ι (fun j => ↧(Abelian.Ext (A.simpleRightModule (Q.height x)) (F j) n)) i ≫
      (ModuleCat.coprodIsoDirectSum fun j => ↧(Abelian.Ext (A.simpleRightModule (Q.height x)) (F j) n)).hom
⊢ (R.simpleExtDirectSumLinearEquiv n F) (a.comp (Abelian.Ext.mk₀ (Sigma.ι F i)) ⋯) =
    (DirectSum.lof k I (fun j => Abelian.Ext (A.simpleRightModule (Q.height x)) (F j) n) i) a

Note: The target expression is not type-correct under the `implicit` transparency level, which may have triggered the failure. This is usually caused by unfolding of semireducible definitions in prior tactic steps. Use `set_option linter.tacticCheckInstances true` to investigate the source of the issue.
Full error:
  Application type mismatch: The argument
    (R.simpleExtCoproductIso n F).hom
  has type
    @Quiver.Hom (ModuleCat k) (ModuleCat.moduleCategory k).toQuiver
      (↧(Abelian.Ext (A.simpleRightModule (Q.height x)) (∐ F) n))
      (∐ fun i => ↧(Abelian.Ext (A.simpleRightModule (Q.height x)) (F i) n))
  but is expected to have type
    @Quiver.Hom (ModuleCat k) (ModuleCat.moduleCategory k).toQuiver
      ((A.rightModuleExtCovariant (A.simpleRightModule (Q.height x)) n).obj (∐ F))
      (∐ fun i => ↧(Abelian.Ext (A.simpleRightModule (Q.height x)) (F i) n))
  in the application
    (A.rightModuleExtCovariant (A.simpleRightModule (Q.height x)) n).map (Sigma.ι F i) ≫
      (R.simpleExtCoproductIso n F).hom
