ASGinzburg/BalancedTensorDoubleResolutionRightTor.lean:32:2: warning: Try this: 
  letI̵

The goal is a proposition, so `let` is preferred over `letI`.
The difference between `let` and `letI` is that `letI` inlines the value.
But this is not relevant for proofs because of proof irrelevance.

Note: This linter can be disabled with `set_option linter.style.haveILetI false`
ASGinzburg/BalancedTensorDoubleResolutionRightTor.lean:33:2: warning: Try this: 
  letI̵

The goal is a proposition, so `let` is preferred over `letI`.
The difference between `let` and `letI` is that `letI` inlines the value.
But this is not relevant for proofs because of proof irrelevance.

Note: This linter can be disabled with `set_option linter.style.haveILetI false`
ASGinzburg/BalancedTensorDoubleResolutionRightTor.lean:54:2: warning: Try this: 
  letI̵

The goal is a proposition, so `let` is preferred over `letI`.
The difference between `let` and `letI` is that `letI` inlines the value.
But this is not relevant for proofs because of proof irrelevance.

Note: This linter can be disabled with `set_option linter.style.haveILetI false`
ASGinzburg/BalancedTensorDoubleResolutionRightTor.lean:57:2: warning: Try this: 
  letI̵

The goal is a proposition, so `let` is preferred over `letI`.
The difference between `let` and `letI` is that `letI` inlines the value.
But this is not relevant for proofs because of proof irrelevance.

Note: This linter can be disabled with `set_option linter.style.haveILetI false`
ASGinzburg/BalancedTensorDoubleResolutionRightTor.lean:60:2: warning: Try this: 
  letI̵

The goal is a proposition, so `let` is preferred over `letI`.
The difference between `let` and `letI` is that `letI` inlines the value.
But this is not relevant for proofs because of proof irrelevance.

Note: This linter can be disabled with `set_option linter.style.haveILetI false`
ASGinzburg/BalancedTensorDoubleResolutionRightTor.lean:65:2: error(lean.synthInstanceFailed): failed to synthesize instance of type class
  QuasiIso
    ((mapBifunctorFlipIso P.complex Q.complex (balancedTensorBifunctor k R) (ComplexShape.down ℕ)).inv ≫
      bifunctorTotalRightResolutionAugmentation (balancedTensorBifunctor k R).flip Q.complex P)

Hint: Type class instance resolution failures can be inspected with the `set_option trace.Meta.synthInstance true` command.
