ASGinzburg/FoundationComponentActions.lean:20:2: warning: Try this: 
  letI̵

The goal is a proposition, so `let` is preferred over `letI`.
The difference between `let` and `letI` is that `letI` inlines the value.
But this is not relevant for proofs because of proof irrelevance.

Note: This linter can be disabled with `set_option linter.style.haveILetI false`
ASGinzburg/FoundationComponentActions.lean:23:6: error: Type mismatch
  InducedCategory.homMk (A.foundationActionArrow Q i j f)
has type
  Quiver.Hom.{v, 0} { index := ↑↑j } { index := ↑↑i }
of sort `Type v` but is expected to have type
  Quiver.Hom.{0, 0} j i
of sort `Type`
ASGinzburg/FoundationComponentActions.lean:25:6: error: Type mismatch
  InducedCategory.homMk (A.foundationActionArrow Q i j g)
has type
  Quiver.Hom.{v, 0} { index := ↑↑j } { index := ↑↑i }
of sort `Type v` but is expected to have type
  Quiver.Hom.{0, 0} j i
of sort `Type`
ASGinzburg/FoundationComponentActions.lean:22:5: error(lean.synthInstanceFailed): failed to synthesize instance of type class
  HAdd (j ⟶ i) (j ⟶ i) ?m.79

Hint: Type class instance resolution failures can be inspected with the `set_option trace.Meta.synthInstance true` command.
ASGinzburg/FoundationComponentActions.lean:32:2: warning: Try this: 
  letI̵

The goal is a proposition, so `let` is preferred over `letI`.
The difference between `let` and `letI` is that `letI` inlines the value.
But this is not relevant for proofs because of proof irrelevance.

Note: This linter can be disabled with `set_option linter.style.haveILetI false`
