[diag] Diagnostics
  [reduction] unfolded reducible declarations (max: 137, num: 3):
    [reduction] RightModule ↦ 137
    [reduction] ObjectProperty ↦ 37
    [reduction] Functor.obj ↦ 24
  use `set_option diagnostics.threshold <num>` to control threshold for reporting counters
[diag] Diagnostics
  [reduction] unfolded declarations (max: 928, num: 23):
    [reduction] InducedCategory.homEquiv ↦ 928
    [reduction] ConcreteCategory.hom ↦ 816
    [reduction] HomologicalComplex.op ↦ 742
    [reduction] Quiver.Hom ↦ 498
    [reduction] SMul.smul ↦ 384
    [reduction] HSMul.hSMul ↦ 352
    [reduction] OfNat.ofNat ↦ 203
    [reduction] Zero.zero ↦ 197
    [reduction] Add.add ↦ 165
    [reduction] linearYoneda ↦ 164
    [reduction] HAdd.hAdd ↦ 164
    [reduction] representable ↦ 164
    [reduction] representableFunctor ↦ 164
    [reduction] DFunLike.coe ↦ 136
    [reduction] NSMul.nsmul ↦ 120
    [reduction] InducedCategory.homAddEquiv ↦ 112
    [reduction] rightResolutionDualComplex ↦ 59
    [reduction] rightModuleADualFunctor ↦ 58
    [reduction] HSub.hSub ↦ 40
    [reduction] Neg.neg ↦ 40
    [reduction] Sub.sub ↦ 40
    [reduction] ZSMul.zsmul ↦ 40
    [reduction] HomologicalComplex.shortComplexFunctor' ↦ 31
  [reduction] unfolded reducible declarations (max: 5428, num: 37):
    [reduction] unop ↦ 5428
    [reduction] Functor.obj ↦ 4586
    [reduction] HomologicalComplex.X ↦ 4480
    [reduction] ObjectProperty.FullSubcategory.obj ↦ 4321
    [reduction] ProjectiveResolution.complex ↦ 3088
    [reduction] Equiv.toFun ↦ 1632
    [reduction] ModuleCat.isAddCommGroup ↦ 1570
    [reduction] NatTrans.app ↦ 1089
    [reduction] ModuleCat.Hom.hom' ↦ 817
    [reduction] InducedCategory.Hom.hom ↦ 817
    [reduction] ModuleCat.Hom.hom ↦ 816
    [reduction] ModuleCat.carrier ↦ 801
    [reduction] LinearMap.toAddHom ↦ 545
    [reduction] inferInstance ↦ 267
    [reduction] Function.Injective.addCommGroup ↦ 229
    [reduction] Function.Injective.addGroup ↦ 229
    [reduction] Function.Injective.subNegMonoid ↦ 229
    [reduction] AddEquiv.toEquiv ↦ 224
    [reduction] Function.Injective.addMonoid ↦ 181
    [reduction] ModuleCat.of ↦ 172
    [reduction] ModuleCat.isModule ↦ 164
    [reduction] RightModule ↦ 145
    [reduction] AddHom.toFun ↦ 137
    [reduction] Equiv.invFun ↦ 112
    [reduction] Function.Injective.addSemigroup ↦ 96
    [reduction] Equiv.addCommGroup ↦ 80
    [reduction] homAdd ↦ 80
    [reduction] HomologicalComplex.sc' ↦ 73
    [reduction] Hom ↦ 68
    [reduction] ObjectProperty ↦ 57
    [reduction] Function.Injective.addZeroClass ↦ 53
    [reduction] FunLike ↦ 48
    [reduction] Equiv.smul ↦ 48
    [reduction] LeftModule ↦ 43
    [reduction] ShortComplex.X₂ ↦ 33
    [reduction] Equiv.add ↦ 32
    [reduction] ShortComplex.X₁ ↦ 26
  [def_eq] heuristic for solving `f a =?= f b` (max: 84, num: 2):
    [def_eq] instHAdd ↦ 84
    [def_eq] InducedCategory.homMk ↦ 56
  [kernel] unfolded declarations (max: 294, num: 26):
    [kernel] Functor.obj ↦ 294
    [kernel] SubNegMonoid.toAddMonoid ↦ 154
    [kernel] AddCommGroup.toAddGroup ↦ 120
    [kernel] AddGroup.toSubNegMonoid ↦ 120
    [kernel] ModuleCat.isAddCommGroup ↦ 106
    [kernel] Add.add ↦ 83
    [kernel] HAdd.hAdd ↦ 83
    [kernel] AddMonoid.toAdd ↦ 79
    [kernel] Quiver.Hom ↦ 76
    [kernel] OfNat.ofNat ↦ 66
    [kernel] inferInstance ↦ 65
    [kernel] ObjectProperty.FullSubcategory.obj ↦ 55
    [kernel] Preadditive.homGroup ↦ 48
    [kernel] AddMonoid.toZero ↦ 45
    [kernel] HasZeroMorphisms.zero ↦ 42
    [kernel] instHAdd ↦ 41
    [kernel] AddCommGroup.toAddCommMonoid ↦ 40
    [kernel] ModuleCat.carrier ↦ 40
    [kernel] ModuleCat.isModule ↦ 40
    [kernel] ModuleCat.Hom.hom' ↦ 40
    [kernel] NegZeroClass.toZero ↦ 36
    [kernel] SubNegZeroMonoid.toNegZeroClass ↦ 36
    [kernel] SubNegZeroMonoid.toSubNegMonoid ↦ 36
    [kernel] SubtractionCommMonoid.toSubtractionMonoid ↦ 36
    [kernel] CategoryStruct.comp ↦ 24
    [kernel] CategoryTheory.Functor.map ↦ 23
  use `set_option diagnostics.threshold <num>` to control threshold for reporting counters
work/lean-upgrade/TorRightResolutionDualityFourTermDiagnostic17.lean:147:4: error: (deterministic) timeout at `whnf`, maximum number of heartbeats (10000) has been reached

Note: Use `set_option maxHeartbeats <num>` to set the limit.
[diag] Diagnostics
  [reduction] unfolded declarations (max: 1908, num: 21):
    [reduction] InducedCategory.homEquiv ↦ 1908
    [reduction] ConcreteCategory.hom ↦ 1680
    [reduction] Quiver.Hom ↦ 1075
    [reduction] SMul.smul ↦ 768
    [reduction] HSMul.hSMul ↦ 704
    [reduction] Zero.zero ↦ 445
    [reduction] OfNat.ofNat ↦ 428
    [reduction] Add.add ↦ 340
    [reduction] HAdd.hAdd ↦ 340
    [reduction] linearYoneda ↦ 336
    [reduction] representable ↦ 336
    [reduction] representableFunctor ↦ 336
    [reduction] DFunLike.coe ↦ 280
    [reduction] NSMul.nsmul ↦ 240
    [reduction] InducedCategory.homAddEquiv ↦ 224
    [reduction] HSub.hSub ↦ 80
    [reduction] Neg.neg ↦ 80
    [reduction] Sub.sub ↦ 80
    [reduction] ZSMul.zsmul ↦ 80
    [reduction] rightModuleADualFunctor ↦ 57
    [reduction] LT.lt ↦ 28
  [reduction] unfolded reducible declarations (max: 11605, num: 46):
    [reduction] unop ↦ 11605
    [reduction] Functor.obj ↦ 9244
    [reduction] ObjectProperty.FullSubcategory.obj ↦ 8991
    [reduction] ProjectiveResolution.complex ↦ 7816
    [reduction] HomologicalComplex.X ↦ 7626
    [reduction] Equiv.toFun ↦ 3360
    [reduction] ModuleCat.isAddCommGroup ↦ 3252
    [reduction] NatTrans.app ↦ 2246
    [reduction] InducedCategory.Hom.hom ↦ 1686
    [reduction] ModuleCat.Hom.hom ↦ 1680
    [reduction] ModuleCat.Hom.hom' ↦ 1680
    [reduction] ModuleCat.carrier ↦ 1656
    [reduction] LinearMap.toAddHom ↦ 1120
    [reduction] inferInstance ↦ 496
    [reduction] Function.Injective.addCommGroup ↦ 468
    [reduction] Function.Injective.addGroup ↦ 468
    [reduction] Function.Injective.subNegMonoid ↦ 468
    [reduction] AddEquiv.toEquiv ↦ 448
    [reduction] Function.Injective.addMonoid ↦ 372
    [reduction] ModuleCat.of ↦ 352
    [reduction] RightModule ↦ 348
    [reduction] ModuleCat.isModule ↦ 338
    [reduction] AddHom.toFun ↦ 280
    [reduction] Equiv.invFun ↦ 228
    [reduction] Function.Injective.addSemigroup ↦ 204
    [reduction] LeftModule ↦ 168
    [reduction] Equiv.addCommGroup ↦ 164
    [reduction] homAdd ↦ 164
    [reduction] ObjectProperty ↦ 141
    [reduction] Hom ↦ 140
    [reduction] Function.Injective.addZeroClass ↦ 104
    [reduction] FunLike ↦ 98
    [reduction] Equiv.smul ↦ 96
    [reduction] ChainComplex ↦ 78
    [reduction] Equiv.add ↦ 68
    [reduction] AddEquiv.distribMulAction ↦ 32
    [reduction] AddEquiv.distribSMul ↦ 32
    [reduction] AddEquiv.module ↦ 32
    [reduction] Equiv.smulZeroClass ↦ 32
    [reduction] Equiv.zero ↦ 32
    [reduction] Module.compHom ↦ 32
    [reduction] homModule ↦ 32
    [reduction] Function.Injective.distribMulAction ↦ 32
    [reduction] Function.Injective.distribSMul ↦ 32
    [reduction] Function.Injective.module ↦ 32
    [reduction] Function.Injective.smulZeroClass ↦ 32
  [type_class] used instances (max: 22, num: 1):
    [type_class] ObjectProperty.FullSubcategory.category ↦ 22
  [def_eq] heuristic for solving `f a =?= f b` (max: 170, num: 5):
    [def_eq] instHAdd ↦ 170
    [def_eq] InducedCategory.homMk ↦ 114
    [def_eq] ObjectProperty.FullSubcategory.category._aux_1 ↦ 32
    [def_eq] ObjectProperty.homMk ↦ 28
    [def_eq] ObjectProperty.FullSubcategory.category ↦ 21
  use `set_option diagnostics.threshold <num>` to control threshold for reporting counters
work/lean-upgrade/TorRightResolutionDualityFourTermDiagnostic17.lean:156:12: error: (deterministic) timeout at `«synthesize pending MVars»`, maximum number of heartbeats (10000) has been reached

Note: Use `set_option maxHeartbeats <num>` to set the limit.
