ASGinzburg/FoundationComponentActions.lean:20:2: warning: Try this: 
  letI̵

The goal is a proposition, so `let` is preferred over `letI`.
The difference between `let` and `letI` is that `letI` inlines the value.
But this is not relevant for proofs because of proof irrelevance.

Note: This linter can be disabled with `set_option linter.style.haveILetI false`
ASGinzburg/FoundationComponentActions.lean:21:21: error(lean.synthInstanceFailed): failed to synthesize instance of type class
  HAdd (j ⟶ i) ({ index := ↑↑j } ⟶ { index := ↑↑i }) ?m.72

Hint: Type class instance resolution failures can be inspected with the `set_option trace.Meta.synthInstance true` command.
ASGinzburg/FoundationComponentActions.lean:23:4: error: Application type mismatch: The argument
  A.foundationActionArrow Q i j f
has type
  Opposite.op { index := ↑↑j } ⟶ Opposite.op { index := ↑↑i }
but is expected to have type
  ?m.54 j ⟶ ?m.54 i
in the application
  InducedCategory.homMk (A.foundationActionArrow Q i j f)
ASGinzburg/FoundationComponentActions.lean:31:2: warning: Try this: 
  letI̵

The goal is a proposition, so `let` is preferred over `letI`.
The difference between `let` and `letI` is that `letI` inlines the value.
But this is not relevant for proofs because of proof irrelevance.

Note: This linter can be disabled with `set_option linter.style.haveILetI false`
