[diag] Diagnostics
  [reduction] unfolded reducible declarations (max: 137, num: 3):
    [reduction] RightModule ↦ 137
    [reduction] ObjectProperty ↦ 37
    [reduction] Functor.obj ↦ 24
  use `set_option diagnostics.threshold <num>` to control threshold for reporting counters
[diag] Diagnostics
  [reduction] unfolded declarations (max: 928, num: 23):
    [reduction] InducedCategory.homEquiv ↦ 928
    [reduction] ConcreteCategory.hom ↦ 816
    [reduction] HomologicalComplex.op ↦ 742
    [reduction] Quiver.Hom ↦ 498
    [reduction] SMul.smul ↦ 384
    [reduction] HSMul.hSMul ↦ 352
    [reduction] OfNat.ofNat ↦ 203
    [reduction] Zero.zero ↦ 197
    [reduction] Add.add ↦ 165
    [reduction] linearYoneda ↦ 164
    [reduction] HAdd.hAdd ↦ 164
    [reduction] representable ↦ 164
    [reduction] representableFunctor ↦ 164
    [reduction] DFunLike.coe ↦ 136
    [reduction] NSMul.nsmul ↦ 120
    [reduction] InducedCategory.homAddEquiv ↦ 112
    [reduction] rightResolutionDualComplex ↦ 59
    [reduction] rightModuleADualFunctor ↦ 58
    [reduction] HSub.hSub ↦ 40
    [reduction] Neg.neg ↦ 40
    [reduction] Sub.sub ↦ 40
    [reduction] ZSMul.zsmul ↦ 40
    [reduction] HomologicalComplex.shortComplexFunctor' ↦ 31
  [reduction] unfolded reducible declarations (max: 5428, num: 37):
    [reduction] unop ↦ 5428
    [reduction] Functor.obj ↦ 4586
    [reduction] HomologicalComplex.X ↦ 4480
    [reduction] ObjectProperty.FullSubcategory.obj ↦ 4321
    [reduction] ProjectiveResolution.complex ↦ 3088
    [reduction] Equiv.toFun ↦ 1632
    [reduction] ModuleCat.isAddCommGroup ↦ 1570
    [reduction] NatTrans.app ↦ 1089
    [reduction] ModuleCat.Hom.hom' ↦ 817
    [reduction] InducedCategory.Hom.hom ↦ 817
    [reduction] ModuleCat.Hom.hom ↦ 816
    [reduction] ModuleCat.carrier ↦ 801
    [reduction] LinearMap.toAddHom ↦ 545
    [reduction] inferInstance ↦ 267
    [reduction] Function.Injective.addCommGroup ↦ 229
    [reduction] Function.Injective.addGroup ↦ 229
    [reduction] Function.Injective.subNegMonoid ↦ 229
    [reduction] AddEquiv.toEquiv ↦ 224
    [reduction] Function.Injective.addMonoid ↦ 181
    [reduction] ModuleCat.of ↦ 172
    [reduction] ModuleCat.isModule ↦ 164
    [reduction] RightModule ↦ 145
    [reduction] AddHom.toFun ↦ 137
    [reduction] Equiv.invFun ↦ 112
    [reduction] Function.Injective.addSemigroup ↦ 96
    [reduction] Equiv.addCommGroup ↦ 80
    [reduction] homAdd ↦ 80
    [reduction] HomologicalComplex.sc' ↦ 73
    [reduction] Hom ↦ 68
    [reduction] ObjectProperty ↦ 57
    [reduction] Function.Injective.addZeroClass ↦ 53
    [reduction] FunLike ↦ 48
    [reduction] Equiv.smul ↦ 48
    [reduction] LeftModule ↦ 43
    [reduction] ShortComplex.X₂ ↦ 33
    [reduction] Equiv.add ↦ 32
    [reduction] ShortComplex.X₁ ↦ 26
  [def_eq] heuristic for solving `f a =?= f b` (max: 84, num: 2):
    [def_eq] instHAdd ↦ 84
    [def_eq] InducedCategory.homMk ↦ 56
  [kernel] unfolded declarations (max: 294, num: 26):
    [kernel] Functor.obj ↦ 294
    [kernel] SubNegMonoid.toAddMonoid ↦ 154
    [kernel] AddCommGroup.toAddGroup ↦ 120
    [kernel] AddGroup.toSubNegMonoid ↦ 120
    [kernel] ModuleCat.isAddCommGroup ↦ 106
    [kernel] Add.add ↦ 83
    [kernel] HAdd.hAdd ↦ 83
    [kernel] AddMonoid.toAdd ↦ 79
    [kernel] Quiver.Hom ↦ 76
    [kernel] OfNat.ofNat ↦ 66
    [kernel] inferInstance ↦ 65
    [kernel] ObjectProperty.FullSubcategory.obj ↦ 55
    [kernel] Preadditive.homGroup ↦ 48
    [kernel] AddMonoid.toZero ↦ 45
    [kernel] HasZeroMorphisms.zero ↦ 42
    [kernel] instHAdd ↦ 41
    [kernel] AddCommGroup.toAddCommMonoid ↦ 40
    [kernel] ModuleCat.carrier ↦ 40
    [kernel] ModuleCat.isModule ↦ 40
    [kernel] ModuleCat.Hom.hom' ↦ 40
    [kernel] NegZeroClass.toZero ↦ 36
    [kernel] SubNegZeroMonoid.toNegZeroClass ↦ 36
    [kernel] SubNegZeroMonoid.toSubNegMonoid ↦ 36
    [kernel] SubtractionCommMonoid.toSubtractionMonoid ↦ 36
    [kernel] CategoryStruct.comp ↦ 24
    [kernel] CategoryTheory.Functor.map ↦ 23
  use `set_option diagnostics.threshold <num>` to control threshold for reporting counters
work/lean-upgrade/TorRightResolutionDualityFullDiagnostic18.lean:146:10: error: (deterministic) timeout at `whnf`, maximum number of heartbeats (10000) has been reached

Note: Use `set_option maxHeartbeats <num>` to set the limit.
[diag] Diagnostics
  [reduction] unfolded declarations (max: 1856, num: 21):
    [reduction] InducedCategory.homEquiv ↦ 1856
    [reduction] ConcreteCategory.hom ↦ 1632
    [reduction] Quiver.Hom ↦ 1470
    [reduction] SMul.smul ↦ 768
    [reduction] HSMul.hSMul ↦ 704
    [reduction] Zero.zero ↦ 467
    [reduction] OfNat.ofNat ↦ 460
    [reduction] linearYoneda ↦ 360
    [reduction] representable ↦ 360
    [reduction] representableFunctor ↦ 360
    [reduction] Add.add ↦ 320
    [reduction] HAdd.hAdd ↦ 320
    [reduction] DFunLike.coe ↦ 272
    [reduction] NSMul.nsmul ↦ 240
    [reduction] InducedCategory.homAddEquiv ↦ 224
    [reduction] HSub.hSub ↦ 80
    [reduction] Neg.neg ↦ 80
    [reduction] Sub.sub ↦ 80
    [reduction] ZSMul.zsmul ↦ 80
    [reduction] rightModuleADualFunctor ↦ 54
    [reduction] LT.lt ↦ 28
  [reduction] unfolded reducible declarations (max: 11331, num: 46):
    [reduction] unop ↦ 11331
    [reduction] Functor.obj ↦ 8912
    [reduction] ObjectProperty.FullSubcategory.obj ↦ 8678
    [reduction] ProjectiveResolution.complex ↦ 7416
    [reduction] HomologicalComplex.X ↦ 7246
    [reduction] Equiv.toFun ↦ 3264
    [reduction] ModuleCat.isAddCommGroup ↦ 3220
    [reduction] NatTrans.app ↦ 2182
    [reduction] ModuleCat.Hom.hom' ↦ 1638
    [reduction] InducedCategory.Hom.hom ↦ 1638
    [reduction] ModuleCat.Hom.hom ↦ 1632
    [reduction] ModuleCat.carrier ↦ 1614
    [reduction] LinearMap.toAddHom ↦ 1094
    [reduction] inferInstance ↦ 510
    [reduction] Function.Injective.addCommGroup ↦ 470
    [reduction] Function.Injective.addGroup ↦ 470
    [reduction] Function.Injective.subNegMonoid ↦ 470
    [reduction] AddEquiv.toEquiv ↦ 448
    [reduction] ModuleCat.of ↦ 376
    [reduction] Function.Injective.addMonoid ↦ 374
    [reduction] ModuleCat.isModule ↦ 328
    [reduction] RightModule ↦ 315
    [reduction] AddHom.toFun ↦ 278
    [reduction] Equiv.invFun ↦ 224
    [reduction] Function.Injective.addSemigroup ↦ 192
    [reduction] Hom ↦ 168
    [reduction] Equiv.addCommGroup ↦ 160
    [reduction] homAdd ↦ 160
    [reduction] LeftModule ↦ 138
    [reduction] ObjectProperty ↦ 119
    [reduction] Function.Injective.addZeroClass ↦ 118
    [reduction] FunLike ↦ 96
    [reduction] Equiv.smul ↦ 96
    [reduction] ChainComplex ↦ 67
    [reduction] Equiv.add ↦ 64
    [reduction] AddEquiv.distribMulAction ↦ 32
    [reduction] AddEquiv.distribSMul ↦ 32
    [reduction] AddEquiv.module ↦ 32
    [reduction] Equiv.smulZeroClass ↦ 32
    [reduction] Equiv.zero ↦ 32
    [reduction] Module.compHom ↦ 32
    [reduction] homModule ↦ 32
    [reduction] Function.Injective.distribMulAction ↦ 32
    [reduction] Function.Injective.distribSMul ↦ 32
    [reduction] Function.Injective.module ↦ 32
    [reduction] Function.Injective.smulZeroClass ↦ 32
  [def_eq] heuristic for solving `f a =?= f b` (max: 160, num: 4):
    [def_eq] instHAdd ↦ 160
    [def_eq] InducedCategory.homMk ↦ 112
    [def_eq] ObjectProperty.FullSubcategory.category._aux_1 ↦ 33
    [def_eq] ObjectProperty.homMk ↦ 24
  use `set_option diagnostics.threshold <num>` to control threshold for reporting counters
work/lean-upgrade/TorRightResolutionDualityFullDiagnostic18.lean:157:12: error: (deterministic) timeout at `«synthesize pending MVars»`, maximum number of heartbeats (10000) has been reached

Note: Use `set_option maxHeartbeats <num>` to set the limit.
work/lean-upgrade/TorRightResolutionDualityFullDiagnostic18.lean:163:39: error(lean.invalidField): Invalid field `rightResolutionDualFourTerm`: The environment does not contain `ASGinzburg.ZAlgebra.rightResolutionDualFourTerm`, so it is not possible to project the field `rightResolutionDualFourTerm` from an expression
  A
of type `ZAlgebra k`
[diag] Diagnostics
  [reduction] unfolded reducible declarations (max: 118, num: 3):
    [reduction] RightModule ↦ 118
    [reduction] ObjectProperty ↦ 24
    [reduction] Functor.obj ↦ 24
  use `set_option diagnostics.threshold <num>` to control threshold for reporting counters
work/lean-upgrade/TorRightResolutionDualityFullDiagnostic18.lean:165:48: error(lean.unknownIdentifier): Unknown identifier `hP`
work/lean-upgrade/TorRightResolutionDualityFullDiagnostic18.lean:166:48: error(lean.unknownIdentifier): Unknown identifier `hP`
work/lean-upgrade/TorRightResolutionDualityFullDiagnostic18.lean:167:48: error(lean.unknownIdentifier): Unknown identifier `hP`
work/lean-upgrade/TorRightResolutionDualityFullDiagnostic18.lean:168:48: error(lean.unknownIdentifier): Unknown identifier `hP`
[diag] Diagnostics
  [reduction] unfolded declarations (max: 43, num: 1):
    [reduction] leftFiniteProjectiveProperty ↦ 43
  [reduction] unfolded reducible declarations (max: 118, num: 4):
    [reduction] RightModule ↦ 118
    [reduction] LeftModule ↦ 41
    [reduction] ObjectProperty ↦ 35
    [reduction] Functor.obj ↦ 24
  [reduction] Axioms (possibly imported non-exposed defs) that were tried to be unfolded (max: 116, num: 1):
    [reduction] sorryAx ↦ 116
  use `set_option diagnostics.threshold <num>` to control threshold for reporting counters
