[diag] Diagnostics
  [reduction] unfolded reducible declarations (max: 137, num: 3):
    [reduction] RightModule ↦ 137
    [reduction] ObjectProperty ↦ 37
    [reduction] Functor.obj ↦ 24
  use `set_option diagnostics.threshold <num>` to control threshold for reporting counters
[diag] Diagnostics
  [reduction] unfolded declarations (max: 928, num: 23):
    [reduction] InducedCategory.homEquiv ↦ 928
    [reduction] ConcreteCategory.hom ↦ 816
    [reduction] HomologicalComplex.op ↦ 742
    [reduction] Quiver.Hom ↦ 498
    [reduction] SMul.smul ↦ 384
    [reduction] HSMul.hSMul ↦ 352
    [reduction] OfNat.ofNat ↦ 203
    [reduction] Zero.zero ↦ 197
    [reduction] Add.add ↦ 165
    [reduction] linearYoneda ↦ 164
    [reduction] HAdd.hAdd ↦ 164
    [reduction] representable ↦ 164
    [reduction] representableFunctor ↦ 164
    [reduction] DFunLike.coe ↦ 136
    [reduction] NSMul.nsmul ↦ 120
    [reduction] InducedCategory.homAddEquiv ↦ 112
    [reduction] rightResolutionDualComplex ↦ 59
    [reduction] rightModuleADualFunctor ↦ 58
    [reduction] HSub.hSub ↦ 40
    [reduction] Neg.neg ↦ 40
    [reduction] Sub.sub ↦ 40
    [reduction] ZSMul.zsmul ↦ 40
    [reduction] HomologicalComplex.shortComplexFunctor' ↦ 31
  [reduction] unfolded reducible declarations (max: 5428, num: 37):
    [reduction] unop ↦ 5428
    [reduction] Functor.obj ↦ 4586
    [reduction] HomologicalComplex.X ↦ 4480
    [reduction] ObjectProperty.FullSubcategory.obj ↦ 4321
    [reduction] ProjectiveResolution.complex ↦ 3088
    [reduction] Equiv.toFun ↦ 1632
    [reduction] ModuleCat.isAddCommGroup ↦ 1570
    [reduction] NatTrans.app ↦ 1089
    [reduction] ModuleCat.Hom.hom' ↦ 817
    [reduction] InducedCategory.Hom.hom ↦ 817
    [reduction] ModuleCat.Hom.hom ↦ 816
    [reduction] ModuleCat.carrier ↦ 801
    [reduction] LinearMap.toAddHom ↦ 545
    [reduction] inferInstance ↦ 267
    [reduction] Function.Injective.addCommGroup ↦ 229
    [reduction] Function.Injective.addGroup ↦ 229
    [reduction] Function.Injective.subNegMonoid ↦ 229
    [reduction] AddEquiv.toEquiv ↦ 224
    [reduction] Function.Injective.addMonoid ↦ 181
    [reduction] ModuleCat.of ↦ 172
    [reduction] ModuleCat.isModule ↦ 164
    [reduction] RightModule ↦ 145
    [reduction] AddHom.toFun ↦ 137
    [reduction] Equiv.invFun ↦ 112
    [reduction] Function.Injective.addSemigroup ↦ 96
    [reduction] Equiv.addCommGroup ↦ 80
    [reduction] homAdd ↦ 80
    [reduction] HomologicalComplex.sc' ↦ 73
    [reduction] Hom ↦ 68
    [reduction] ObjectProperty ↦ 57
    [reduction] Function.Injective.addZeroClass ↦ 53
    [reduction] FunLike ↦ 48
    [reduction] Equiv.smul ↦ 48
    [reduction] LeftModule ↦ 43
    [reduction] ShortComplex.X₂ ↦ 33
    [reduction] Equiv.add ↦ 32
    [reduction] ShortComplex.X₁ ↦ 26
  [def_eq] heuristic for solving `f a =?= f b` (max: 84, num: 2):
    [def_eq] instHAdd ↦ 84
    [def_eq] InducedCategory.homMk ↦ 56
  [kernel] unfolded declarations (max: 294, num: 26):
    [kernel] Functor.obj ↦ 294
    [kernel] SubNegMonoid.toAddMonoid ↦ 154
    [kernel] AddCommGroup.toAddGroup ↦ 120
    [kernel] AddGroup.toSubNegMonoid ↦ 120
    [kernel] ModuleCat.isAddCommGroup ↦ 106
    [kernel] Add.add ↦ 83
    [kernel] HAdd.hAdd ↦ 83
    [kernel] AddMonoid.toAdd ↦ 79
    [kernel] Quiver.Hom ↦ 76
    [kernel] OfNat.ofNat ↦ 66
    [kernel] inferInstance ↦ 65
    [kernel] ObjectProperty.FullSubcategory.obj ↦ 55
    [kernel] Preadditive.homGroup ↦ 48
    [kernel] AddMonoid.toZero ↦ 45
    [kernel] HasZeroMorphisms.zero ↦ 42
    [kernel] instHAdd ↦ 41
    [kernel] AddCommGroup.toAddCommMonoid ↦ 40
    [kernel] ModuleCat.carrier ↦ 40
    [kernel] ModuleCat.isModule ↦ 40
    [kernel] ModuleCat.Hom.hom' ↦ 40
    [kernel] NegZeroClass.toZero ↦ 36
    [kernel] SubNegZeroMonoid.toNegZeroClass ↦ 36
    [kernel] SubNegZeroMonoid.toSubNegMonoid ↦ 36
    [kernel] SubtractionCommMonoid.toSubtractionMonoid ↦ 36
    [kernel] CategoryStruct.comp ↦ 24
    [kernel] CategoryTheory.Functor.map ↦ 23
  use `set_option diagnostics.threshold <num>` to control threshold for reporting counters
