ASGinzburg/RightModuleHomology.lean:90:4: warning: Try this: 
  letI̵

The goal is a proposition, so `let` is preferred over `letI`.
The difference between `let` and `letI` is that `letI` inlines the value.
But this is not relevant for proofs because of proof irrelevance.

Note: This linter can be disabled with `set_option linter.style.haveILetI false`
ASGinzburg/RightModuleHomology.lean:94:4: warning: Try this: 
  haveI̵

The goal is a proposition, so `have` is preferred over `haveI`.
The difference between `have` and `haveI` is that `haveI` inlines the value.
But this is not relevant for proofs because of proof irrelevance.

Note: This linter can be disabled with `set_option linter.style.haveILetI false`
ASGinzburg/RightModuleHomology.lean:103:4: warning: Try this: 
  letI̵

The goal is a proposition, so `let` is preferred over `letI`.
The difference between `let` and `letI` is that `letI` inlines the value.
But this is not relevant for proofs because of proof irrelevance.

Note: This linter can be disabled with `set_option linter.style.haveILetI false`
ASGinzburg/RightModuleHomology.lean:107:4: warning: Try this: 
  haveI̵

The goal is a proposition, so `have` is preferred over `haveI`.
The difference between `have` and `haveI` is that `haveI` inlines the value.
But this is not relevant for proofs because of proof irrelevance.

Note: This linter can be disabled with `set_option linter.style.haveILetI false`
ASGinzburg/RightModuleHomology.lean:142:4: error: Type mismatch: After simplification, term
  hid
 has type
  @Eq (S.homology.obj.obj (op { index := j }) ⟶ S.homology.obj.obj (op { index := j }))
    (𝟙 (S.homology.obj.obj (op { index := j }))) 0
but is expected to have type
  @Eq (S.homology.obj.obj (op { index := j }) ⟶ S.homology.obj.obj (op { index := j }))
    (𝟙 (S.homology.obj.obj (op { index := j }))) 0
