ASGinzburg/GinzburgCutZeroProducts.lean:17:8: error: Type mismatch: After simplification, term
  ginzburgCohomologicalComponent_comp Q k f.property.left g.property.left
 has type
  ((Q.ginzburgPathComp k) ↑g) ↑f ∈ Q.ginzburgCohomologicalComponent k u.1 w.1 0
but is expected to have type
  ((Q.ginzburgPathComp k) ↑g ∘ₗ (Q.ginzburgCutCohomologicalComponent k u.1 v.1 0 (v.2 - u.2)).subtype) f ∈
    ↑(Q.ginzburgCohomologicalComponent k u.1 w.1 0)
ASGinzburg/GinzburgCutZeroProducts.lean:20:8: error: Type mismatch: After simplification, term
  h
 has type
  ((Q.ginzburgPathComp k) ↑g) ↑f ∈ Q.ginzburgCutComponent k u.1 w.1 (w.2 - u.2)
but is expected to have type
  ((Q.ginzburgPathComp k) ↑g ∘ₗ (Q.ginzburgCutCohomologicalComponent k u.1 v.1 0 (v.2 - u.2)).subtype) f ∈
    ↑(Q.ginzburgCutComponent k u.1 w.1 (w.2 - u.2))
ASGinzburg/GinzburgCutZeroProducts.lean:44:6: error: Type mismatch: After simplification, term
  ginzburgCohomologicalComponent_comp Q k x.property.left g.property.left
 has type
  ((Q.ginzburgPathComp k) ↑g) ↑x ∈ Q.ginzburgCohomologicalComponent k u.1 w.1 (-1)
but is expected to have type
  ((Q.ginzburgPathComp k) ↑g) ↑x ∈ ↑(Q.ginzburgCohomologicalComponent k u.1 w.1 (-1))
ASGinzburg/GinzburgCutZeroProducts.lean:47:6: error: Type mismatch: After simplification, term
  h
 has type
  ((Q.ginzburgPathComp k) ↑g) ↑x ∈ Q.ginzburgCutComponent k u.1 w.1 (w.2 - u.2)
but is expected to have type
  ((Q.ginzburgPathComp k) ↑g) ↑x ∈ ↑(Q.ginzburgCutComponent k u.1 w.1 (w.2 - u.2))
ASGinzburg/GinzburgCutZeroProducts.lean:66:6: error: Type mismatch: After simplification, term
  ginzburgCohomologicalComponent_comp Q k f.property.left x.property.left
 has type
  ((Q.ginzburgPathComp k) ↑x) ↑f ∈ Q.ginzburgCohomologicalComponent k u.1 w.1 (-1)
but is expected to have type
  ((Q.ginzburgPathComp k) ↑x) ↑f ∈ ↑(Q.ginzburgCohomologicalComponent k u.1 w.1 (-1))
ASGinzburg/GinzburgCutZeroProducts.lean:69:6: error: Type mismatch: After simplification, term
  h
 has type
  ((Q.ginzburgPathComp k) ↑x) ↑f ∈ Q.ginzburgCutComponent k u.1 w.1 (w.2 - u.2)
but is expected to have type
  ((Q.ginzburgPathComp k) ↑x) ↑f ∈ ↑(Q.ginzburgCutComponent k u.1 w.1 (w.2 - u.2))
