ASGinzburg/GinzburgPrefixHomologyClasses.lean:19:2: warning: Try this: 
  letI̵

The goal is a proposition, so `let` is preferred over `letI`.
The difference between `let` and `letI` is that `letI` inlines the value.
But this is not relevant for proofs because of proof irrelevance.

Note: This linter can be disabled with `set_option linter.style.haveILetI false`
ASGinzburg/GinzburgPrefixHomologyClasses.lean:34:6: error: Tactic `rewrite` failed: Did not find an occurrence of the pattern
  ?f ≫ ?g ≫ ?h
in the target expression
  (HomologicalComplex.cyclesIsoSc' K (r - 1) r (r + 1) ⋯ ⋯).hom ≫
      (HomologicalComplex.sc' K (r - 1) r (r + 1)).iCycles ≫
        ModuleCat.ofHom (Q.ginzburgGeneratorPrefixIncomingDifferential k φ u v r c).range.mkQ =
    HomologicalComplex.iCycles K r ≫
      ModuleCat.ofHom (Q.ginzburgGeneratorPrefixIncomingDifferential k φ u v r c).range.mkQ

Q : CutQuiver
k : Type u
inst✝ : Field k
φ : ↥(Q.Potential k)
u v : Q.Vertex
r c : ℤ
this : (w : Q.Vertex) → AddCommGroup (Q.GinzburgPathComponent k u w) := fun w => Finsupp.instAddCommGroup
K : CochainComplex (ModuleCat k) ℤ := Q.ginzburgGeneratorPrefixComplex k φ u v r c
e : HomologicalComplex.sc' (Q.ginzburgGeneratorPrefixComplex k φ u v r c) (r - 1) r (r + 1) ≅
  Q.ginzburgGeneratorPrefixTopShortComplex k φ u v r c :=
  Q.ginzburgGeneratorPrefixTopShortComplexIso k φ u v r c
⊢ (HomologicalComplex.cyclesIsoSc' K (r - 1) r (r + 1) ⋯ ⋯).hom ≫
      (HomologicalComplex.sc' K (r - 1) r (r + 1)).iCycles ≫
        ModuleCat.ofHom (Q.ginzburgGeneratorPrefixIncomingDifferential k φ u v r c).range.mkQ =
    HomologicalComplex.iCycles K r ≫
      ModuleCat.ofHom (Q.ginzburgGeneratorPrefixIncomingDifferential k φ u v r c).range.mkQ

Note: The target expression is not type-correct under the `implicit` transparency level, which may have triggered the failure. This is usually caused by unfolding of semireducible definitions in prior tactic steps. Use `set_option linter.tacticCheckInstances true` to investigate the source of the issue.
Full error:
  Application type mismatch: The argument
    ModuleCat.ofHom (Q.ginzburgGeneratorPrefixIncomingDifferential k φ u v r c).range.mkQ
  has type
    @Quiver.Hom (ModuleCat k) (ModuleCat.moduleCategory k).toQuiver ↧(Q.GinzburgGeneratorPrefix k u v r r c)
      ↧(Q.GinzburgGeneratorPrefix k u v r r c ⧸ (Q.ginzburgGeneratorPrefixIncomingDifferential k φ u v r c).range)
  but is expected to have type
    @Quiver.Hom (ModuleCat k) (ModuleCat.moduleCategory k).toQuiver (HomologicalComplex.sc' K (r - 1) r (r + 1)).X₂
      ↧(Q.GinzburgGeneratorPrefix k u v r r c ⧸ (Q.ginzburgGeneratorPrefixIncomingDifferential k φ u v r c).range)
  in the application
    (HomologicalComplex.sc' K (r - 1) r (r + 1)).iCycles ≫
      ModuleCat.ofHom (Q.ginzburgGeneratorPrefixIncomingDifferential k φ u v r c).range.mkQ
