work/ASGinzburgDraft/PeriodCutEnvelopingZeroModuleRestriction.lean:19:2: error: failed to synthesize
  Module (AlgebraEnvelopingRing k (E.CutGradedRing fun i => ↑↑i))
    (AlgebraEnvelopingRing k (E.CutGradedRing fun i => ↑↑i))
(deterministic) timeout at `typeclass`, maximum number of heartbeats (20000) has been reached

Note: Use `set_option synthInstance.maxHeartbeats <num>` to set the limit.

Hint: Additional diagnostic information may be available using the `set_option diagnostics true` command.

Hint: Additional diagnostic information may be available using the `set_option diagnostics true` command.
work/ASGinzburgDraft/PeriodCutEnvelopingZeroModuleRestriction.lean:27:4: error: failed to synthesize
  HSMul (AlgebraEnvelopingRing k (E.CutGradedBlock (fun i => ↑↑i) 0))
    (AlgebraEnvelopingRing k (E.CutGradedRing fun i => ↑↑i)) ?m.32
(deterministic) timeout at `typeclass`, maximum number of heartbeats (20000) has been reached

Note: Use `set_option synthInstance.maxHeartbeats <num>` to set the limit.

Hint: Additional diagnostic information may be available using the `set_option diagnostics true` command.

Hint: Additional diagnostic information may be available using the `set_option diagnostics true` command.
work/ASGinzburgDraft/PeriodCutEnvelopingZeroModuleRestriction.lean:30:4: error: failed to synthesize
  SMul (AlgebraEnvelopingRing k (E.CutGradedBlock (fun i => ↑↑i) 0))
    (AlgebraEnvelopingRing k (E.CutGradedRing fun i => ↑↑i))
(deterministic) timeout at `typeclass`, maximum number of heartbeats (20000) has been reached

Note: Use `set_option synthInstance.maxHeartbeats <num>` to set the limit.

Hint: Additional diagnostic information may be available using the `set_option diagnostics true` command.

Hint: Additional diagnostic information may be available using the `set_option diagnostics true` command.
work/ASGinzburgDraft/PeriodCutEnvelopingZeroModuleRestriction.lean:33:2: error: Tactic `constructor` failed: target is not an inductive datatype

⊢ sorry
work/ASGinzburgDraft/PeriodCutEnvelopingZeroModuleRestriction.lean:53:0: warning: automatically included section variable(s) unused in theorem `ASGinzburg.ZAlgebra.PeriodIso.cutEnvelopingZeroRestrictedModule_smul`:
  [Module k M]
  [IsScalarTower k (AlgebraEnvelopingRing k (E.CutGradedRing fun i => ↑↑i)) M]
consider restructuring your `variable` declarations so that the variables are not in scope or explicitly omit them:
  omit [Module k M] [IsScalarTower k (AlgebraEnvelopingRing k (E.CutGradedRing fun i => ↑↑i)) M] in theorem ...

Note: This linter can be disabled with `set_option linter.unusedSectionVars false`
work/ASGinzburgDraft/PeriodCutEnvelopingZeroModuleRestriction.lean:65:6: error: Tactic `rewrite` failed: Did not find an occurrence of the pattern
  (cutEnvelopingZeroInclusion Q E).toLinearMap (?c • ?x)
in the target expression
  (cutEnvelopingZeroInclusion Q E) (c • a) • x = c • (cutEnvelopingZeroInclusion Q E) a • x

case smul_assoc
k : Type u
inst✝⁴ : Field k
A : ZAlgebra k
Q : CutQuiver
E : A.PeriodIso ↑Q.vertices
M : Type w
inst✝³ : AddCommGroup M
inst✝² : Module k M
inst✝¹ : Module (AlgebraEnvelopingRing k (E.CutGradedRing fun i => ↑↑i)) M
inst✝ : IsScalarTower k (AlgebraEnvelopingRing k (E.CutGradedRing fun i => ↑↑i)) M
c : k
a : AlgebraEnvelopingRing k (E.CutGradedBlock (fun i => ↑↑i) 0)
x : M
⊢ (cutEnvelopingZeroInclusion Q E) (c • a) • x = c • (cutEnvelopingZeroInclusion Q E) a • x
work/ASGinzburgDraft/PeriodCutEnvelopingZeroModuleRestriction.lean:69:4: error: failed to synthesize
  SMul (AlgebraEnvelopingRing k (E.CutGradedBlock (fun i => ↑↑i) 0))
    (AlgebraEnvelopingRing k (E.CutGradedRing fun i => ↑↑i))
(deterministic) timeout at `typeclass`, maximum number of heartbeats (20000) has been reached

Note: Use `set_option synthInstance.maxHeartbeats <num>` to set the limit.

Hint: Additional diagnostic information may be available using the `set_option diagnostics true` command.

Hint: Additional diagnostic information may be available using the `set_option diagnostics true` command.
work/ASGinzburgDraft/PeriodCutEnvelopingZeroModuleRestriction.lean:72:2: error: Tactic `constructor` failed: target is not an inductive datatype

⊢ sorry
