'ASGinzburg.tensorRightEnvelopingRegularLinearEquiv' depends on axioms: [propext, Quot.sound]
'ASGinzburg.tensorRightEnvelopingRegularLinearEquiv_tmul' depends on axioms: [propext, Quot.sound]
'ASGinzburg.tensorRightEnvelopingRegularEquiv' depends on axioms: [propext, Quot.sound]
'ASGinzburg.tensorRightEnvelopingRegularEquiv_tmul' depends on axioms: [propext, Quot.sound]
'ASGinzburg.tensorRightEnvelopingRegular_free' depends on axioms: [propext, Classical.choice, Quot.sound]
'ASGinzburg.tensorRightEnvelopingRegular_projective' depends on axioms: [propext, Classical.choice, Quot.sound]
'ASGinzburg.tensorRightEnvelopingFinsuppDistribution' depends on axioms: [propext, Classical.choice, Quot.sound]
'ASGinzburg.tensorRightEnvelopingFinsuppDistribution_apply_tmul' depends on axioms: [propext,
 Classical.choice,
 Quot.sound]
'ASGinzburg.tensorRightEnvelopingFinsuppEquiv' depends on axioms: [propext, Classical.choice, Quot.sound]
'ASGinzburg.tensorRightEnvelopingFinsuppEquiv_single_tmul_single' depends on axioms: [propext,
 Classical.choice,
 Quot.sound]
'ASGinzburg.tensorRightEnvelopingFinsupp_free' depends on axioms: [propext, Classical.choice, Quot.sound]
'ASGinzburg.tensorRightEnvelopingFinsupp_projective' depends on axioms: [propext, Classical.choice, Quot.sound]
'ASGinzburg.rightRegularUnopLinearEquiv' depends on axioms: [propext, Quot.sound]
'ASGinzburg.tensorRightEnvelopingModule_projective' depends on axioms: [propext, Classical.choice, Quot.sound]
'ASGinzburg.tensorRightEnvelopingModule_finite' depends on axioms: [propext, Classical.choice, Quot.sound]
'ASGinzburg.tensorRightEnvelopingFunctor' depends on axioms: [propext, Quot.sound]
'ASGinzburg.tensorRightEnvelopingFunctor_additive' depends on axioms: [propext, Quot.sound]
'ASGinzburg.tensorRightEnvelopingBifunctor' depends on axioms: [propext, Classical.choice, Quot.sound]
'ASGinzburg.tensorRightEnvelopingBifunctor_obj_additive' depends on axioms: [propext, Classical.choice, Quot.sound]
'ASGinzburg.tensorRightEnvelopingBifunctor_additive' depends on axioms: [propext, Classical.choice, Quot.sound]
'ASGinzburg.tensorRightEnvelopingBifunctor_map_app_tmul' depends on axioms: [propext, Classical.choice, Quot.sound]
'ASGinzburg.tensorRightEnvelopingBifunctor_obj_map_tmul' depends on axioms: [propext, Classical.choice, Quot.sound]
'ASGinzburg.bifunctorTotalMap_id' depends on axioms: [propext, Classical.choice, Quot.sound]
'ASGinzburg.bifunctorTotalMap_comp' depends on axioms: [propext, Classical.choice, Quot.sound]
'ASGinzburg.bifunctorTotalHomotopyEquivLeft' depends on axioms: [propext, Classical.choice, Quot.sound]
'ASGinzburg.mapBifunctorSingleLeftBicomplex' depends on axioms: [propext, Classical.choice, Quot.sound]
'ASGinzburg.mapBifunctorSingleLeftCofan' depends on axioms: [propext, Classical.choice, Quot.sound]
'ASGinzburg.mapBifunctorSingleLeftCofanIsColimit' depends on axioms: [propext, Classical.choice, Quot.sound]
'ASGinzburg.mapBifunctorSingleLeft_hasTotal' depends on axioms: [propext, Classical.choice, Quot.sound]
'ASGinzburg.mapBifunctorSingleLeftXIso' depends on axioms: [propext, Classical.choice, Quot.sound]
'ASGinzburg.mapBifunctorSingleLeftXIso_inv' depends on axioms: [propext, Classical.choice, Quot.sound]
'ASGinzburg.mapBifunctorSingleLeftXIso_inv_comm' depends on axioms: [propext, Classical.choice, Quot.sound]
'ASGinzburg.mapBifunctorSingleLeftIso' depends on axioms: [propext, Classical.choice, Quot.sound]
'ASGinzburg.mapBifunctorSingleLeftIso_inv_f' depends on axioms: [propext, Classical.choice, Quot.sound]
'ASGinzburg.ι_mapBifunctorSingleLeftIso_hom_f' depends on axioms: [propext, Classical.choice, Quot.sound]
'ASGinzburg.mapBifunctorSingleLeftIso_inv_naturality' depends on axioms: [propext, Classical.choice, Quot.sound]
'ASGinzburg.mapBifunctorSingleLeftIso_naturality' depends on axioms: [propext, Classical.choice, Quot.sound]
'ASGinzburg.bicomplexTotal_projective' depends on axioms: [propext, Classical.choice, Quot.sound]
'ASGinzburg.tensorRightEnvelopingBicomplex' depends on axioms: [propext, Classical.choice, Quot.sound]
'ASGinzburg.tensorRightEnvelopingBicomplex_projective' depends on axioms: [propext, Classical.choice, Quot.sound]
'ASGinzburg.tensorRightEnvelopingTotal' depends on axioms: [propext, Classical.choice, Quot.sound]
'ASGinzburg.tensorRightEnvelopingTotal_projective' depends on axioms: [propext, Classical.choice, Quot.sound]
'ASGinzburg.bifunctorTotalResolutionLeftHomotopyEquiv' depends on axioms: [propext, Classical.choice, Quot.sound]
'ASGinzburg.bifunctorTotalResolutionLeftHomotopyEquiv_hom' depends on axioms: [propext, Classical.choice, Quot.sound]
'ASGinzburg.bifunctorTotalResolutionLeft_quasiIso' depends on axioms: [propext, Classical.choice, Quot.sound]
'ASGinzburg.bifunctorTotalResolutionHomotopyEquiv' depends on axioms: [propext, Classical.choice, Quot.sound]
'ASGinzburg.bifunctorTotalResolutionHomotopyEquiv_hom' depends on axioms: [propext, Classical.choice, Quot.sound]
'ASGinzburg.bifunctorTotalResolution_quasiIso' depends on axioms: [propext, Classical.choice, Quot.sound]
'ASGinzburg.ZAlgebra.ASRegular.cutSemisimpleEnvelopingEquiv' depends on axioms: [propext, Classical.choice, Quot.sound]
'ASGinzburg.ZAlgebra.ASRegular.cutSemisimpleEnveloping_isSemisimple' depends on axioms: [propext,
 Classical.choice,
 Quot.sound]
'ASGinzburg.ZAlgebra.ASRegular.cutSemisimpleBaseChangeEquiv' depends on axioms: [propext, Classical.choice, Quot.sound]
'ASGinzburg.ZAlgebra.ASRegular.cutSemisimpleBaseChange_isSemisimple' depends on axioms: [propext,
 Classical.choice,
 Quot.sound]
'ASGinzburg.ZAlgebra.ASRegular.cutSemisimpleBimodule_projective' depends on axioms: [propext,
 Classical.choice,
 Quot.sound]
'ASGinzburg.ZAlgebra.ASRegular.cutSemisimpleBimodule_finite' depends on axioms: [propext, Classical.choice, Quot.sound]
'ASGinzburg.moduleCatFiniteCoproductEquivPi' depends on axioms: [propext, Classical.choice, Quot.sound]
'ASGinzburg.moduleCatFiniteCoproduct_finite' depends on axioms: [propext, Classical.choice, Quot.sound]
'ASGinzburg.bicomplexTotal_finite' depends on axioms: [propext, Classical.choice, Quot.sound]
'ASGinzburg.natTotalDiagonal_finite' depends on axioms: [propext, Classical.choice, Quot.sound]
'ASGinzburg.tensorRightEnvelopingTotal_finite' depends on axioms: [propext, Classical.choice, Quot.sound]
'ASGinzburg.bicomplexMapFunctor' depends on axioms: [propext, Classical.choice, Quot.sound]
'ASGinzburg.bicomplexMapFunctor_hasTotal' depends on axioms: [propext, Classical.choice, Quot.sound]
'ASGinzburg.bicomplexTotalFunctorXIso' depends on axioms: [propext, Classical.choice, Quot.sound]
'ASGinzburg.ι_bicomplexTotalFunctorXIso_inv' depends on axioms: [propext, Classical.choice, Quot.sound]
'ASGinzburg.ιOrZero_bicomplexTotalFunctorXIso_inv' depends on axioms: [propext, Classical.choice, Quot.sound]
'ASGinzburg.d₁_bicomplexTotalFunctorXIso_inv' depends on axioms: [propext, Classical.choice, Quot.sound]
'ASGinzburg.d₂_bicomplexTotalFunctorXIso_inv' depends on axioms: [propext, Classical.choice, Quot.sound]
'ASGinzburg.bicomplexTotalFunctorXIso_inv_comm' depends on axioms: [propext, Classical.choice, Quot.sound]
'ASGinzburg.bicomplexTotalFunctorIso' depends on axioms: [propext, Classical.choice, Quot.sound]
'ASGinzburg.bicomplexTotalFunctorIso_inv_f' depends on axioms: [propext, Classical.choice, Quot.sound]
'ASGinzburg.bicomplexTotalFunctorIso_hom_f' depends on axioms: [propext, Classical.choice, Quot.sound]
'ASGinzburg.ι_bicomplexTotalFunctorIso_inv_f' depends on axioms: [propext, Classical.choice, Quot.sound]
'ASGinzburg.map_ι_bicomplexTotalFunctorIso_hom_f' depends on axioms: [propext, Classical.choice, Quot.sound]
'ASGinzburg.bicomplexTotalFunctorIso_inv_naturality' depends on axioms: [propext, Classical.choice, Quot.sound]
'ASGinzburg.bicomplexTotalFunctorIso_hom_naturality' depends on axioms: [propext, Classical.choice, Quot.sound]
'ASGinzburg.natBicomplex_hasTotal' depends on axioms: [propext, Classical.choice, Quot.sound]
'ASGinzburg.nat_hasMapBifunctor' depends on axioms: [propext, Classical.choice, Quot.sound]
'ASGinzburg.moduleTensorFunctor' depends on axioms: [propext, Quot.sound]
'ASGinzburg.moduleTensorFunctor_additive' depends on axioms: [propext, Quot.sound]
'ASGinzburg.moduleTensorBifunctor' depends on axioms: [propext, Classical.choice, Quot.sound]
'ASGinzburg.moduleTensorBifunctor_obj_additive' depends on axioms: [propext, Classical.choice, Quot.sound]
'ASGinzburg.moduleTensorBifunctor_additive' depends on axioms: [propext, Classical.choice, Quot.sound]
'ASGinzburg.tensorRightEnvelopingRestrictScalarsIso' depends on axioms: [propext, Classical.choice, Quot.sound]
'ASGinzburg.tensorRightEnvelopingRestrictScalarsIso_hom_apply' depends on axioms: [propext,
 Classical.choice,
 Quot.sound]
'ASGinzburg.tensorRightEnvelopingRestrictScalarsIso_inv_apply' depends on axioms: [propext,
 Classical.choice,
 Quot.sound]
'ASGinzburg.tensorRightEnvelopingBicomplexRestrictScalarsIso' depends on axioms: [propext, Classical.choice, Quot.sound]
'ASGinzburg.moduleCatField_projective' depends on axioms: [propext, Classical.choice, Quot.sound]
'ASGinzburg.moduleFieldRestrictionPreservesHomology' depends on axioms: [propext, Classical.choice, Quot.sound]
'ASGinzburg.moduleFieldRestrictionResolution' depends on axioms: [propext, Classical.choice, Quot.sound]
'ASGinzburg.tensorRightEnvelopingTotalRestrictScalarsIso' depends on axioms: [propext, Classical.choice, Quot.sound]
'ASGinzburg.tensorRightEnvelopingAugmentation' depends on axioms: [propext, Classical.choice, Quot.sound]
'ASGinzburg.tensorRightEnvelopingAugmentation_ι_zero' depends on axioms: [propext, Classical.choice, Quot.sound]
'ASGinzburg.moduleFieldTensorResolutionHomotopyEquiv' depends on axioms: [propext, Classical.choice, Quot.sound]
'ASGinzburg.moduleFieldTensorResolutionHomotopyEquiv_quasiIso' depends on axioms: [propext,
 Classical.choice,
 Quot.sound]
'ASGinzburg.bifunctorTotalResolutionHomotopyEquiv_ι_zero' depends on axioms: [propext, Classical.choice, Quot.sound]
'ASGinzburg.ι_tensorRightEnvelopingTotalRestrictScalarsIso_inv_f' depends on axioms: [propext,
 Classical.choice,
 Quot.sound]
'ASGinzburg.tensorRightEnvelopingAugmentation_restrictScalars' depends on axioms: [propext,
 Classical.choice,
 Quot.sound]
'ASGinzburg.tensorRightEnvelopingAugmentation_quasiIso' depends on axioms: [propext, Classical.choice, Quot.sound]
'ASGinzburg.tensorRightEnvelopingResolution' depends on axioms: [propext, Classical.choice, Quot.sound]
'ASGinzburg.tensorRightEnvelopingResolution_finite' depends on axioms: [propext, Classical.choice, Quot.sound]
'ASGinzburg.bifunctorTotal_isZero_of_bounded' depends on axioms: [propext, Classical.choice, Quot.sound]
'ASGinzburg.tensorRightEnvelopingResolution_isZero' depends on axioms: [propext, Classical.choice, Quot.sound]
