'ASGinzburg.scalarProductPairFunctionEquiv' depends on axioms: [propext, Quot.sound]
'ASGinzburg.scalarProductPairEnvelopingEquiv' depends on axioms: [propext, Classical.choice, Quot.sound]
'ASGinzburg.scalarProductPairEnvelopingEquiv_tmul_apply' depends on axioms: [propext, Classical.choice, Quot.sound]
'ASGinzburg.scalarProductPairEnvelopingEquiv_delta' depends on axioms: [propext, Classical.choice, Quot.sound]
'ASGinzburg.ZAlgebra.PeriodIso.cutEnvelopingOppositeFactorScalarTower' depends on axioms: [propext,
 Classical.choice,
 Quot.sound]
'ASGinzburg.ZAlgebra.PeriodIso.cutEnvelopingOppositeFactorScalarComm' depends on axioms: [propext,
 Classical.choice,
 Quot.sound]
'ASGinzburg.ZAlgebra.PeriodIso.cutEnvelopingVertexIdempotent' depends on axioms: [propext, Classical.choice, Quot.sound]
'ASGinzburg.ZAlgebra.PeriodIso.cutEnvelopingVertexIdempotent_mul_self' depends on axioms: [propext,
 Classical.choice,
 Quot.sound]
'ASGinzburg.ZAlgebra.PeriodIso.cutEnvelopingVertexIdempotent_mul_ne' depends on axioms: [propext,
 Classical.choice,
 Quot.sound]
'ASGinzburg.ZAlgebra.PeriodIso.sum_cutEnvelopingVertexIdempotent' depends on axioms: [propext,
 Classical.choice,
 Quot.sound]
