Current branch: HEAD
Using cache (Cloudflare) from origin: leanprover-community/mathlib4
Attempting to download 3332 file(s) from leanprover-community/mathlib4 cache

Downloaded: 1 file(s) [attempted 1/3332 = 0%, 196 KB/s]
Downloaded: 10 file(s) [attempted 10/3332 = 0%, 41 KB/s]
Downloaded: 21 file(s) [attempted 21/3332 = 0%, 24 KB/s]
Downloaded: 41 file(s) [attempted 41/3332 = 1%, 113 KB/s]
Downloaded: 54 file(s) [attempted 54/3332 = 1%, 152 KB/s]
Downloaded: 65 file(s) [attempted 65/3332 = 1%, 184 KB/s]
Downloaded: 70 file(s) [attempted 70/3332 = 2%, 44 KB/s]
Downloaded: 80 file(s) [attempted 80/3332 = 2%, 62 KB/s]
Downloaded: 89 file(s) [attempted 89/3332 = 2%, 53 KB/s]
Downloaded: 107 file(s) [attempted 107/3332 = 3%, 51 KB/s]
Downloaded: 122 file(s) [attempted 122/3332 = 3%, 185 KB/s]
Downloaded: 126 file(s) [attempted 126/3332 = 3%, 124 KB/s]
Downloaded: 137 file(s) [attempted 137/3332 = 4%, 32 KB/s]
Downloaded: 148 file(s) [attempted 148/3332 = 4%, 100 KB/s]
Downloaded: 161 file(s) [attempted 161/3332 = 4%, 27 KB/s]
Downloaded: 172 file(s) [attempted 172/3332 = 5%, 29 KB/s]
Downloaded: 185 file(s) [attempted 185/3332 = 5%, 286 KB/s]
Downloaded: 196 file(s) [attempted 196/3332 = 5%, 292 KB/s]
Downloaded: 214 file(s) [attempted 214/3332 = 6%, 70 KB/s]
Downloaded: 227 file(s) [attempted 227/3332 = 6%, 38 KB/s]
Downloaded: 236 file(s) [attempted 236/3332 = 7%, 21 KB/s]
Downloaded: 251 file(s) [attempted 251/3332 = 7%, 27 KB/s]
Downloaded: 258 file(s) [attempted 258/3332 = 7%, 30 KB/s]
Downloaded: 271 file(s) [attempted 271/3332 = 8%, 187 KB/s]
Downloaded: 280 file(s) [attempted 280/3332 = 8%, 7 KB/s]
Downloaded: 288 file(s) [attempted 288/3332 = 8%, 20 KB/s]
Downloaded: 301 file(s) [attempted 301/3332 = 9%, 276 KB/s]
Downloaded: 315 file(s) [attempted 315/3332 = 9%, 135 KB/s]
Downloaded: 323 file(s) [attempted 323/3332 = 9%, 65 KB/s]
Downloaded: 336 file(s) [attempted 336/3332 = 10%, 91 KB/s]
Downloaded: 352 file(s) [attempted 352/3332 = 10%, 55 KB/s]
Downloaded: 369 file(s) [attempted 369/3332 = 11%, 86 KB/s]
Downloaded: 378 file(s) [attempted 378/3332 = 11%, 69 KB/s]
Downloaded: 393 file(s) [attempted 393/3332 = 11%, 21 KB/s]
Downloaded: 404 file(s) [attempted 404/3332 = 12%, 83 KB/s]
Downloaded: 417 file(s) [attempted 417/3332 = 12%, 29 KB/s]
Downloaded: 428 file(s) [attempted 428/3332 = 12%, 75 KB/s]
Downloaded: 441 file(s) [attempted 441/3332 = 13%, 47 KB/s]
Downloaded: 450 file(s) [attempted 450/3332 = 13%, 57 KB/s]
Downloaded: 463 file(s) [attempted 463/3332 = 13%, 11 KB/s]
Downloaded: 472 file(s) [attempted 472/3332 = 14%, 11 KB/s]
Downloaded: 483 file(s) [attempted 483/3332 = 14%, 55 KB/s]
Downloaded: 496 file(s) [attempted 496/3332 = 14%, 150 KB/s]
Downloaded: 511 file(s) [attempted 511/3332 = 15%, 85 KB/s]
Downloaded: 525 file(s) [attempted 525/3332 = 15%, 128 KB/s]
Downloaded: 536 file(s) [attempted 536/3332 = 16%, 19 KB/s]
Downloaded: 549 file(s) [attempted 549/3332 = 16%, 308 KB/s]
Downloaded: 555 file(s) [attempted 555/3332 = 16%, 125 KB/s]
Downloaded: 557 file(s) [attempted 557/3332 = 16%, 27 KB/s]
Downloaded: 562 file(s) [attempted 562/3332 = 16%, 72 KB/s]
Downloaded: 577 file(s) [attempted 577/3332 = 17%, 13 KB/s]
Downloaded: 591 file(s) [attempted 591/3332 = 17%, 94 KB/s]
Downloaded: 603 file(s) [attempted 603/3332 = 18%, 119 KB/s]
Downloaded: 623 file(s) [attempted 623/3332 = 18%, 36 KB/s]
Downloaded: 638 file(s) [attempted 638/3332 = 19%, 49 KB/s]
Downloaded: 643 file(s) [attempted 643/3332 = 19%, 14 KB/s]
Downloaded: 649 file(s) [attempted 649/3332 = 19%, 42 KB/s]
Downloaded: 662 file(s) [attempted 662/3332 = 19%, 6 KB/s]
Downloaded: 678 file(s) [attempted 678/3332 = 20%, 44 KB/s]
Downloaded: 691 file(s) [attempted 691/3332 = 20%, 61 KB/s]
Downloaded: 697 file(s) [attempted 697/3332 = 20%, 57 KB/s]
Downloaded: 708 file(s) [attempted 708/3332 = 21%, 30 KB/s]
Downloaded: 715 file(s) [attempted 715/3332 = 21%, 47 KB/s]
Downloaded: 719 file(s) [attempted 719/3332 = 21%, 20 KB/s]
Downloaded: 737 file(s) [attempted 737/3332 = 22%, 59 KB/s]
Downloaded: 748 file(s) [attempted 748/3332 = 22%, 78 KB/s]
Downloaded: 759 file(s) [attempted 759/3332 = 22%, 47 KB/s]
Downloaded: 772 file(s) [attempted 772/3332 = 23%, 32 KB/s]
Downloaded: 781 file(s) [attempted 781/3332 = 23%, 23 KB/s]
Downloaded: 792 file(s) [attempted 792/3332 = 23%, 44 KB/s]
Downloaded: 802 file(s) [attempted 802/3332 = 24%, 155 KB/s]
Downloaded: 811 file(s) [attempted 811/3332 = 24%, 20 KB/s]
Downloaded: 829 file(s) [attempted 829/3332 = 24%, 4 KB/s]
Downloaded: 837 file(s) [attempted 837/3332 = 25%, 74 KB/s]
Downloaded: 848 file(s) [attempted 848/3332 = 25%, 50 KB/s]
Downloaded: 857 file(s) [attempted 857/3332 = 25%, 75 KB/s]
Downloaded: 872 file(s) [attempted 872/3332 = 26%, 138 KB/s]
Downloaded: 890 file(s) [attempted 890/3332 = 26%, 142 KB/s]
Downloaded: 903 file(s) [attempted 903/3332 = 27%, 103 KB/s]
Downloaded: 912 file(s) [attempted 912/3332 = 27%, 108 KB/s]
Downloaded: 921 file(s) [attempted 921/3332 = 27%, 55 KB/s]
Downloaded: 936 file(s) [attempted 936/3332 = 28%, 54 KB/s]
Downloaded: 947 file(s) [attempted 947/3332 = 28%, 4 KB/s]
Downloaded: 958 file(s) [attempted 958/3332 = 28%, 104 KB/s]
Downloaded: 969 file(s) [attempted 969/3332 = 29%, 213 KB/s]
Downloaded: 982 file(s) [attempted 982/3332 = 29%, 14 KB/s]
Downloaded: 993 file(s) [attempted 993/3332 = 29%, 69 KB/s]
Downloaded: 1006 file(s) [attempted 1006/3332 = 30%, 227 KB/s]
Downloaded: 1019 file(s) [attempted 1019/3332 = 30%, 71 KB/s]
Downloaded: 1030 file(s) [attempted 1030/3332 = 30%, 77 KB/s]
Downloaded: 1039 file(s) [attempted 1039/3332 = 31%, 9 KB/s]
Downloaded: 1050 file(s) [attempted 1050/3332 = 31%, 8 KB/s]
Downloaded: 1061 file(s) [attempted 1061/3332 = 31%, 30 KB/s]
Downloaded: 1069 file(s) [attempted 1069/3332 = 32%, 57 KB/s]
Downloaded: 1080 file(s) [attempted 1080/3332 = 32%, 99 KB/s]
Downloaded: 1098 file(s) [attempted 1098/3332 = 32%, 53 KB/s]
Downloaded: 1106 file(s) [attempted 1106/3332 = 33%, 99 KB/s]
Downloaded: 1120 file(s) [attempted 1120/3332 = 33%, 266 KB/s]
Downloaded: 1126 file(s) [attempted 1126/3332 = 33%, 258 KB/s]
Downloaded: 1139 file(s) [attempted 1139/3332 = 34%, 18 KB/s]
Downloaded: 1152 file(s) [attempted 1152/3332 = 34%, 191 KB/s]
Downloaded: 1163 file(s) [attempted 1163/3332 = 34%, 76 KB/s]
Downloaded: 1174 file(s) [attempted 1174/3332 = 35%, 163 KB/s]
Downloaded: 1185 file(s) [attempted 1185/3332 = 35%, 45 KB/s]
Downloaded: 1194 file(s) [attempted 1194/3332 = 35%, 42 KB/s]
Downloaded: 1209 file(s) [attempted 1209/3332 = 36%, 211 KB/s]
Downloaded: 1214 file(s) [attempted 1214/3332 = 36%, 13 KB/s]
Downloaded: 1224 file(s) [attempted 1224/3332 = 36%, 24 KB/s]
Downloaded: 1235 file(s) [attempted 1235/3332 = 37%, 34 KB/s]
Downloaded: 1248 file(s) [attempted 1248/3332 = 37%, 22 KB/s]
Downloaded: 1264 file(s) [attempted 1264/3332 = 37%, 168 KB/s]
Downloaded: 1279 file(s) [attempted 1279/3332 = 38%, 88 KB/s]
Downloaded: 1290 file(s) [attempted 1290/3332 = 38%, 86 KB/s]
Downloaded: 1303 file(s) [attempted 1303/3332 = 39%, 165 KB/s]
Downloaded: 1305 file(s) [attempted 1305/3332 = 39%, 26 KB/s]
Downloaded: 1323 file(s) [attempted 1323/3332 = 39%, 43 KB/s]
Downloaded: 1332 file(s) [attempted 1332/3332 = 39%, 63 KB/s]
Downloaded: 1340 file(s) [attempted 1340/3332 = 40%, 36 KB/s]
Downloaded: 1351 file(s) [attempted 1351/3332 = 40%, 21 KB/s]
Downloaded: 1360 file(s) [attempted 1360/3332 = 40%, 21 KB/s]
Downloaded: 1375 file(s) [attempted 1375/3332 = 41%, 242 KB/s]
Downloaded: 1388 file(s) [attempted 1388/3332 = 41%, 45 KB/s]
Downloaded: 1397 file(s) [attempted 1397/3332 = 41%, 261 KB/s]
Downloaded: 1406 file(s) [attempted 1406/3332 = 42%, 68 KB/s]
Downloaded: 1423 file(s) [attempted 1423/3332 = 42%, 30 KB/s]
Downloaded: 1434 file(s) [attempted 1434/3332 = 43%, 19 KB/s]
Downloaded: 1445 file(s) [attempted 1445/3332 = 43%, 10 KB/s]
Downloaded: 1454 file(s) [attempted 1454/3332 = 43%, 78 KB/s]
Downloaded: 1460 file(s) [attempted 1460/3332 = 43%, 68 KB/s]
Downloaded: 1469 file(s) [attempted 1469/3332 = 44%, 517 KB/s]
Downloaded: 1482 file(s) [attempted 1482/3332 = 44%, 70 KB/s]
Downloaded: 1495 file(s) [attempted 1495/3332 = 44%, 73 KB/s]
Downloaded: 1515 file(s) [attempted 1515/3332 = 45%, 208 KB/s]
Downloaded: 1527 file(s) [attempted 1527/3332 = 45%, 119 KB/s]
Downloaded: 1535 file(s) [attempted 1535/3332 = 46%, 119 KB/s]
Downloaded: 1548 file(s) [attempted 1548/3332 = 46%, 43 KB/s]
Downloaded: 1559 file(s) [attempted 1559/3332 = 46%, 145 KB/s]
Downloaded: 1572 file(s) [attempted 1572/3332 = 47%, 86 KB/s]
Downloaded: 1585 file(s) [attempted 1585/3332 = 47%, 6 KB/s]
Downloaded: 1598 file(s) [attempted 1598/3332 = 47%, 3846 KB/s]
Downloaded: 1605 file(s) [attempted 1605/3332 = 48%, 209 KB/s]
Downloaded: 1613 file(s) [attempted 1613/3332 = 48%, 74 KB/s]
Downloaded: 1624 file(s) [attempted 1624/3332 = 48%, 22 KB/s]
Downloaded: 1638 file(s) [attempted 1638/3332 = 49%, 30 KB/s]
Downloaded: 1651 file(s) [attempted 1651/3332 = 49%, 13 KB/s]
Downloaded: 1666 file(s) [attempted 1666/3332 = 50%, 10 KB/s]
Downloaded: 1677 file(s) [attempted 1677/3332 = 50%, 72 KB/s]
Downloaded: 1690 file(s) [attempted 1690/3332 = 50%, 243 KB/s]
Downloaded: 1699 file(s) [attempted 1699/3332 = 50%, 109 KB/s]
Downloaded: 1710 file(s) [attempted 1710/3332 = 51%, 86 KB/s]
Downloaded: 1725 file(s) [attempted 1725/3332 = 51%, 277 KB/s]
Downloaded: 1738 file(s) [attempted 1738/3332 = 52%, 23 KB/s]
Downloaded: 1749 file(s) [attempted 1749/3332 = 52%, 71 KB/s]
Downloaded: 1771 file(s) [attempted 1771/3332 = 53%, 41 KB/s]
Downloaded: 1775 file(s) [attempted 1775/3332 = 53%, 83 KB/s]
Downloaded: 1777 file(s) [attempted 1777/3332 = 53%, 409 KB/s]
Downloaded: 1788 file(s) [attempted 1788/3332 = 53%, 54 KB/s]
Downloaded: 1799 file(s) [attempted 1799/3332 = 53%, 33 KB/s]
Downloaded: 1806 file(s) [attempted 1806/3332 = 54%, 11 KB/s]
Downloaded: 1825 file(s) [attempted 1825/3332 = 54%, 57 KB/s]
Downloaded: 1834 file(s) [attempted 1834/3332 = 55%, 12 KB/s]
Downloaded: 1849 file(s) [attempted 1849/3332 = 55%, 49 KB/s]
Downloaded: 1858 file(s) [attempted 1858/3332 = 55%, 62 KB/s]
Downloaded: 1869 file(s) [attempted 1869/3332 = 56%, 74 KB/s]
Downloaded: 1882 file(s) [attempted 1882/3332 = 56%, 43 KB/s]
Downloaded: 1891 file(s) [attempted 1891/3332 = 56%, 102 KB/s]
Downloaded: 1902 file(s) [attempted 1902/3332 = 57%, 83 KB/s]
Downloaded: 1911 file(s) [attempted 1911/3332 = 57%, 23 KB/s]
Downloaded: 1924 file(s) [attempted 1924/3332 = 57%, 109 KB/s]
Downloaded: 1943 file(s) [attempted 1943/3332 = 58%, 192 KB/s]
Downloaded: 1948 file(s) [attempted 1948/3332 = 58%, 64 KB/s]
Downloaded: 1954 file(s) [attempted 1954/3332 = 58%, 141 KB/s]
Downloaded: 1968 file(s) [attempted 1968/3332 = 59%, 131 KB/s]
Downloaded: 1978 file(s) [attempted 1978/3332 = 59%, 61 KB/s]
Downloaded: 1992 file(s) [attempted 1992/3332 = 59%, 116 KB/s]
Downloaded: 1998 file(s) [attempted 1998/3332 = 59%, 25 KB/s]
Downloaded: 2011 file(s) [attempted 2011/3332 = 60%, 23 KB/s]
Downloaded: 2020 file(s) [attempted 2020/3332 = 60%, 103 KB/s]
Downloaded: 2033 file(s) [attempted 2033/3332 = 61%, 17 KB/s]
Downloaded: 2046 file(s) [attempted 2046/3332 = 61%, 250 KB/s]
Downloaded: 2055 file(s) [attempted 2055/3332 = 61%, 48 KB/s]
Downloaded: 2068 file(s) [attempted 2068/3332 = 62%, 93 KB/s]
Downloaded: 2081 file(s) [attempted 2081/3332 = 62%, 8 KB/s]
Downloaded: 2090 file(s) [attempted 2090/3332 = 62%, 52 KB/s]
Downloaded: 2103 file(s) [attempted 2103/3332 = 63%, 19 KB/s]
Downloaded: 2114 file(s) [attempted 2114/3332 = 63%, 12 KB/s]
Downloaded: 2118 file(s) [attempted 2118/3332 = 63%, 217 KB/s]
Downloaded: 2138 file(s) [attempted 2138/3332 = 64%, 249 KB/s]
Downloaded: 2147 file(s) [attempted 2147/3332 = 64%, 14 KB/s]
Downloaded: 2153 file(s) [attempted 2153/3332 = 64%, 13 KB/s]
Downloaded: 2166 file(s) [attempted 2166/3332 = 65%, 84 KB/s]
Downloaded: 2177 file(s) [attempted 2177/3332 = 65%, 54 KB/s]
Downloaded: 2190 file(s) [attempted 2190/3332 = 65%, 154 KB/s]
Downloaded: 2206 file(s) [attempted 2206/3332 = 66%, 174 KB/s]
Downloaded: 2214 file(s) [attempted 2214/3332 = 66%, 77 KB/s]
Downloaded: 2228 file(s) [attempted 2228/3332 = 66%, 34 KB/s]
Downloaded: 2239 file(s) [attempted 2239/3332 = 67%, 38 KB/s]
Downloaded: 2247 file(s) [attempted 2247/3332 = 67%, 28 KB/s]
Downloaded: 2249 file(s) [attempted 2249/3332 = 67%, 17 KB/s]
Downloaded: 2258 file(s) [attempted 2258/3332 = 67%, 192 KB/s]
Downloaded: 2265 file(s) [attempted 2265/3332 = 67%, 11 KB/s]
Downloaded: 2276 file(s) [attempted 2276/3332 = 68%, 43 KB/s]
Downloaded: 2284 file(s) [attempted 2284/3332 = 68%, 139 KB/s]
Downloaded: 2302 file(s) [attempted 2302/3332 = 69%, 35 KB/s]
Downloaded: 2308 file(s) [attempted 2308/3332 = 69%, 25 KB/s]
Downloaded: 2317 file(s) [attempted 2317/3332 = 69%, 26 KB/s]
Downloaded: 2332 file(s) [attempted 2332/3332 = 69%, 11 KB/s]
Downloaded: 2343 file(s) [attempted 2343/3332 = 70%, 89 KB/s]
Downloaded: 2348 file(s) [attempted 2348/3332 = 70%, 154 KB/s]
Downloaded: 2361 file(s) [attempted 2361/3332 = 70%, 189 KB/s]
Downloaded: 2370 file(s) [attempted 2370/3332 = 71%, 101 KB/s]
Downloaded: 2394 file(s) [attempted 2394/3332 = 71%, 3 KB/s]
Downloaded: 2402 file(s) [attempted 2402/3332 = 72%, 8 KB/s]
Downloaded: 2409 file(s) [attempted 2409/3332 = 72%, 294 KB/s]
Downloaded: 2420 file(s) [attempted 2420/3332 = 72%, 168 KB/s]
Downloaded: 2426 file(s) [attempted 2426/3332 = 72%, 10 KB/s]
Downloaded: 2442 file(s) [attempted 2442/3332 = 73%, 71 KB/s]
Downloaded: 2448 file(s) [attempted 2448/3332 = 73%, 9 KB/s]
Downloaded: 2475 file(s) [attempted 2475/3332 = 74%, 88 KB/s]
Downloaded: 2481 file(s) [attempted 2481/3332 = 74%, 20 KB/s]
Downloaded: 2483 file(s) [attempted 2483/3332 = 74%, 77 KB/s]
Downloaded: 2485 file(s) [attempted 2485/3332 = 74%, 154 KB/s]
Downloaded: 2492 file(s) [attempted 2492/3332 = 74%, 69 KB/s]
Downloaded: 2501 file(s) [attempted 2501/3332 = 75%, 138 KB/s]
Downloaded: 2516 file(s) [attempted 2516/3332 = 75%, 131 KB/s]
Downloaded: 2526 file(s) [attempted 2526/3332 = 75%, 64 KB/s]
Downloaded: 2538 file(s) [attempted 2538/3332 = 76%, 29 KB/s]
Downloaded: 2549 file(s) [attempted 2549/3332 = 76%, 13 KB/s]
Downloaded: 2555 file(s) [attempted 2555/3332 = 76%, 170 KB/s]
Downloaded: 2569 file(s) [attempted 2569/3332 = 77%, 45 KB/s]
Downloaded: 2579 file(s) [attempted 2579/3332 = 77%, 15 KB/s]
Downloaded: 2584 file(s) [attempted 2584/3332 = 77%, 119 KB/s]
Downloaded: 2603 file(s) [attempted 2603/3332 = 78%, 23 KB/s]
Downloaded: 2612 file(s) [attempted 2612/3332 = 78%, 48 KB/s]
Downloaded: 2621 file(s) [attempted 2621/3332 = 78%, 154 KB/s]
Downloaded: 2636 file(s) [attempted 2636/3332 = 79%, 53 KB/s]
Downloaded: 2638 file(s) [attempted 2638/3332 = 79%, 162 KB/s]
Downloaded: 2652 file(s) [attempted 2652/3332 = 79%, 52 KB/s]
Downloaded: 2669 file(s) [attempted 2669/3332 = 80%, 30 KB/s]
Downloaded: 2678 file(s) [attempted 2678/3332 = 80%, 50 KB/s]
Downloaded: 2680 file(s) [attempted 2680/3332 = 80%, 9 KB/s]
Downloaded: 2693 file(s) [attempted 2693/3332 = 80%, 101 KB/s]
Downloaded: 2708 file(s) [attempted 2708/3332 = 81%, 52 KB/s]
Downloaded: 2719 file(s) [attempted 2719/3332 = 81%, 14 KB/s]
Downloaded: 2754 file(s) [attempted 2754/3332 = 82%, 284 KB/s]
Downloaded: 2765 file(s) [attempted 2765/3332 = 82%, 541 KB/s]
Downloaded: 2770 file(s) [attempted 2770/3332 = 83%, 76 KB/s]
Downloaded: 2783 file(s) [attempted 2783/3332 = 83%, 118 KB/s]
Downloaded: 2791 file(s) [attempted 2791/3332 = 83%, 7 KB/s]
Downloaded: 2802 file(s) [attempted 2802/3332 = 84%, 5 KB/s]
Downloaded: 2818 file(s) [attempted 2818/3332 = 84%, 80 KB/s]
Downloaded: 2846 file(s) [attempted 2846/3332 = 85%, 155 KB/s]
Downloaded: 2855 file(s) [attempted 2855/3332 = 85%, 23 KB/s]
Downloaded: 2866 file(s) [attempted 2866/3332 = 86%, 186 KB/s]
Downloaded: 2879 file(s) [attempted 2879/3332 = 86%, 262 KB/s]
Downloaded: 2894 file(s) [attempted 2894/3332 = 86%, 74 KB/s]
Downloaded: 2905 file(s) [attempted 2905/3332 = 87%, 151 KB/s]
Downloaded: 2916 file(s) [attempted 2916/3332 = 87%, 28 KB/s]
Downloaded: 2918 file(s) [attempted 2918/3332 = 87%, 181 KB/s]
Downloaded: 2920 file(s) [attempted 2920/3332 = 87%, 29 KB/s]
Downloaded: 2955 file(s) [attempted 2955/3332 = 88%, 44 KB/s]
Downloaded: 2962 file(s) [attempted 2962/3332 = 88%, 26 KB/s]
Downloaded: 2968 file(s) [attempted 2968/3332 = 89%, 10 KB/s]
Downloaded: 2977 file(s) [attempted 2977/3332 = 89%, 125 KB/s]
Downloaded: 2988 file(s) [attempted 2988/3332 = 89%, 59 KB/s]
Downloaded: 3003 file(s) [attempted 3003/3332 = 90%, 61 KB/s]
Downloaded: 3017 file(s) [attempted 3017/3332 = 90%, 67 KB/s]
Downloaded: 3036 file(s) [attempted 3036/3332 = 91%, 118 KB/s]
Downloaded: 3043 file(s) [attempted 3043/3332 = 91%, 213 KB/s]
Downloaded: 3047 file(s) [attempted 3047/3332 = 91%, 69 KB/s]
Downloaded: 3052 file(s) [attempted 3052/3332 = 91%, 30 KB/s]
Downloaded: 3058 file(s) [attempted 3058/3332 = 91%, 114 KB/s]
Downloaded: 3069 file(s) [attempted 3069/3332 = 92%, 50 KB/s]
Downloaded: 3076 file(s) [attempted 3076/3332 = 92%, 12 KB/s]
Downloaded: 3089 file(s) [attempted 3089/3332 = 92%, 63 KB/s]
Downloaded: 3102 file(s) [attempted 3102/3332 = 93%, 26 KB/s]
Downloaded: 3113 file(s) [attempted 3113/3332 = 93%, 63 KB/s]
Downloaded: 3124 file(s) [attempted 3124/3332 = 93%, 120 KB/s]
Downloaded: 3135 file(s) [attempted 3135/3332 = 94%, 34 KB/s]
Downloaded: 3141 file(s) [attempted 3141/3332 = 94%, 59 KB/s]
Downloaded: 3150 file(s) [attempted 3150/3332 = 94%, 9 KB/s]
Downloaded: 3161 file(s) [attempted 3161/3332 = 94%, 23 KB/s]
Downloaded: 3172 file(s) [attempted 3172/3332 = 95%, 24 KB/s]
Downloaded: 3176 file(s) [attempted 3176/3332 = 95%, 106 KB/s]
Downloaded: 3198 file(s) [attempted 3198/3332 = 95%, 134 KB/s]
Downloaded: 3209 file(s) [attempted 3209/3332 = 96%, 79 KB/s]
Downloaded: 3222 file(s) [attempted 3222/3332 = 96%, 9 KB/s]
Downloaded: 3226 file(s) [attempted 3226/3332 = 96%, 11 KB/s]
Downloaded: 3242 file(s) [attempted 3242/3332 = 97%, 35 KB/s]
Downloaded: 3253 file(s) [attempted 3253/3332 = 97%, 129 KB/s]
Downloaded: 3266 file(s) [attempted 3266/3332 = 98%, 137 KB/s]
Downloaded: 3274 file(s) [attempted 3274/3332 = 98%, 122 KB/s]
Downloaded: 3285 file(s) [attempted 3285/3332 = 98%, 49 KB/s]
Downloaded: 3298 file(s) [attempted 3298/3332 = 98%, 6 KB/s]
Downloaded: 3314 file(s) [attempted 3314/3332 = 99%, 18 KB/s]
Downloaded: 3327 file(s) [attempted 3327/3332 = 99%, 131 KB/s]
Downloaded: 3329 file(s) [attempted 3329/3332 = 99%, 77 KB/s]
Downloaded: 3331 file(s) [attempted 3331/3332 = 99%, 3 KB/s]
Downloaded: 3332 file(s) [attempted 3332/3332 = 100%, 3 KB/s]
Decompressing 3332 file(s)
Unpacked in 33328 ms
Completed successfully!
