⚠ [3401/3422] Replayed ASGinzburg.PathAlgebra
warning: ASGinzburg/PathAlgebra.lean:97:42: This simp argument is unused:
  LinearMap.add_apply

Hint: Omit it from the simp argument list.
  simp [map_add, L̵i̵n̵e̵a̵r̵M̵a̵p̵.̵a̵d̵d̵_̵a̵p̵p̵l̵y̵,̵ ̵ih, ih']

Note: This linter can be disabled with `set_option linter.unusedSimpArgs false`
✔ [4459/4562] Built ASGinzburg.IdempotentPrincipalProjective (5.2s)
✔ [4461/4562] Built ASGinzburg.OrthogonalIdempotentModuleComponents (5.3s)
✔ [4462/4562] Built ASGinzburg.HomogeneousIdempotentLifts (5.9s)
✔ [4463/4562] Built ASGinzburg.OrdinaryIdealActionDirectSum (6.7s)
✔ [4464/4562] Built ASGinzburg.ScalarStableGradedDecomposition (5.5s)
✔ [4465/4562] Built ASGinzburg.StableSubmoduleQuotientOperators (5.1s)
✔ [4466/4562] Built ASGinzburg.HomogeneousSubmoduleDecomposition (11s)
✔ [4467/4562] Built ASGinzburg.DirectSumModuleSwap (7.7s)
✔ [4468/4562] Built ASGinzburg.GradedOrdinaryModuleData (6.5s)
✔ [4469/4562] Built ASGinzburg.NatHomogeneousSubspacesIntegerExtension (4.2s)
✔ [4470/4562] Built ASGinzburg.LinearDirectSumHomogeneousDecomposition (4.8s)
✔ [4471/4562] Built ASGinzburg.AlgebraEnvelopingQuotient (8.0s)
✔ [4472/4562] Built ASGinzburg.TensorProductOrthogonalIdempotents (4.7s)
✔ [4473/4562] Built ASGinzburg.PeriodCutEnvelopingScalars (8.1s)
✔ [4474/4562] Built ASGinzburg.AlgebraEnvelopingMap (9.4s)
✔ [4475/4562] Built ASGinzburg.ScalarAugmentationLiftedCoordinates (4.7s)
✔ [4476/4562] Built ASGinzburg.TensorExtendedIdealNilpotence (8.5s)
✔ [4477/4562] Built ASGinzburg.NoncommNilpotentIdealSum (7.0s)
✔ [4478/4562] Built ASGinzburg.ScalarProductEnvelopingCoordinates (7.0s)
✔ [4479/4562] Built ASGinzburg.RegularEnvelopingInducedScalars (3.9s)
✔ [4480/4562] Built ASGinzburg.BalancedTensorFieldModuleChange (5.4s)
✔ [4481/4562] Built ASGinzburg.RegularEnvelopingModuleCatFinite (6.6s)
✔ [4482/4562] Built ASGinzburg.BalancedTensorBifunctor (8.4s)
✔ [4483/4623] Built ASGinzburg.BifunctorTotalRowQuasiIso (8.8s)
✔ [4485/4625] Built ASGinzburg.BalancedTensorLeftProjectiveExactness (7.4s)
✔ [4486/4625] Built ASGinzburg.PeriodCutZeroIdealNilpotence (30s)
✔ [4487/4625] Built ASGinzburg.IdempotentPrincipalHom (11s)
✔ [4488/4625] Built ASGinzburg.IdealActionOperatorSpan (7.9s)
✔ [4489/4625] Built ASGinzburg.IdempotentPrincipalCoproductProjective (14s)
✔ [4490/4625] Built ASGinzburg.GradedNilpotentNakayamaLinearGrading (4.7s)
✔ [4491/4625] Built ASGinzburg.PrincipalIdempotentTop (12s)
✔ [4492/4625] Built ASGinzburg.OrdinaryIdealActionSubmodule (6.8s)
✔ [4493/4625] Built ASGinzburg.GradedActionQuotientSpan (3.9s)
✔ [4494/4625] Built ASGinzburg.GradedNilpotentActionSpanHomogeneity (5.5s)
✔ [4495/4625] Built ASGinzburg.GradedLinearMapKernel (5.7s)
✔ [4496/4625] Built ASGinzburg.LinearDirectSumAugmentationKernel (4.7s)
✔ [4497/4625] Built ASGinzburg.DirectSumGrading (8.6s)
✔ [4498/4625] Built ASGinzburg.HomogeneousQuotientDecomposition (9.8s)
✔ [4499/4625] Built ASGinzburg.PeriodCutEnvelopingHomogeneousSubspaces (15s)
✔ [4500/4625] Built ASGinzburg.GradedOrdinaryProjectiveCover (22s)
✔ [4501/4625] Built ASGinzburg.AlgebraEnvelopingQuotientTensorRightModule (21s)
✔ [4502/4625] Built ASGinzburg.PeriodCutEnvelopingVertexIdempotents (20s)
✔ [4503/4625] Built ASGinzburg.AlgebraEnvelopingNilpotentKernel (7.7s)
✔ [4504/4625] Built ASGinzburg.PeriodCutEnvelopingRegularGrading (9.7s)
✔ [4505/4625] Built ASGinzburg.BalancedTensorFieldModuleChangeNaturality (2.6s)
✔ [4507/4625] Built ASGinzburg.BalancedTensorFinite (3.3s)
✔ [4508/4625] Built ASGinzburg.RegularEnvelopingNativeGrading (7.6s)
✔ [4509/4625] Built ASGinzburg.BifunctorTotalRightResolutionAugmentation (7.1s)
✔ [4510/4625] Built ASGinzburg.BalancedTensorLeftFieldModuleChange (4.2s)
✔ [4511/4625] Built ASGinzburg.BalancedTensorTorObjectComparison (5.0s)
✔ [4512/4625] Built ASGinzburg.PeriodCutEnvelopingQuotient (34s)
✔ [4513/4625] Built ASGinzburg.HomogeneousCore (5.7s)
✔ [4514/4625] Built ASGinzburg.FiniteFourTermProjectiveResolution (5.9s)
✔ [4515/4625] Built ASGinzburg.FourTermTruncationOfResolution (4.7s)
✔ [4516/4625] Built ASGinzburg.BalancedTensorLeftQuotient (15s)
✔ [4517/4625] Built ASGinzburg.OrdinaryModuleFiniteFreeRetract (5.7s)
✔ [4518/4625] Built ASGinzburg.ASCutUnconditionalDimensionBounds (7.5s)
✔ [4519/4625] Built ASGinzburg.BalancedTensorRightMinimalResolution (20s)
✔ [4520/4625] Built ASGinzburg.ChainComplexSingleZeroCochainExtension (4.1s)
✔ [4521/4625] Built ASGinzburg.ModuleCatRingEquivProjectiveDimension (4.3s)
✔ [4522/4625] Built ASGinzburg.OrdinaryGlobalDimension (4.3s)
✔ [4523/4625] Built ASGinzburg.AlgebraCyclicQuotient (4.8s)
✔ [4524/4625] Built ASGinzburg.ASRegularIsomorphismClasses (7.3s)
✔ [4525/4625] Built ASGinzburg.BalancedTensorTotalPositiveExactness (4.7s)
✔ [4526/4625] Built ASGinzburg.AlgebraEnvelopingOppositeRegularComparison (11s)
✔ [4527/4625] Built ASGinzburg.GradedOrdinaryKernelData (4.2s)
✔ [4528/4625] Built ASGinzburg.OrdinaryIdealActionDirectSumQuotient (6.5s)
✔ [4529/4625] Built ASGinzburg.GradedLinearMapRange (6.3s)
✔ [4530/4625] Built ASGinzburg.PrincipalIdempotentBasisCover (11s)
✔ [4531/4625] Built ASGinzburg.OrthogonalIdempotentGradedBasis (11s)
✔ [4532/4625] Built ASGinzburg.BalancedTensorEnvelopingFunctorComparison (48s)
✔ [4533/4625] Built ASGinzburg.GradedNilpotentCoverSurjectivity (6.9s)
✔ [4534/4625] Built ASGinzburg.HomogeneousOrdinaryQuotientDecomposition (5.2s)
✔ [4535/4625] Built ASGinzburg.PeriodCutEnvelopingIntegerHomogeneousSubspaces (5.3s)
✔ [4537/4625] Built ASGinzburg.PeriodCutEnvelopingDegreeInclusion (8.0s)
✔ [4538/4625] Built ASGinzburg.BalancedTensorDoubleResolutionTor (7.7s)
✔ [4539/4625] Built ASGinzburg.FiniteGradedOrdinaryProjectiveCover (20s)
✔ [4540/4625] Built ASGinzburg.BalancedTensorRightFieldModuleChange (7.3s)
✔ [4541/4625] Built ASGinzburg.AlgebraEnvelopingQuotientRightComparison (22s)
✔ [4542/4625] Built ASGinzburg.PeriodCutEnvelopingAugmentationBigrading (27s)
✔ [4543/4625] Built ASGinzburg.BalancedTensorTorLeftFinite (45s)
✔ [4544/4625] Built ASGinzburg.PeriodCutZeroEnvelopingNilpotence (48s)
✔ [4545/4625] Built ASGinzburg.FiniteHomogeneousComponents (7.4s)
✔ [4546/4625] Built ASGinzburg.FiniteFourTermTruncationOfResolution (8.5s)
✔ [4547/4625] Built ASGinzburg.OrdinaryPerfectComplex (11s)
✔ [4548/4625] Built ASGinzburg.ASCutEnvelopingQuotient (52s)
✔ [4549/4625] Built ASGinzburg.PathCyclicTrace (15s)
✔ [4550/4625] Built ASGinzburg.GinzburgRegularASClassMap (13s)
✔ [4551/4625] Built ASGinzburg.GradedOrdinaryMinimalSyzygies (5.5s)
✔ [4552/4625] Built ASGinzburg.EnvelopingLeftModuleProjectiveDimension (5.9s)
✔ [4553/4625] Built ASGinzburg.PeriodCutEnvelopingAugmentationComparison (58s)
✔ [4554/4625] Built ASGinzburg.HomogeneousIdempotentQuotientBasisLifts (5.3s)
✔ [4555/4625] Built ASGinzburg.IdempotentPrincipalGrading (7.9s)
✔ [4556/4625] Built ASGinzburg.HomogeneousOrdinaryQuotientAction (4.1s)
✔ [4557/4625] Built ASGinzburg.NatDownTotalComplexSymmetry (4.2s)
✔ [4558/4625] Built ASGinzburg.IdealQuotientRightFieldComparison (5.2s)
✔ [4559/4625] Built ASGinzburg.PeriodCutEnvelopingVertexGrading (9.9s)
✔ [4560/4625] Built ASGinzburg.BalancedTensorRightMinimalTop (43s)
✔ [4561/4625] Built ASGinzburg.ASCutSemisimpleTorFinite (14s)
✔ [4562/4625] Built ASGinzburg.GradedNilpotentFiniteGeneration (10s)
✔ [4563/4625] Built ASGinzburg.FiniteFourTermPerfectComplex (5.9s)
✔ [4564/4625] Built ASGinzburg.OrdinaryPerfectDerivedObject (2.9s)
✔ [4565/4625] Built ASGinzburg.PeriodCutEnvelopingAugmentationTotalDegree (22s)
✔ [4566/4625] Built ASGinzburg.GradedOrdinaryMinimalResolution (6.2s)
✔ [4567/4625] Built ASGinzburg.PeriodCutEnvelopingCoordinateAugmentation (24s)
✔ [4568/4625] Built ASGinzburg.PeriodCutEnvelopingRegularZeroGrading (51s)
✔ [4569/4625] Built ASGinzburg.BalancedTensorEnvelopingScalarNaturality (80s)
✔ [4570/4625] Built ASGinzburg.FiniteHomogeneousIdempotentQuotientBasisLifts (4.6s)
✔ [4571/4625] Built ASGinzburg.PeriodCutEnvelopingKernelZeroNilpotence (56s)
✔ [4572/4625] Built ASGinzburg.BalancedTensorBundledRightMinimalTop (9.4s)
✔ [4573/4625] Built ASGinzburg.PrincipalIdempotentOrdinaryGrading (21s)
✔ [4574/4625] Built ASGinzburg.AlgebraHomologicalSmoothness (9.4s)
✔ [4575/4625] Built ASGinzburg.GradedNilpotentMinimalTorDetection (24s)
✔ [4576/4625] Built ASGinzburg.BalancedTensorDoubleResolutionRightTor (39s)
✔ [4577/4625] Built ASGinzburg.GradedOrdinaryResolutionMinimality (15s)
✔ [4578/4625] Built ASGinzburg.PeriodCutEnvelopingZeroModuleRestriction (97s)
✔ [4579/4625] Built ASGinzburg.PeriodCutEnvelopingDegreeZeroBridge (94s)
✔ [4580/4625] Built ASGinzburg.PrincipalIdempotentHomogeneousCover (21s)
✔ [4581/4625] Built ASGinzburg.BalancedTensorTorBalanceConsequences (19s)
✔ [4582/4625] Built ASGinzburg.BalancedTensorEnvelopingFunctorNaturality (27s)
✔ [4583/4625] Built ASGinzburg.PrincipalIdempotentHomogeneousCoverAction (14s)
✔ [4584/4625] Built ASGinzburg.PeriodCutEnvelopingZeroInclusionGrading (16s)
✔ [4585/4625] Built ASGinzburg.BalancedTensorEnvelopingBicomplexComparison (12s)
✔ [4586/4625] Built ASGinzburg.ASCutSemisimpleBalancedTor (18s)
✔ [4587/4625] Built ASGinzburg.PeriodCutEnvelopingRegularHomogeneousActions (62s)
✔ [4588/4625] Built ASGinzburg.PrincipalIdempotentHomogeneousCoverOrdinary (12s)
✔ [4589/4625] Built ASGinzburg.PeriodCutEnvelopingHomogeneousMultiplication (45s)
✔ [4590/4625] Built ASGinzburg.HomogeneousPrincipalTopPresentation (21s)
✔ [4591/4625] Built ASGinzburg.PeriodCutEnvelopingIntegerMultiplication (26s)
✔ [4592/4625] Built ASGinzburg.FiniteHomogeneousPrincipalTopPresentation (24s)
✔ [4593/4625] Built ASGinzburg.PeriodCutEnvelopingAugmentationKernelDecomposition (98s)
✔ [4594/4625] Built ASGinzburg.HomogeneousPrincipalMinimalCover (27s)
✔ [4595/4625] Built ASGinzburg.PeriodCutEnvelopingRegularTotalActions (64s)
✔ [4596/4625] Built ASGinzburg.PeriodCutEnvelopingInternalGrading (13s)
✔ [4597/4625] Built ASGinzburg.BalancedTensorEnvelopingTotalComparison (68s)
✔ [4598/4625] Built ASGinzburg.FiniteHomogeneousPrincipalMinimalCover (10s)
✔ [4599/4625] Built ASGinzburg.PeriodCutEnvelopingRegularIntegerActions (8.5s)
✔ [4600/4625] Built ASGinzburg.PeriodCutEnvelopingAugmentationKernelSpan (10s)
✔ [4601/4625] Built ASGinzburg.PeriodCutEnvelopingKernelModuleSpan (16s)
✔ [4602/4625] Built ASGinzburg.PeriodCutEnvelopingPositiveModuleOperators (24s)
✔ [4603/4625] Built ASGinzburg.PeriodCutEnvelopingRegularGradedData (28s)
✔ [4604/4625] Built ASGinzburg.ASCutEnvelopingInternalGrading (35s)
✔ [4605/4625] Built ASGinzburg.PeriodCutEnvelopingGradedActionSpan (35s)
✔ [4606/4625] Built ASGinzburg.ASCutEnvelopingRegularGradedData (33s)
✔ [4607/4625] Built ASGinzburg.BalancedTensorEnvelopingTorComparison (97s)
✔ [4608/4625] Built ASGinzburg.PeriodCutEnvelopingLinearGradedCriteria (37s)
✔ [4609/4625] Built ASGinzburg.ASCutSemisimpleEnvelopingTor (18s)
✔ [4610/4625] Built ASGinzburg.BalancedTensorEnvelopingSecondTorComparison (21s)
✔ [4611/4625] Built ASGinzburg.PeriodCutEnvelopingGradedActions (89s)
✔ [4612/4625] Built ASGinzburg.ASCutSemisimpleEnvelopingSecondTor (15s)
✔ [4613/4625] Built ASGinzburg.PeriodCutEnvelopingGradedCriteria (49s)
✔ [4614/4625] Built ASGinzburg.ASCutEnvelopingSemisimpleTor (46s)
✔ [4615/4625] Built ASGinzburg.PeriodCutEnvelopingMinimalCover (88s)
✔ [4616/4625] Built ASGinzburg.ASCutEnvelopingMinimalTop (39s)
✔ [4617/4625] Built ASGinzburg.PeriodCutEnvelopingMinimalResolution (36s)
✔ [4618/4625] Built ASGinzburg.ASCutEnvelopingMinimalResolution (9.7s)
✔ [4619/4625] Built ASGinzburg.ASCutEnvelopingFiniteResolution (19s)
✔ [4620/4625] Built ASGinzburg.ASCutOrdinaryGlobalBounds (4.2s)
✔ [4621/4625] Built ASGinzburg.ASCutHomologicalSmoothness (17s)
✔ [4622/4625] Built ASGinzburg.ASCutOrdinaryLeftSharpDimension (15s)
✔ [4623/4625] Built ASGinzburg.ASCutOrdinaryGlobalDimension (3.2s)
✔ [4624/4625] Built ASGinzburg (3.6s)
Build completed successfully (4625 jobs).
