⚠ [3415/3969] Replayed ASGinzburg.PathAlgebra
warning: ASGinzburg/PathAlgebra.lean:97:42: This simp argument is unused:
  LinearMap.add_apply

Hint: Omit it from the simp argument list.
  simp [map_add, L̵i̵n̵e̵a̵r̵M̵a̵p̵.̵a̵d̵d̵_̵a̵p̵p̵l̵y̵,̵ ̵ih, ih']

Note: This linter can be disabled with `set_option linter.unusedSimpArgs false`
✔ [4146/4170] Built ASGinzburg.PeriodCornerCoordinateMorphisms (3.9s)
✔ [4147/4170] Built ASGinzburg.PeriodCutCornerEntries (5.0s)
✔ [4148/4170] Built ASGinzburg.PeriodCornerModuleMaps (6.0s)
✔ [4149/4170] Built ASGinzburg.PeriodCornerTotalEntryMaps (5.8s)
✔ [4150/4170] Built ASGinzburg.PeriodCornerInsertionMaps (4.9s)
✔ [4151/4170] Built ASGinzburg.PeriodCutModuleColumns (8.6s)
✔ [4152/4170] Built ASGinzburg.PeriodCutModuleUnit (6.5s)
✔ [4153/4170] Built ASGinzburg.PeriodCutModuleEntryProducts (7.0s)
✔ [4154/4170] Built ASGinzburg.PeriodCutModuleComposition (4.6s)
✔ [4155/4170] Built ASGinzburg.PeriodCutRightRepresentation (4.0s)
✔ [4156/4170] Built ASGinzburg.PeriodCutRightRingModule (7.9s)
✔ [4157/4170] Built ASGinzburg.PeriodCornerModuleDegrees (3.1s)
✔ [4158/4170] Built ASGinzburg.PeriodCornerModuleDegreeDecomposition (3.9s)
✔ [4159/4170] Built ASGinzburg.PeriodCornerModuleInternalGrading (4.1s)
✔ [4160/4170] Built ASGinzburg.PeriodCornerModuleGradeInclusions (3.4s)
✔ [4161/4170] Built ASGinzburg.PeriodCutModuleGradedAction (3.7s)
✔ [4162/4170] Built ASGinzburg.PeriodCornerTotalModuleMorphisms (4.5s)
✔ [4163/4170] Built ASGinzburg.PeriodCutGradedRightModules (6.1s)
✔ [4164/4170] Built ASGinzburg.PeriodCutModuleMorphismActions (6.5s)
✔ [4165/4170] Built ASGinzburg.PeriodCutGradedModuleCategory (5.5s)
✔ [4166/4170] Built ASGinzburg.PeriodCutGradedModuleEnrichment (3.4s)
✔ [4167/4170] Built ASGinzburg.PeriodCutGradedModuleFunctor (4.6s)
✔ [4168/4170] Built ASGinzburg.PeriodCutGradedFunctorLinear (3.9s)
✔ [4169/4170] Built ASGinzburg (3.2s)
Build completed successfully (4170 jobs).
