'ASGinzburg.functor_mapBiproduct_morphism' depends on axioms: [propext, Classical.choice, Quot.sound]
'ASGinzburg.finiteBiproduct_projective' depends on axioms: [propext, Classical.choice, Quot.sound]
'ASGinzburg.finiteBiproduct_quasiIso' depends on axioms: [propext, Classical.choice, Quot.sound]
'ASGinzburg.finiteBiproductProjectiveResolution' depends on axioms: [propext, Classical.choice, Quot.sound]
'ASGinzburg.finiteBiproductProjectiveResolutionTermIso' depends on axioms: [propext, Classical.choice, Quot.sound]
'ASGinzburg.finiteBiproductProjectiveResolution_isZero' depends on axioms: [propext, Classical.choice, Quot.sound]
'ASGinzburg.projectiveResolutionAlongIso' depends on axioms: [propext, Classical.choice, Quot.sound]
'ASGinzburg.finiteBiproductProjectiveResolution_finite' depends on axioms: [propext, Classical.choice, Quot.sound]
'ASGinzburg.ZAlgebra.ASRegular.cutSemisimpleRightObject' depends on axioms: [propext, Classical.choice, Quot.sound]
'ASGinzburg.ZAlgebra.ASRegular.cutSemisimpleRightVertexIso' depends on axioms: [propext, Classical.choice, Quot.sound]
'ASGinzburg.ZAlgebra.ASRegular.cutSemisimpleRight_hasProjectiveDimensionLE_three' depends on axioms: [propext,
 Classical.choice,
 Quot.sound]
'ASGinzburg.ZAlgebra.ASRegular.cutSemisimpleRight_ext_ge_four_eq_zero' depends on axioms: [propext,
 Classical.choice,
 Quot.sound]
'ASGinzburg.ZAlgebra.ASRegular.cutSemisimpleRightProjectiveResolution' depends on axioms: [propext,
 Classical.choice,
 Quot.sound]
'ASGinzburg.ZAlgebra.ASRegular.cutSemisimpleRightProjectiveResolution_finite' depends on axioms: [propext,
 Classical.choice,
 Quot.sound]
'ASGinzburg.ZAlgebra.ASRegular.cutSemisimpleRightProjectiveResolution_isZero_ge_four' depends on axioms: [propext,
 Classical.choice,
 Quot.sound]
'ASGinzburg.envelopingLeftModule' depends on axioms: [propext, Quot.sound]
'ASGinzburg.envelopingRightModule' depends on axioms: [propext, Quot.sound]
'ASGinzburg.envelopingLeftScalarTower' depends on axioms: [propext, Quot.sound]
'ASGinzburg.envelopingRightScalarTower' depends on axioms: [propext, Quot.sound]
'ASGinzburg.envelopingActionsCommute' depends on axioms: [propext, Quot.sound]
'ASGinzburg.envelopingRightOperator' depends on axioms: [propext, Quot.sound]
'ASGinzburg.envelopingLeftLinearMap' depends on axioms: [propext, Quot.sound]
'ASGinzburg.envelopingLinearMap_right_smul' depends on axioms: [propext, Quot.sound]
'ASGinzburg.EnvelopingBalancedTensorSpace' depends on axioms: [propext, Quot.sound]
'ASGinzburg.envelopingBalancedTensorRightActionHom' depends on axioms: [propext, Classical.choice, Quot.sound]
'ASGinzburg.envelopingBalancedTensorRightModule' depends on axioms: [propext, Classical.choice, Quot.sound]
'ASGinzburg.envelopingBalancedTensorRightModule_tmul' depends on axioms: [propext, Classical.choice, Quot.sound]
'ASGinzburg.envelopingBalancedTensorRightScalarTower' depends on axioms: [propext, Classical.choice, Quot.sound]
'ASGinzburg.envelopingBalancedTensorRightMap' depends on axioms: [propext, Classical.choice, Quot.sound]
'ASGinzburg.envelopingBalancedTensorRightMap_tmul' depends on axioms: [propext, Classical.choice, Quot.sound]
'ASGinzburg.envelopingBalancedTensorRightFunctor' depends on axioms: [propext, Classical.choice, Quot.sound]
'ASGinzburg.envelopingBalancedTensorRightFunctorAdditive' depends on axioms: [propext, Classical.choice, Quot.sound]
'ASGinzburg.envelopingBalancedTensorHomRightModule' depends on axioms: [propext, Quot.sound]
'ASGinzburg.envelopingBalancedTensorHomRightScalarTower' depends on axioms: [propext, Quot.sound]
'ASGinzburg.envelopingBalancedTensorHomActionsCommute' depends on axioms: [propext, Quot.sound]
'ASGinzburg.envelopingBalancedTensorHomModule' depends on axioms: [propext, Quot.sound]
'ASGinzburg.envelopingBalancedTensorHomModule_tmul_apply' depends on axioms: [propext, Quot.sound]
'ASGinzburg.envelopingModule_tmul_smul' depends on axioms: [propext, Quot.sound]
'ASGinzburg.envelopingBalancedTensorCurry' depends on axioms: [propext, Classical.choice, Quot.sound]
'ASGinzburg.envelopingBalancedTensorCurry_apply' depends on axioms: [propext, Classical.choice, Quot.sound]
'ASGinzburg.envelopingBalancedTensorHomRestrictMap' depends on axioms: [propext, Quot.sound]
'ASGinzburg.envelopingBalancedTensorUncurry' depends on axioms: [propext, Classical.choice, Quot.sound]
'ASGinzburg.envelopingBalancedTensorUncurry_tmul' depends on axioms: [propext, Classical.choice, Quot.sound]
'ASGinzburg.envelopingBalancedTensorHomMap' depends on axioms: [propext, Quot.sound]
'ASGinzburg.envelopingBalancedTensorHomMap_apply' depends on axioms: [propext, Quot.sound]
'ASGinzburg.envelopingBalancedTensorHomMap_surjective' depends on axioms: [propext, Classical.choice, Quot.sound]
'ASGinzburg.envelopingBalancedTensor_projective' depends on axioms: [propext, Classical.choice, Quot.sound]
'ASGinzburg.envelopingBalancedTensorRightFunctorPreservesProjectiveObjects' depends on axioms: [propext,
 Classical.choice,
 Quot.sound]
'ASGinzburg.envelopingLeftModule_regular_eq' depends on axioms: [propext, Quot.sound]
'ASGinzburg.envelopingLeftModule_regular_free' depends on axioms: [propext, Classical.choice, Quot.sound]
'ASGinzburg.envelopingLeftModule_projective' depends on axioms: [propext, Classical.choice, Quot.sound]
'ASGinzburg.envelopingLeftRestrictionFunctor' depends on axioms: [propext, Quot.sound]
'ASGinzburg.envelopingLeftRestrictionFunctorPreservesProjectiveObjects' depends on axioms: [propext,
 Classical.choice,
 Quot.sound]
'ASGinzburg.envelopingLeftRestrictionFunctorPreservesHomology' depends on axioms: [propext,
 Classical.choice,
 Quot.sound]
'ASGinzburg.envelopingLeftRestrictedProjectiveResolution' depends on axioms: [propext, Classical.choice, Quot.sound]
'ASGinzburg.regularEnvelopingLeftModule_eq' depends on axioms: [propext, Quot.sound]
'ASGinzburg.regularEnvelopingRightModule_eq' depends on axioms: [propext, Quot.sound]
'ASGinzburg.regularEnvelopingLeftRestrictionIso' depends on axioms: [propext, Quot.sound]
'ASGinzburg.regularEnvelopingLeftRestrictionProjective' depends on axioms: [propext, Classical.choice, Quot.sound]
'ASGinzburg.regularEnvelopingRestrictedResolutionHomotopyEquiv' depends on axioms: [propext,
 Classical.choice,
 Quot.sound]
'ASGinzburg.envelopingBalancedTensorForgetComponent' depends on axioms: [propext, Classical.choice, Quot.sound]
'ASGinzburg.envelopingBalancedTensorForgetIso' depends on axioms: [propext, Classical.choice, Quot.sound]
'ASGinzburg.moduleCatRestrictionPreservesHomology' depends on axioms: [propext, Classical.choice, Quot.sound]
'ASGinzburg.moduleCatRestrictionReflectsIsomorphisms' depends on axioms: [propext, Classical.choice, Quot.sound]
'ASGinzburg.projectiveResolution_map_augmentation_quasiIso' depends on axioms: [propext, Classical.choice, Quot.sound]
'ASGinzburg.projectiveResolution_map_augmentation_after_restriction' depends on axioms: [propext,
 Classical.choice,
 Quot.sound]
'ASGinzburg.envelopingBalancedTensor_map_augmentation_quasiIso' depends on axioms: [propext,
 Classical.choice,
 Quot.sound]
'ASGinzburg.envelopingBalancedTensorProjectiveResolution' depends on axioms: [propext, Classical.choice, Quot.sound]
'ASGinzburg.envelopingBalancedTensorRegularFieldEquiv' depends on axioms: [propext, Classical.choice, Quot.sound]
'ASGinzburg.envelopingBalancedTensorRegularFieldEquiv_tmul' depends on axioms: [propext, Classical.choice, Quot.sound]
'ASGinzburg.envelopingBalancedTensorRegularRightEquiv' depends on axioms: [propext, Classical.choice, Quot.sound]
'ASGinzburg.envelopingBalancedTensorRegularModuleIso' depends on axioms: [propext, Classical.choice, Quot.sound]
'ASGinzburg.envelopingResolutionRightProjectiveResolution' depends on axioms: [propext, Classical.choice, Quot.sound]
'ASGinzburg.envelopingResolutionRightProjectiveResolution_isZero' depends on axioms: [propext,
 Classical.choice,
 Quot.sound]
'ASGinzburg.rightModule_hasProjectiveDimensionLE_three_of_enveloping_resolution' depends on axioms: [propext,
 Classical.choice,
 Quot.sound]
