'ASGinzburg.tensorRightEnvelopingRegularLinearEquiv' depends on axioms: [propext, Quot.sound]
'ASGinzburg.tensorRightEnvelopingRegularLinearEquiv_tmul' depends on axioms: [propext, Quot.sound]
'ASGinzburg.tensorRightEnvelopingRegularEquiv' depends on axioms: [propext, Quot.sound]
'ASGinzburg.tensorRightEnvelopingRegularEquiv_tmul' depends on axioms: [propext, Quot.sound]
'ASGinzburg.tensorRightEnvelopingRegular_free' depends on axioms: [propext, Classical.choice, Quot.sound]
'ASGinzburg.tensorRightEnvelopingRegular_projective' depends on axioms: [propext, Classical.choice, Quot.sound]
'ASGinzburg.tensorRightEnvelopingFinsuppDistribution' depends on axioms: [propext, Classical.choice, Quot.sound]
'ASGinzburg.tensorRightEnvelopingFinsuppDistribution_apply_tmul' depends on axioms: [propext,
 Classical.choice,
 Quot.sound]
'ASGinzburg.tensorRightEnvelopingFinsuppEquiv' depends on axioms: [propext, Classical.choice, Quot.sound]
'ASGinzburg.tensorRightEnvelopingFinsuppEquiv_single_tmul_single' depends on axioms: [propext,
 Classical.choice,
 Quot.sound]
'ASGinzburg.tensorRightEnvelopingFinsupp_free' depends on axioms: [propext, Classical.choice, Quot.sound]
'ASGinzburg.tensorRightEnvelopingFinsupp_projective' depends on axioms: [propext, Classical.choice, Quot.sound]
'ASGinzburg.rightRegularUnopLinearEquiv' depends on axioms: [propext, Quot.sound]
'ASGinzburg.tensorRightEnvelopingModule_projective' depends on axioms: [propext, Classical.choice, Quot.sound]
'ASGinzburg.tensorRightEnvelopingModule_finite' depends on axioms: [propext, Classical.choice, Quot.sound]
'ASGinzburg.tensorRightEnvelopingFunctor' depends on axioms: [propext, Quot.sound]
'ASGinzburg.tensorRightEnvelopingFunctor_additive' depends on axioms: [propext, Quot.sound]
'ASGinzburg.tensorRightEnvelopingBifunctor' depends on axioms: [propext, Classical.choice, Quot.sound]
'ASGinzburg.tensorRightEnvelopingBifunctor_obj_additive' depends on axioms: [propext, Classical.choice, Quot.sound]
'ASGinzburg.tensorRightEnvelopingBifunctor_additive' depends on axioms: [propext, Classical.choice, Quot.sound]
'ASGinzburg.tensorRightEnvelopingBifunctor_map_app_tmul' depends on axioms: [propext, Classical.choice, Quot.sound]
'ASGinzburg.tensorRightEnvelopingBifunctor_obj_map_tmul' depends on axioms: [propext, Classical.choice, Quot.sound]
'ASGinzburg.bifunctorTotalMap_id' depends on axioms: [propext, Classical.choice, Quot.sound]
'ASGinzburg.bifunctorTotalMap_comp' depends on axioms: [propext, Classical.choice, Quot.sound]
'ASGinzburg.bifunctorTotalHomotopyEquivLeft' depends on axioms: [propext, Classical.choice, Quot.sound]
