@MulOpposite.instModule.{0, 0} (MulOpposite.{0} (@ASGinzburg.AlgebraEnvelopingRing.{0, 0} k inst✝² R inst✝¹ inst✝))
  (@ASGinzburg.AlgebraEnvelopingRing.{0, 0} k inst✝² R inst✝¹ inst✝)
  (@MulOpposite.instSemiring.{0} (@ASGinzburg.AlgebraEnvelopingRing.{0, 0} k inst✝² R inst✝¹ inst✝)
    (@Algebra.TensorProduct.instSemiring.{0, 0, 0} k R (MulOpposite.{0} R)
      (@Semifield.toCommSemiring.{0} k (@Field.toSemifield.{0} k inst✝²)) (@Ring.toSemiring.{0} R inst✝¹) inst✝
      (@MulOpposite.instSemiring.{0} R (@Ring.toSemiring.{0} R inst✝¹))
      (@MulOpposite.instAlgebra.{0, 0} k R (@Semifield.toCommSemiring.{0} k (@Field.toSemifield.{0} k inst✝²))
        (@Ring.toSemiring.{0} R inst✝¹) inst✝)))
  (@TensorProduct.addCommMonoid.{0, 0, 0} k (@Semifield.toCommSemiring.{0} k (@Field.toSemifield.{0} k inst✝²)) R
    (MulOpposite.{0} R)
    (@NonUnitalNonAssocSemiring.toAddCommMonoid.{0} R
      (@NonUnitalNonAssocRing.toNonUnitalNonAssocSemiring.{0} R
        (@NonAssocRing.toNonUnitalNonAssocRing.{0} R (@Ring.toNonAssocRing.{0} R inst✝¹))))
    (@MulOpposite.instAddCommMonoid.{0} R
      (@NonUnitalNonAssocSemiring.toAddCommMonoid.{0} R
        (@NonUnitalNonAssocRing.toNonUnitalNonAssocSemiring.{0} R
          (@NonAssocRing.toNonUnitalNonAssocRing.{0} R (@Ring.toNonAssocRing.{0} R inst✝¹)))))
    (@Algebra.toModule.{0, 0} k R (@Semifield.toCommSemiring.{0} k (@Field.toSemifield.{0} k inst✝²))
      (@Ring.toSemiring.{0} R inst✝¹) inst✝)
    (@MulOpposite.instModule.{0, 0} k R
      (@CommSemiring.toSemiring.{0} k (@Semifield.toCommSemiring.{0} k (@Field.toSemifield.{0} k inst✝²)))
      (@NonUnitalNonAssocSemiring.toAddCommMonoid.{0} R
        (@NonUnitalNonAssocRing.toNonUnitalNonAssocSemiring.{0} R
          (@NonAssocRing.toNonUnitalNonAssocRing.{0} R (@Ring.toNonAssocRing.{0} R inst✝¹))))
      (@Algebra.toModule.{0, 0} k R (@Semifield.toCommSemiring.{0} k (@Field.toSemifield.{0} k inst✝²))
        (@Ring.toSemiring.{0} R inst✝¹) inst✝)))
  (@ASGinzburg.tensorRightEnvelopingModule.{0, 0, 0, 0} k inst✝² R inst✝¹ inst✝ R (@Ring.toAddCommGroup.{0} R inst✝¹)
    (@Algebra.toModule.{0, 0} k R (@Semifield.toCommSemiring.{0} k (@Field.toSemifield.{0} k inst✝²))
      (@Ring.toSemiring.{0} R inst✝¹) inst✝)
    (@Semiring.toOppositeModule.{0} R (@Ring.toSemiring.{0} R inst✝¹)) (MulOpposite.{0} R)
    (@MulOpposite.instAddCommGroup.{0} R (@Ring.toAddCommGroup.{0} R inst✝¹))
    (@MulOpposite.instModule.{0, 0} k R
      (@CommSemiring.toSemiring.{0} k (@Semifield.toCommSemiring.{0} k (@Field.toSemifield.{0} k inst✝²)))
      (@NonUnitalNonAssocSemiring.toAddCommMonoid.{0} R
        (@NonUnitalNonAssocRing.toNonUnitalNonAssocSemiring.{0} R
          (@NonAssocRing.toNonUnitalNonAssocRing.{0} R (@Ring.toNonAssocRing.{0} R inst✝¹))))
      (@Algebra.toModule.{0, 0} k R (@Semifield.toCommSemiring.{0} k (@Field.toSemifield.{0} k inst✝²))
        (@Ring.toSemiring.{0} R inst✝¹) inst✝))
    (@MulOpposite.instModule.{0, 0} R R (@Ring.toSemiring.{0} R inst✝¹)
      (@AddCommGroup.toAddCommMonoid.{0} R (@Ring.toAddCommGroup.{0} R inst✝¹))
      (@Semiring.toModule.{0} R (@Ring.toSemiring.{0} R inst✝¹)))
    (@IsScalarTower.opposite_mid.{0, 0} k R
      (@MulZeroClass.toMul.{0} R
        (@MulZeroOneClass.toMulZeroClass.{0} R
          (@MonoidWithZero.toMulZeroOneClass.{0} R (@Semiring.toMonoidWithZero.{0} R (@Ring.toSemiring.{0} R inst✝¹)))))
      (@SMulZeroClass.toSMul.{0, 0} k R
        (@AddZero.toZero.{0} R
          (@AddZeroClass.toAddZero.{0} R
            (@AddMonoid.toAddZeroClass.{0} R
              (@SubNegMonoid.toAddMonoid.{0} R
                (@AddGroup.toSubNegMonoid.{0} R
                  (@AddCommGroup.toAddGroup.{0} R (@Ring.toAddCommGroup.{0} R inst✝¹)))))))
        (@DistribSMul.toSMulZeroClass.{0, 0} k R
          (@AddMonoid.toAddZeroClass.{0} R
            (@SubNegMonoid.toAddMonoid.{0} R
              (@AddGroup.toSubNegMonoid.{0} R (@AddCommGroup.toAddGroup.{0} R (@Ring.toAddCommGroup.{0} R inst✝¹)))))
          (@DistribMulAction.toDistribSMul.{0, 0} k R
            (@MonoidWithZero.toMonoid.{0} k
              (@Semiring.toMonoidWithZero.{0} k
                (@DivisionSemiring.toSemiring.{0} k
                  (@Semifield.toDivisionSemiring.{0} k (@Field.toSemifield.{0} k inst✝²)))))
            (@SubNegMonoid.toAddMonoid.{0} R
              (@AddGroup.toSubNegMonoid.{0} R (@AddCommGroup.toAddGroup.{0} R (@Ring.toAddCommGroup.{0} R inst✝¹))))
            (@Module.toDistribMulAction.{0, 0} k R
              (@DivisionSemiring.toSemiring.{0} k
                (@Semifield.toDivisionSemiring.{0} k (@Field.toSemifield.{0} k inst✝²)))
              (@AddCommGroup.toAddCommMonoid.{0} R (@Ring.toAddCommGroup.{0} R inst✝¹))
              (@Algebra.toModule.{0, 0} k R (@Semifield.toCommSemiring.{0} k (@Field.toSemifield.{0} k inst✝²))
                (@Ring.toSemiring.{0} R inst✝¹) inst✝)))))
      (@Algebra.to_smulCommClass.{0, 0} k R (@Semifield.toCommSemiring.{0} k (@Field.toSemifield.{0} k inst✝²))
        (@Ring.toSemiring.{0} R inst✝¹) inst✝))
    (@MulOpposite.instIsScalarTower.{0, 0, 0} k R R
      (@Algebra.toSMul.{0, 0} k R (@Semifield.toCommSemiring.{0} k (@Field.toSemifield.{0} k inst✝²))
        (@Ring.toSemiring.{0} R inst✝¹) inst✝)
      (@MulAction.toSMul.{0, 0} k R
        (@MonoidWithZero.toMonoid.{0} k
          (@Semiring.toMonoidWithZero.{0} k
            (@CommSemiring.toSemiring.{0} k (@Semifield.toCommSemiring.{0} k (@Field.toSemifield.{0} k inst✝²)))))
        (@DistribMulAction.toMulAction.{0, 0} k R
          (@MonoidWithZero.toMonoid.{0} k
            (@Semiring.toMonoidWithZero.{0} k
              (@CommSemiring.toSemiring.{0} k (@Semifield.toCommSemiring.{0} k (@Field.toSemifield.{0} k inst✝²)))))
          (@AddCommMonoid.toAddMonoid.{0} R
            (@NonUnitalNonAssocSemiring.toAddCommMonoid.{0} R
              (@NonUnitalNonAssocRing.toNonUnitalNonAssocSemiring.{0} R
                (@NonAssocRing.toNonUnitalNonAssocRing.{0} R (@Ring.toNonAssocRing.{0} R inst✝¹)))))
          (@Module.toDistribMulAction.{0, 0} k R
            (@CommSemiring.toSemiring.{0} k (@Semifield.toCommSemiring.{0} k (@Field.toSemifield.{0} k inst✝²)))
            (@NonUnitalNonAssocSemiring.toAddCommMonoid.{0} R
              (@NonUnitalNonAssocRing.toNonUnitalNonAssocSemiring.{0} R
                (@NonAssocRing.toNonUnitalNonAssocRing.{0} R (@Ring.toNonAssocRing.{0} R inst✝¹))))
            (@Algebra.toModule.{0, 0} k R (@Semifield.toCommSemiring.{0} k (@Field.toSemifield.{0} k inst✝²))
              (@Ring.toSemiring.{0} R inst✝¹) inst✝))))
      (@MulAction.toSMul.{0, 0} R R
        (@MonoidWithZero.toMonoid.{0} R (@Semiring.toMonoidWithZero.{0} R (@Ring.toSemiring.{0} R inst✝¹)))
        (@DistribMulAction.toMulAction.{0, 0} R R
          (@MonoidWithZero.toMonoid.{0} R (@Semiring.toMonoidWithZero.{0} R (@Ring.toSemiring.{0} R inst✝¹)))
          (@AddCommMonoid.toAddMonoid.{0} R (@AddCommGroup.toAddCommMonoid.{0} R (@Ring.toAddCommGroup.{0} R inst✝¹)))
          (@Module.toDistribMulAction.{0, 0} R R (@Ring.toSemiring.{0} R inst✝¹)
            (@AddCommGroup.toAddCommMonoid.{0} R (@Ring.toAddCommGroup.{0} R inst✝¹))
            (@Semiring.toModule.{0} R (@Ring.toSemiring.{0} R inst✝¹)))))
      (@IsScalarTower.right.{0, 0} k R (@Semifield.toCommSemiring.{0} k (@Field.toSemifield.{0} k inst✝²))
        (@Ring.toSemiring.{0} R inst✝¹) inst✝)))
@Semiring.toModule.{0} R (@Ring.toSemiring.{0} R inst✝¹)
@Semiring.toOppositeModule.{0} R (@Ring.toSemiring.{0} R inst✝¹)
