⚠ [3415/3574] Replayed ASGinzburg.PathAlgebra
warning: ASGinzburg/PathAlgebra.lean:97:42: This simp argument is unused:
  LinearMap.add_apply

Hint: Omit it from the simp argument list.
  simp [map_add, L̵i̵n̵e̵a̵r̵M̵a̵p̵.̵a̵d̵d̵_̵a̵p̵p̵l̵y̵,̵ ̵ih, ih']

Note: This linter can be disabled with `set_option linter.unusedSimpArgs false`
✔ [4235/4278] Built ASGinzburg.SingleDegreeGrading (6.1s)
✔ [4239/4278] Built ASGinzburg.OneDimensionalRepresentationCharacter (6.3s)
✔ [4242/4278] Built ASGinzburg.DirectSumRangeGrading (6.0s)
✔ [4244/4278] Built ASGinzburg.PeriodCutGradedLeftModules (10s)
✔ [4245/4278] Built ASGinzburg.PeriodCutZeroScalarCharacters (14s)
✔ [4246/4278] Built ASGinzburg.OneDimensionalCharacterEvaluation (8.5s)
✔ [4248/4278] Built ASGinzburg.ASCutGradedSimpleDimension (12s)
✔ [4250/4278] Built ASGinzburg.PeriodCutGradedLeftShift (8.2s)
✔ [4258/4278] Built ASGinzburg.PeriodCutGradedLeftEquivalences (8.2s)
✔ [4259/4278] Built ASGinzburg.PeriodCutCharacterClassification (8.7s)
✔ [4260/4278] Built ASGinzburg.PeriodCutRegularVertexLeftMaps (10s)
✔ [4261/4278] Built ASGinzburg.PeriodCutVertexLeftModule (5.0s)
✔ [4262/4278] Built ASGinzburg.PeriodCutGradedExtScalarComposition (29s)
✔ [4263/4278] Built ASGinzburg.PeriodCutUnderlinedExtProducts (27s)
✔ [4264/4278] Built ASGinzburg.PeriodCutVertexGradedLeftModule (4.7s)
✔ [4265/4278] Built ASGinzburg.PeriodCutUnderlinedExtLinearity (30s)
✔ [4266/4278] Built ASGinzburg.PeriodCutGradedExtPostcompLinearity (37s)
✔ [4267/4278] Built ASGinzburg.PeriodCutUnderlinedExtRepresentation (22s)
✔ [4268/4278] Built ASGinzburg.ASCutRegularExtVertexProjection (22s)
✔ [4269/4278] Built ASGinzburg.PeriodCutUnderlinedExtGrading (11s)
✔ [4270/4278] Built ASGinzburg.PeriodCutUnderlinedExtScalars (14s)
✔ [4271/4278] Built ASGinzburg.ASCutUnderlinedExtGrades (10s)
✔ [4272/4278] Built ASGinzburg.ASCutUnderlinedExtModules (10s)
✔ [4273/4278] Built ASGinzburg.ASCutUnderlinedVertexAction (52s)
✔ [4274/4278] Built ASGinzburg.ASCutUnderlinedExtCharacter (15s)
✔ [4275/4278] Built ASGinzburg.ASCutUnderlinedExtLeftEquiv (8.5s)
✔ [4276/4278] Built ASGinzburg.ASCutUnderlinedGradedDuality (7.7s)
✔ [4277/4278] Built ASGinzburg (3.6s)
Build completed successfully (4278 jobs).
