⚠ [3415/4032] Replayed ASGinzburg.PathAlgebra
warning: ASGinzburg/PathAlgebra.lean:97:42: This simp argument is unused:
  LinearMap.add_apply

Hint: Omit it from the simp argument list.
  simp [map_add, L̵i̵n̵e̵a̵r̵M̵a̵p̵.̵a̵d̵d̵_̵a̵p̵p̵l̵y̵,̵ ̵ih, ih']

Note: This linter can be disabled with `set_option linter.unusedSimpArgs false`
✔ [4231/4251] Built ASGinzburg.PeriodCutGradedShift (4.4s)
✔ [4232/4251] Built ASGinzburg.PeriodCutRightVertexDecomposition (10s)
✔ [4233/4251] Built ASGinzburg.PeriodCutGradedShiftIsomorphisms (7.4s)
✔ [4234/4251] Built ASGinzburg.PeriodCutRegularGrading (17s)
✔ [4235/4251] Built ASGinzburg.PeriodCutHasShift (6.4s)
✔ [4236/4251] Built ASGinzburg.PeriodCutRegularRepresentables (7.0s)
✔ [4237/4251] Built ASGinzburg.PeriodCutRepresentableValueOrthogonality (5.8s)
✔ [4238/4251] Built ASGinzburg.PeriodCutGradedExtFunctor (28s)
✔ [4239/4251] Built ASGinzburg.PeriodCutRegularRightModule (45s)
✔ [4240/4251] Built ASGinzburg.PeriodCutRegularBiproduct (5.4s)
✔ [4241/4251] Built ASGinzburg.PeriodCutRegularLeftMultiplication (9.5s)
✔ [4242/4251] Built ASGinzburg.PeriodCutRegularExt (7.6s)
✔ [4243/4251] Built ASGinzburg.PeriodCutUnderlinedExtActions (15s)
✔ [4244/4251] Built ASGinzburg.ASCutGradedRegularExt (15s)
✔ [4245/4251] Built ASGinzburg.ASCutRegularTopExt (7.4s)
✔ [4246/4251] Built ASGinzburg.PeriodCutRegularLeftProducts (27s)
✔ [4247/4251] Built ASGinzburg.PeriodCutUnderlinedExtTransport (14s)
✔ [4248/4251] Built ASGinzburg.ASCutUnderlinedExtVanishing (14s)
✔ [4249/4251] Built ASGinzburg.ASCutUnderlinedTopExt (25s)
✔ [4250/4251] Built ASGinzburg (3.7s)
Build completed successfully (4251 jobs).
