⚠ [3415/3841] Replayed ASGinzburg.PathAlgebra
warning: ASGinzburg/PathAlgebra.lean:97:42: This simp argument is unused:
  LinearMap.add_apply

Hint: Omit it from the simp argument list.
  simp [map_add, L̵i̵n̵e̵a̵r̵M̵a̵p̵.̵a̵d̵d̵_̵a̵p̵p̵l̵y̵,̵ ̵ih, ih']

Note: This linter can be disabled with `set_option linter.unusedSimpArgs false`
✔ [4169/4213] Built ASGinzburg.LinearEquivalenceAdjunction (3.1s)
✔ [4170/4213] Built ASGinzburg.PeriodIntegerCornerAbsorption (4.6s)
✔ [4171/4213] Built ASGinzburg.PeriodCutComponentTargetSum (6.1s)
✔ [4172/4213] Built ASGinzburg.PeriodCutGradedCornerActions (7.1s)
✔ [4173/4213] Built ASGinzburg.PeriodCutGradedSimpleSpaces (7.1s)
✔ [4174/4213] Built ASGinzburg.PeriodCutGradedFunctorFaithful (5.0s)
✔ [4175/4213] Built ASGinzburg.PeriodCutGradedModuleComponents (4.0s)
✔ [4176/4213] Built ASGinzburg.PeriodCutModuleMatrixEntryActions (6.1s)
✔ [4177/4213] Built ASGinzburg.PeriodCutGradedSimpleGrading (4.8s)
✔ [4178/4213] Built ASGinzburg.PeriodCutRecoveredComponentMorphisms (3.7s)
✔ [4179/4213] Built ASGinzburg.PeriodCutModuleVertexProjections (5.9s)
✔ [4180/4213] Built ASGinzburg.PeriodCutModuleIdempotentAction (5.6s)
✔ [4181/4213] Built ASGinzburg.PeriodCutCornerTotalActions (7.4s)
✔ [4182/4213] Built ASGinzburg.PeriodCutRecoveredComponentActions (8.5s)
✔ [4183/4213] Built ASGinzburg.PeriodCutModuleDegreeComponents (4.7s)
✔ [4184/4213] Built ASGinzburg.PeriodCutModuleDegreeVertexAction (3.0s)
✔ [4185/4213] Built ASGinzburg.PeriodCutRecoveredRightModules (4.3s)
✔ [4186/4213] Built ASGinzburg.PeriodCutModuleComponentTotalEquiv (4.4s)
✔ [4187/4213] Built ASGinzburg.PeriodCutCornerComponentComparison (4.3s)
✔ [4188/4213] Built ASGinzburg.PeriodCutRecoveredModuleFunctor (3.8s)
✔ [4189/4213] Built ASGinzburg.PeriodCutDegreeComponentRecomposition (2.0s)
✔ [4190/4213] Built ASGinzburg.PeriodCutModuleObjectComparison (3.1s)
✔ [4191/4213] Built ASGinzburg.PeriodCutComponentRegrouping (3.5s)
✔ [4192/4213] Built ASGinzburg.PeriodCutModuleComparisonValues (3.3s)
✔ [4193/4213] Built ASGinzburg.PeriodCutComponentTotalRecomposition (4.3s)
✔ [4194/4213] Built ASGinzburg.PeriodCutModuleUnitNaturality (5.6s)
✔ [4195/4213] Built ASGinzburg.PeriodCutRecoveredModuleUnitIso (3.5s)
✔ [4196/4213] Built ASGinzburg.PeriodCutRecoveredTotalComparison (5.9s)
✔ [4197/4213] Built ASGinzburg.PeriodCutRecoveredUnitNaturalIso (4.7s)
✔ [4198/4213] Built ASGinzburg.PeriodCutRecoveredTotalCornerActions (5.6s)
✔ [4199/4213] Built ASGinzburg.PeriodCutRecoveredTotalGrading (7.8s)
✔ [4200/4213] Built ASGinzburg.PeriodCutRecoveredInverseGrading (8.2s)
✔ [4201/4213] Built ASGinzburg.PeriodCutRecoveredTotalHomogeneousActions (73s)
✔ [4202/4213] Built ASGinzburg.PeriodCutRecoveredTotalRActions (6.1s)
✔ [4203/4213] Built ASGinzburg.PeriodCutRecoveredGradedModuleIso (83s)
✔ [4204/4213] Built ASGinzburg.PeriodCutRecoveredCounitNaturalIso (14s)
✔ [4205/4213] Built ASGinzburg.PeriodCutGradedModuleEquivalence (4.2s)
✔ [4206/4213] Built ASGinzburg.PeriodCutGradedModuleAbelian (3.2s)
✔ [4207/4213] Built ASGinzburg.PeriodCutGradedModuleYoneda (3.4s)
✔ [4208/4213] Built ASGinzburg.PeriodCutGradedModuleExt (7.0s)
✔ [4209/4213] Built ASGinzburg.ASCutGradedModuleEquivalence (4.8s)
✔ [4210/4213] Built ASGinzburg.ASCutGradedVertexExt (7.9s)
✔ [4211/4213] Built ASGinzburg.ASCutGradedResolutions (3.1s)
✔ [4212/4213] Built ASGinzburg (3.3s)
Build completed successfully (4213 jobs).
