'ASGinzburg.ordinaryGlobalDimension' depends on axioms: [propext, Classical.choice, Quot.sound]
'ASGinzburg.projectiveDimension_le_ordinaryGlobalDimension' depends on axioms: [propext, Classical.choice, Quot.sound]
'ASGinzburg.ordinaryGlobalDimension_le_iff' depends on axioms: [propext, Classical.choice, Quot.sound]
'ASGinzburg.ordinaryGlobalDimension_le_nat_iff' depends on axioms: [propext, Classical.choice, Quot.sound]
'ASGinzburg.ordinaryGlobalDimension_eq_of_bound_and_attained' depends on axioms: [propext, Classical.choice, Quot.sound]
'ASGinzburg.ordinaryGlobalDimension_eq_nat_of_bound_and_attained' depends on axioms: [propext,
 Classical.choice,
 Quot.sound]
'ASGinzburg.ZAlgebra.ASRegular.cutOrdinarySimpleSecondTorRadicalQuotient_three_not_isZero' depends on axioms: [propext,
 Classical.choice,
 Quot.sound]
'ASGinzburg.ZAlgebra.ASRegular.cutSemisimpleLeft_projectiveDimension_ge_three' depends on axioms: [propext,
 Classical.choice,
 Quot.sound]
'ASGinzburg.ZAlgebra.ASRegular.cutSemisimpleLeft_projectiveDimension_eq_three' depends on axioms: [propext,
 Classical.choice,
 Quot.sound]
'ASGinzburg.ZAlgebra.ASRegular.cutOrdinaryLeft_projectiveDimension_three_attained' depends on axioms: [propext,
 Classical.choice,
 Quot.sound]
'ASGinzburg.ZAlgebra.ASRegular.cutOrdinaryRight_globalDimension_eq_three' depends on axioms: [propext,
 Classical.choice,
 Quot.sound]
'ASGinzburg.ZAlgebra.ASRegular.cutOrdinaryLeft_globalDimension_eq_three' depends on axioms: [propext,
 Classical.choice,
 Quot.sound]
