work/ASGinzburgDraft/PotentialPathAutomorphismOrbitComparison.lean:12:43: error: failed to synthesize
  HSMul ↥(Q.VertexCutPathAutomorphism k) ↥(Q.Potential k) ?m.14
(deterministic) timeout at `typeclass`, maximum number of heartbeats (20000) has been reached

Note: Use `set_option synthInstance.maxHeartbeats <num>` to set the limit.

Hint: Additional diagnostic information may be available using the `set_option diagnostics true` command.

Hint: Additional diagnostic information may be available using the `set_option diagnostics true` command.
work/ASGinzburgDraft/PotentialPathAutomorphismOrbitComparison.lean:17:8: error: No goals to be solved
work/ASGinzburgDraft/PotentialPathAutomorphismOrbitComparison.lean:28:47: error: failed to synthesize
  HSMul ↥(Q.VertexCutPathAutomorphism k) ↥(Q.Potential k) ?m.25
(deterministic) timeout at `typeclass`, maximum number of heartbeats (20000) has been reached

Note: Use `set_option synthInstance.maxHeartbeats <num>` to set the limit.

Hint: Additional diagnostic information may be available using the `set_option diagnostics true` command.

Hint: Additional diagnostic information may be available using the `set_option diagnostics true` command.
work/ASGinzburgDraft/PotentialPathAutomorphismOrbitComparison.lean:24:76: error: unsolved goals
case a
Q : CutQuiver
k : Type u
inst✝ : Field k
φ ψ : ↥(Q.Potential k)
⊢ (∃ E, sorry) ↔ ∃ x, x • φ = ψ
work/ASGinzburgDraft/PotentialPathAutomorphismOrbitComparison.lean:34:43: error: failed to synthesize
  HSMul ↥(Q.VertexCutPathAutomorphism k) ↥(Q.Potential k) ?m.15
(deterministic) timeout at `typeclass`, maximum number of heartbeats (20000) has been reached

Note: Use `set_option synthInstance.maxHeartbeats <num>` to set the limit.

Hint: Additional diagnostic information may be available using the `set_option diagnostics true` command.

Hint: Additional diagnostic information may be available using the `set_option diagnostics true` command.
work/ASGinzburgDraft/PotentialPathAutomorphismOrbitComparison.lean:48:43: error: failed to synthesize
  HSMul ↥(Q.VertexCutPathAutomorphism k) ↥(Q.Potential k) ?m.17
(deterministic) timeout at `typeclass`, maximum number of heartbeats (20000) has been reached

Note: Use `set_option synthInstance.maxHeartbeats <num>` to set the limit.

Hint: Additional diagnostic information may be available using the `set_option diagnostics true` command.

Hint: Additional diagnostic information may be available using the `set_option diagnostics true` command.
