work/ASGinzburgDraft/PotentialPathAutomorphismOrbitComparison.lean:13:44: error: failed to synthesize
  HSMul ↥(Q.VertexCutPathAutomorphism k) ↥(Q.Potential k) ?m.16
(deterministic) timeout at `typeclass`, maximum number of heartbeats (20000) has been reached

Note: Use `set_option synthInstance.maxHeartbeats <num>` to set the limit.

Hint: Additional diagnostic information may be available using the `set_option diagnostics true` command.

Hint: Additional diagnostic information may be available using the `set_option diagnostics true` command.
work/ASGinzburgDraft/PotentialPathAutomorphismOrbitComparison.lean:29:48: error: failed to synthesize
  HSMul ↥(Q.VertexCutPathAutomorphism k) ↥(Q.Potential k) ?m.27
(deterministic) timeout at `typeclass`, maximum number of heartbeats (20000) has been reached

Note: Use `set_option synthInstance.maxHeartbeats <num>` to set the limit.

Hint: Additional diagnostic information may be available using the `set_option diagnostics true` command.

Hint: Additional diagnostic information may be available using the `set_option diagnostics true` command.
work/ASGinzburgDraft/PotentialPathAutomorphismOrbitComparison.lean:25:76: error: unsolved goals
case a
Q : CutQuiver
k : Type u
inst✝ : Field k
φ ψ : ↥(Q.Potential k)
⊢ (∃ E, sorry = ψ) ↔ ∃ x, x • φ = ψ
work/ASGinzburgDraft/PotentialPathAutomorphismOrbitComparison.lean:35:44: error: failed to synthesize
  HSMul ↥(Q.VertexCutPathAutomorphism k) ↥(Q.Potential k) ?m.17
(deterministic) timeout at `typeclass`, maximum number of heartbeats (20000) has been reached

Note: Use `set_option synthInstance.maxHeartbeats <num>` to set the limit.

Hint: Additional diagnostic information may be available using the `set_option diagnostics true` command.

Hint: Additional diagnostic information may be available using the `set_option diagnostics true` command.
work/ASGinzburgDraft/PotentialPathAutomorphismOrbitComparison.lean:49:44: error: failed to synthesize
  HSMul ↥(Q.VertexCutPathAutomorphism k) ↥(Q.Potential k) ?m.17
(deterministic) timeout at `typeclass`, maximum number of heartbeats (20000) has been reached

Note: Use `set_option synthInstance.maxHeartbeats <num>` to set the limit.

Hint: Additional diagnostic information may be available using the `set_option diagnostics true` command.

Hint: Additional diagnostic information may be available using the `set_option diagnostics true` command.
