'ASGinzburg.CutQuiver.VertexCutPathAutomorphism.component_of_substitution' depends on axioms: [propext,
 Classical.choice,
 Quot.sound]
'ASGinzburg.CutQuiver.pathSubstitutionLeadingEquiv' depends on axioms: [propext, Classical.choice, Quot.sound]
'ASGinzburg.CutQuiver.pathSubstitutionLeadingEquiv_arrow' depends on axioms: [propext, Classical.choice, Quot.sound]
'ASGinzburg.CutQuiver.pathLeadingAutomorphism_arrow' depends on axioms: [propext, Classical.choice, Quot.sound]
'ASGinzburg.CutQuiver.pathSubstitutionNormalizedReplacement' depends on axioms: [propext, Classical.choice, Quot.sound]
'ASGinzburg.CutQuiver.pathSubstitutionNormalizedReplacement_mem_cut' depends on axioms: [propext,
 Classical.choice,
 Quot.sound]
'ASGinzburg.CutQuiver.pathSubstitutionNormalizedReplacement_sub_identity' depends on axioms: [propext,
 Classical.choice,
 Quot.sound]
'ASGinzburg.CutQuiver.invertibleLeadingPathSubstitutionAutomorphism' depends on axioms: [propext,
 Classical.choice,
 Quot.sound]
'ASGinzburg.CutQuiver.invertibleLeadingPathSubstitutionAutomorphism_arrow' depends on axioms: [propext,
 Classical.choice,
 Quot.sound]
'ASGinzburg.CutQuiver.invertibleLeadingPathSubstitutionAutomorphism_toAlgHom' depends on axioms: [propext,
 Classical.choice,
 Quot.sound]
