work/ASGinzburgDraft/AlgebraCyclicQuotient.lean:46:14: error: unsolved goals
k : Type u
inst✝⁴ : Field k
R : Type v
inst✝³ : Ring R
inst✝² : Algebra k R
S : Type w
inst✝¹ : Ring S
inst✝ : Algebra k S
E : R ≃ₐ[k] S
r : R
⊢ (algebraCyclicMap k ↑E.symm) ((algebraCyclicMap k ↑E) ((algebraCommutatorSubspace k R).mkQ r)) =
    (algebraCommutatorSubspace k R).mkQ r
work/ASGinzburgDraft/AlgebraCyclicQuotient.lean:51:15: error: unsolved goals
k : Type u
inst✝⁴ : Field k
R : Type v
inst✝³ : Ring R
inst✝² : Algebra k R
S : Type w
inst✝¹ : Ring S
inst✝ : Algebra k S
E : R ≃ₐ[k] S
s : S
⊢ (algebraCyclicMap k ↑E) ((algebraCyclicMap k ↑E.symm) ((algebraCommutatorSubspace k S).mkQ s)) =
    (algebraCommutatorSubspace k S).mkQ s
work/ASGinzburgDraft/AlgebraCyclicQuotient.lean:49:15: warning: This simp argument is unused:
  algebraCyclicMap_mk

Hint: Omit it from the simp argument list.
  simp only [̵a̵l̵g̵e̵b̵r̵a̵C̵y̵c̵l̵i̵c̵M̵a̵p̵_̵m̵k̵,̵A̵l̵g̵E̵q̵u̵i̵v̵.̵t̵o̵A̵l̵g̵H̵o̵m̵_̵e̵q̵_̵c̵o̵e̵,̵A̵l̵g̵E̵q̵u̵i̵v̵.̵c̵o̵e̵_̵a̵l̵g̵H̵o̵m̵,̵[̲A̲l̲g̲E̲q̲u̲i̲v̲.̲t̲o̲A̲l̲g̲H̲o̲m̲_̲e̲q̲_̲c̲o̲e̲,̲ ̲A̲l̲g̲E̲q̲u̲i̲v̲.̲c̲o̲e̲_̲a̲l̲g̲H̲o̲m̲,̲ AlgEquiv.symm_apply_apply]

Note: This linter can be disabled with `set_option linter.unusedSimpArgs false`
work/ASGinzburgDraft/AlgebraCyclicQuotient.lean:49:60: warning: This simp argument is unused:
  AlgEquiv.coe_algHom

Hint: Omit it from the simp argument list.
  simp only [̵a̵l̵g̵e̵b̵r̵a̵C̵y̵c̵l̵i̵c̵M̵a̵p̵_̵m̵k̵,̵A̵l̵g̵E̵q̵u̵i̵v̵.̵t̵o̵A̵l̵g̵H̵o̵m̵_̵e̵q̵_̵c̵o̵e̵,̵A̵l̵g̵E̵q̵u̵i̵v̵.̵c̵o̵e̵_̵a̵l̵g̵H̵o̵m̵,̵[̲a̲l̲g̲e̲b̲r̲a̲C̲y̲c̲l̲i̲c̲M̲a̲p̲_̲m̲k̲,̲ ̲A̲l̲g̲E̲q̲u̲i̲v̲.̲t̲o̲A̲l̲g̲H̲o̲m̲_̲e̲q̲_̲c̲o̲e̲,̲ AlgEquiv.symm_apply_apply]

Note: This linter can be disabled with `set_option linter.unusedSimpArgs false`
work/ASGinzburgDraft/AlgebraCyclicQuotient.lean:50:6: warning: This simp argument is unused:
  AlgEquiv.symm_apply_apply

Hint: Omit it from the simp argument list.
  simp only [̵a̵l̵g̵e̵b̵r̵a̵C̵y̵c̵l̵i̵c̵M̵a̵p̵_̵m̵k̵,̵A̵l̵g̵E̵q̵u̵i̵v̵.̵t̵o̵A̵l̵g̵H̵o̵m̵_̵e̵q̵_̵c̵o̵e̵,̵A̵l̵g̵E̵q̵u̵i̵v̵.̵c̵o̵e̵_̵a̵l̵g̵H̵o̵m̵,̵
  ̵ ̵ ̵ ̵ ̵ ̵ ̵A̵l̵g̵E̵q̵u̵i̵v̵.̵s̵y̵m̵m̵_̵a̵p̵p̵l̵y̵_̵a̵p̵p̵l̵y̵]̵[̲a̲l̲g̲e̲b̲r̲a̲C̲y̲c̲l̲i̲c̲M̲a̲p̲_̲m̲k̲,̲ ̲A̲l̲g̲E̲q̲u̲i̲v̲.̲t̲o̲A̲l̲g̲H̲o̲m̲_̲e̲q̲_̲c̲o̲e̲,̲ ̲A̲l̲g̲E̲q̲u̲i̲v̲.̲c̲o̲e̲_̲a̲l̲g̲H̲o̲m̲]̲

Note: This linter can be disabled with `set_option linter.unusedSimpArgs false`
work/ASGinzburgDraft/AlgebraCyclicQuotient.lean:54:15: warning: This simp argument is unused:
  algebraCyclicMap_mk

Hint: Omit it from the simp argument list.
  simp only [̵a̵l̵g̵e̵b̵r̵a̵C̵y̵c̵l̵i̵c̵M̵a̵p̵_̵m̵k̵,̵A̵l̵g̵E̵q̵u̵i̵v̵.̵t̵o̵A̵l̵g̵H̵o̵m̵_̵e̵q̵_̵c̵o̵e̵,̵A̵l̵g̵E̵q̵u̵i̵v̵.̵c̵o̵e̵_̵a̵l̵g̵H̵o̵m̵,̵[̲A̲l̲g̲E̲q̲u̲i̲v̲.̲t̲o̲A̲l̲g̲H̲o̲m̲_̲e̲q̲_̲c̲o̲e̲,̲ ̲A̲l̲g̲E̲q̲u̲i̲v̲.̲c̲o̲e̲_̲a̲l̲g̲H̲o̲m̲,̲ AlgEquiv.apply_symm_apply]

Note: This linter can be disabled with `set_option linter.unusedSimpArgs false`
work/ASGinzburgDraft/AlgebraCyclicQuotient.lean:54:60: warning: This simp argument is unused:
  AlgEquiv.coe_algHom

Hint: Omit it from the simp argument list.
  simp only [̵a̵l̵g̵e̵b̵r̵a̵C̵y̵c̵l̵i̵c̵M̵a̵p̵_̵m̵k̵,̵A̵l̵g̵E̵q̵u̵i̵v̵.̵t̵o̵A̵l̵g̵H̵o̵m̵_̵e̵q̵_̵c̵o̵e̵,̵A̵l̵g̵E̵q̵u̵i̵v̵.̵c̵o̵e̵_̵a̵l̵g̵H̵o̵m̵,̵[̲a̲l̲g̲e̲b̲r̲a̲C̲y̲c̲l̲i̲c̲M̲a̲p̲_̲m̲k̲,̲ ̲A̲l̲g̲E̲q̲u̲i̲v̲.̲t̲o̲A̲l̲g̲H̲o̲m̲_̲e̲q̲_̲c̲o̲e̲,̲ AlgEquiv.apply_symm_apply]

Note: This linter can be disabled with `set_option linter.unusedSimpArgs false`
work/ASGinzburgDraft/AlgebraCyclicQuotient.lean:55:6: warning: This simp argument is unused:
  AlgEquiv.apply_symm_apply

Hint: Omit it from the simp argument list.
  simp only [̵a̵l̵g̵e̵b̵r̵a̵C̵y̵c̵l̵i̵c̵M̵a̵p̵_̵m̵k̵,̵A̵l̵g̵E̵q̵u̵i̵v̵.̵t̵o̵A̵l̵g̵H̵o̵m̵_̵e̵q̵_̵c̵o̵e̵,̵A̵l̵g̵E̵q̵u̵i̵v̵.̵c̵o̵e̵_̵a̵l̵g̵H̵o̵m̵,̵
  ̵ ̵ ̵ ̵ ̵ ̵ ̵A̵l̵g̵E̵q̵u̵i̵v̵.̵a̵p̵p̵l̵y̵_̵s̵y̵m̵m̵_̵a̵p̵p̵l̵y̵]̵[̲a̲l̲g̲e̲b̲r̲a̲C̲y̲c̲l̲i̲c̲M̲a̲p̲_̲m̲k̲,̲ ̲A̲l̲g̲E̲q̲u̲i̲v̲.̲t̲o̲A̲l̲g̲H̲o̲m̲_̲e̲q̲_̲c̲o̲e̲,̲ ̲A̲l̲g̲E̲q̲u̲i̲v̲.̲c̲o̲e̲_̲a̲l̲g̲H̲o̲m̲]̲

Note: This linter can be disabled with `set_option linter.unusedSimpArgs false`
