work/ASGinzburgDraft/GradedOrdinaryMinimalResolution.lean:57:70: error: unsolved goals
k : Type u
inst✝² : Field k
R : Type v
inst✝¹ : Ring R
inst✝ : Algebra k R
A : ℤ → Submodule k R
b : ℤ
J : Ideal R
C : (M : GradedOrdinaryBoundedModule k R A b) → GradedOrdinaryProjectiveCover (↑M) b J
M : GradedOrdinaryBoundedModule k R A b
n : ℕ
x : ↑((resolution C M).complex.X (n + 1))
⊢ ∀ (n : ℕ), differential C M (n + 1) ≫ differential C M n = 0
work/ASGinzburgDraft/GradedOrdinaryMinimalResolution.lean:70:48: error: unsolved goals
k : Type u
inst✝² : Field k
R : Type v
inst✝¹ : Ring R
inst✝ : Algebra k R
A : ℤ → Submodule k R
b : ℤ
J : Ideal R
C : (M : GradedOrdinaryBoundedModule k R A b) → GradedOrdinaryProjectiveCover (↑M) b J
M : GradedOrdinaryBoundedModule k R A b
n : ℕ
⊢ ∀ (n : ℕ), differential C M (n + 1) ≫ differential C M n = 0
