work/ASGinzburgDraft/HomogeneousQuotientDecomposition.lean:14:54: error: expected token
work/ASGinzburgDraft/HomogeneousQuotientDecomposition.lean:17:56: error: Function expected at
  homogeneousQuotientGrade k M G
but this term has type
  Submodule k M

Note: Expected a function because this term is being applied to the argument
  S
work/ASGinzburgDraft/HomogeneousQuotientDecomposition.lean:18:4: error: Invalid field `mkQ`: The environment does not contain `Submodule.mkQ`
  S
has type
  Submodule k M
work/ASGinzburgDraft/HomogeneousQuotientDecomposition.lean:22:9: error: Function expected at
  homogeneousQuotientGrade k M G
but this term has type
  Submodule k M

Note: Expected a function because this term is being applied to the argument
  S
work/ASGinzburgDraft/HomogeneousQuotientDecomposition.lean:28:8: error: typeclass instance problem is stuck, it is often due to metavariables
  SemilinearMapClass ?m.43 ?m.42 M ?m.35
work/ASGinzburgDraft/HomogeneousQuotientDecomposition.lean:42:13: error: expected token
work/ASGinzburgDraft/HomogeneousQuotientDecomposition.lean:38:29: error: Function expected at
  homogeneousQuotientGrade k M G
but this term has type
  Submodule k M

Note: Expected a function because this term is being applied to the argument
  S
work/ASGinzburgDraft/HomogeneousQuotientDecomposition.lean:40:11: error: Function expected at
  homogeneousQuotientGrade k M G
but this term has type
  Submodule k M

Note: Expected a function because this term is being applied to the argument
  S
work/ASGinzburgDraft/HomogeneousQuotientDecomposition.lean:38:66: error: unsolved goals
k : Type u
inst✝⁴ : Field k
M : Type v
inst✝³ : AddCommGroup M
inst✝² : Module k M
ι : Type w
inst✝¹ : DecidableEq ι
G : ι → Submodule k M
inst✝ : DirectSum.Decomposition G
S : Submodule k M
hS : ∀ (q : ι), ∀ x ∈ S, ↑(((DirectSum.decompose G) x) q) ∈ S
⊢ DirectSum.Decomposition sorry
