work/ASGinzburgDraft/PeriodCutOrdinaryGradedCover.lean:15:60: error: Unknown identifier `i.val` at quotation precheck

Note: You can use `set_option quotPrecheck false` to disable this check.
work/ASGinzburgDraft/PeriodCutOrdinaryGradedCover.lean:17:57: error: elaboration function for `_private.work.ASGinzburgDraft.PeriodCutOrdinaryGradedCover.0.ASGinzburg.ZAlgebra.PeriodIso.termR` has not been implemented
  R
work/ASGinzburgDraft/PeriodCutOrdinaryGradedCover.lean:20:48: error: elaboration function for `_private.work.ASGinzburgDraft.PeriodCutOrdinaryGradedCover.0.ASGinzburg.ZAlgebra.PeriodIso.termR` has not been implemented
  R
work/ASGinzburgDraft/PeriodCutOrdinaryGradedCover.lean:21:8: error: Invalid field notation: Function `cutGradedJacobsonOppositeIdeal` does not have a usable parameter of type `PeriodIso ...` for which to substitute `E`

Note: Such a parameter must be explicit, or implicit with a unique name, to be used by field notation
work/ASGinzburgDraft/PeriodCutOrdinaryGradedCover.lean:21:79: error: unsolved goals
k : Type u
inst✝ : Field k
A : ZAlgebra k
Q : CutQuiver
E : A.PeriodIso ↑Q.vertices
r : sorry
⊢ r ∈ sorry ↔ sorry ∈ cutGradedJacobson Q E
work/ASGinzburgDraft/PeriodCutOrdinaryGradedCover.lean:22:13: warning: declaration uses 'sorry'
work/ASGinzburgDraft/PeriodCutOrdinaryGradedCover.lean:22:13: warning: This simp argument is unused:
  cutGradedJacobsonOppositeIdeal

Hint: Omit it from the simp argument list.
  simp only [̵c̵u̵t̵G̵r̵a̵d̵e̵d̵J̵a̵c̵o̵b̵s̵o̵n̵O̵p̵p̵o̵s̵i̵t̵e̵I̵d̵e̵a̵l̵,̵ ̵T̵w̵o̵S̵i̵d̵e̵d̵I̵d̵e̵a̵l̵.̵m̵e̵m̵_̵a̵s̵I̵d̵e̵a̵l̵,̵[̲T̲w̲o̲S̲i̲d̲e̲d̲I̲d̲e̲a̲l̲.̲m̲e̲m̲_̲a̲s̲I̲d̲e̲a̲l̲,̲ TwoSidedIdeal.mem_op_iff, Ideal.mem_toTwoSided]

Note: This linter can be disabled with `set_option linter.unusedSimpArgs false`
work/ASGinzburgDraft/PeriodCutOrdinaryGradedCover.lean:22:45: warning: This simp argument is unused:
  TwoSidedIdeal.mem_asIdeal

Hint: Omit it from the simp argument list.
  simp only [cutGradedJacobsonOppositeIdeal, T̵w̵o̵S̵i̵d̵e̵d̵I̵d̵e̵a̵l̵.̵m̵e̵m̵_̵a̵s̵I̵d̵e̵a̵l̵,̵TwoSidedIdeal.mem_op_iff, Ideal.mem_toTwoSided]

Note: This linter can be disabled with `set_option linter.unusedSimpArgs false`
work/ASGinzburgDraft/PeriodCutOrdinaryGradedCover.lean:23:4: warning: This simp argument is unused:
  TwoSidedIdeal.mem_op_iff

Hint: Omit it from the simp argument list.
  simp only [cutGradedJacobsonOppositeIdeal, TwoSidedIdeal.mem_asIdeal, T̵w̵o̵S̵i̵d̵e̵d̵I̵d̵e̵a̵l̵.̵m̵e̵m̵_̵o̵p̵_̵i̵f̵f̵,̵ ̵Ideal.mem_toTwoSided]

Note: This linter can be disabled with `set_option linter.unusedSimpArgs false`
work/ASGinzburgDraft/PeriodCutOrdinaryGradedCover.lean:23:30: warning: This simp argument is unused:
  Ideal.mem_toTwoSided

Hint: Omit it from the simp argument list.
  simp only [cutGradedJacobsonOppositeIdeal, TwoSidedIdeal.mem_asIdeal, T̵w̵o̵S̵i̵d̵e̵d̵I̵d̵e̵a̵l̵.̵m̵e̵m̵_̵o̵p̵_̵i̵f̵f̵,̵ ̵I̵d̵e̵a̵l̵.̵m̵e̵m̵_̵t̵o̵T̵w̵o̵S̵i̵d̵e̵d̵]̵T̲w̲o̲S̲i̲d̲e̲d̲I̲d̲e̲a̲l̲.̲m̲e̲m̲_̲o̲p̲_̲i̲f̲f̲]̲

Note: This linter can be disabled with `set_option linter.unusedSimpArgs false`
work/ASGinzburgDraft/PeriodCutOrdinaryGradedCover.lean:26:36: error: elaboration function for `_private.work.ASGinzburgDraft.PeriodCutOrdinaryGradedCover.0.ASGinzburg.ZAlgebra.PeriodIso.termR` has not been implemented
  R
work/ASGinzburgDraft/PeriodCutOrdinaryGradedCover.lean:27:31: error: elaboration function for `_private.work.ASGinzburgDraft.PeriodCutOrdinaryGradedCover.0.ASGinzburg.ZAlgebra.PeriodIso.termR` has not been implemented
  R
work/ASGinzburgDraft/PeriodCutOrdinaryGradedCover.lean:33:36: error: elaboration function for `_private.work.ASGinzburgDraft.PeriodCutOrdinaryGradedCover.0.ASGinzburg.ZAlgebra.PeriodIso.termR` has not been implemented
  R
work/ASGinzburgDraft/PeriodCutOrdinaryGradedCover.lean:35:5: error: Invalid field `cutOrdinaryGradedCoverSource`: The environment does not contain `ASGinzburg.ZAlgebra.PeriodIso.cutOrdinaryGradedCoverSource`
  E
has type
  A.PeriodIso ↑Q.vertices
work/ASGinzburgDraft/PeriodCutOrdinaryGradedCover.lean:46:36: error: elaboration function for `_private.work.ASGinzburgDraft.PeriodCutOrdinaryGradedCover.0.ASGinzburg.ZAlgebra.PeriodIso.termR` has not been implemented
  R
work/ASGinzburgDraft/PeriodCutOrdinaryGradedCover.lean:47:5: error: Invalid field `cutOrdinaryGradedCoverSource`: The environment does not contain `ASGinzburg.ZAlgebra.PeriodIso.cutOrdinaryGradedCoverSource`
  E
has type
  A.PeriodIso ↑Q.vertices
work/ASGinzburgDraft/PeriodCutOrdinaryGradedCover.lean:55:36: error: elaboration function for `_private.work.ASGinzburgDraft.PeriodCutOrdinaryGradedCover.0.ASGinzburg.ZAlgebra.PeriodIso.termR` has not been implemented
  R
work/ASGinzburgDraft/PeriodCutOrdinaryGradedCover.lean:56:5: error: Invalid field `cutOrdinaryGradedCoverSource`: The environment does not contain `ASGinzburg.ZAlgebra.PeriodIso.cutOrdinaryGradedCoverSource`
  E
has type
  A.PeriodIso ↑Q.vertices
work/ASGinzburgDraft/PeriodCutOrdinaryGradedCover.lean:63:36: error: elaboration function for `_private.work.ASGinzburgDraft.PeriodCutOrdinaryGradedCover.0.ASGinzburg.ZAlgebra.PeriodIso.termR` has not been implemented
  R
work/ASGinzburgDraft/PeriodCutOrdinaryGradedCover.lean:64:16: error: Invalid field `cutOrdinaryGradedCoverSource`: The environment does not contain `ASGinzburg.ZAlgebra.PeriodIso.cutOrdinaryGradedCoverSource`
  E
has type
  A.PeriodIso ↑Q.vertices
work/ASGinzburgDraft/PeriodCutOrdinaryGradedCover.lean:71:36: error: elaboration function for `_private.work.ASGinzburgDraft.PeriodCutOrdinaryGradedCover.0.ASGinzburg.ZAlgebra.PeriodIso.termR` has not been implemented
  R
work/ASGinzburgDraft/PeriodCutOrdinaryGradedCover.lean:72:43: error: Invalid field `cutOrdinaryGradedCoverπ`: The environment does not contain `ASGinzburg.ZAlgebra.PeriodIso.cutOrdinaryGradedCoverπ`
  E
has type
  A.PeriodIso ↑Q.vertices
work/ASGinzburgDraft/PeriodCutOrdinaryGradedCover.lean:86:36: error: elaboration function for `_private.work.ASGinzburgDraft.PeriodCutOrdinaryGradedCover.0.ASGinzburg.ZAlgebra.PeriodIso.termR` has not been implemented
  R
work/ASGinzburgDraft/PeriodCutOrdinaryGradedCover.lean:88:10: error: Invalid field `cutOrdinaryGradedCoverπ`: The environment does not contain `ASGinzburg.ZAlgebra.PeriodIso.cutOrdinaryGradedCoverπ`
  E
has type
  A.PeriodIso ↑Q.vertices
work/ASGinzburgDraft/PeriodCutOrdinaryGradedCover.lean:89:34: error: elaboration function for `_private.work.ASGinzburgDraft.PeriodCutOrdinaryGradedCover.0.ASGinzburg.ZAlgebra.PeriodIso.termR` has not been implemented
  R
work/ASGinzburgDraft/PeriodCutOrdinaryGradedCover.lean:90:55: error: Invalid field notation: Function `cutGradedJacobsonOppositeIdeal` does not have a usable parameter of type `PeriodIso ...` for which to substitute `E`

Note: Such a parameter must be explicit, or implicit with a unique name, to be used by field notation
work/ASGinzburgDraft/PeriodCutOrdinaryGradedCover.lean:87:10: error: Invalid field `cutOrdinaryGradedCoverSource`: The environment does not contain `ASGinzburg.ZAlgebra.PeriodIso.cutOrdinaryGradedCoverSource`
  E
has type
  A.PeriodIso ↑Q.vertices
work/ASGinzburgDraft/PeriodCutOrdinaryGradedCover.lean:90:7: error: Invalid field `cutOrdinaryGradedCoverSource`: The environment does not contain `ASGinzburg.ZAlgebra.PeriodIso.cutOrdinaryGradedCoverSource`
  E
has type
  A.PeriodIso ↑Q.vertices
work/ASGinzburgDraft/PeriodCutOrdinaryGradedCover.lean:115:44: error: elaboration function for `_private.work.ASGinzburgDraft.PeriodCutOrdinaryGradedCover.0.ASGinzburg.ZAlgebra.PeriodIso.termR` has not been implemented
  R
work/ASGinzburgDraft/PeriodCutOrdinaryGradedCover.lean:117:39: error: Invalid field notation: Function `cutGradedJacobsonOppositeIdeal` does not have a usable parameter of type `PeriodIso ...` for which to substitute `E`

Note: Such a parameter must be explicit, or implicit with a unique name, to be used by field notation
