'ASGinzburg.balancedTensorDoubleOppositeScalarEquiv' depends on axioms: [propext, Quot.sound]
'ASGinzburg.balancedTensorDoubleOppositeModule_projective' depends on axioms: [propext, Classical.choice, Quot.sound]
'ASGinzburg.balancedTensorLeftFunctorPreservesMonomorphisms' depends on axioms: [propext, Classical.choice, Quot.sound]
'ASGinzburg.balancedTensorLeftFunctorPreservesHomology' depends on axioms: [propext, Classical.choice, Quot.sound]
'ASGinzburg.balancedTensorLeftFunctor_map_exact' depends on axioms: [propext, Classical.choice, Quot.sound]
'ASGinzburg.natDownTotalComplexShapeSymmetry' depends on axioms: [propext, Classical.choice, Quot.sound]
'ASGinzburg.natDownTotalComplexShapeSymmetrySymmetry' depends on axioms: [propext, Classical.choice, Quot.sound]
'ASGinzburg.balancedTensorFlippedBifunctor_obj_additive' depends on axioms: [propext, Classical.choice, Quot.sound]
'ASGinzburg.balancedTensorFlippedBifunctor_additive' depends on axioms: [propext, Classical.choice, Quot.sound]
'ASGinzburg.balancedTensorDoubleResolutionColumnPreservesHomology' depends on axioms: [propext,
 Classical.choice,
 Quot.sound]
'ASGinzburg.balancedTensorDoubleResolutionColumnPreservesEpimorphisms' depends on axioms: [propext,
 Classical.choice,
 Quot.sound]
'ASGinzburg.balancedTensorDoubleResolutionLeftAugmentation' depends on axioms: [propext, Classical.choice, Quot.sound]
'ASGinzburg.balancedTensorDoubleResolutionLeftAugmentation_quasiIso' depends on axioms: [propext,
 Classical.choice,
 Quot.sound]
'ASGinzburg.balancedTensorDoubleResolutionRightHomologyIso' depends on axioms: [propext, Classical.choice, Quot.sound]
'ASGinzburg.balancedTensorDoubleResolutionTorRightIso' depends on axioms: [propext, Classical.choice, Quot.sound]
'ASGinzburg.balancedTensorTorBalanceIso' depends on axioms: [propext, Classical.choice, Quot.sound]
'ASGinzburg.balancedTensorTorBalanceObjIso' depends on axioms: [propext, Classical.choice, Quot.sound]
'ASGinzburg.balancedTensorTor_isZero_of_right_resolution_term' depends on axioms: [propext,
 Classical.choice,
 Quot.sound]
'ASGinzburg.balancedTensorTor_finite_of_right_resolution_term' depends on axioms: [propext,
 Classical.choice,
 Quot.sound]
'ASGinzburg.ZAlgebra.ASRegular.cutSemisimpleSecondTor_isZero_ge_four' depends on axioms: [propext,
 Classical.choice,
 Quot.sound]
'ASGinzburg.ZAlgebra.ASRegular.cutSemisimpleSecondTor_finite' depends on axioms: [propext, Classical.choice, Quot.sound]
'ASGinzburg.ZAlgebra.ASRegular.cutSemisimpleBalancedTor_finite' depends on axioms: [propext,
 Classical.choice,
 Quot.sound]
