work/ASGinzburgDraft/PathOccurrenceContext.lean:13:10: error: unexpected identifier; expected prec
work/ASGinzburgDraft/PathOccurrenceContext.lean:17:5: warning: unused variable `C`

Note: This linter can be disabled with `set_option linter.unusedVariables false`
work/ASGinzburgDraft/PathOccurrenceContext.lean:17:55: warning: unused variable `ha`

Note: This linter can be disabled with `set_option linter.unusedVariables false`
work/ASGinzburgDraft/PathOccurrenceContext.lean:19:8: error: unexpected token ':='; expected ':'
work/ASGinzburgDraft/PathOccurrenceContext.lean:28:9: error: Insufficient number of fields for `⟨...⟩` constructor: Constructor `ASGinzburg.CutQuiver.PathOccurrenceContext.mk` does not have explicit fields, but 2 were provided
work/ASGinzburgDraft/PathOccurrenceContext.lean:37:32: error: Invalid field `prefix`: The environment does not contain `ASGinzburg.CutQuiver.PathOccurrenceContext.prefix`
  C
has type
  Q.PathOccurrenceContext b i j
work/ASGinzburgDraft/PathOccurrenceContext.lean:38:41: error: Invalid field `suffix`: The environment does not contain `ASGinzburg.CutQuiver.PathOccurrenceContext.suffix`
  C
has type
  Q.PathOccurrenceContext b i j
work/ASGinzburgDraft/PathOccurrenceContext.lean:43:35: error: Invalid field `prefix`: The environment does not contain `ASGinzburg.CutQuiver.PathOccurrenceContext.prefix`
  C
has type
  Q.PathOccurrenceContext b i j
work/ASGinzburgDraft/PathOccurrenceContext.lean:44:40: error: Invalid field `suffix`: The environment does not contain `ASGinzburg.CutQuiver.PathOccurrenceContext.suffix`
  C
has type
  Q.PathOccurrenceContext b i j
work/ASGinzburgDraft/PathOccurrenceContext.lean:50:47: error: Invalid field `suffix`: The environment does not contain `ASGinzburg.CutQuiver.PathOccurrenceContext.suffix`
  C
has type
  Q.PathOccurrenceContext b i j
work/ASGinzburgDraft/PathOccurrenceContext.lean:51:20: error: Invalid field `prefix`: The environment does not contain `ASGinzburg.CutQuiver.PathOccurrenceContext.prefix`
  C
has type
  Q.PathOccurrenceContext b i j
