work/ASGinzburgDraft/AlgebraEnvelopingRingDualTensorEvaluationShuffle.lean:19:17: error: cannot find synthesization order for instance envelopingTensorEvaluationRestrictedRightModule with type
  (k : Type u) →
    [inst : Field k] →
      (R : Type v) →
        [inst_1 : Ring R] →
          [inst_2 : Algebra k R] →
            (D : Type z) → [inst_3 : AddCommGroup D] → [Module (AlgebraEnvelopingRing k R)ᵐᵒᵖ D] → Module Rᵐᵒᵖ D
all remaining arguments have metavariables:
  Field ?k
  @Algebra ?k R Field.toSemifield.toCommSemiring inst✝³.toSemiring
  @Module (AlgebraEnvelopingRing ?k R)ᵐᵒᵖ D MulOpposite.instSemiring inst✝¹.toAddCommMonoid
work/ASGinzburgDraft/AlgebraEnvelopingRingDualTensorEvaluationShuffle.lean:24:17: error: cannot find synthesization order for instance envelopingTensorEvaluationRestrictedRightSMul with type
  (k : Type u) →
    [inst : Field k] →
      (R : Type v) →
        [inst_1 : Ring R] →
          [inst_2 : Algebra k R] →
            (D : Type z) → [inst_3 : AddCommGroup D] → [Module (AlgebraEnvelopingRing k R)ᵐᵒᵖ D] → SMul Rᵐᵒᵖ D
all remaining arguments have metavariables:
  Field ?k
  @Algebra ?k R Field.toSemifield.toCommSemiring inst✝³.toSemiring
  @Module (AlgebraEnvelopingRing ?k R)ᵐᵒᵖ D MulOpposite.instSemiring inst✝¹.toAddCommMonoid
work/ASGinzburgDraft/AlgebraEnvelopingRingDualTensorEvaluationShuffle.lean:35:6: error: failed to synthesize
  Module Rᵐᵒᵖ D

Hint: Additional diagnostic information may be available using the `set_option diagnostics true` command.
work/ASGinzburgDraft/AlgebraEnvelopingRingDualTensorEvaluationShuffle.lean:37:6: error: failed to synthesize
  Module Rᵐᵒᵖ D

Hint: Additional diagnostic information may be available using the `set_option diagnostics true` command.
work/ASGinzburgDraft/AlgebraEnvelopingRingDualTensorEvaluationShuffle.lean:40:15: error: failed to synthesize
  Module Rᵐᵒᵖ D

Hint: Additional diagnostic information may be available using the `set_option diagnostics true` command.
work/ASGinzburgDraft/AlgebraEnvelopingRingDualTensorEvaluationShuffle.lean:42:10: error: failed to synthesize
  Module Rᵐᵒᵖ D

Hint: Additional diagnostic information may be available using the `set_option diagnostics true` command.
work/ASGinzburgDraft/AlgebraEnvelopingRingDualTensorEvaluationShuffle.lean:50:43: error: Application type mismatch: The argument
  R
has type
  Type v
of sort `Type (v + 1)` but is expected to have type
  k
of sort `Type u` in the application
  envelopingTensorEvaluationShuffleRow k R
work/ASGinzburgDraft/AlgebraEnvelopingRingDualTensorEvaluationShuffle.lean:52:6: error: failed to synthesize
  Module Rᵐᵒᵖ D

Hint: Additional diagnostic information may be available using the `set_option diagnostics true` command.
work/ASGinzburgDraft/AlgebraEnvelopingRingDualTensorEvaluationShuffle.lean:53:6: error: Failed to rewrite using equation theorems for `envelopingTensorEvaluationShuffleRow`
work/ASGinzburgDraft/AlgebraEnvelopingRingDualTensorEvaluationShuffle.lean:53:6: warning: declaration uses 'sorry'
work/ASGinzburgDraft/AlgebraEnvelopingRingDualTensorEvaluationShuffle.lean:58:40: error: failed to synthesize
  Module Rᵐᵒᵖ D

Hint: Additional diagnostic information may be available using the `set_option diagnostics true` command.
work/ASGinzburgDraft/AlgebraEnvelopingRingDualTensorEvaluationShuffle.lean:101:4: error: failed to synthesize
  Module Rᵐᵒᵖ D

Hint: Additional diagnostic information may be available using the `set_option diagnostics true` command.
work/ASGinzburgDraft/AlgebraEnvelopingRingDualTensorEvaluationShuffle.lean:104:8: error: failed to synthesize
  Module Rᵐᵒᵖ D

Hint: Additional diagnostic information may be available using the `set_option diagnostics true` command.
work/ASGinzburgDraft/AlgebraEnvelopingRingDualTensorEvaluationShuffle.lean:107:6: error: 'change' tactic failed, pattern
  balancedTensorTmul k (AlgebraEnvelopingRing k R) D (BalancedTensorHom k R M R) (MulOpposite.op (a ⊗ₜ[k] 1) • d)
      ((envelopingTensorEvaluationDualSeed k R M) φ) =
    balancedTensorTmul k (AlgebraEnvelopingRing k R) D (BalancedTensorHom k R M R) d
      ((envelopingTensorEvaluationDualSeed k R M) (a • φ))
is not definitionally equal to target
  ((envelopingTensorEvaluationShuffleBilinear k R M D) (MulOpposite.op a • d)) φ =
    ((envelopingTensorEvaluationShuffleBilinear k R M D) d) (a • φ)
work/ASGinzburgDraft/AlgebraEnvelopingRingDualTensorEvaluationShuffle.lean:122:6: error: Failed to rewrite using equation theorems for `envelopingTensorEvaluationShuffle`
work/ASGinzburgDraft/AlgebraEnvelopingRingDualTensorEvaluationShuffle.lean:122:6: warning: declaration uses 'sorry'
work/ASGinzburgDraft/AlgebraEnvelopingRingDualTensorEvaluationShuffle.lean:130:6: error: failed to synthesize
  Module Rᵐᵒᵖ D

Hint: Additional diagnostic information may be available using the `set_option diagnostics true` command.
work/ASGinzburgDraft/AlgebraEnvelopingRingDualTensorEvaluationShuffle.lean:142:6: error: failed to synthesize
  Module Rᵐᵒᵖ D

Hint: Additional diagnostic information may be available using the `set_option diagnostics true` command.
work/ASGinzburgDraft/AlgebraEnvelopingRingDualTensorEvaluationShuffle.lean:165:2: error: No goals to be solved
work/ASGinzburgDraft/AlgebraEnvelopingRingDualTensorEvaluationShuffle.lean:190:6: error: failed to synthesize
  Module Rᵐᵒᵖ D

Hint: Additional diagnostic information may be available using the `set_option diagnostics true` command.
work/ASGinzburgDraft/AlgebraEnvelopingRingDualTensorEvaluationShuffle.lean:209:6: error: Failed to rewrite using equation theorems for `envelopingTensorEvaluationUnshuffle`
work/ASGinzburgDraft/AlgebraEnvelopingRingDualTensorEvaluationShuffle.lean:209:6: warning: declaration uses 'sorry'
work/ASGinzburgDraft/AlgebraEnvelopingRingDualTensorEvaluationShuffle.lean:212:9: error: failed to synthesize
  Module Rᵐᵒᵖ D

Hint: Additional diagnostic information may be available using the `set_option diagnostics true` command.
work/ASGinzburgDraft/AlgebraEnvelopingRingDualTensorEvaluationShuffle.lean:218:44: error(lean.unknownIdentifier): Unknown identifier `k`
work/ASGinzburgDraft/AlgebraEnvelopingRingDualTensorEvaluationShuffle.lean:218:46: error(lean.unknownIdentifier): Unknown identifier `R`
work/ASGinzburgDraft/AlgebraEnvelopingRingDualTensorEvaluationShuffle.lean:218:48: error(lean.unknownIdentifier): Unknown identifier `M`
work/ASGinzburgDraft/AlgebraEnvelopingRingDualTensorEvaluationShuffle.lean:218:50: error(lean.unknownIdentifier): Unknown identifier `R`
work/ASGinzburgDraft/AlgebraEnvelopingRingDualTensorEvaluationShuffle.lean:219:51: error(lean.unknownIdentifier): Unknown identifier `k`
work/ASGinzburgDraft/AlgebraEnvelopingRingDualTensorEvaluationShuffle.lean:219:53: error(lean.unknownIdentifier): Unknown identifier `R`
work/ASGinzburgDraft/AlgebraEnvelopingRingDualTensorEvaluationShuffle.lean:219:55: error(lean.unknownIdentifier): Unknown identifier `M`
work/ASGinzburgDraft/AlgebraEnvelopingRingDualTensorEvaluationShuffle.lean:219:57: error(lean.unknownIdentifier): Unknown identifier `R`
work/ASGinzburgDraft/AlgebraEnvelopingRingDualTensorEvaluationShuffle.lean:220:53: error(lean.unknownIdentifier): Unknown identifier `k`
work/ASGinzburgDraft/AlgebraEnvelopingRingDualTensorEvaluationShuffle.lean:220:55: error(lean.unknownIdentifier): Unknown identifier `R`
work/ASGinzburgDraft/AlgebraEnvelopingRingDualTensorEvaluationShuffle.lean:220:57: error(lean.unknownIdentifier): Unknown identifier `M`
work/ASGinzburgDraft/AlgebraEnvelopingRingDualTensorEvaluationShuffle.lean:220:59: error(lean.unknownIdentifier): Unknown identifier `R`
work/ASGinzburgDraft/AlgebraEnvelopingRingDualTensorEvaluationShuffle.lean:221:39: error(lean.unknownIdentifier): Unknown identifier `k`
work/ASGinzburgDraft/AlgebraEnvelopingRingDualTensorEvaluationShuffle.lean:221:41: error(lean.unknownIdentifier): Unknown identifier `R`
work/ASGinzburgDraft/AlgebraEnvelopingRingDualTensorEvaluationShuffle.lean:221:43: error(lean.unknownIdentifier): Unknown identifier `D`
work/ASGinzburgDraft/AlgebraEnvelopingRingDualTensorEvaluationShuffle.lean:221:64: error(lean.unknownIdentifier): Unknown identifier `k`
work/ASGinzburgDraft/AlgebraEnvelopingRingDualTensorEvaluationShuffle.lean:221:66: error(lean.unknownIdentifier): Unknown identifier `R`
work/ASGinzburgDraft/AlgebraEnvelopingRingDualTensorEvaluationShuffle.lean:221:68: error(lean.unknownIdentifier): Unknown identifier `M`
work/ASGinzburgDraft/AlgebraEnvelopingRingDualTensorEvaluationShuffle.lean:221:70: error(lean.unknownIdentifier): Unknown identifier `k`
work/ASGinzburgDraft/AlgebraEnvelopingRingDualTensorEvaluationShuffle.lean:222:40: error(lean.unknownIdentifier): Unknown identifier `k`
work/ASGinzburgDraft/AlgebraEnvelopingRingDualTensorEvaluationShuffle.lean:222:42: error(lean.unknownIdentifier): Unknown identifier `R`
work/ASGinzburgDraft/AlgebraEnvelopingRingDualTensorEvaluationShuffle.lean:222:44: error(lean.unknownIdentifier): Unknown identifier `M`
work/ASGinzburgDraft/AlgebraEnvelopingRingDualTensorEvaluationShuffle.lean:224:4: error: `simp` made no progress
work/ASGinzburgDraft/AlgebraEnvelopingRingDualTensorEvaluationShuffle.lean:225:10: error: Tactic `introN` failed: There are no additional binders or `let` bindings in the goal to introduce

case refine_8.refine_12.refine_2
z : sorry
this✝ : Module (AlgebraEnvelopingRing sorry sorry) (BalancedTensorHom sorry sorry sorry sorry) := ⋯
this : IsScalarTower sorry (AlgebraEnvelopingRing sorry sorry) (BalancedTensorHom sorry sorry sorry sorry) := ⋯
⊢ Ring sorry
work/ASGinzburgDraft/AlgebraEnvelopingRingDualTensorEvaluationShuffle.lean:231:10: error: Tactic `introN` failed: There are no additional binders or `let` bindings in the goal to introduce

case refine_8.refine_12.refine_3
z : sorry
this✝ : Module (AlgebraEnvelopingRing sorry sorry) (BalancedTensorHom sorry sorry sorry sorry) := ⋯
this : IsScalarTower sorry (AlgebraEnvelopingRing sorry sorry) (BalancedTensorHom sorry sorry sorry sorry) := ⋯
⊢ Algebra sorry sorry
work/ASGinzburgDraft/AlgebraEnvelopingRingDualTensorEvaluationShuffle.lean:217:59: error: unsolved goals
case refine_8.refine_12.refine_4
z : sorry
this✝ : Module (AlgebraEnvelopingRing sorry sorry) (BalancedTensorHom sorry sorry sorry sorry) := ⋯
this : IsScalarTower sorry (AlgebraEnvelopingRing sorry sorry) (BalancedTensorHom sorry sorry sorry sorry) := ⋯
⊢ AddCommGroup sorry

case refine_8.refine_12.refine_5
z : sorry
this✝ : Module (AlgebraEnvelopingRing sorry sorry) (BalancedTensorHom sorry sorry sorry sorry) := ⋯
this : IsScalarTower sorry (AlgebraEnvelopingRing sorry sorry) (BalancedTensorHom sorry sorry sorry sorry) := ⋯
⊢ Module sorry sorry

case refine_8.refine_12.refine_6
z : sorry
this✝ : Module (AlgebraEnvelopingRing sorry sorry) (BalancedTensorHom sorry sorry sorry sorry) := ⋯
this : IsScalarTower sorry (AlgebraEnvelopingRing sorry sorry) (BalancedTensorHom sorry sorry sorry sorry) := ⋯
⊢ Module sorryᵐᵒᵖ sorry

case refine_8.refine_12.refine_7
z : sorry
this✝ : Module (AlgebraEnvelopingRing sorry sorry) (BalancedTensorHom sorry sorry sorry sorry) := ⋯
this : IsScalarTower sorry (AlgebraEnvelopingRing sorry sorry) (BalancedTensorHom sorry sorry sorry sorry) := ⋯
⊢ IsScalarTower sorry sorryᵐᵒᵖ sorry

case refine_8.refine_12.refine_8
z : sorry
this✝ : Module (AlgebraEnvelopingRing sorry sorry) (BalancedTensorHom sorry sorry sorry sorry) := ⋯
this : IsScalarTower sorry (AlgebraEnvelopingRing sorry sorry) (BalancedTensorHom sorry sorry sorry sorry) := ⋯
⊢ AddCommGroup sorry

case refine_8.refine_12.refine_9
z : sorry
this✝ : Module (AlgebraEnvelopingRing sorry sorry) (BalancedTensorHom sorry sorry sorry sorry) := ⋯
this : IsScalarTower sorry (AlgebraEnvelopingRing sorry sorry) (BalancedTensorHom sorry sorry sorry sorry) := ⋯
⊢ Module sorry sorry

case refine_8.refine_12.refine_10
z : sorry
this✝ : Module (AlgebraEnvelopingRing sorry sorry) (BalancedTensorHom sorry sorry sorry sorry) := ⋯
this : IsScalarTower sorry (AlgebraEnvelopingRing sorry sorry) (BalancedTensorHom sorry sorry sorry sorry) := ⋯
⊢ Module sorryᵐᵒᵖ sorry

case refine_8.refine_12.refine_11
z : sorry
this✝ : Module (AlgebraEnvelopingRing sorry sorry) (BalancedTensorHom sorry sorry sorry sorry) := ⋯
this : IsScalarTower sorry (AlgebraEnvelopingRing sorry sorry) (BalancedTensorHom sorry sorry sorry sorry) := ⋯
⊢ IsScalarTower sorry sorryᵐᵒᵖ sorry

case refine_8.refine_1
z : sorry
this : Module (AlgebraEnvelopingRing sorry sorry) (BalancedTensorHom sorry sorry sorry sorry) := ⋯
⊢ Field sorry

case refine_8.refine_2
z : sorry
this : Module (AlgebraEnvelopingRing sorry sorry) (BalancedTensorHom sorry sorry sorry sorry) := ⋯
⊢ Ring sorry

case refine_8.refine_3
z : sorry
this : Module (AlgebraEnvelopingRing sorry sorry) (BalancedTensorHom sorry sorry sorry sorry) := ⋯
⊢ Algebra sorry sorry

case refine_8.refine_4
z : sorry
this : Module (AlgebraEnvelopingRing sorry sorry) (BalancedTensorHom sorry sorry sorry sorry) := ⋯
⊢ AddCommGroup sorry

case refine_8.refine_5
z : sorry
this : Module (AlgebraEnvelopingRing sorry sorry) (BalancedTensorHom sorry sorry sorry sorry) := ⋯
⊢ Module sorry sorry

case refine_8.refine_6
z : sorry
this : Module (AlgebraEnvelopingRing sorry sorry) (BalancedTensorHom sorry sorry sorry sorry) := ⋯
⊢ Module sorryᵐᵒᵖ sorry

case refine_8.refine_7
z : sorry
this : Module (AlgebraEnvelopingRing sorry sorry) (BalancedTensorHom sorry sorry sorry sorry) := ⋯
⊢ IsScalarTower sorry sorryᵐᵒᵖ sorry

case refine_8.refine_8
z : sorry
this : Module (AlgebraEnvelopingRing sorry sorry) (BalancedTensorHom sorry sorry sorry sorry) := ⋯
⊢ AddCommGroup sorry

case refine_8.refine_9
z : sorry
this : Module (AlgebraEnvelopingRing sorry sorry) (BalancedTensorHom sorry sorry sorry sorry) := ⋯
⊢ Module sorry sorry

case refine_8.refine_10
z : sorry
this : Module (AlgebraEnvelopingRing sorry sorry) (BalancedTensorHom sorry sorry sorry sorry) := ⋯
⊢ Module sorryᵐᵒᵖ sorry

case refine_8.refine_11
z : sorry
this : Module (AlgebraEnvelopingRing sorry sorry) (BalancedTensorHom sorry sorry sorry sorry) := ⋯
⊢ IsScalarTower sorry sorryᵐᵒᵖ sorry

case refine_1
z : sorry
⊢ Field sorry

case refine_2
z : sorry
⊢ Ring sorry

case refine_3
z : sorry
⊢ Algebra sorry sorry

case refine_4
z : sorry
⊢ AddCommGroup sorry

case refine_5
z : sorry
⊢ Module sorry sorry

case refine_6
z : sorry
⊢ AddCommGroup sorry

case refine_7
z : sorry
⊢ Module sorry sorry
work/ASGinzburgDraft/AlgebraEnvelopingRingDualTensorEvaluationShuffle.lean:249:2: error: unsolved goals
case refine_1
k : Type u
inst✝¹¹ : Field k
R : Type v
inst✝¹⁰ : Ring R
inst✝⁹ : Algebra k R
M : Type w
inst✝⁸ : AddCommGroup M
inst✝⁷ : Module k M
inst✝⁶ : Module Rᵐᵒᵖ M
inst✝⁵ : IsScalarTower k Rᵐᵒᵖ M
D : Type z
inst✝⁴ : AddCommGroup D
inst✝³ : Module k D
inst✝² : Module (AlgebraEnvelopingRing k R)ᵐᵒᵖ D
inst✝¹ : IsScalarTower k (AlgebraEnvelopingRing k R)ᵐᵒᵖ D
inst✝ : Module.Finite k M
z : BalancedTensorSpace k (AlgebraEnvelopingRing k R) D (BalancedTensorHom k R M R)
this✝¹ : Module (AlgebraEnvelopingRing k R) (BalancedTensorHom k R M R) := envelopingBalancedTensorHomModule k R M R
this✝ : IsScalarTower k (AlgebraEnvelopingRing k R) (BalancedTensorHom k R M R) :=
  envelopingTensorEvaluationHomScalarTower k R M R
this : SMulCommClass (AlgebraEnvelopingRing k R) k (BalancedTensorHom k R M R) :=
  envelopingTensorEvaluationHomScalarCommute k R M R
⊢ sorry = 0
work/ASGinzburgDraft/AlgebraEnvelopingRingDualTensorEvaluationShuffle.lean:251:8: error(lean.unknownIdentifier): Unknown identifier `envelopingTensorEvaluationUnshuffle_tmul`
work/ASGinzburgDraft/AlgebraEnvelopingRingDualTensorEvaluationShuffle.lean:249:15: warning: This simp argument is unused:
  map_zero

Hint: Omit it from the simp argument list.
  simp only ̵[̵m̵a̵p̵_̵z̵e̵r̵o̵]̵

Note: This linter can be disabled with `set_option linter.unusedSimpArgs false`
work/ASGinzburgDraft/AlgebraEnvelopingRingDualTensorEvaluationShuffle.lean:283:4: error: failed to synthesize
  Module Rᵐᵒᵖ D

Hint: Additional diagnostic information may be available using the `set_option diagnostics true` command.
