'ASGinzburg.ZAlgebra.arrowPathLinearEvaluation_zeroCutJacobianContext' depends on axioms: [propext,
 Classical.choice,
 Quot.sound]
'ASGinzburg.ZAlgebra.arrowPathLinearEvaluation_zeroCutJacobianProjection' depends on axioms: [propext,
 Classical.choice,
 Quot.sound]
'ASGinzburg.ZAlgebra.arrowPathLinearEvaluation_zeroCutJacobianLift' depends on axioms: [propext,
 Classical.choice,
 Quot.sound]
'ASGinzburg.ZAlgebra.ASRegular.foundationRelationLift_mem_Jacobian' depends on axioms: [propext,
 Classical.choice,
 Quot.sound]
'ASGinzburg.ZAlgebra.ASRegular.foundationRelationIdeal_le_Jacobian' depends on axioms: [propext,
 Classical.choice,
 Quot.sound]
'ASGinzburg.ZAlgebra.ASRegular.foundationPeriodPathKernel_zeroSheet_eq_Jacobian' depends on axioms: [propext,
 Classical.choice,
 Quot.sound]
'ASGinzburg.ZAlgebra.ASRegular.foundationPeriodPathLinearKernel_zeroSheet_eq_Jacobian' depends on axioms: [propext,
 Classical.choice,
 Quot.sound]
'ASGinzburg.ZAlgebra.ASRegular.foundationPeriodPathLinearKernel_shiftedZeroSheet_eq_Jacobian' depends on axioms: [propext,
 Classical.choice,
 Quot.sound]
'ASGinzburg.ZAlgebra.ASRegular.foundationPeriodPathLinearKernel_sameSheet_eq_Jacobian' depends on axioms: [propext,
 Classical.choice,
 Quot.sound]
