'ASGinzburg.ZAlgebra.unrolledComponentHeightEquiv_mem_arrowPresentation_kernel_iff' depends on axioms: [propext,
 Classical.choice,
 Quot.sound]
'ASGinzburg.ZAlgebra.basedArrowIndecomposableMap_singleArrow' depends on axioms: [propext, Classical.choice, Quot.sound]
'ASGinzburg.ZAlgebra.basedArrow_oneArrow_class_independent' depends on axioms: [propext, Classical.choice, Quot.sound]
'ASGinzburg.ZAlgebra.basedArrowPathIndecomposableMap_eq_linearCombination' depends on axioms: [propext,
 Classical.choice,
 Quot.sound]
'ASGinzburg.ZAlgebra.basedArrowPathIndecomposableMap_ker_le_long' depends on axioms: [propext,
 Classical.choice,
 Quot.sound]
'ASGinzburg.ZAlgebra.basedArrowPathLinearEvaluation_ker_le_long_of_lt' depends on axioms: [propext,
 Classical.choice,
 Quot.sound]
'ASGinzburg.ZAlgebra.basedArrowPathLinearEvaluation_ker_le_long' depends on axioms: [propext,
 Classical.choice,
 Quot.sound]
'ASGinzburg.ZAlgebra.incomingElementGenerator' depends on axioms: [propext, Classical.choice, Quot.sound]
'ASGinzburg.ZAlgebra.incomingElementGenerator_decomposition' depends on axioms: [propext, Classical.choice, Quot.sound]
'ASGinzburg.ZAlgebra.incomingElementGenerator_mem_path_range' depends on axioms: [propext, Classical.choice, Quot.sound]
'ASGinzburg.ZAlgebra.basedArrowPathLinearEvaluation_surjective' depends on axioms: [propext,
 Classical.choice,
 Quot.sound]
'ASGinzburg.ZAlgebra.basedArrowPathPresentation_surjective' depends on axioms: [propext, Classical.choice, Quot.sound]
'ASGinzburg.ZAlgebra.ASRegular.foundationPeriodBasisSystem' depends on axioms: [propext, Classical.choice, Quot.sound]
'ASGinzburg.ZAlgebra.ASRegular.foundationPeriodCutJacobianGenerators_mem_kernel' depends on axioms: [propext,
 Classical.choice,
 Quot.sound]
'ASGinzburg.ZAlgebra.ASRegular.foundationPeriodCutJacobianIdeal_le_kernel' depends on axioms: [propext,
 Classical.choice,
 Quot.sound]
'ASGinzburg.ZAlgebra.ASRegular.foundationCutDerivativeUnroll_period_eval_zero' depends on axioms: [propext,
 Classical.choice,
 Quot.sound]
'ASGinzburg.ZAlgebra.ASRegular.foundationCutDerivativeUnroll_period_erase' depends on axioms: [propext,
 Classical.choice,
 Quot.sound]
'ASGinzburg.ZAlgebra.ASRegular.foundationPeriodIncomingElement_periodCoherent' depends on axioms: [propext,
 Classical.choice,
 Quot.sound]
'ASGinzburg.ZAlgebra.ASRegular.foundationPeriodPathEvaluation_shift' depends on axioms: [propext,
 Classical.choice,
 Quot.sound]
'ASGinzburg.ZAlgebra.ASRegular.foundationPeriodPathLinearEvaluation_shift' depends on axioms: [propext,
 Classical.choice,
 Quot.sound]
'ASGinzburg.ZAlgebra.ASRegular.foundationPeriodPathLinearEvaluation_integer_shift_eq_zero_iff' depends on axioms: [propext,
 Classical.choice,
 Quot.sound]
'ASGinzburg.ZAlgebra.ASRegular.foundationPeriodPathLinearEvaluation_integer_shift_kernel' depends on axioms: [propext,
 Classical.choice,
 Quot.sound]
'ASGinzburg.CutQuiver.foundationSheetGeneratorIndexEquiv' depends on axioms: [propext, Classical.choice, Quot.sound]
'ASGinzburg.ZAlgebra.homTransport_trans' depends on axioms: [propext, Classical.choice, Quot.sound]
'ASGinzburg.ZAlgebra.PeriodIso.map_homTransport' depends on axioms: [propext, Classical.choice, Quot.sound]
'ASGinzburg.ZAlgebra.ASRegular.foundationRepresentativeGeneratorBasis' depends on axioms: [propext,
 Classical.choice,
 Quot.sound]
'ASGinzburg.ZAlgebra.ASRegular.foundationRepresentativeGeneratorBasis_apply' depends on axioms: [propext,
 Classical.choice,
 Quot.sound]
'ASGinzburg.ZAlgebra.ASRegular.foundationPeriodIncomingElement_int_succ' depends on axioms: [propext,
 Classical.choice,
 Quot.sound]
'ASGinzburg.ZAlgebra.ASRegular.foundationPeriodCutJacobianRelation_eval_zero' depends on axioms: [propext,
 Classical.choice,
 Quot.sound]
'ASGinzburg.ZAlgebra.ASRegular.foundationPeriodJacobianRelation_cut_eval_zero' depends on axioms: [propext,
 Classical.choice,
 Quot.sound]
'ASGinzburg.ZAlgebra.ASRegular.foundationPeriodIntegerJacobianRelation_cut_mem_kernel' depends on axioms: [propext,
 Classical.choice,
 Quot.sound]
'ASGinzburg.ZAlgebra.ASRegular.foundationPeriodPathPresentation_kernel_le_arrow_square' depends on axioms: [propext,
 Classical.choice,
 Quot.sound]
'ASGinzburg.ZAlgebra.ASRegular.foundationPeriodMinimalPathPresentation' depends on axioms: [propext,
 Classical.choice,
 Quot.sound]
'ASGinzburg.ZAlgebra.ASRegular.foundationPeriodPresentationQuotientIso' depends on axioms: [propext,
 Classical.choice,
 Quot.sound]
'ASGinzburg.ZAlgebra.ASRegular.foundationPeriodIncomingElement_nat_succ' depends on axioms: [propext,
 Classical.choice,
 Quot.sound]
'ASGinzburg.ZAlgebra.ASRegular.foundationRepresentativeBasisSystem' depends on axioms: [propext,
 Classical.choice,
 Quot.sound]
'ASGinzburg.ZAlgebra.ASRegular.foundationPeriodIncomingGenerator_class' depends on axioms: [propext,
 Classical.choice,
 Quot.sound]
'ASGinzburg.ZAlgebra.ASRegular.foundationPeriodPathLinearEvaluation_surjective' depends on axioms: [propext,
 Classical.choice,
 Quot.sound]
'ASGinzburg.ZAlgebra.ASRegular.foundationPeriodPathPresentation_surjective' depends on axioms: [propext,
 Classical.choice,
 Quot.sound]
'ASGinzburg.ZAlgebra.ASRegular.foundationPeriodRingPresentation' depends on axioms: [propext,
 Classical.choice,
 Quot.sound]
'ASGinzburg.ZAlgebra.ASRegular.foundationPeriodRingPresentation_eq' depends on axioms: [propext,
 Classical.choice,
 Quot.sound]
'ASGinzburg.ZAlgebra.ASRegular.foundationPeriodRingPresentation_surjective' depends on axioms: [propext,
 Classical.choice,
 Quot.sound]
'ASGinzburg.ZAlgebra.ASRegular.foundationPeriodZeroCutPresentation' depends on axioms: [propext,
 Classical.choice,
 Quot.sound]
'ASGinzburg.ZAlgebra.ASRegular.foundationPeriodZeroCutPresentation_eq' depends on axioms: [propext,
 Classical.choice,
 Quot.sound]
'ASGinzburg.ZAlgebra.ASRegular.foundationPeriodZeroCutPresentation_surjective' depends on axioms: [propext,
 Classical.choice,
 Quot.sound]
'ASGinzburg.ZAlgebra.ASRegular.foundationPeriodZeroCutKernel_eq_Jacobian' depends on axioms: [propext,
 Classical.choice,
 Quot.sound]
'ASGinzburg.ZAlgebra.ASRegular.foundationPeriodJacobianRingAlgEquiv' depends on axioms: [propext,
 Classical.choice,
 Quot.sound]
'ASGinzburg.ZAlgebra.ASRegular.foundationPeriodPathLinearEvaluation_zeroSheet_eq' depends on axioms: [propext,
 Classical.choice,
 Quot.sound]
'ASGinzburg.ZAlgebra.ASRegular.foundationPeriodPathLinearEvaluation_sheet_kernel' depends on axioms: [propext,
 Classical.choice,
 Quot.sound]
'ASGinzburg.ZAlgebra.ASRegular.foundationPeriodPathLinearEvaluation_zeroSheet_of_sheet' depends on axioms: [propext,
 Classical.choice,
 Quot.sound]
'ASGinzburg.ZAlgebra.ASRegular.foundationPeriodPathPresentation_zeroSheet' depends on axioms: [propext,
 Classical.choice,
 Quot.sound]
'ASGinzburg.ZAlgebra.ASRegular.foundationPeriodPathKernel_zeroSheet' depends on axioms: [propext,
 Classical.choice,
 Quot.sound]
'ASGinzburg.CutQuiver.UnrolledPath.sheet_le' depends on axioms: [propext, Classical.choice, Quot.sound]
'ASGinzburg.ZAlgebra.ASRegular.foundationPeriodPathEvaluation_zeroSheet' depends on axioms: [propext,
 Classical.choice,
 Quot.sound]
'ASGinzburg.ZAlgebra.ASRegular.foundationPeriodPathLinearEvaluation_zeroSheet' depends on axioms: [propext,
 Classical.choice,
 Quot.sound]
'ASGinzburg.ZAlgebra.homTransportIndecomposableEquiv' depends on axioms: [propext, Classical.choice, Quot.sound]
'ASGinzburg.ZAlgebra.homTransportIndecomposableEquiv_apply_mk' depends on axioms: [propext,
 Classical.choice,
 Quot.sound]
'ASGinzburg.ZAlgebra.ASResolution.transportedGeneratorBasis' depends on axioms: [propext, Classical.choice, Quot.sound]
'ASGinzburg.ZAlgebra.ASResolution.transportedGeneratorBasis_apply' depends on axioms: [propext,
 Classical.choice,
 Quot.sound]
'ASGinzburg.CutQuiver.incomingSource_shift' depends on axioms: [propext, Quot.sound]
'ASGinzburg.CutQuiver.incomingSource_height_shift' depends on axioms: [propext, Quot.sound]
'ASGinzburg.CutQuiver.generatorShiftIndexEquiv' depends on axioms: [propext, Quot.sound]
'ASGinzburg.ZAlgebra.ASRegular.periodShiftGeneratorBasis' depends on axioms: [propext, Classical.choice, Quot.sound]
'ASGinzburg.ZAlgebra.PeriodIso.image_products' depends on axioms: [propext, Classical.choice, Quot.sound]
'ASGinzburg.ZAlgebra.PeriodIso.map_products_span' depends on axioms: [propext, Classical.choice, Quot.sound]
'ASGinzburg.ZAlgebra.PeriodIso.indecomposableEquiv' depends on axioms: [propext, Classical.choice, Quot.sound]
'ASGinzburg.ZAlgebra.PeriodIso.indecomposableEquiv_apply_mk' depends on axioms: [propext, Classical.choice, Quot.sound]
'ASGinzburg.ZAlgebra.ASRegular.periodIndecomposableEquiv' depends on axioms: [propext, Classical.choice, Quot.sound]
'ASGinzburg.ZAlgebra.PeriodIso.map_inverse_powNat_succ' depends on axioms: [propext, Classical.choice, Quot.sound]
'ASGinzburg.ZAlgebra.PeriodIso.powInt_neg_nat_apply' depends on axioms: [propext, Classical.choice, Quot.sound]
'ASGinzburg.ZAlgebra.PeriodIso.powInt_negSucc_apply' depends on axioms: [propext, Classical.choice, Quot.sound]
'ASGinzburg.ZAlgebra.PeriodIso.powInt_map_transport' depends on axioms: [propext, Classical.choice, Quot.sound]
'ASGinzburg.ZAlgebra.PeriodIso.powInt_succ_apply' depends on axioms: [propext, Classical.choice, Quot.sound]
'ASGinzburg.ZAlgebra.PeriodIso.inverse_map_apply' depends on axioms: [propext, Classical.choice, Quot.sound]
'ASGinzburg.ZAlgebra.PeriodIso.map_inverse_cancel' depends on axioms: [propext, Classical.choice, Quot.sound]
'ASGinzburg.ZAlgebra.PeriodIso.inverse_map_cancel' depends on axioms: [propext, Classical.choice, Quot.sound]
'ASGinzburg.ZAlgebra.PeriodIso.changePeriod' depends on axioms: [propext, Classical.choice, Quot.sound]
'ASGinzburg.ZAlgebra.PeriodIso.zeroPeriod' depends on axioms: [propext, Classical.choice, Quot.sound]
'ASGinzburg.ZAlgebra.PeriodIso.compose' depends on axioms: [propext, Classical.choice, Quot.sound]
'ASGinzburg.ZAlgebra.PeriodIso.powNat' depends on axioms: [propext, Classical.choice, Quot.sound]
'ASGinzburg.ZAlgebra.PeriodIso.powInt' depends on axioms: [propext, Classical.choice, Quot.sound]
'ASGinzburg.ZAlgebra.PeriodIso.integerIndecomposableEquiv' depends on axioms: [propext, Classical.choice, Quot.sound]
'ASGinzburg.ZAlgebra.PeriodIso.changePeriod_map' depends on axioms: [propext, Classical.choice, Quot.sound]
'ASGinzburg.ZAlgebra.PeriodIso.compose_map' depends on axioms: [propext, Classical.choice, Quot.sound]
'ASGinzburg.ZAlgebra.PeriodIso.powNat_zero_apply' depends on axioms: [propext, Classical.choice, Quot.sound]
'ASGinzburg.ZAlgebra.PeriodIso.powNat_succ_apply' depends on axioms: [propext, Classical.choice, Quot.sound]
'ASGinzburg.CutQuiver.height_zeroSheet_period' depends on axioms: [propext, Classical.choice, Quot.sound]
'ASGinzburg.CutQuiver.incomingSource_height_zeroSheet_period' depends on axioms: [propext, Quot.sound]
'ASGinzburg.ZAlgebra.homTransport_inverse' depends on axioms: [propext, Classical.choice, Quot.sound]
'ASGinzburg.ZAlgebra.PeriodIso.cast_map_transport' depends on axioms: [propext, Classical.choice, Quot.sound]
'ASGinzburg.ZAlgebra.PeriodIso.powNat_zero_map' depends on axioms: [propext, Classical.choice, Quot.sound]
'ASGinzburg.ZAlgebra.PeriodIso.sheetMap' depends on axioms: [propext, Classical.choice, Quot.sound]
'ASGinzburg.ZAlgebra.PeriodIso.sheetMap_id' depends on axioms: [propext, Classical.choice, Quot.sound]
'ASGinzburg.ZAlgebra.PeriodIso.sheetMap_comp' depends on axioms: [propext, Classical.choice, Quot.sound]
'ASGinzburg.ZAlgebra.ASRegular.foundationPeriodIncomingElement' depends on axioms: [propext,
 Classical.choice,
 Quot.sound]
'ASGinzburg.ZAlgebra.ASRegular.foundationPeriodIncomingElement_zero' depends on axioms: [propext,
 Classical.choice,
 Quot.sound]
'ASGinzburg.ZAlgebra.arrowPathEvaluation_one_shift_eq_zero_iff' depends on axioms: [propext,
 Classical.choice,
 Quot.sound]
'ASGinzburg.ZAlgebra.arrowPathEvaluation_transport_eq_zero_iff' depends on axioms: [propext,
 Classical.choice,
 Quot.sound]
'ASGinzburg.ZAlgebra.arrowPathEvaluation_shift_add_eq_zero_iff' depends on axioms: [propext,
 Classical.choice,
 Quot.sound]
'ASGinzburg.ZAlgebra.arrowPathEvaluation_shift_step_eq_zero_iff' depends on axioms: [propext,
 Classical.choice,
 Quot.sound]
'ASGinzburg.ZAlgebra.arrowPathEvaluation_integer_shift_eq_zero_iff' depends on axioms: [propext,
 Classical.choice,
 Quot.sound]
'ASGinzburg.ZAlgebra.arrowPathLinearEvaluation_transport' depends on axioms: [propext, Classical.choice, Quot.sound]
'ASGinzburg.ZAlgebra.arrowPathLinearEvaluation_transport_eq_zero_iff' depends on axioms: [propext,
 Classical.choice,
 Quot.sound]
'ASGinzburg.ZAlgebra.arrowPathLinearEvaluation_shift_add_eq_zero_iff' depends on axioms: [propext,
 Classical.choice,
 Quot.sound]
'ASGinzburg.ZAlgebra.arrowPathLinearEvaluation_shift_step_eq_zero_iff' depends on axioms: [propext,
 Classical.choice,
 Quot.sound]
'ASGinzburg.ZAlgebra.arrowPathLinearEvaluation_integer_shift_eq_zero_iff' depends on axioms: [propext,
 Classical.choice,
 Quot.sound]
'ASGinzburg.ZAlgebra.arrowPathLinearEvaluation_integer_shift_kernel' depends on axioms: [propext,
 Classical.choice,
 Quot.sound]
'ASGinzburg.ZAlgebra.arrowPathLinearEvaluation_shift' depends on axioms: [propext, Classical.choice, Quot.sound]
'ASGinzburg.ZAlgebra.arrowPathLinearEvaluation_shift_eq_zero_iff' depends on axioms: [propext,
 Classical.choice,
 Quot.sound]
'ASGinzburg.ZAlgebra.arrowPathLinearEvaluation_shift_kernel' depends on axioms: [propext, Classical.choice, Quot.sound]
'ASGinzburg.ZAlgebra.PeriodIso.liftedStepMap' depends on axioms: [propext, Classical.choice, Quot.sound]
'ASGinzburg.ZAlgebra.PeriodIso.liftedStepMap_id' depends on axioms: [propext, Classical.choice, Quot.sound]
'ASGinzburg.ZAlgebra.PeriodIso.liftedStepMap_comp' depends on axioms: [propext, Classical.choice, Quot.sound]
'ASGinzburg.ZAlgebra.IncomingElementFamily.PeriodCoherent' depends on axioms: [propext, Classical.choice, Quot.sound]
'ASGinzburg.ZAlgebra.arrowPathEvaluation_transport' depends on axioms: [propext, Classical.choice, Quot.sound]
'ASGinzburg.ZAlgebra.arrowPathEvaluation_shift' depends on axioms: [propext, Classical.choice, Quot.sound]
'ASGinzburg.CutQuiver.cutJacobianGenerators' depends on axioms: [propext, Classical.choice, Quot.sound]
'ASGinzburg.CutQuiver.cutJacobianGenerators_subset' depends on axioms: [propext, Classical.choice, Quot.sound]
'ASGinzburg.CutQuiver.unrolledCutJacobianIdeal' depends on axioms: [propext, Classical.choice, Quot.sound]
'ASGinzburg.CutQuiver.unrolledCutJacobianIdeal_le_Jacobian' depends on axioms: [propext, Classical.choice, Quot.sound]
'ASGinzburg.CutQuiver.unrolledPathEraseLinearMap_sheet_transport' depends on axioms: [propext,
 Classical.choice,
 Quot.sound]
'ASGinzburg.CutQuiver.unrolledSheetShiftLinearEquiv_JacobianRelation' depends on axioms: [propext,
 Classical.choice,
 Quot.sound]
'ASGinzburg.CutQuiver.unrolledCutJacobianRelation' depends on axioms: [propext, Classical.choice, Quot.sound]
'ASGinzburg.CutQuiver.unrolledCutJacobianRelation_erase' depends on axioms: [propext, Classical.choice, Quot.sound]
'ASGinzburg.CutQuiver.unrolledSheetShiftLinearEquiv_cutJacobianRelation' depends on axioms: [propext,
 Classical.choice,
 Quot.sound]
'ASGinzburg.CutQuiver.unrolledJacobianLiftIdeal_mem_iff_erase' depends on axioms: [propext,
 Classical.choice,
 Quot.sound]
'ASGinzburg.CutQuiver.unrolledSheetShiftLinearEquiv_mem_Jacobian' depends on axioms: [propext,
 Classical.choice,
 Quot.sound]
'ASGinzburg.CutQuiver.unrolledSheetShiftLinearEquiv_Jacobian' depends on axioms: [propext, Classical.choice, Quot.sound]
'ASGinzburg.CutQuiver.unrolledSheetShiftLinearEquiv_zero' depends on axioms: [propext, Classical.choice, Quot.sound]
'ASGinzburg.CutQuiver.unrolledSheetShiftLinearEquiv_add' depends on axioms: [propext, Classical.choice, Quot.sound]
'ASGinzburg.CutQuiver.incomingSource_sheetShift' depends on axioms: [propext, Quot.sound]
'ASGinzburg.CutQuiver.UnrolledPath.shift' depends on axioms: [propext, Classical.choice, Quot.sound]
'ASGinzburg.CutQuiver.UnrolledPath.shift_erase_toList' depends on axioms: [propext, Classical.choice, Quot.sound]
'ASGinzburg.CutQuiver.UnrolledPath.erase_shift' depends on axioms: [propext, Classical.choice, Quot.sound]
'ASGinzburg.CutQuiver.UnrolledPath.length_shift' depends on axioms: [propext, Classical.choice, Quot.sound]
'ASGinzburg.CutQuiver.UnrolledPath.shift_comp' depends on axioms: [propext, Classical.choice, Quot.sound]
'ASGinzburg.CutQuiver.UnrolledPath.shiftEquiv' depends on axioms: [propext, Classical.choice, Quot.sound]
'ASGinzburg.CutQuiver.unrolledSheetShiftLinearEquiv' depends on axioms: [propext, Classical.choice, Quot.sound]
'ASGinzburg.CutQuiver.unrolledSheetShiftLinearEquiv_single' depends on axioms: [propext, Classical.choice, Quot.sound]
'ASGinzburg.CutQuiver.unrolledSheetShiftLinearEquiv_id' depends on axioms: [propext, Classical.choice, Quot.sound]
'ASGinzburg.CutQuiver.unrolledSheetShiftLinearEquiv_comp' depends on axioms: [propext, Classical.choice, Quot.sound]
'ASGinzburg.CutQuiver.UnrolledPath.shift_transport' depends on axioms: [propext, Classical.choice, Quot.sound]
'ASGinzburg.CutQuiver.UnrolledPath.shift_zero' depends on axioms: [propext, Classical.choice, Quot.sound]
'ASGinzburg.CutQuiver.UnrolledPath.shift_add' depends on axioms: [propext, Classical.choice, Quot.sound]
'ASGinzburg.CutQuiver.unrolledSheetShiftLinearEquiv_erase' depends on axioms: [propext, Classical.choice, Quot.sound]
'ASGinzburg.CutQuiver.unrolledSheetShiftLinearEquiv_mem_erasureIdeal' depends on axioms: [propext,
 Classical.choice,
 Quot.sound]
