'ASGinzburg.ZAlgebra.ASRegular.cutCornerVertexExtLinearEquiv' depends on axioms: [propext, Classical.choice, Quot.sound]
'ASGinzburg.ZAlgebra.ASRegular.cutCornerAsExtTotalRank' depends on axioms: [propext, Classical.choice, Quot.sound]
'ASGinzburg.ZAlgebra.ASRegular.cutCornerExtThreeEquiv' depends on axioms: [propext, Classical.choice, Quot.sound]
'ASGinzburg.ZAlgebra.ASRegular.cutCornerExt_other_eq_zero' depends on axioms: [propext, Classical.choice, Quot.sound]
'ASGinzburg.ZAlgebra.ASRegular.cutGradedRadical' depends on axioms: [propext, Classical.choice, Quot.sound]
'ASGinzburg.ZAlgebra.ASRegular.cutGradedRadicalTwoSided' depends on axioms: [propext, Classical.choice, Quot.sound]
'ASGinzburg.ZAlgebra.ASRegular.cutGradedRadicalQuotientAlgEquiv' depends on axioms: [propext,
 Classical.choice,
 Quot.sound]
'ASGinzburg.ZAlgebra.ASRegular.mapIsomorphism' depends on axioms: [propext, Classical.choice, Quot.sound]
'ASGinzburg.ZAlgebra.Isomorphism.asRegular_iff' depends on axioms: [propext, Classical.choice, Quot.sound]
'ASGinzburg.ZAlgebra.ASRegular.cutCornerASRegular' depends on axioms: [propext, Classical.choice, Quot.sound]
'ASGinzburg.ZAlgebra.Isomorphism.transportASResolution' depends on axioms: [propext, Classical.choice, Quot.sound]
'ASGinzburg.ZAlgebra.Isomorphism.fixedRepresentableSumIso' depends on axioms: [propext, Classical.choice, Quot.sound]
'ASGinzburg.ZAlgebra.Isomorphism.asResolutionTerm₁Iso' depends on axioms: [propext, Classical.choice, Quot.sound]
'ASGinzburg.ZAlgebra.Isomorphism.asResolutionTerm₂Iso' depends on axioms: [propext, Classical.choice, Quot.sound]
'ASGinzburg.ZAlgebra.PeriodIso.cutAugmentationComponent' depends on axioms: [propext, Classical.choice, Quot.sound]
'ASGinzburg.ZAlgebra.PeriodIso.cutAugmentationComponent_ne_zero' depends on axioms: [propext,
 Classical.choice,
 Quot.sound]
'ASGinzburg.ZAlgebra.PeriodIso.cutAugmentationComponent_one' depends on axioms: [propext, Classical.choice, Quot.sound]
'ASGinzburg.ZAlgebra.PeriodIso.cutAugmentationComponent_mul' depends on axioms: [propext, Classical.choice, Quot.sound]
'ASGinzburg.ZAlgebra.PeriodIso.cutAugmentation' depends on axioms: [propext, Classical.choice, Quot.sound]
'ASGinzburg.ZAlgebra.PeriodIso.cutAugmentation_homogeneous' depends on axioms: [propext, Classical.choice, Quot.sound]
'ASGinzburg.ZAlgebra.PeriodIso.cutAugmentation_zero_component' depends on axioms: [propext,
 Classical.choice,
 Quot.sound]
'ASGinzburg.ZAlgebra.PeriodIso.cutAugmentation_positive_component' depends on axioms: [propext,
 Classical.choice,
 Quot.sound]
'ASGinzburg.ZAlgebra.PeriodIso.cutAugmentation_surjective' depends on axioms: [propext, Classical.choice, Quot.sound]
'ASGinzburg.ZAlgebra.PeriodIso.cutAugmentationKernel' depends on axioms: [propext, Classical.choice, Quot.sound]
'ASGinzburg.ZAlgebra.PeriodIso.cutAugmentationKernelTwoSided' depends on axioms: [propext, Classical.choice, Quot.sound]
'ASGinzburg.ZAlgebra.PeriodIso.cutAugmentationQuotientAlgEquiv' depends on axioms: [propext,
 Classical.choice,
 Quot.sound]
'ASGinzburg.ZAlgebra.PeriodIso.cutAugmentation_linear_eq' depends on axioms: [propext, Classical.choice, Quot.sound]
'ASGinzburg.ZAlgebra.PeriodIso.cutAugmentation_apply' depends on axioms: [propext, Classical.choice, Quot.sound]
'ASGinzburg.ZAlgebra.PeriodIso.cutZeroDiagonal_eq_zero_iff' depends on axioms: [propext, Classical.choice, Quot.sound]
'ASGinzburg.ZAlgebra.PeriodIso.mem_cutAugmentationKernel_iff' depends on axioms: [propext, Classical.choice, Quot.sound]
'ASGinzburg.ZAlgebra.PeriodIso.cutAugmentation_vertexIdempotent' depends on axioms: [propext,
 Classical.choice,
 Quot.sound]
'ASGinzburg.ZAlgebra.PeriodIso.cutGradedJacobson_eq_comap_zero' depends on axioms: [propext,
 Classical.choice,
 Quot.sound]
'ASGinzburg.ZAlgebra.PeriodIso.cutGradedJacobson_eq_augmentationKernel' depends on axioms: [propext,
 Classical.choice,
 Quot.sound]
'ASGinzburg.ZAlgebra.PeriodIso.cutGradedJacobsonTwoSided' depends on axioms: [propext, Classical.choice, Quot.sound]
'ASGinzburg.ZAlgebra.PeriodIso.cutGradedSemisimpleQuotientAlgEquiv' depends on axioms: [propext,
 Classical.choice,
 Quot.sound]
'ASGinzburg.ZAlgebra.PeriodIso.cutPositiveIdeal_le_gradedJacobson' depends on axioms: [propext,
 Classical.choice,
 Quot.sound]
'ASGinzburg.ZAlgebra.PeriodIso.cutGradedJacobson_homogeneous' depends on axioms: [propext, Classical.choice, Quot.sound]
'ASGinzburg.ZAlgebra.PeriodIso.mem_cutGradedJacobson_iff' depends on axioms: [propext, Classical.choice, Quot.sound]
'ASGinzburg.ZAlgebra.PeriodIso.CutMaximalHomogeneousLeftIdeal' depends on axioms: [propext,
 Classical.choice,
 Quot.sound]
'ASGinzburg.ZAlgebra.PeriodIso.cutMaximalHomogeneous_positive_le' depends on axioms: [propext,
 Classical.choice,
 Quot.sound]
'ASGinzburg.ZAlgebra.PeriodIso.cutMaximalHomogeneous_isMaximal' depends on axioms: [propext,
 Classical.choice,
 Quot.sound]
'ASGinzburg.ZAlgebra.PeriodIso.cutMaximalHomogeneous_iff' depends on axioms: [propext, Classical.choice, Quot.sound]
'ASGinzburg.ZAlgebra.PeriodIso.cutGradedJacobson' depends on axioms: [propext, Classical.choice, Quot.sound]
'ASGinzburg.ZAlgebra.PeriodIso.cutGradedJacobson_eq_positive_jacobson' depends on axioms: [propext,
 Classical.choice,
 Quot.sound]
'ASGinzburg.ZAlgebra.PeriodIso.cutHomogeneousProjection' depends on axioms: [propext, Classical.choice, Quot.sound]
'ASGinzburg.ZAlgebra.PeriodIso.CutHomogeneousLeftIdeal' depends on axioms: [propext, Classical.choice, Quot.sound]
'ASGinzburg.ZAlgebra.PeriodIso.cutHomogeneousProjection_apply' depends on axioms: [propext,
 Classical.choice,
 Quot.sound]
'ASGinzburg.ZAlgebra.PeriodIso.cutHomogeneousProjection_positive_mem' depends on axioms: [propext,
 Classical.choice,
 Quot.sound]
'ASGinzburg.ZAlgebra.PeriodIso.cutRemoveZero_mem_positive' depends on axioms: [propext, Classical.choice, Quot.sound]
'ASGinzburg.ZAlgebra.PeriodIso.cutHomogeneousLeftIdeal_of_positive_le' depends on axioms: [propext,
 Classical.choice,
 Quot.sound]
'ASGinzburg.ZAlgebra.PeriodIso.cutPositiveIdeal_homogeneous' depends on axioms: [propext, Classical.choice, Quot.sound]
'ASGinzburg.ZAlgebra.PeriodIso.cutHomogeneousLeftIdeal_sup' depends on axioms: [propext, Classical.choice, Quot.sound]
'ASGinzburg.ZAlgebra.PeriodIso.cutHomogeneous_sup_positive_ne_top' depends on axioms: [propext,
 Classical.choice,
 Quot.sound]
'ASGinzburg.ZAlgebra.PeriodIso.cutZeroDiagonalLinear_mul' depends on axioms: [propext, Classical.choice, Quot.sound]
'ASGinzburg.ZAlgebra.PeriodIso.cutZeroDiagonalAlgHom' depends on axioms: [propext, Classical.choice, Quot.sound]
'ASGinzburg.ZAlgebra.PeriodIso.cutZeroScalarDiagonal' depends on axioms: [propext, Classical.choice, Quot.sound]
'ASGinzburg.ZAlgebra.PeriodIso.cutZeroDiagonalScalar_apply' depends on axioms: [propext, Classical.choice, Quot.sound]
'ASGinzburg.ZAlgebra.PeriodIso.cutZeroDiagonalAlgHom_surjective' depends on axioms: [propext,
 Classical.choice,
 Quot.sound]
'ASGinzburg.ZAlgebra.PeriodIso.cutZeroDiagonalLinear' depends on axioms: [propext, Classical.choice, Quot.sound]
'ASGinzburg.ZAlgebra.PeriodIso.cutZeroDiagonalLinear_apply' depends on axioms: [propext, Classical.choice, Quot.sound]
'ASGinzburg.ZAlgebra.PeriodIso.cutZeroComponent_product_diagonal' depends on axioms: [propext,
 Classical.choice,
 Quot.sound]
'ASGinzburg.ZAlgebra.PeriodIso.cutZeroDiagonalLinear_one' depends on axioms: [propext, Classical.choice, Quot.sound]
'ASGinzburg.ZAlgebra.PeriodIso.cutZeroKernel_le_jacobson' depends on axioms: [propext, Classical.choice, Quot.sound]
'ASGinzburg.ZAlgebra.PeriodIso.cutZeroJacobson_le_kernel' depends on axioms: [propext, Classical.choice, Quot.sound]
'ASGinzburg.ZAlgebra.PeriodIso.cutZeroJacobson_eq_kernel' depends on axioms: [propext, Classical.choice, Quot.sound]
'ASGinzburg.ZAlgebra.PeriodIso.cutZeroSemisimpleQuotientAlgEquiv' depends on axioms: [propext,
 Classical.choice,
 Quot.sound]
'ASGinzburg.ZAlgebra.PeriodIso.CutZeroMatrixVanishing' depends on axioms: [propext, Classical.choice, Quot.sound]
'ASGinzburg.ZAlgebra.PeriodIso.cutZeroMatrixVanishing_zero' depends on axioms: [propext, Classical.choice, Quot.sound]
'ASGinzburg.ZAlgebra.PeriodIso.cutZeroMatrixVanishing_one' depends on axioms: [propext, Classical.choice, Quot.sound]
'ASGinzburg.ZAlgebra.PeriodIso.cutZeroMatrixVanishing_mul' depends on axioms: [propext, Classical.choice, Quot.sound]
'ASGinzburg.ZAlgebra.PeriodIso.cutZeroMatrixVanishing_pow' depends on axioms: [propext, Classical.choice, Quot.sound]
'ASGinzburg.ZAlgebra.PeriodIso.cutZeroKernel_pow_vertices' depends on axioms: [propext, Classical.choice, Quot.sound]
'ASGinzburg.ZAlgebra.PeriodIso.cutZeroKernel_isNilpotent' depends on axioms: [propext, Classical.choice, Quot.sound]
'ASGinzburg.ZAlgebra.PeriodIso.cutZeroProjectionComponent' depends on axioms: [propext, Classical.choice, Quot.sound]
'ASGinzburg.ZAlgebra.PeriodIso.cutZeroProjectionComponent_ne_zero' depends on axioms: [propext,
 Classical.choice,
 Quot.sound]
'ASGinzburg.ZAlgebra.PeriodIso.cutZeroProjectionComponent_mul' depends on axioms: [propext,
 Classical.choice,
 Quot.sound]
'ASGinzburg.ZAlgebra.PeriodIso.cutZeroProjection' depends on axioms: [propext, Classical.choice, Quot.sound]
'ASGinzburg.ZAlgebra.PeriodIso.cutZeroProjection_homogeneous' depends on axioms: [propext, Classical.choice, Quot.sound]
'ASGinzburg.ZAlgebra.PeriodIso.cutZeroProjection_linear_eq' depends on axioms: [propext, Classical.choice, Quot.sound]
'ASGinzburg.ZAlgebra.PeriodIso.cutZeroProjection_apply' depends on axioms: [propext, Classical.choice, Quot.sound]
'ASGinzburg.ZAlgebra.PeriodIso.cutZeroProjection_surjective' depends on axioms: [propext, Classical.choice, Quot.sound]
'ASGinzburg.ZAlgebra.PeriodIso.cutPositiveIdeal' depends on axioms: [propext, Classical.choice, Quot.sound]
'ASGinzburg.ZAlgebra.PeriodIso.mem_cutPositiveIdeal_iff' depends on axioms: [propext, Classical.choice, Quot.sound]
'ASGinzburg.ZAlgebra.scalarEndEquiv_apply' depends on axioms: [propext, Classical.choice, Quot.sound]
'ASGinzburg.ZAlgebra.scalarEndEquiv_symm_id' depends on axioms: [propext, Classical.choice, Quot.sound]
'ASGinzburg.ZAlgebra.scalarEndEquiv_mul' depends on axioms: [propext, Classical.choice, Quot.sound]
'ASGinzburg.ZAlgebra.scalarEndEquiv_symm_comp' depends on axioms: [propext, Classical.choice, Quot.sound]
'ASGinzburg.ZAlgebra.vertexPresentation_radical_zero' depends on axioms: [propext, Classical.choice, Quot.sound]
'ASGinzburg.ZAlgebra.vertexPresentationDesc' depends on axioms: [propext, Classical.choice, Quot.sound]
'ASGinzburg.ZAlgebra.vertexPresentationDesc_fac' depends on axioms: [propext, Classical.choice, Quot.sound]
'ASGinzburg.ZAlgebra.vertexPresentationIso' depends on axioms: [propext, Classical.choice, Quot.sound]
'ASGinzburg.ZAlgebra.vertexPresentationIso_fac' depends on axioms: [propext, Classical.choice, Quot.sound]
'ASGinzburg.ZAlgebra.Isomorphism.conjugateModuleMap' depends on axioms: [propext, Classical.choice, Quot.sound]
'ASGinzburg.ZAlgebra.Isomorphism.conjugateModuleMap_comp' depends on axioms: [propext, Classical.choice, Quot.sound]
'ASGinzburg.ZAlgebra.Isomorphism.conjugateModuleMap_comp_zero' depends on axioms: [propext,
 Classical.choice,
 Quot.sound]
'ASGinzburg.ZAlgebra.Isomorphism.conjugateShortComplexIso' depends on axioms: [propext, Classical.choice, Quot.sound]
'ASGinzburg.ZAlgebra.Isomorphism.conjugateShortComplex_exact' depends on axioms: [propext, Classical.choice, Quot.sound]
'ASGinzburg.ZAlgebra.Isomorphism.conjugateModuleMap_minimal' depends on axioms: [propext, Classical.choice, Quot.sound]
'ASGinzburg.ZAlgebra.Isomorphism.fixedRepresentableIso' depends on axioms: [propext, Classical.choice, Quot.sound]
'ASGinzburg.ZAlgebra.Isomorphism.fixedRightModuleUnitIso' depends on axioms: [propext, Classical.choice, Quot.sound]
'ASGinzburg.ZAlgebra.Isomorphism.fixedRightModuleEquivalence' depends on axioms: [propext, Classical.choice, Quot.sound]
'ASGinzburg.ZAlgebra.Isomorphism.fixedRightModuleFunctorIsEquivalence' depends on axioms: [propext,
 Classical.choice,
 Quot.sound]
'ASGinzburg.ZAlgebra.Isomorphism.fixedRightModuleFunctor' depends on axioms: [propext, Classical.choice, Quot.sound]
'ASGinzburg.ZAlgebra.Isomorphism.fixedRightModuleFunctorAdditive' depends on axioms: [propext,
 Classical.choice,
 Quot.sound]
'ASGinzburg.ZAlgebra.Isomorphism.fixedRightModuleFunctorLinear' depends on axioms: [propext,
 Classical.choice,
 Quot.sound]
'ASGinzburg.ZAlgebra.Isomorphism.fixedRightModuleFunctor_positiveActionSpan' depends on axioms: [propext,
 Classical.choice,
 Quot.sound]
'ASGinzburg.ZAlgebra.Isomorphism.fixedRightModuleFunctor_minimal' depends on axioms: [propext,
 Classical.choice,
 Quot.sound]
'ASGinzburg.ZAlgebra.Isomorphism.fixedSimplePresentationMap' depends on axioms: [propext, Classical.choice, Quot.sound]
'ASGinzburg.ZAlgebra.Isomorphism.fixedSimplePresentationMapEpi' depends on axioms: [propext,
 Classical.choice,
 Quot.sound]
'ASGinzburg.ZAlgebra.Isomorphism.fixedSimplePresentationMap_nonzero' depends on axioms: [propext,
 Classical.choice,
 Quot.sound]
'ASGinzburg.ZAlgebra.Isomorphism.fixedImageSimple_off_diagonal' depends on axioms: [propext,
 Classical.choice,
 Quot.sound]
'ASGinzburg.ZAlgebra.Isomorphism.fixedSimpleIso' depends on axioms: [propext, Classical.choice, Quot.sound]
'ASGinzburg.ZAlgebra.Isomorphism.fixedSimpleIso_π' depends on axioms: [propext, Classical.choice, Quot.sound]
'ASGinzburg.ZAlgebra.objIso_index_eq' depends on axioms: [propext, Classical.choice, Quot.sound]
'ASGinzburg.ZAlgebra.Isomorphism.linearEquivalence_inverse_index' depends on axioms: [propext,
 Classical.choice,
 Quot.sound]
'ASGinzburg.ZAlgebra.Isomorphism.rightModuleImageSimple_off_diagonal' depends on axioms: [propext,
 Classical.choice,
 Quot.sound]
'ASGinzburg.ZAlgebra.Isomorphism.simplePresentationMap' depends on axioms: [propext, Classical.choice, Quot.sound]
'ASGinzburg.ZAlgebra.Isomorphism.simplePresentationMapEpi' depends on axioms: [propext, Classical.choice, Quot.sound]
'ASGinzburg.ZAlgebra.Isomorphism.simplePresentationMap_nonzero' depends on axioms: [propext,
 Classical.choice,
 Quot.sound]
'ASGinzburg.ZAlgebra.Isomorphism.simplePresentationMap_radical_zero' depends on axioms: [propext,
 Classical.choice,
 Quot.sound]
'ASGinzburg.ZAlgebra.Isomorphism.simpleComparisonMap' depends on axioms: [propext, Classical.choice, Quot.sound]
'ASGinzburg.ZAlgebra.Isomorphism.simpleComparisonMap_fac' depends on axioms: [propext, Classical.choice, Quot.sound]
'ASGinzburg.ZAlgebra.Isomorphism.simpleComparisonMapEpi' depends on axioms: [propext, Classical.choice, Quot.sound]
'ASGinzburg.ZAlgebra.Isomorphism.rightModuleSimpleIso' depends on axioms: [propext, Classical.choice, Quot.sound]
'ASGinzburg.ZAlgebra.rightModuleExtIsoCongr' depends on axioms: [propext, Classical.choice, Quot.sound]
'ASGinzburg.ZAlgebra.Isomorphism.vertexExtLinearEquiv' depends on axioms: [propext, Classical.choice, Quot.sound]
'ASGinzburg.ZAlgebra.Isomorphism.asExtTotalRank_eq' depends on axioms: [propext, Classical.choice, Quot.sound]
