work/ASGinzburgDraft/PeriodCutAugmentation.lean:31:11: error: unsolved goals
case succ
k : Type u
inst✝ : Field k
A : ZAlgebra k
Q : CutQuiver
E : A.PeriodIso ↑Q.vertices
n : ℕ
y : E.CutGradedBlock (fun i => ↑↑i) n
m : ℕ
x : E.CutGradedBlock (fun i => ↑↑i) (m + 1)
⊢ (match m + 1 + n with
      | 0 => (cutZeroDiagonalAlgHom Q E).toLinearMap
      | n.succ => 0)
      (GradedMonoid.GMul.mul x y) =
    0
work/ASGinzburgDraft/PeriodCutAugmentation.lean:35:22: error: Application type mismatch: The argument
  cutAugmentationComponent Q E
has type
  (m : ℕ) → E.CutGradedBlock (fun i => ↑↑i) m →ₗ[k] Q.Vertex → k
but is expected to have type
  Type ?u.24097
in the application
  DirectSum.toAlgebra (cutAugmentationComponent Q E)
work/ASGinzburgDraft/PeriodCutAugmentation.lean:42:2: error: 'change' tactic failed, pattern
  (DirectSum.toModule k ℕ (Q.Vertex → k) (cutAugmentationComponent Q E))
      ((DirectSum.lof k ℕ (E.CutGradedBlock fun i => ↑↑i) m) x) =
    ?m.47
is not definitionally equal to target
  (cutAugmentation Q E) ((E.cutHomogeneousInclusion (fun i => ↑↑i) m) x) = (cutAugmentationComponent Q E m) x
work/ASGinzburgDraft/PeriodCutAugmentation.lean:67:4: error: failed to synthesize
  Semiring ((E.CutGradedRing fun i => ↑↑i) ⧸ cutAugmentationKernel Q E)

Hint: Additional diagnostic information may be available using the `set_option diagnostics true` command.
