work/ASGinzburgDraft/VertexSimpleFromPresentation.lean:52:6: error: Tactic `rewrite` failed: motive is not type correct:
  fun _a => _a ≫ (A.vertexPresentationIso i S _a hoff hβ).hom = A.simpleRightModuleπ i
Error: Application type mismatch: The argument
  inst✝
has type
  Epi β
but is expected to have type
  Epi _a
in the application
  @vertexPresentationIso k inst✝¹ A i S _a ⋯ ⋯

Explanation: The rewrite tactic rewrites an expression 'e' using an equality 'a = b' by the following process. First, it looks for all 'a' in 'e'. Second, it tries to abstract these occurrences of 'a' to create a function 'm := fun _a => ...', called the *motive*, with the property that 'm a' is definitionally equal to 'e'. Third, we observe that 'congrArg' implies that 'm a = m b', which can be used with lemmas such as 'Eq.mpr' to change the goal. However, if 'e' depends on specific properties of 'a', then the motive 'm' might not typecheck.

Possible solutions: use rewrite's 'occs' configuration option to limit which occurrences are rewritten, or use 'simp' or 'conv' mode, which have strategies for certain kinds of dependencies (these tactics can handle proofs and 'Decidable' instances whose types depend on the rewritten term, and 'simp' can apply user-defined '@[congr]' theorems as well).

k : Type u
inst✝¹ : Field k
A : ZAlgebra k
i : ℤ
S : A.RightModule
β : A.representable i ⟶ S
hoff : ∀ (j : ℤ), j ≠ i → IsZero ((A.rightModuleEvaluation j).obj S)
inst✝ : Epi β
hβ : β ≠ 0
⊢ β ≫ (A.vertexPresentationIso i S β hoff hβ).hom = A.simpleRightModuleπ i
