work/ASGinzburgDraft/ZAlgebraConjugateModuleMorphisms.lean:36:31: error: unsolved goals
k : Type u
inst✝ : Field k
A B : ZAlgebra k
E : A.Isomorphism B
S : ShortComplex A.RightModule
M' N' P' : B.RightModule
eM : E.fixedRightModuleFunctor.obj S.X₁ ≅ M'
eN : E.fixedRightModuleFunctor.obj S.X₂ ≅ N'
eP : E.fixedRightModuleFunctor.obj S.X₃ ≅ P'
⊢ E.fixedRightModuleFunctor.map S.f ≫ eN.hom = (S.map E.fixedRightModuleFunctor).f ≫ eN.hom
work/ASGinzburgDraft/ZAlgebraConjugateModuleMorphisms.lean:37:5: error: unsolved goals
k : Type u
inst✝ : Field k
A B : ZAlgebra k
E : A.Isomorphism B
S : ShortComplex A.RightModule
M' N' P' : B.RightModule
eM : E.fixedRightModuleFunctor.obj S.X₁ ≅ M'
eN : E.fixedRightModuleFunctor.obj S.X₂ ≅ N'
eP : E.fixedRightModuleFunctor.obj S.X₃ ≅ P'
⊢ E.fixedRightModuleFunctor.map S.g ≫ eP.hom = (S.map E.fixedRightModuleFunctor).g ≫ eP.hom
