work/ASGinzburgDraft/ASCutUnderlinedTopExt.lean:27:6: error: unsolved goals
case pos
k : Type u
inst✝ : Field k
A : ZAlgebra k
Q : CutQuiver
hAS : A.ASRegular Q
i : Q.Vertex
x : PeriodIso.CutUnderlinedRegularExt Q (periodIso A Q hAS) (cutGradedSimple A Q hAS (i, 0)) 3
e :
  Abelian.Ext (cutGradedSimple A Q hAS (i, 0))
    ((PeriodIso.cutRegularGradedRightModule Q (periodIso A Q hAS)).shifted (-1)) 3
⊢ (DirectSum.of
        (fun i_1 =>
          Abelian.Ext (cutGradedSimple A Q hAS (i, 0))
            ((PeriodIso.cutRegularGradedRightModule Q (periodIso A Q hAS)).shifted i_1) 3)
        (-1))
      ((DFinsupp.lapply (-1))
        ((DirectSum.of
            (fun i_1 =>
              Abelian.Ext (cutGradedSimple A Q hAS (i, 0))
                ((PeriodIso.cutRegularGradedRightModule Q (periodIso A Q hAS)).shifted i_1) 3)
            (-1))
          e)) =
    (DirectSum.of
        (fun i_1 =>
          Abelian.Ext (cutGradedSimple A Q hAS (i, 0))
            ((PeriodIso.cutRegularGradedRightModule Q (periodIso A Q hAS)).shifted i_1) 3)
        (-1))
      e
work/ASGinzburgDraft/ASCutUnderlinedTopExt.lean:40:17: error: unsolved goals
k : Type u
inst✝ : Field k
A : ZAlgebra k
Q : CutQuiver
hAS : A.ASRegular Q
i : Q.Vertex
x :
  Abelian.Ext (cutGradedSimple A Q hAS (i, 0))
    ((PeriodIso.cutRegularGradedRightModule Q (periodIso A Q hAS)).shifted (-1)) 3
⊢ (DFinsupp.lapply (-1))
      ((DirectSum.of
          (fun q =>
            Abelian.Ext (cutGradedSimple A Q hAS (i, 0))
              ((PeriodIso.cutRegularGradedRightModule Q (periodIso A Q hAS)).shifted q) 3)
          (-1))
        x) =
    x
work/ASGinzburgDraft/ASCutUnderlinedTopExt.lean:28:59: warning: This simp argument is unused:
  DFinsupp.lapply_apply

Hint: Omit it from the simp argument list.
  simp only [̵D̵i̵r̵e̵c̵t̵S̵u̵m̵.̵l̵o̵f̵_̵e̵q̵_̵o̵f̵,̵D̵i̵r̵e̵c̵t̵S̵u̵m̵.̵c̵o̵m̵p̵o̵n̵e̵n̵t̵,̵D̵F̵i̵n̵s̵u̵p̵p̵.̵l̵a̵p̵p̵l̵y̵_̵a̵p̵p̵l̵y̵,̵D̵i̵r̵e̵c̵t̵S̵u̵m̵.̵o̵f̵_̵e̵q̵_̵s̵a̵m̵e̵]̵[̲D̲i̲r̲e̲c̲t̲S̲u̲m̲.̲l̲o̲f̲_̲e̲q̲_̲o̲f̲,̲ ̲D̲i̲r̲e̲c̲t̲S̲u̲m̲.̲c̲o̲m̲p̲o̲n̲e̲n̲t̲,̲ ̲D̲i̲r̲e̲c̲t̲S̲u̲m̲.̲o̲f̲_̲e̲q̲_̲s̲a̲m̲e̲]̲

Note: This linter can be disabled with `set_option linter.unusedSimpArgs false`
work/ASGinzburgDraft/ASCutUnderlinedTopExt.lean:28:81: warning: This simp argument is unused:
  DirectSum.of_eq_same

Hint: Omit it from the simp argument list.
  simp only [̵D̵i̵r̵e̵c̵t̵S̵u̵m̵.̵l̵o̵f̵_̵e̵q̵_̵o̵f̵,̵D̵i̵r̵e̵c̵t̵S̵u̵m̵.̵c̵o̵m̵p̵o̵n̵e̵n̵t̵,̵D̵F̵i̵n̵s̵u̵p̵p̵.̵l̵a̵p̵p̵l̵y̵_̵a̵p̵p̵l̵y̵,̵D̵i̵r̵e̵c̵t̵S̵u̵m̵.̵o̵f̵_̵e̵q̵_̵s̵a̵m̵e̵]̵[̲D̲i̲r̲e̲c̲t̲S̲u̲m̲.̲l̲o̲f̲_̲e̲q̲_̲o̲f̲,̲ ̲D̲i̲r̲e̲c̲t̲S̲u̲m̲.̲c̲o̲m̲p̲o̲n̲e̲n̲t̲,̲ ̲D̲F̲i̲n̲s̲u̲p̲p̲.̲l̲a̲p̲p̲l̲y̲_̲a̲p̲p̲l̲y̲]̲

Note: This linter can be disabled with `set_option linter.unusedSimpArgs false`
work/ASGinzburgDraft/ASCutUnderlinedTopExt.lean:41:55: warning: This simp argument is unused:
  DFinsupp.lapply_apply

Hint: Omit it from the simp argument list.
  simp only [̵D̵i̵r̵e̵c̵t̵S̵u̵m̵.̵l̵o̵f̵_̵e̵q̵_̵o̵f̵,̵D̵i̵r̵e̵c̵t̵S̵u̵m̵.̵c̵o̵m̵p̵o̵n̵e̵n̵t̵,̵D̵F̵i̵n̵s̵u̵p̵p̵.̵l̵a̵p̵p̵l̵y̵_̵a̵p̵p̵l̵y̵,̵D̵i̵r̵e̵c̵t̵S̵u̵m̵.̵o̵f̵_̵e̵q̵_̵s̵a̵m̵e̵]̵[̲D̲i̲r̲e̲c̲t̲S̲u̲m̲.̲l̲o̲f̲_̲e̲q̲_̲o̲f̲,̲ ̲D̲i̲r̲e̲c̲t̲S̲u̲m̲.̲c̲o̲m̲p̲o̲n̲e̲n̲t̲,̲ ̲D̲i̲r̲e̲c̲t̲S̲u̲m̲.̲o̲f̲_̲e̲q̲_̲s̲a̲m̲e̲]̲

Note: This linter can be disabled with `set_option linter.unusedSimpArgs false`
work/ASGinzburgDraft/ASCutUnderlinedTopExt.lean:41:77: warning: This simp argument is unused:
  DirectSum.of_eq_same

Hint: Omit it from the simp argument list.
  simp only [̵D̵i̵r̵e̵c̵t̵S̵u̵m̵.̵l̵o̵f̵_̵e̵q̵_̵o̵f̵,̵D̵i̵r̵e̵c̵t̵S̵u̵m̵.̵c̵o̵m̵p̵o̵n̵e̵n̵t̵,̵D̵F̵i̵n̵s̵u̵p̵p̵.̵l̵a̵p̵p̵l̵y̵_̵a̵p̵p̵l̵y̵,̵D̵i̵r̵e̵c̵t̵S̵u̵m̵.̵o̵f̵_̵e̵q̵_̵s̵a̵m̵e̵]̵[̲D̲i̲r̲e̲c̲t̲S̲u̲m̲.̲l̲o̲f̲_̲e̲q̲_̲o̲f̲,̲ ̲D̲i̲r̲e̲c̲t̲S̲u̲m̲.̲c̲o̲m̲p̲o̲n̲e̲n̲t̲,̲ ̲D̲F̲i̲n̲s̲u̲p̲p̲.̲l̲a̲p̲p̲l̲y̲_̲a̲p̲p̲l̲y̲]̲

Note: This linter can be disabled with `set_option linter.unusedSimpArgs false`
