work/ASGinzburgDraft/PeriodCutRegularGrading.lean:31:8: error: Function expected at
  DirectSum.toModule_lof ?m.41 ?m.52 ?m.53
but this term has type
  (DirectSum.toModule ?m.41 ?m.43 ?m.48 ?m.51) ((DirectSum.lof ?m.41 ?m.43 ?m.44 ?m.52) ?m.53) = (?m.51 ?m.52) ?m.53

Note: Expected a function because this term is being applied to the argument
  _
work/ASGinzburgDraft/PeriodCutRegularGrading.lean:56:8: error: Tactic `rewrite` failed: Did not find an occurrence of the pattern
  (DirectSum.coeLinearMap ?A) ((DirectSum.of (fun i => ↥(?A i)) ?i) ?x)
in the target expression
  (cutIntegerRegularDecompose Q E)
      ((DirectSum.coeLinearMap (cutIntegerHomogeneousSpace Q E))
        ((DirectSum.lof k ℤ (fun q => ↥(cutIntegerHomogeneousSpace Q E q)) q) a)) =
    (DirectSum.of (fun i => ↥(cutIntegerHomogeneousSpace Q E i)) q) a

case refine_2
k : Type u
inst✝ : Field k
A : ZAlgebra k
Q : CutQuiver
E : A.PeriodIso ↑Q.vertices
r : ⨁ (i : ℤ), ↥(cutIntegerHomogeneousSpace Q E i)
q : ℤ
a : ↥(cutIntegerHomogeneousSpace Q E q)
⊢ (cutIntegerRegularDecompose Q E)
      ((DirectSum.coeLinearMap (cutIntegerHomogeneousSpace Q E))
        ((DirectSum.lof k ℤ (fun q => ↥(cutIntegerHomogeneousSpace Q E q)) q) a)) =
    (DirectSum.of (fun i => ↥(cutIntegerHomogeneousSpace Q E i)) q) a
work/ASGinzburgDraft/PeriodCutRegularGrading.lean:81:4: error: Invalid `⟨...⟩` notation: The expected type `?m.14 → ?m.16` is not an inductive type

Note: This notation can only be used when the expected type is an inductive type with a single constructor
