work/ASGinzburgDraft/PeriodCutRegularGrading.lean:63:10: error: Tactic `rewrite` failed: motive is not type correct:
  fun _a =>
    (cutIntegerRegularDecompose Q E) ↑a✝ = (DirectSum.lof k ℤ (fun q => ↥(cutIntegerHomogeneousSpace Q E q)) _a) a✝
Error: Application type mismatch: The argument
  a✝
has type
  ↥(cutIntegerHomogeneousSpace Q E q)
but is expected to have type
  ↥(cutIntegerHomogeneousSpace Q E _a)
in the application
  ↑a✝

Explanation: The rewrite tactic rewrites an expression 'e' using an equality 'a = b' by the following process. First, it looks for all 'a' in 'e'. Second, it tries to abstract these occurrences of 'a' to create a function 'm := fun _a => ...', called the *motive*, with the property that 'm a' is definitionally equal to 'e'. Third, we observe that 'congrArg' implies that 'm a = m b', which can be used with lemmas such as 'Eq.mpr' to change the goal. However, if 'e' depends on specific properties of 'a', then the motive 'm' might not typecheck.

Possible solutions: use rewrite's 'occs' configuration option to limit which occurrences are rewritten, or use 'simp' or 'conv' mode, which have strategies for certain kinds of dependencies (these tactics can handle proofs and 'Decidable' instances whose types depend on the rewritten term, and 'simp' can apply user-defined '@[congr]' theorems as well).

case pos
k : Type u
inst✝ : Field k
A : ZAlgebra k
Q : CutQuiver
E : A.PeriodIso ↑Q.vertices
r : ⨁ (i : ℤ), ↥(cutIntegerHomogeneousSpace Q E i)
q : ℤ
a✝ : ↥(cutIntegerHomogeneousSpace Q E q)
a : ↥(cutIntegerHomogeneousSpace Q E ↑q.toNat)
hq : 0 ≤ q
hqn : q = ↑q.toNat
⊢ (cutIntegerRegularDecompose Q E) ↑a✝ = (DirectSum.lof k ℤ (fun q => ↥(cutIntegerHomogeneousSpace Q E q)) q) a✝
work/ASGinzburgDraft/PeriodCutRegularGrading.lean:75:12: error: Tactic `rewrite` failed: motive is not type correct:
  fun _a => ↑a ∈ _a
Error: Application type mismatch: The argument
  a
has type
  ↥(cutIntegerHomogeneousSpace Q E q)
but is expected to have type
  ↥_a
in the application
  ↑a

Explanation: The rewrite tactic rewrites an expression 'e' using an equality 'a = b' by the following process. First, it looks for all 'a' in 'e'. Second, it tries to abstract these occurrences of 'a' to create a function 'm := fun _a => ...', called the *motive*, with the property that 'm a' is definitionally equal to 'e'. Third, we observe that 'congrArg' implies that 'm a = m b', which can be used with lemmas such as 'Eq.mpr' to change the goal. However, if 'e' depends on specific properties of 'a', then the motive 'm' might not typecheck.

Possible solutions: use rewrite's 'occs' configuration option to limit which occurrences are rewritten, or use 'simp' or 'conv' mode, which have strategies for certain kinds of dependencies (these tactics can handle proofs and 'Decidable' instances whose types depend on the rewritten term, and 'simp' can apply user-defined '@[congr]' theorems as well).

case a
k : Type u
inst✝ : Field k
A : ZAlgebra k
Q : CutQuiver
E : A.PeriodIso ↑Q.vertices
r : ⨁ (i : ℤ), ↥(cutIntegerHomogeneousSpace Q E i)
q : ℤ
a : ↥(cutIntegerHomogeneousSpace Q E q)
hq : ¬0 ≤ q
h : ↑a ∈ cutIntegerHomogeneousSpace Q E q
⊢ ↑a = ↑0
