work/ASGinzburgDraft/PeriodCutHasShift.lean:21:27: error: unsolved goals
case a.h
k : Type u
inst✝ : Field k
A : ZAlgebra k
Q : CutQuiver
E : A.PeriodIso ↑Q.vertices
s t u : ℤ
M : CutGradedRightModule Q E
⊢ s + t + u = s + (t + u)
work/ASGinzburgDraft/PeriodCutHasShift.lean:28:26: error: unsolved goals
case a.h
k : Type u
inst✝ : Field k
A : ZAlgebra k
Q : CutQuiver
E : A.PeriodIso ↑Q.vertices
t : ℤ
M : CutGradedRightModule Q E
⊢ 0 + t = t
work/ASGinzburgDraft/PeriodCutHasShift.lean:34:26: error: unsolved goals
case a.h
k : Type u
inst✝ : Field k
A : ZAlgebra k
Q : CutQuiver
E : A.PeriodIso ↑Q.vertices
t : ℤ
M : CutGradedRightModule Q E
⊢ t + 0 = t
work/ASGinzburgDraft/PeriodCutHasShift.lean:42:13: error: Application type mismatch: The argument
  gradingShiftCore
has type
  ShiftMkCore (CutGradedRightModule ?m.12 ?m.13) ℤ
but is expected to have type
  Type ?u.20584
in the application
  hasShiftMk gradingShiftCore
