ASGinzburg/GinzburgProjectiveRadicalExactness.lean:76:2: warning: Try this: 
  haveI̵

The goal is a proposition, so `have` is preferred over `haveI`.
The difference between `have` and `haveI` is that `haveI` inlines the value.
But this is not relevant for proofs because of proof irrelevance.

Note: This linter can be disabled with `set_option linter.style.haveILetI false`
ASGinzburg/GinzburgProjectiveRadicalExactness.lean:77:38: error(lean.synthInstanceFailed): failed to synthesize instance of type class
  IsIso
    (ShortComplex.homMk (Q.ginzburgOriginalRadicalProjectiveMap k φ v)
        (𝟙 (Q.ginzburgProjectiveOriginalSimpleShortComplex k φ v).X₂)
        (𝟙 (Q.ginzburgProjectiveOriginalSimpleShortComplex k φ v).X₃) ⋯ ⋯).τ₂

Hint: Type class instance resolution failures can be inspected with the `set_option trace.Meta.synthInstance true` command.
ASGinzburg/GinzburgProjectiveRadicalExactness.lean:77:2: warning: Try this: 
  haveI̵

The goal is a proposition, so `have` is preferred over `haveI`.
The difference between `have` and `haveI` is that `haveI` inlines the value.
But this is not relevant for proofs because of proof irrelevance.

Note: This linter can be disabled with `set_option linter.style.haveILetI false`
ASGinzburg/GinzburgProjectiveRadicalExactness.lean:78:37: error(lean.synthInstanceFailed): failed to synthesize instance of type class
  Mono
    (ShortComplex.homMk (Q.ginzburgOriginalRadicalProjectiveMap k φ v)
        (𝟙 (Q.ginzburgProjectiveOriginalSimpleShortComplex k φ v).X₂)
        (𝟙 (Q.ginzburgProjectiveOriginalSimpleShortComplex k φ v).X₃) ⋯ ⋯).τ₃

Hint: Type class instance resolution failures can be inspected with the `set_option trace.Meta.synthInstance true` command.
ASGinzburg/GinzburgProjectiveRadicalExactness.lean:78:2: warning: Try this: 
  haveI̵

The goal is a proposition, so `have` is preferred over `haveI`.
The difference between `have` and `haveI` is that `haveI` inlines the value.
But this is not relevant for proofs because of proof irrelevance.

Note: This linter can be disabled with `set_option linter.style.haveILetI false`
