'ASGinzburg.TriangleTensorGinzburgRegular' depends on axioms: [propext, Classical.choice, Quot.sound]
'ASGinzburg.GinzburgRegularTensor333' depends on axioms: [propext, Classical.choice, Quot.sound]
'ASGinzburg.ginzburgRegularTensorSetoid333' depends on axioms: [propext, Classical.choice, Quot.sound]
'ASGinzburg.GinzburgRegularTensorOrbit333' depends on axioms: [propext, Classical.choice, Quot.sound]
'ASGinzburg.GinzburgRegularTensor333.orbitClass' depends on axioms: [propext, Classical.choice, Quot.sound]
'ASGinzburg.GinzburgRegularTensor333.orbitClass_eq_iff' depends on axioms: [propext, Classical.choice, Quot.sound]
'ASGinzburg.QuadraticASAlgebra' depends on axioms: [propext, Classical.choice, Quot.sound]
'ASGinzburg.quadraticASIsomorphismSetoid' depends on axioms: [propext, Classical.choice, Quot.sound]
'ASGinzburg.QuadraticASIsomorphismClass' depends on axioms: [propext, Classical.choice, Quot.sound]
'ASGinzburg.QuadraticASAlgebra.isomorphismClass' depends on axioms: [propext, Classical.choice, Quot.sound]
'ASGinzburg.QuadraticASAlgebra.isomorphismClass_eq_iff' depends on axioms: [propext, Classical.choice, Quot.sound]
'ASGinzburg.GinzburgRegularTensor333.asQuadraticASAlgebra' depends on axioms: [propext, Classical.choice, Quot.sound]
'ASGinzburg.GinzburgRegularTensor333.asQuadraticASClass' depends on axioms: [propext, Classical.choice, Quot.sound]
'ASGinzburg.Corollary52ClassStatement' depends on axioms: [propext, Classical.choice, Quot.sound]
'ASGinzburg.Corollary52TensorRecoveryStatement' depends on axioms: [propext, Classical.choice, Quot.sound]
'ASGinzburg.Corollary52Statement' depends on axioms: [propext, Classical.choice, Quot.sound]
'ASGinzburg.ginzburgRegularTensorPotentialEquiv333' depends on axioms: [propext, Classical.choice, Quot.sound]
'ASGinzburg.corollary52TensorRecovery_iff_asGinzburgRecovery' depends on axioms: [propext, Classical.choice, Quot.sound]
'ASGinzburg.corollary52ClassMap' depends on axioms: [propext, Classical.choice, Quot.sound]
'ASGinzburg.corollary52ClassMap_injective' depends on axioms: [propext, Classical.choice, Quot.sound]
'ASGinzburg.corollary52ClassMap_surjective' depends on axioms: [propext, Classical.choice, Quot.sound]
'ASGinzburg.corollary52ClassEquiv' depends on axioms: [propext, Classical.choice, Quot.sound]
'ASGinzburg.corollary52ClassEquiv_apply' depends on axioms: [propext, Classical.choice, Quot.sound]
