'ASGinzburg.algebraCyclicAutomorphismHom' depends on axioms: [propext, Classical.choice, Quot.sound]
'ASGinzburg.algebraCyclicAutomorphismMulAction' depends on axioms: [propext, Classical.choice, Quot.sound]
'ASGinzburg.algebraCyclicAutomorphism_smul_mk' depends on axioms: [propext, Classical.choice, Quot.sound]
'ASGinzburg.LinearComponentAlgebra.totalIdempotent_mul_mul_eq_component' depends on axioms: [propext,
 Classical.choice,
 Quot.sound]
'ASGinzburg.LinearComponentAlgebra.totalAlgEquiv_component_projection' depends on axioms: [propext,
 Classical.choice,
 Quot.sound]
'ASGinzburg.LinearComponentAlgebra.totalAlgEquiv_symm_idempotent' depends on axioms: [propext,
 Classical.choice,
 Quot.sound]
'ASGinzburg.LinearComponentAlgebra.totalAlgEquiv_component' depends on axioms: [propext, Classical.choice, Quot.sound]
'ASGinzburg.LinearComponentAlgebra.totalAlgEquivComponentLinearEquiv' depends on axioms: [propext,
 Classical.choice,
 Quot.sound]
'ASGinzburg.LinearComponentAlgebra.totalAlgEquivComponentLinearEquiv_apply' depends on axioms: [propext,
 Classical.choice,
 Quot.sound]
'ASGinzburg.LinearComponentAlgebra.totalAlgEquivComponentLinearEquiv_component' depends on axioms: [propext,
 Classical.choice,
 Quot.sound]
'ASGinzburg.ordinaryRingDual' depends on axioms: [propext, Quot.sound]
'ASGinzburg.ordinaryRingDual_smul_apply' depends on axioms: [propext, Quot.sound]
'ASGinzburg.ordinaryRingDualMap' depends on axioms: [propext, Quot.sound]
'ASGinzburg.ordinaryRingDualMap_apply' depends on axioms: [propext, Quot.sound]
'ASGinzburg.ordinaryRingDualFunctor' depends on axioms: [propext, Quot.sound]
'ASGinzburg.ordinaryRingDualFunctorAdditive' depends on axioms: [propext, Quot.sound]
'ASGinzburg.rightRegularOppositeLinearEquiv' depends on axioms: [propext, Quot.sound]
'ASGinzburg.ordinaryRingDualFiniteFreeEquiv' depends on axioms: [propext, Classical.choice, Quot.sound]
'ASGinzburg.CutQuiver.closedPathCyclicClass' depends on axioms: [propext, Classical.choice, Quot.sound]
'ASGinzburg.CutQuiver.pathCyclicTrace_totalComponent_closed' depends on axioms: [propext, Classical.choice, Quot.sound]
'ASGinzburg.CutQuiver.pathCyclicQuotientTrace_closedPathClass' depends on axioms: [propext,
 Classical.choice,
 Quot.sound]
'ASGinzburg.CutQuiver.closedPathCyclicClass_comp' depends on axioms: [propext, Classical.choice, Quot.sound]
'ASGinzburg.CutQuiver.closedPathCyclicClass_rotate_split' depends on axioms: [propext, Classical.choice, Quot.sound]
'ASGinzburg.CutQuiver.Path.exists_split_at_length' depends on axioms: [propext, Quot.sound]
'ASGinzburg.CutQuiver.Path.target_of_toList_getLast' depends on axioms: [propext]
'ASGinzburg.CutQuiver.Path.closed_toList_base_eq' depends on axioms: [propext]
'ASGinzburg.CutQuiver.Path.closed_toList_sigma_eq' depends on axioms: [propext]
'ASGinzburg.ZAlgebra.conjugateRightModuleMap' depends on axioms: [propext, Classical.choice, Quot.sound]
'ASGinzburg.ZAlgebra.conjugateRightModuleMap_comp_zero' depends on axioms: [propext, Classical.choice, Quot.sound]
'ASGinzburg.ZAlgebra.conjugateRightModuleShortComplexIso' depends on axioms: [propext, Classical.choice, Quot.sound]
'ASGinzburg.ZAlgebra.conjugateRightModuleShortComplex_exact' depends on axioms: [propext, Classical.choice, Quot.sound]
'ASGinzburg.ZAlgebra.conjugateRightModuleMap_minimal' depends on axioms: [propext, Classical.choice, Quot.sound]
'ASGinzburg.triangleIncomingArrowEquiv' depends on axioms: [propext, Quot.sound]
'ASGinzburg.triangleOutgoingArrowEquiv' depends on axioms: [propext, Quot.sound]
'ASGinzburg.triangleIncomingSource_height' depends on axioms: [propext, Classical.choice, Quot.sound]
'ASGinzburg.triangleOutgoingTarget_height' depends on axioms: [propext, Classical.choice, Quot.sound]
'ASGinzburg.triangleTauInverse_height' depends on axioms: [propext, Quot.sound]
'ASGinzburg.ZAlgebra.quadraticTriple' depends on axioms: [propext, Classical.choice, Quot.sound]
'ASGinzburg.ZAlgebra.triangleASFirstTermIso' depends on axioms: [propext, Classical.choice, Quot.sound]
'ASGinzburg.ZAlgebra.triangleASSecondTermIso' depends on axioms: [propext, Classical.choice, Quot.sound]
'ASGinzburg.ZAlgebra.triangleASTopTermIso' depends on axioms: [propext, Classical.choice, Quot.sound]
'ASGinzburg.TriangleGL333' depends on axioms: [propext, Classical.choice, Quot.sound]
'ASGinzburg.triangleTensorRepresentation' depends on axioms: [propext, Classical.choice, Quot.sound]
'ASGinzburg.triangleTensorMulAction' depends on axioms: [propext, Classical.choice, Quot.sound]
'ASGinzburg.triangleTensor_smul_tmul' depends on axioms: [propext, Classical.choice, Quot.sound]
'ASGinzburg.TriangleTensorOrbit' depends on axioms: [propext, Classical.choice, Quot.sound]
'ASGinzburg.triangleTensorOrbit' depends on axioms: [propext, Classical.choice, Quot.sound]
'ASGinzburg.triangleTensorOrbit_eq_iff' depends on axioms: [propext, Classical.choice, Quot.sound]
'ASGinzburg.CutQuiver.pathRingCutSubspace' depends on axioms: [propext, Classical.choice, Quot.sound]
'ASGinzburg.CutQuiver.pathRingVertexIdempotent' depends on axioms: [propext, Classical.choice, Quot.sound]
'ASGinzburg.CutQuiver.vertexCutPathAutomorphismSubgroup' depends on axioms: [propext, Classical.choice, Quot.sound]
'ASGinzburg.CutQuiver.VertexCutPathAutomorphism' depends on axioms: [propext, Classical.choice, Quot.sound]
'ASGinzburg.CutQuiver.VertexCutPathAutomorphism.fixes_vertex' depends on axioms: [propext, Classical.choice, Quot.sound]
'ASGinzburg.CutQuiver.VertexCutPathAutomorphism.preserves_cut' depends on axioms: [propext,
 Classical.choice,
 Quot.sound]
'ASGinzburg.ZAlgebra.Isomorphism.idealQuotientIsomorphism' depends on axioms: [propext, Classical.choice, Quot.sound]
'ASGinzburg.ZAlgebra.Isomorphism.idealQuotientIsomorphism_apply_mk' depends on axioms: [propext,
 Classical.choice,
 Quot.sound]
'ASGinzburg.rightEnvelopingLeftRingHom' depends on axioms: [propext, Quot.sound]
'ASGinzburg.rightEnvelopingRightRingHom' depends on axioms: [propext, Quot.sound]
'ASGinzburg.rightEnvelopingLeftModule' depends on axioms: [propext, Quot.sound]
'ASGinzburg.rightEnvelopingRightModule' depends on axioms: [propext, Quot.sound]
'ASGinzburg.rightEnvelopingActionsCommute' depends on axioms: [propext, Quot.sound]
'ASGinzburg.rightEnvelopingModule_tmul_smul' depends on axioms: [propext, Quot.sound]
'ASGinzburg.rightEnvelopingLeftRestrictionFunctor' depends on axioms: [propext, Quot.sound]
'ASGinzburg.rightEnvelopingRightRestrictionFunctor' depends on axioms: [propext, Quot.sound]
'ASGinzburg.rightEnvelopingLeftLinearMap' depends on axioms: [propext, Quot.sound]
'ASGinzburg.rightEnvelopingLinearMap_right_smul' depends on axioms: [propext, Quot.sound]
'ASGinzburg.rightEnvelopingRingDual_left_smul_apply' depends on axioms: [propext, Quot.sound]
'ASGinzburg.rightEnvelopingRingDual_right_smul_apply' depends on axioms: [propext, Quot.sound]
'ASGinzburg.CutQuiver.PathCyclicQuotient' depends on axioms: [propext, Classical.choice, Quot.sound]
'ASGinzburg.CutQuiver.vertexCutPathCyclicOrbitSetoid' depends on axioms: [propext, Classical.choice, Quot.sound]
'ASGinzburg.CutQuiver.VertexCutPathCyclicOrbitClass' depends on axioms: [propext, Classical.choice, Quot.sound]
'ASGinzburg.CutQuiver.pathCyclicOrbitClass' depends on axioms: [propext, Classical.choice, Quot.sound]
'ASGinzburg.CutQuiver.vertexCutPathCyclicOrbit_refl' depends on axioms: [propext, Classical.choice, Quot.sound]
'ASGinzburg.CutQuiver.vertexCutPathCyclicOrbit_symm' depends on axioms: [propext, Classical.choice, Quot.sound]
'ASGinzburg.CutQuiver.vertexCutPathCyclicOrbit_trans' depends on axioms: [propext, Classical.choice, Quot.sound]
'ASGinzburg.CutQuiver.pathCyclicOrbitClass_eq_iff' depends on axioms: [propext, Classical.choice, Quot.sound]
'ASGinzburg.LinearComponentAlgebra.totalAlgEquivComponentLinearEquiv_id' depends on axioms: [propext,
 Classical.choice,
 Quot.sound]
'ASGinzburg.LinearComponentAlgebra.totalAlgEquivComponentLinearEquiv_comp' depends on axioms: [propext,
 Classical.choice,
 Quot.sound]
'ASGinzburg.ordinaryRingBidual' depends on axioms: [propext, Quot.sound]
'ASGinzburg.ordinaryRingBidualElement' depends on axioms: [propext, Quot.sound]
'ASGinzburg.ordinaryRingBidualEvaluationLinearMap' depends on axioms: [propext, Quot.sound]
'ASGinzburg.ordinaryRingBidualMap' depends on axioms: [propext, Quot.sound]
'ASGinzburg.ordinaryRingBidualFunctor' depends on axioms: [propext, Quot.sound]
'ASGinzburg.ordinaryRingBidualEvaluation' depends on axioms: [propext, Quot.sound]
'ASGinzburg.ordinaryRingBidualEvaluation_apply' depends on axioms: [propext, Quot.sound]
'ASGinzburg.ordinaryRingBidualEvaluationNatTrans' depends on axioms: [propext, Classical.choice, Quot.sound]
'ASGinzburg.ordinarySingleZeroOppositeIso' depends on axioms: [propext, Classical.choice, Quot.sound]
'ASGinzburg.ordinaryProjectiveResolutionOpposite' depends on axioms: [propext, Classical.choice, Quot.sound]
'ASGinzburg.ordinaryRingDualExtFunctor' depends on axioms: [propext, Classical.choice, Quot.sound]
'ASGinzburg.ordinaryRingDualResolutionHomologyIso' depends on axioms: [propext, Classical.choice, Quot.sound]
'ASGinzburg.ordinaryRingDualExt_isZero_of_resolution_term' depends on axioms: [propext, Classical.choice, Quot.sound]
'ASGinzburg.ordinaryRingDualExt_isZero_ge_four' depends on axioms: [propext, Classical.choice, Quot.sound]
'ASGinzburg.ordinaryFiniteProjectiveProperty_ringDual' depends on axioms: [propext, Classical.choice, Quot.sound]
'ASGinzburg.ordinaryRingDualHom_finite' depends on axioms: [propext, Classical.choice, Quot.sound]
'ASGinzburg.ordinaryRingDual_projective' depends on axioms: [propext, Classical.choice, Quot.sound]
'ASGinzburg.ordinaryRingDualHom_projective' depends on axioms: [propext, Classical.choice, Quot.sound]
'ASGinzburg.CutQuiver.pathRingCutSubspace_component_iff' depends on axioms: [propext, Classical.choice, Quot.sound]
'ASGinzburg.CutQuiver.VertexCutPathAutomorphism.componentLinearEquiv' depends on axioms: [propext,
 Classical.choice,
 Quot.sound]
'ASGinzburg.CutQuiver.VertexCutPathAutomorphism.component_preserves_cut' depends on axioms: [propext,
 Classical.choice,
 Quot.sound]
'ASGinzburg.CutQuiver.pathWindingComponent' depends on axioms: [propext, Classical.choice, Quot.sound]
'ASGinzburg.CutQuiver.pathCutComponent_le_winding' depends on axioms: [propext, Classical.choice, Quot.sound]
'ASGinzburg.CutQuiver.VertexCutPathAutomorphism.component_map_winding_mem' depends on axioms: [propext,
 Classical.choice,
 Quot.sound]
'ASGinzburg.CutQuiver.VertexCutPathAutomorphism.componentLinearEquiv_inv' depends on axioms: [propext,
 Classical.choice,
 Quot.sound]
'ASGinzburg.CutQuiver.VertexCutPathAutomorphism.component_preserves_winding' depends on axioms: [propext,
 Classical.choice,
 Quot.sound]
'ASGinzburg.CutQuiver.VertexCutPathAutomorphism.componentLinearEquiv_projection' depends on axioms: [propext,
 Classical.choice,
 Quot.sound]
'ASGinzburg.CutQuiver.pathRingWindingSubspace' depends on axioms: [propext, Classical.choice, Quot.sound]
'ASGinzburg.CutQuiver.VertexCutPathAutomorphism.map_winding_mem' depends on axioms: [propext,
 Classical.choice,
 Quot.sound]
'ASGinzburg.CutQuiver.VertexCutPathAutomorphism.preserves_winding' depends on axioms: [propext,
 Classical.choice,
 Quot.sound]
'ASGinzburg.CutQuiver.pathAutomorphism_arrow_source_ne_target' does not depend on any axioms
'ASGinzburg.CutQuiver.pathLengthFiltration_one_mem_of_ne' depends on axioms: [propext, Classical.choice, Quot.sound]
'ASGinzburg.CutQuiver.pathLengthFiltration_le_of_le' depends on axioms: [propext, Classical.choice, Quot.sound]
'ASGinzburg.CutQuiver.pathAlgEquivComponent_pathComp' depends on axioms: [propext, Classical.choice, Quot.sound]
'ASGinzburg.CutQuiver.pathAlgEquivComponent_single_mem_length' depends on axioms: [propext,
 Classical.choice,
 Quot.sound]
'ASGinzburg.CutQuiver.pathAlgEquivComponent_mem_lengthFiltration' depends on axioms: [propext,
 Classical.choice,
 Quot.sound]
'ASGinzburg.CutQuiver.pathAlgEquivComponent_mem_lengthFiltration_iff' depends on axioms: [propext,
 Classical.choice,
 Quot.sound]
'ASGinzburg.CutQuiver.pathAlgEquiv_component_apply' depends on axioms: [propext, Classical.choice, Quot.sound]
'ASGinzburg.CutQuiver.pathAlgEquiv_mem_lengthFiltration_iff' depends on axioms: [propext, Classical.choice, Quot.sound]
'ASGinzburg.CutQuiver.closedPathCyclicClass_eq_of_rotated' depends on axioms: [propext, Classical.choice, Quot.sound]
'ASGinzburg.CutQuiver.closedPathCyclicClass_eq_of_wordClass' depends on axioms: [propext, Classical.choice, Quot.sound]
'ASGinzburg.ZAlgebra.QuadraticASResolution' depends on axioms: [propext, Classical.choice, Quot.sound]
'ASGinzburg.ZAlgebra.ASResolution.toQuadraticASResolution' depends on axioms: [propext, Classical.choice, Quot.sound]
'ASGinzburg.ZAlgebra.QuadraticASResolution.toTriangleASResolution' depends on axioms: [propext,
 Classical.choice,
 Quot.sound]
'ASGinzburg.ZAlgebra.quadraticASResolution_nonempty_iff' depends on axioms: [propext, Classical.choice, Quot.sound]
'ASGinzburg.ordinaryRingDualFiniteFreeEquiv_apply' depends on axioms: [propext, Classical.choice, Quot.sound]
'ASGinzburg.ordinaryRingDualFiniteFreeEquiv_symm_basis' depends on axioms: [propext, Classical.choice, Quot.sound]
'ASGinzburg.ordinaryRingBidualFiniteFreeEquiv' depends on axioms: [propext, Classical.choice, Quot.sound]
'ASGinzburg.ordinaryRingBidualFiniteFreeEvaluationIsIso' depends on axioms: [propext, Classical.choice, Quot.sound]
'ASGinzburg.ordinaryFiniteProjectiveProperty_ringBidualEvaluation' depends on axioms: [propext,
 Classical.choice,
 Quot.sound]
'ASGinzburg.ordinaryRingBidualFiniteProjectiveEvaluationIsIso' depends on axioms: [propext,
 Classical.choice,
 Quot.sound]
'ASGinzburg.ordinaryFiniteProjectiveRingBidualIso' depends on axioms: [propext, Classical.choice, Quot.sound]
'ASGinzburg.ordinaryFiniteProjectiveRingBidualIso_hom' depends on axioms: [propext, Classical.choice, Quot.sound]
'ASGinzburg.ordinaryProjectiveResolutionOpposite_ι_f_zero' depends on axioms: [propext, Classical.choice, Quot.sound]
'ASGinzburg.ordinaryRingDualResolutionHomologyIso_hom_naturality' depends on axioms: [propext,
 Classical.choice,
 Quot.sound]
'ASGinzburg.ordinaryRingDualResolutionHomologyIso_inv_naturality' depends on axioms: [propext,
 Classical.choice,
 Quot.sound]
'ASGinzburg.ordinaryRingDualForgetYonedaIso' depends on axioms: [propext, Classical.choice, Quot.sound]
'ASGinzburg.ordinaryRingDualFunctor_preservesLimits' depends on axioms: [propext, Classical.choice, Quot.sound]
'ASGinzburg.ordinaryRingDualFunctor_preservesFiniteLimits' depends on axioms: [propext, Classical.choice, Quot.sound]
'ASGinzburg.ordinaryRingDualFunctor_preservesMonomorphisms' depends on axioms: [propext, Classical.choice, Quot.sound]
'ASGinzburg.ordinaryRingDual_map_exact_of_mono' depends on axioms: [propext, Classical.choice, Quot.sound]
'ASGinzburg.ordinaryRingDual_shortExact_leftExact' depends on axioms: [propext, Classical.choice, Quot.sound]
'ASGinzburg.ordinaryRingDual_preservesLeftHomology_of_zero_f' depends on axioms: [propext, Classical.choice, Quot.sound]
'ASGinzburg.ordinaryRingDualExtZeroIso' depends on axioms: [propext, Classical.choice, Quot.sound]
'ASGinzburg.ordinaryRingDualExtZeroObjIso' depends on axioms: [propext, Classical.choice, Quot.sound]
'ASGinzburg.ordinaryRingDualExtZeroIso_inv' depends on axioms: [propext, Classical.choice, Quot.sound]
'ASGinzburg.ordinaryRingDualExtZeroIso_hom_toRightDerivedZero' depends on axioms: [propext,
 Classical.choice,
 Quot.sound]
'ASGinzburg.ordinaryRingDualExtZeroIso_toRightDerivedZero_hom' depends on axioms: [propext,
 Classical.choice,
 Quot.sound]
'ASGinzburg.ordinaryRingDualExt_three_finite_of_resolution' depends on axioms: [propext, Classical.choice, Quot.sound]
'ASGinzburg.ordinaryRingDualCochainFunctor' depends on axioms: [propext, Classical.choice, Quot.sound]
'ASGinzburg.ordinaryRingDualCochainComplex' depends on axioms: [propext, Classical.choice, Quot.sound]
'ASGinzburg.ordinaryRingDualCochainComplex_d' depends on axioms: [propext, Classical.choice, Quot.sound]
'ASGinzburg.ordinaryRingDualCochainComplex_perfect' depends on axioms: [propext, Classical.choice, Quot.sound]
'ASGinzburg.CutQuiver.VertexCutPathAutomorphism.componentLinearEquiv_one' depends on axioms: [propext,
 Classical.choice,
 Quot.sound]
'ASGinzburg.CutQuiver.VertexCutPathAutomorphism.componentLinearEquiv_mul_apply' depends on axioms: [propext,
 Classical.choice,
 Quot.sound]
'ASGinzburg.CutQuiver.VertexCutPathAutomorphism.componentLinearEquiv_mul' depends on axioms: [propext,
 Classical.choice,
 Quot.sound]
'ASGinzburg.CutQuiver.VertexCutPathAutomorphism.cutComponentLinearEquiv' depends on axioms: [propext,
 Classical.choice,
 Quot.sound]
'ASGinzburg.CutQuiver.VertexCutPathAutomorphism.unrolledComponentLinearEquiv' depends on axioms: [propext,
 Classical.choice,
 Quot.sound]
'ASGinzburg.CutQuiver.VertexCutPathAutomorphism.unrolledComponentLinearEquiv_erase' depends on axioms: [propext,
 Classical.choice,
 Quot.sound]
'ASGinzburg.CutQuiver.unrolledPathEraseLinearMap_id' depends on axioms: [propext, Classical.choice, Quot.sound]
'ASGinzburg.CutQuiver.VertexCutPathAutomorphism.unrolledComponentLinearEquiv_id' depends on axioms: [propext,
 Classical.choice,
 Quot.sound]
'ASGinzburg.CutQuiver.VertexCutPathAutomorphism.unrolledComponentLinearEquiv_comp' depends on axioms: [propext,
 Classical.choice,
 Quot.sound]
'ASGinzburg.CutQuiver.VertexCutPathAutomorphism.unrolledPathZAlgebraIsomorphism' depends on axioms: [propext,
 Classical.choice,
 Quot.sound]
'ASGinzburg.CutQuiver.potentialClassRepresentative' depends on axioms: [propext, Classical.choice, Quot.sound]
'ASGinzburg.CutQuiver.potentialWordCyclicClass' depends on axioms: [propext, Classical.choice, Quot.sound]
'ASGinzburg.CutQuiver.potentialWordCyclicClass_trace' depends on axioms: [propext, Classical.choice, Quot.sound]
'ASGinzburg.CutQuiver.potentialCyclicClass' depends on axioms: [propext, Classical.choice, Quot.sound]
'ASGinzburg.CutQuiver.pathCyclicQuotientTrace_potentialCyclicClass' depends on axioms: [propext,
 Classical.choice,
 Quot.sound]
'ASGinzburg.CutQuiver.potentialCyclicClass_injective' depends on axioms: [propext, Classical.choice, Quot.sound]
'ASGinzburg.CutQuiver.potentialCyclicClass_traceWord' depends on axioms: [propext, Classical.choice, Quot.sound]
'ASGinzburg.triangleArrowComponent' depends on axioms: [propext, Classical.choice, Quot.sound]
'ASGinzburg.triangleArrowComponent_eq_winding' depends on axioms: [propext, Classical.choice, Quot.sound]
'ASGinzburg.trianglePathAutomorphism_preserves_arrowComponent' depends on axioms: [propext,
 Classical.choice,
 Quot.sound]
'ASGinzburg.trianglePathAutomorphismArrowLinearEquiv' depends on axioms: [propext, Classical.choice, Quot.sound]
'ASGinzburg.trianglePathAutomorphismArrowLinearEquiv_val' depends on axioms: [propext, Classical.choice, Quot.sound]
'ASGinzburg.trianglePathAutomorphism_arrow_image_length_one' depends on axioms: [propext, Classical.choice, Quot.sound]
'ASGinzburg.FiniteFourTermProjectiveResolution.ringHomNatCochainComplex' depends on axioms: [propext,
 Classical.choice,
 Quot.sound]
'ASGinzburg.FiniteFourTermProjectiveResolution.ringHomCochainComplex' depends on axioms: [propext,
 Classical.choice,
 Quot.sound]
'ASGinzburg.FiniteFourTermProjectiveResolution.ringHomNatCochainComplex_term_finiteProjective' depends on axioms: [propext,
 Classical.choice,
 Quot.sound]
'ASGinzburg.FiniteFourTermProjectiveResolution.ringHomNatCochainComplex_isZero_ge_four' depends on axioms: [propext,
 Classical.choice,
 Quot.sound]
'ASGinzburg.FiniteFourTermProjectiveResolution.ringHomCochainComplex_term_finiteProjective' depends on axioms: [propext,
 Classical.choice,
 Quot.sound]
'ASGinzburg.FiniteFourTermProjectiveResolution.ringHomCochainComplex_isZero_outside' depends on axioms: [propext,
 Classical.choice,
 Quot.sound]
'ASGinzburg.FiniteFourTermProjectiveResolution.ringHomCochainComplex_perfect' depends on axioms: [propext,
 Classical.choice,
 Quot.sound]
'ASGinzburg.FiniteFourTermProjectiveResolution.ringDualExtCochainHomologyIso' depends on axioms: [propext,
 Classical.choice,
 Quot.sound]
'ASGinzburg.FiniteFourTermProjectiveResolution.ringDualExt_isZero_ge_four' depends on axioms: [propext,
 Classical.choice,
 Quot.sound]
'ASGinzburg.FiniteFourTermProjectiveResolution.ringDualExt_three_finite' depends on axioms: [propext,
 Classical.choice,
 Quot.sound]
'ASGinzburg.FiniteFourTermProjectiveResolution.ringHomPerfectDerived' depends on axioms: [propext,
 Classical.choice,
 Quot.sound]
'ASGinzburg.ordinaryRingBidualFunctorAdditive' depends on axioms: [propext, Quot.sound]
'ASGinzburg.ordinaryFiniteProjectiveRingBidualComplexIso' depends on axioms: [propext, Classical.choice, Quot.sound]
'ASGinzburg.ordinaryFiniteProjectiveRingBidualComplexIso_hom_f' depends on axioms: [propext,
 Classical.choice,
 Quot.sound]
'ASGinzburg.ordinaryFiniteProjectiveRingBidualComplexIso_inv_f' depends on axioms: [propext,
 Classical.choice,
 Quot.sound]
'ASGinzburg.ordinaryFiniteProjectiveRingBidualComplexIso_hom_naturality' depends on axioms: [propext,
 Classical.choice,
 Quot.sound]
'ASGinzburg.CutQuiver.closedPathTrace_potentialCyclicClass_exists' depends on axioms: [propext,
 Classical.choice,
 Quot.sound]
'ASGinzburg.CutQuiver.closedPathTrace_mem_potentialSpace_of_cut_length' depends on axioms: [propext,
 Classical.choice,
 Quot.sound]
'ASGinzburg.CutQuiver.potentialCyclicClass_closedPathTrace_of_cut_length' depends on axioms: [propext,
 Classical.choice,
 Quot.sound]
'ASGinzburg.CutQuiver.potentialPathAutomorphismSetoid' depends on axioms: [propext, Classical.choice, Quot.sound]
'ASGinzburg.CutQuiver.PotentialPathAutomorphismClass' depends on axioms: [propext, Classical.choice, Quot.sound]
'ASGinzburg.CutQuiver.potentialPathAutomorphismClass' depends on axioms: [propext, Classical.choice, Quot.sound]
'ASGinzburg.CutQuiver.potentialPathAutomorphism_related_iff' depends on axioms: [propext, Classical.choice, Quot.sound]
'ASGinzburg.CutQuiver.potentialPathAutomorphismClass_eq_iff' depends on axioms: [propext, Classical.choice, Quot.sound]
'ASGinzburg.CutQuiver.potentialClassCyclicOrbitMap' depends on axioms: [propext, Classical.choice, Quot.sound]
'ASGinzburg.CutQuiver.potentialClassCyclicOrbitMap_injective' depends on axioms: [propext, Classical.choice, Quot.sound]
'ASGinzburg.ginzburgRegularPotentialPathAutomorphismSetoid' depends on axioms: [propext, Classical.choice, Quot.sound]
'ASGinzburg.GinzburgRegularPotentialPathAutomorphismClass' depends on axioms: [propext, Classical.choice, Quot.sound]
'ASGinzburg.GinzburgRegularPotential.pathAutomorphismClass' depends on axioms: [propext, Classical.choice, Quot.sound]
'ASGinzburg.ginzburgRegularPotentialPathAutomorphism_related_iff' depends on axioms: [propext,
 Classical.choice,
 Quot.sound]
'ASGinzburg.GinzburgRegularPotential.pathAutomorphismClass_eq_iff' depends on axioms: [propext,
 Classical.choice,
 Quot.sound]
'ASGinzburg.ginzburgRegularPotentialClassCyclicOrbitMap' depends on axioms: [propext, Classical.choice, Quot.sound]
'ASGinzburg.ginzburgRegularPotentialClassCyclicOrbitMap_injective' depends on axioms: [propext,
 Classical.choice,
 Quot.sound]
'ASGinzburg.triangleEdgeTarget' does not depend on any axioms
'ASGinzburg.triangleEdgeArrow' depends on axioms: [propext, Quot.sound]
'ASGinzburg.triangleEdgePath' depends on axioms: [propext, Quot.sound]
'ASGinzburg.triangleEdgePath_length' depends on axioms: [propext, Quot.sound]
'ASGinzburg.triangleEdgePath_toList' depends on axioms: [propext, Quot.sound]
'ASGinzburg.triangleLengthOnePathArrow' depends on axioms: [propext, Classical.choice, Quot.sound]
'ASGinzburg.triangleEdgePathIndexEquiv' depends on axioms: [propext, Classical.choice, Quot.sound]
'ASGinzburg.triangleXPath' depends on axioms: [propext, Quot.sound]
'ASGinzburg.triangleYPath' depends on axioms: [propext, Quot.sound]
'ASGinzburg.triangleZPath' depends on axioms: [propext, Quot.sound]
'ASGinzburg.triangleXPath_toList' depends on axioms: [propext, Quot.sound]
'ASGinzburg.triangleYPath_toList' depends on axioms: [propext, Quot.sound]
'ASGinzburg.triangleZPath_toList' depends on axioms: [propext, Quot.sound]
'ASGinzburg.triangleEdgeArrowEquiv' depends on axioms: [propext, Classical.choice, Quot.sound]
'ASGinzburg.triangleEdgeArrowEquiv_single' depends on axioms: [propext, Classical.choice, Quot.sound]
'ASGinzburg.triangleXArrowEquiv' depends on axioms: [propext, Classical.choice, Quot.sound]
'ASGinzburg.triangleYArrowEquiv' depends on axioms: [propext, Classical.choice, Quot.sound]
'ASGinzburg.triangleZArrowEquiv' depends on axioms: [propext, Classical.choice, Quot.sound]
'ASGinzburg.triangleXArrowEquiv_single' depends on axioms: [propext, Classical.choice, Quot.sound]
'ASGinzburg.triangleYArrowEquiv_single' depends on axioms: [propext, Classical.choice, Quot.sound]
'ASGinzburg.triangleZArrowEquiv_single' depends on axioms: [propext, Classical.choice, Quot.sound]
'ASGinzburg.ASGinzburgClassDescentStatement' depends on axioms: [propext, Classical.choice, Quot.sound]
'ASGinzburg.ASGinzburgClassInjectionStatement' depends on axioms: [propext, Classical.choice, Quot.sound]
'ASGinzburg.ASGinzburgRegularPotentialRecoveryStatement' depends on axioms: [propext, Classical.choice, Quot.sound]
'ASGinzburg.ASGinzburgCorrespondenceStatement' depends on axioms: [propext, Classical.choice, Quot.sound]
'ASGinzburg.asGinzburgCorrespondenceStatement_iff' depends on axioms: [propext, Classical.choice, Quot.sound]
'ASGinzburg.CutQuiver.VertexCutPathAutomorphism.cyclicEquiv_closedPathClass' depends on axioms: [propext,
 Classical.choice,
 Quot.sound]
'ASGinzburg.CutQuiver.VertexCutPathAutomorphism.cyclicEquiv_closedPathClass_mem_potential_range' depends on axioms: [propext,
 Classical.choice,
 Quot.sound]
'ASGinzburg.CutQuiver.VertexCutPathAutomorphism.cyclicEquiv_potential_mem_range' depends on axioms: [propext,
 Classical.choice,
 Quot.sound]
'ASGinzburg.CutQuiver.VertexCutPathAutomorphism.potentialLinearMap' depends on axioms: [propext,
 Classical.choice,
 Quot.sound]
'ASGinzburg.CutQuiver.VertexCutPathAutomorphism.potentialLinearMap_cyclicClass' depends on axioms: [propext,
 Classical.choice,
 Quot.sound]
'ASGinzburg.CutQuiver.VertexCutPathAutomorphism.potentialLinearEquiv' depends on axioms: [propext,
 Classical.choice,
 Quot.sound]
'ASGinzburg.CutQuiver.VertexCutPathAutomorphism.potentialLinearEquiv_cyclicClass' depends on axioms: [propext,
 Classical.choice,
 Quot.sound]
'ASGinzburg.CutQuiver.vertexCutPotentialAutomorphismHom' depends on axioms: [propext, Classical.choice, Quot.sound]
'ASGinzburg.CutQuiver.vertexCutPotentialMulAction' depends on axioms: [propext, Classical.choice, Quot.sound]
'ASGinzburg.CutQuiver.potentialCyclicClass_vertexCut_smul' depends on axioms: [propext, Classical.choice, Quot.sound]
'ASGinzburg.trianglePathAutomorphismArrowMatrix' depends on axioms: [propext, Classical.choice, Quot.sound]
'ASGinzburg.trianglePathAutomorphismArrowMatrix_coordinates' depends on axioms: [propext, Classical.choice, Quot.sound]
'ASGinzburg.trianglePathAutomorphismGLTriple' depends on axioms: [propext, Classical.choice, Quot.sound]
'ASGinzburg.trianglePathAutomorphismGLTriple_X_coordinates' depends on axioms: [propext, Classical.choice, Quot.sound]
'ASGinzburg.trianglePathAutomorphismGLTriple_Y_coordinates' depends on axioms: [propext, Classical.choice, Quot.sound]
'ASGinzburg.trianglePathAutomorphismGLTriple_Z_coordinates' depends on axioms: [propext, Classical.choice, Quot.sound]
'ASGinzburg.trianglePathAutomorphismGLTriple_X_single' depends on axioms: [propext, Classical.choice, Quot.sound]
'ASGinzburg.trianglePathAutomorphismGLTriple_Y_single' depends on axioms: [propext, Classical.choice, Quot.sound]
'ASGinzburg.trianglePathAutomorphismGLTriple_Z_single' depends on axioms: [propext, Classical.choice, Quot.sound]
