'ASGinzburg.homogeneousSubmoduleGrade' depends on axioms: [propext, Quot.sound]
'ASGinzburg.homogeneousSubmoduleGradeEmbedding' depends on axioms: [propext, Quot.sound]
'ASGinzburg.homogeneousSubmoduleGrade_isInternal' depends on axioms: [propext, Classical.choice, Quot.sound]
'ASGinzburg.homogeneousSubmoduleDecomposition' depends on axioms: [propext, Classical.choice, Quot.sound]
'ASGinzburg.homogeneousSubmoduleGrade_eq_bot_of_lower_bound' depends on axioms: [propext, Quot.sound]
'ASGinzburg.homogeneousComponent' depends on axioms: [propext, Classical.choice, Quot.sound]
'ASGinzburg.homogeneousLinearMap_component' depends on axioms: [propext, Classical.choice, Quot.sound]
'ASGinzburg.homogeneousLinearMap_kernel_component_mem' depends on axioms: [propext, Classical.choice, Quot.sound]
'ASGinzburg.homogeneousLinearMapKernelDecomposition' depends on axioms: [propext, Classical.choice, Quot.sound]
'ASGinzburg.ordinaryHomogeneousKernelDecomposition' depends on axioms: [propext, Classical.choice, Quot.sound]
'ASGinzburg.homogeneousLinearMap_range_component_mem' depends on axioms: [propext, Classical.choice, Quot.sound]
'ASGinzburg.homogeneousLinearMapRangeDecomposition' depends on axioms: [propext, Classical.choice, Quot.sound]
'ASGinzburg.ordinaryHomogeneousRangeDecomposition' depends on axioms: [propext, Classical.choice, Quot.sound]
'ASGinzburg.principalIdempotentOperator' does not depend on any axioms
'ASGinzburg.principalIdempotentModule' depends on axioms: [propext, Classical.choice, Quot.sound]
'ASGinzburg.principalIdempotentInclusion' depends on axioms: [propext, Classical.choice, Quot.sound]
'ASGinzburg.principalIdempotentProjection' depends on axioms: [propext, Classical.choice, Quot.sound]
'ASGinzburg.principalIdempotentProjection_retract' depends on axioms: [propext, Classical.choice, Quot.sound]
'ASGinzburg.principalIdempotentModule_projective' depends on axioms: [propext, Classical.choice, Quot.sound]
'ASGinzburg.principalIdempotentModule_finite' depends on axioms: [propext, Classical.choice, Quot.sound]
'ASGinzburg.principalIdempotentGenerator' depends on axioms: [propext, Classical.choice, Quot.sound]
'ASGinzburg.principalIdempotentModule_generator' depends on axioms: [propext, Classical.choice, Quot.sound]
'ASGinzburg.principalIdempotentMap' depends on axioms: [propext, Classical.choice, Quot.sound]
'ASGinzburg.principalIdempotentMap_apply' depends on axioms: [propext, Classical.choice, Quot.sound]
'ASGinzburg.principalIdempotentMap_generator' depends on axioms: [propext, Classical.choice, Quot.sound]
'ASGinzburg.principalIdempotentGenerator_fixed' depends on axioms: [propext, Classical.choice, Quot.sound]
'ASGinzburg.principalIdempotentHom_generator_fixed' depends on axioms: [propext, Classical.choice, Quot.sound]
'ASGinzburg.principalIdempotentHom_ext' depends on axioms: [propext, Classical.choice, Quot.sound]
'ASGinzburg.principalIdempotentHomEquiv' depends on axioms: [propext, Classical.choice, Quot.sound]
'ASGinzburg.integerGradingShiftDecomposition' depends on axioms: [propext, Classical.choice, Quot.sound]
'ASGinzburg.principalIdempotentGrade' depends on axioms: [propext, Classical.choice, Quot.sound]
'ASGinzburg.principalIdempotentGradeDecomposition' depends on axioms: [propext, Classical.choice, Quot.sound]
'ASGinzburg.principalIdempotentGrade_eq_bot_of_lower_bound' depends on axioms: [propext, Classical.choice, Quot.sound]
'ASGinzburg.principalIdempotentGenerator_mem_grade_zero' depends on axioms: [propext, Classical.choice, Quot.sound]
'ASGinzburg.homogeneousQuotientGrade' depends on axioms: [propext, Quot.sound]
'ASGinzburg.homogeneousQuotientComponentMap' depends on axioms: [propext, Quot.sound]
'ASGinzburg.homogeneousQuotientDecomposeMap' depends on axioms: [propext, Classical.choice, Quot.sound]
'ASGinzburg.homogeneousQuotientDecomposeMap_ker' depends on axioms: [propext, Classical.choice, Quot.sound]
'ASGinzburg.homogeneousQuotientDecomposition' depends on axioms: [propext, Classical.choice, Quot.sound]
'ASGinzburg.exists_homogeneous_idempotent_fixed_lift' depends on axioms: [propext, Quot.sound]
'ASGinzburg.homogeneousIdempotentFixedLift' depends on axioms: [propext, Classical.choice, Quot.sound]
'ASGinzburg.homogeneousIdempotentFixedLift_properties' depends on axioms: [propext, Classical.choice, Quot.sound]
'ASGinzburg.idempotentFixedSpace' depends on axioms: [propext]
'ASGinzburg.idempotentComponentProjection' depends on axioms: [propext]
'ASGinzburg.completeOrthogonalModuleComponents' depends on axioms: [propext, Classical.choice, Quot.sound]
'ASGinzburg.tensorProductIdempotentFamily' depends on axioms: [propext, Quot.sound]
'ASGinzburg.tensorProductIdempotentFamily_idempotent' depends on axioms: [propext, Quot.sound]
'ASGinzburg.tensorProductIdempotentFamily_orthogonal' depends on axioms: [propext, Classical.choice, Quot.sound]
'ASGinzburg.tensorProductIdempotentFamily_sum_one' depends on axioms: [propext, Classical.choice, Quot.sound]
'ASGinzburg.gradedModule_subsingleton_of_linear_grading_nilpotent_action_span_top' depends on axioms: [propext,
 Classical.choice,
 Quot.sound]
'ASGinzburg.directSumModuleSwapMap' depends on axioms: [propext, Classical.choice, Quot.sound]
'ASGinzburg.directSumModuleSwapMap_of_of' depends on axioms: [propext, Classical.choice, Quot.sound]
'ASGinzburg.directSumModuleSwap' depends on axioms: [propext, Classical.choice, Quot.sound]
'ASGinzburg.directSumModuleSwap_of_of' depends on axioms: [propext, Classical.choice, Quot.sound]
'ASGinzburg.directSumGradeInclusion' depends on axioms: [propext, Quot.sound]
'ASGinzburg.directSumGrade' depends on axioms: [propext, Classical.choice, Quot.sound]
'ASGinzburg.directSumGradeEquiv' depends on axioms: [propext, Classical.choice, Quot.sound]
'ASGinzburg.directSumGradingLinearEquiv' depends on axioms: [propext, Classical.choice, Quot.sound]
'ASGinzburg.directSumGradingLinearEquiv_of_mem' depends on axioms: [propext, Classical.choice, Quot.sound]
'ASGinzburg.directSumGradeDecomposition' depends on axioms: [propext, Classical.choice, Quot.sound]
'ASGinzburg.directSumGrade_mem_iff' depends on axioms: [propext, Classical.choice, Quot.sound]
'ASGinzburg.principalIdempotentTopCoordinate' depends on axioms: [propext, Classical.choice, Quot.sound]
'ASGinzburg.principalIdempotentTopCoordinate_apply' depends on axioms: [propext, Classical.choice, Quot.sound]
'ASGinzburg.principalIdempotentTopCoordinate_generator' depends on axioms: [propext, Classical.choice, Quot.sound]
'ASGinzburg.principalIdempotentTopCoordinate_surjective' depends on axioms: [propext, Classical.choice, Quot.sound]
'ASGinzburg.principalIdempotentTopCoordinate_ker' depends on axioms: [propext, Classical.choice, Quot.sound]
'ASGinzburg.principalIdempotentTopEquiv' depends on axioms: [propext, Classical.choice, Quot.sound]
'ASGinzburg.principalIdempotentOrdinaryGrade' depends on axioms: [propext, Classical.choice, Quot.sound]
'ASGinzburg.principalIdempotentOrdinaryGradeDecomposition' depends on axioms: [propext, Classical.choice, Quot.sound]
'ASGinzburg.principalIdempotentShiftedGradeDecomposition' depends on axioms: [propext, Classical.choice, Quot.sound]
'ASGinzburg.principalIdempotentOrdinaryGrade_eq_bot_of_lower_bound' depends on axioms: [propext,
 Classical.choice,
 Quot.sound]
'ASGinzburg.principalIdempotentOrdinaryGenerator_mem_grade_zero' depends on axioms: [propext,
 Classical.choice,
 Quot.sound]
'ASGinzburg.principalIdempotentBasisCoverMap' depends on axioms: [propext, Classical.choice, Quot.sound]
'ASGinzburg.principalIdempotentBasisCoverMap_of' depends on axioms: [propext, Classical.choice, Quot.sound]
'ASGinzburg.principalIdempotentBasisCoverCoordinates' depends on axioms: [propext, Classical.choice, Quot.sound]
'ASGinzburg.radicalTopBasisDirectSumEquiv' depends on axioms: [propext, Classical.choice, Quot.sound]
'ASGinzburg.radicalTopBasisDirectSumEquiv_of' depends on axioms: [propext, Classical.choice, Quot.sound]
'ASGinzburg.principalIdempotentBasisCover_top_factorization' depends on axioms: [propext, Classical.choice, Quot.sound]
'ASGinzburg.principalIdempotentBasisCover_kernel_minimal' depends on axioms: [propext, Classical.choice, Quot.sound]
'ASGinzburg.principalIdempotentBasisCoverCoordinates_surjective' depends on axioms: [propext,
 Classical.choice,
 Quot.sound]
'ASGinzburg.principalIdempotentBasisCover_top_surjective' depends on axioms: [propext, Classical.choice, Quot.sound]
'ASGinzburg.idempotentFixedSpaceIsInternal' depends on axioms: [propext, Classical.choice, Quot.sound]
'ASGinzburg.idempotentSmulLinearMap' depends on axioms: [propext]
'ASGinzburg.idempotentFixedSpace_homogeneous' depends on axioms: [propext, Classical.choice, Quot.sound]
'ASGinzburg.idempotentFixedSpaceGradeDecomposition' depends on axioms: [propext, Classical.choice, Quot.sound]
'ASGinzburg.idempotentFixedSpaceGradedBasis' depends on axioms: [propext, Classical.choice, Quot.sound]
'ASGinzburg.idempotentHomogeneousBasisIndex' depends on axioms: [propext, Classical.choice, Quot.sound]
'ASGinzburg.idempotentHomogeneousBasis' depends on axioms: [propext, Classical.choice, Quot.sound]
'ASGinzburg.idempotentHomogeneousBasis_apply' depends on axioms: [propext, Classical.choice, Quot.sound]
'ASGinzburg.idempotentHomogeneousBasis_mem_grade' depends on axioms: [propext, Classical.choice, Quot.sound]
'ASGinzburg.idempotentHomogeneousBasis_fixed' depends on axioms: [propext, Classical.choice, Quot.sound]
'ASGinzburg.exists_homogeneous_idempotent_quotient_basis_lifts' depends on axioms: [propext,
 Classical.choice,
 Quot.sound]
'ASGinzburg.exists_homogeneous_principal_top_presentation' depends on axioms: [propext, Classical.choice, Quot.sound]
'ASGinzburg.exists_homogeneous_principal_minimal_cover' depends on axioms: [propext, Classical.choice, Quot.sound]
'ASGinzburg.ordinaryIdealActionSpan' depends on axioms: [propext, Quot.sound]
'ASGinzburg.ordinaryIdealActionSpan_map_mem' depends on axioms: [propext, Classical.choice, Quot.sound]
'ASGinzburg.ordinaryIdealActionSpan_directSum_iff' depends on axioms: [propext, Classical.choice, Quot.sound]
'ASGinzburg.ordinaryIdealActionDirectSumTopMap' depends on axioms: [propext, Quot.sound]
'ASGinzburg.ordinaryIdealActionDirectSumTopMap_apply' depends on axioms: [propext, Quot.sound]
'ASGinzburg.ordinaryIdealActionDirectSumTopMap_surjective' depends on axioms: [propext, Classical.choice, Quot.sound]
'ASGinzburg.ordinaryIdealActionDirectSumTopMap_ker' depends on axioms: [propext, Classical.choice, Quot.sound]
'ASGinzburg.ordinaryIdealActionDirectSumTopEquiv' depends on axioms: [propext, Classical.choice, Quot.sound]
'ASGinzburg.ordinaryIdealActionDirectSumTopEquiv_mkQ' depends on axioms: [propext, Classical.choice, Quot.sound]
'ASGinzburg.ordinaryIdealActionSpan_smul_mem' depends on axioms: [propext, Classical.choice, Quot.sound]
'ASGinzburg.ordinaryIdealActionSubmodule' depends on axioms: [propext, Classical.choice, Quot.sound]
'ASGinzburg.ordinaryIdealActionSubmodule_mem' depends on axioms: [propext, Classical.choice, Quot.sound]
'ASGinzburg.ordinaryIdealActionSubmodule_restrictScalars' depends on axioms: [propext, Classical.choice, Quot.sound]
'ASGinzburg.ordinaryIdealActionTopRestrictScalarsEquiv' depends on axioms: [propext, Classical.choice, Quot.sound]
'ASGinzburg.ordinaryIdealActionTopRestrictScalarsEquiv_mkQ' depends on axioms: [propext, Classical.choice, Quot.sound]
'ASGinzburg.ordinaryIdealActionSubmodule_map_mem' depends on axioms: [propext, Classical.choice, Quot.sound]
'ASGinzburg.ordinaryIdealActionTopMap' depends on axioms: [propext, Classical.choice, Quot.sound]
'ASGinzburg.ordinaryIdealActionTopMap_mkQ' depends on axioms: [propext, Classical.choice, Quot.sound]
'ASGinzburg.ordinaryIdealActionDirectSumQuotientMap' depends on axioms: [propext, Classical.choice, Quot.sound]
'ASGinzburg.ordinaryIdealActionDirectSumQuotientMap_apply' depends on axioms: [propext, Classical.choice, Quot.sound]
'ASGinzburg.ordinaryIdealActionDirectSumQuotientMap_surjective' depends on axioms: [propext,
 Classical.choice,
 Quot.sound]
'ASGinzburg.ordinaryIdealActionDirectSumQuotientMap_ker' depends on axioms: [propext, Classical.choice, Quot.sound]
'ASGinzburg.ordinaryIdealActionDirectSumQuotientEquiv' depends on axioms: [propext, Classical.choice, Quot.sound]
'ASGinzburg.ordinaryIdealActionDirectSumQuotientEquiv_mkQ' depends on axioms: [propext, Classical.choice, Quot.sound]
'ASGinzburg.principalIdempotentCoproductModule' depends on axioms: [propext, Classical.choice, Quot.sound]
'ASGinzburg.principalIdempotentCoproductModule_projective' depends on axioms: [propext, Classical.choice, Quot.sound]
'ASGinzburg.principalIdempotentCoproductModule_finite' depends on axioms: [propext, Classical.choice, Quot.sound]
'ASGinzburg.principalIdempotentSmallCoproduct_projective' depends on axioms: [propext, Classical.choice, Quot.sound]
'ASGinzburg.principalIdempotentSmallCoproductIso' depends on axioms: [propext, Classical.choice, Quot.sound]
'ASGinzburg.principalIdempotentSmallCoproduct_finite' depends on axioms: [propext, Classical.choice, Quot.sound]
'ASGinzburg.principalHomogeneousCoverSummandGrade' depends on axioms: [propext, Classical.choice, Quot.sound]
'ASGinzburg.principalHomogeneousCoverGrade' depends on axioms: [propext, Classical.choice, Quot.sound]
'ASGinzburg.principalHomogeneousCoverGradeDecomposition' depends on axioms: [propext, Classical.choice, Quot.sound]
'ASGinzburg.principalHomogeneousCoverGrade_mem_iff' depends on axioms: [propext, Classical.choice, Quot.sound]
'ASGinzburg.principalHomogeneousCoverMap' depends on axioms: [propext, Classical.choice, Quot.sound]
'ASGinzburg.principalHomogeneousCoverMap_of' depends on axioms: [propext, Classical.choice, Quot.sound]
'ASGinzburg.principalHomogeneousCoverMap_mem_grade' depends on axioms: [propext, Classical.choice, Quot.sound]
'ASGinzburg.principalHomogeneousCoverSummandGrade_eq_bot_of_lower_bound' depends on axioms: [propext,
 Classical.choice,
 Quot.sound]
'ASGinzburg.principalHomogeneousCoverGrade_eq_bot_of_lower_bound' depends on axioms: [propext,
 Classical.choice,
 Quot.sound]
'ASGinzburg.principalHomogeneousCoverGrade_smul_mem' depends on axioms: [propext, Classical.choice, Quot.sound]
'ASGinzburg.principalHomogeneousCoverGrade_zero_smul_mem' depends on axioms: [propext, Classical.choice, Quot.sound]
'ASGinzburg.principalHomogeneousCoverOrdinaryScalarsEquiv' depends on axioms: [propext, Classical.choice, Quot.sound]
'ASGinzburg.principalHomogeneousCoverOrdinaryScalarsEquiv_apply' depends on axioms: [propext,
 Classical.choice,
 Quot.sound]
'ASGinzburg.principalHomogeneousCoverOrdinaryGrade' depends on axioms: [propext, Classical.choice, Quot.sound]
'ASGinzburg.principalHomogeneousCoverOrdinaryGrade_mem_iff' depends on axioms: [propext, Classical.choice, Quot.sound]
'ASGinzburg.principalHomogeneousCoverOrdinaryGradeDecomposition' depends on axioms: [propext,
 Classical.choice,
 Quot.sound]
'ASGinzburg.principalHomogeneousCoverOrdinaryGrade_smul_mem' depends on axioms: [propext, Classical.choice, Quot.sound]
'ASGinzburg.principalHomogeneousCoverOrdinaryMap_mem_grade' depends on axioms: [propext, Classical.choice, Quot.sound]
'ASGinzburg.principalHomogeneousCoverOrdinaryGrade_eq_bot_of_lower_bound' depends on axioms: [propext,
 Classical.choice,
 Quot.sound]
'ASGinzburg.homogeneousOrdinaryQuotientGrade' depends on axioms: [propext, Quot.sound]
'ASGinzburg.homogeneousOrdinaryQuotientScalarsEquiv' depends on axioms: [propext, Quot.sound]
'ASGinzburg.homogeneousOrdinaryQuotientScalarsEquiv_mkQ' depends on axioms: [propext, Quot.sound]
'ASGinzburg.homogeneousOrdinaryQuotientDecomposition' depends on axioms: [propext, Classical.choice, Quot.sound]
'ASGinzburg.homogeneousOrdinaryQuotientGrade_exists_lift' depends on axioms: [propext, Quot.sound]
'ASGinzburg.homogeneousOrdinaryQuotientGrade_mkQ_mem' depends on axioms: [propext, Quot.sound]
'ASGinzburg.homogeneousOrdinaryQuotientGrade_eq_bot_of_lower_bound' depends on axioms: [propext,
 Classical.choice,
 Quot.sound]
'ASGinzburg.homogeneousOrdinaryQuotientGrade_smul_mem' depends on axioms: [propext, Quot.sound]
'ASGinzburg.homogeneousOrdinaryQuotientGrade_zero_smul_mem' depends on axioms: [propext, Quot.sound]
'ASGinzburg.homogeneousOrdinaryQuotientGrade_degreeZero_action' depends on axioms: [propext, Quot.sound]
'ASGinzburg.GradedOrdinaryModuleData' depends on axioms: [propext, Classical.choice, Quot.sound]
'ASGinzburg.GradedOrdinaryModuleData.decomposition' depends on axioms: [propext, Classical.choice, Quot.sound]
'ASGinzburg.GradedOrdinaryModuleData.BoundedBelow' depends on axioms: [propext, Classical.choice, Quot.sound]
'ASGinzburg.GradedOrdinaryModuleData.PreservesGrade' depends on axioms: [propext, Classical.choice, Quot.sound]
'ASGinzburg.GradedOrdinaryModuleData.preservesGrade_id' depends on axioms: [propext, Classical.choice, Quot.sound]
'ASGinzburg.GradedOrdinaryModuleData.preservesGrade_comp' depends on axioms: [propext, Classical.choice, Quot.sound]
'ASGinzburg.GradedOrdinaryModuleData.kernelModule' depends on axioms: [propext, Classical.choice, Quot.sound]
'ASGinzburg.GradedOrdinaryModuleData.kernelGrade' depends on axioms: [propext, Classical.choice, Quot.sound]
'ASGinzburg.GradedOrdinaryModuleData.kernelGrade_mem_iff' depends on axioms: [propext, Classical.choice, Quot.sound]
'ASGinzburg.GradedOrdinaryModuleData.kernelGradeDecomposition' depends on axioms: [propext,
 Classical.choice,
 Quot.sound]
'ASGinzburg.GradedOrdinaryModuleData.kernelData' depends on axioms: [propext, Classical.choice, Quot.sound]
'ASGinzburg.GradedOrdinaryModuleData.kernelGrade_eq_bot_of_lower_bound' depends on axioms: [propext,
 Classical.choice,
 Quot.sound]
'ASGinzburg.GradedOrdinaryModuleData.kernelData_boundedBelow' depends on axioms: [propext, Classical.choice, Quot.sound]
'ASGinzburg.GradedOrdinaryModuleData.kernelInclusion' depends on axioms: [propext, Classical.choice, Quot.sound]
'ASGinzburg.GradedOrdinaryModuleData.kernelInclusion_preservesGrade' depends on axioms: [propext,
 Classical.choice,
 Quot.sound]
'ASGinzburg.GradedOrdinaryModuleData.kernelInclusion_mono' depends on axioms: [propext, Classical.choice, Quot.sound]
'ASGinzburg.GradedOrdinaryModuleData.kernelInclusion_comp' depends on axioms: [propext, Classical.choice, Quot.sound]
'ASGinzburg.GradedOrdinaryModuleData.kernelIsoKernelModule' depends on axioms: [propext, Classical.choice, Quot.sound]
'ASGinzburg.GradedOrdinaryModuleData.kernelIsoKernelModule_hom_inclusion' depends on axioms: [propext,
 Classical.choice,
 Quot.sound]
