work/ASGinzburgDraft/ZAlgebraFoundationIsomorphism.lean:14:4: error: typeclass instance problem is stuck, it is often due to metavariables
  Field ?m.11
work/ASGinzburgDraft/ZAlgebraFoundationIsomorphism.lean:20:4: error: typeclass instance problem is stuck, it is often due to metavariables
  Algebra k (foundationComponents ?m.13 Q).Total
work/ASGinzburgDraft/ZAlgebraFoundationIsomorphism.lean:24:4: error: Invalid field `foundationAlgEquiv`: The environment does not contain `ASGinzburg.ZAlgebra.Isomorphism.foundationAlgEquiv`
  F
has type
  B.Isomorphism A
work/ASGinzburgDraft/ZAlgebraFoundationIsomorphism.lean:24:61: error: Application type mismatch: The argument
  x i j
has type
  (foundationComponents ?m.7 Q).Hom i j
but is expected to have type
  B.Hom ↑↑i ↑↑j
in the application
  (F.map ↑↑i ↑↑j) (x i j)
work/ASGinzburgDraft/ZAlgebraFoundationIsomorphism.lean:23:39: error: Application type mismatch: The argument
  B
has type
  ZAlgebra.{u, v} k
but is expected to have type
  ZAlgebra.{?u.4480, ?u.4480} ?m.8
in the application
  B.foundationComponents
work/ASGinzburgDraft/ZAlgebraFoundationIsomorphism.lean:27:4: error: Invalid field `foundationAlgEquiv`: The environment does not contain `ASGinzburg.ZAlgebra.Isomorphism.foundationAlgEquiv`
  F
has type
  B.Isomorphism A
work/ASGinzburgDraft/ZAlgebraFoundationIsomorphism.lean:28:7: error: Application type mismatch: The argument
  A
has type
  ZAlgebra.{u, w} k
but is expected to have type
  ZAlgebra.{?u.6318, ?u.6318} ?m.9
in the application
  A.foundationComponents
