work/ASGinzburgDraft/EnvelopingBalancedTensorHomEquiv.lean:39:14: error: Tactic `rewrite` failed: Did not find an occurrence of the pattern
  0 • ?m
in the target expression
  g (0 • p) = 0 • g p

k : Type u
inst✝¹⁴ : Field k
R : Type v
inst✝¹³ : Ring R
inst✝¹² : Algebra k R
M : Type w
inst✝¹¹ : AddCommGroup M
inst✝¹⁰ : Module k M
inst✝⁹ : Module Rᵐᵒᵖ M
inst✝⁸ : IsScalarTower k Rᵐᵒᵖ M
P : Type z
inst✝⁷ : AddCommGroup P
inst✝⁶ : Module k P
inst✝⁵ : Module (AlgebraEnvelopingRing k R) P
inst✝⁴ : IsScalarTower k (AlgebraEnvelopingRing k R) P
X : Type z'
inst✝³ : AddCommGroup X
inst✝² : Module k X
inst✝¹ : Module Rᵐᵒᵖ X
inst✝ : IsScalarTower k Rᵐᵒᵖ X
this✝⁴ : Module R P := envelopingLeftModule k R P
this✝³ : IsScalarTower k R P := envelopingLeftScalarTower k R P
this✝² : Module Rᵐᵒᵖ P := envelopingRightModule k R P
this✝¹ : Module Rᵐᵒᵖ (EnvelopingBalancedTensorSpace k R M P) := envelopingBalancedTensorRightModule k R M P
this✝ : IsScalarTower k Rᵐᵒᵖ (EnvelopingBalancedTensorSpace k R M P) := envelopingBalancedTensorRightScalarTower k R M P
this : Module (AlgebraEnvelopingRing k R) (BalancedTensorHom k R M X) := envelopingBalancedTensorHomModule k R M X
f : EnvelopingBalancedTensorSpace k R M P →ₗ[Rᵐᵒᵖ] X
g : P →ₗ[R] BalancedTensorHom k R M X := balancedTensorCurry k R M P X (↑k f)
t : AlgebraEnvelopingRing k R
p : P
x : M
⊢ g (0 • p) = 0 • g p
