work/ASGinzburgDraft/ModuleCatFiniteCoproduct.lean:13:4: error: failed to synthesize
  AddCommMonoid (∐ ?m.17)

Hint: Additional diagnostic information may be available using the `set_option diagnostics true` command.
work/ASGinzburgDraft/ModuleCatFiniteCoproduct.lean:13:7: error: Application type mismatch: The argument
  F
has type
  I → ModuleCat R
but is expected to have type
  ?m.13 → Type ?u.365
in the application
  @sigmaObj ?m.13 (Type ?u.365) types F
work/ASGinzburgDraft/ModuleCatFiniteCoproduct.lean:19:4: error: failed to synthesize
  AddCommMonoid (∐ ?m.13)

Hint: Additional diagnostic information may be available using the `set_option diagnostics true` command.
work/ASGinzburgDraft/ModuleCatFiniteCoproduct.lean:19:23: error: Application type mismatch: The argument
  F
has type
  I → ModuleCat R
but is expected to have type
  ?m.9 → Type ?u.2351
in the application
  @sigmaObj ?m.9 (Type ?u.2351) types F
