work/ASGinzburgDraft/PrincipalIdempotentHomogeneousCoverOrdinary.lean:21:8: warning: automatically included section variable(s) unused in theorem `ASGinzburg.principalHomogeneousCoverOrdinaryScalarsEquiv_apply`:
  [DecidableEq γ]
consider restructuring your `variable` declarations so that the variables are not in scope or explicitly omit them:
  omit [DecidableEq γ] in theorem ...

Note: This linter can be disabled with `set_option linter.unusedSectionVars false`
work/ASGinzburgDraft/PrincipalIdempotentHomogeneousCoverOrdinary.lean:31:8: warning: automatically included section variable(s) unused in theorem `ASGinzburg.principalHomogeneousCoverOrdinaryGrade_mem_iff`:
  [DecidableEq γ]
consider restructuring your `variable` declarations so that the variables are not in scope or explicitly omit them:
  omit [DecidableEq γ] in theorem ...

Note: This linter can be disabled with `set_option linter.unusedSectionVars false`
work/ASGinzburgDraft/PrincipalIdempotentHomogeneousCoverOrdinary.lean:48:0: warning: automatically included section variable(s) unused in theorem `ASGinzburg.principalHomogeneousCoverOrdinaryGrade_smul_mem`:
  [DecidableEq γ]
consider restructuring your `variable` declarations so that the variables are not in scope or explicitly omit them:
  omit [DecidableEq γ] in theorem ...

Note: This linter can be disabled with `set_option linter.unusedSectionVars false`
work/ASGinzburgDraft/PrincipalIdempotentHomogeneousCoverOrdinary.lean:67:0: warning: automatically included section variable(s) unused in theorem `ASGinzburg.principalHomogeneousCoverOrdinaryGrade_eq_bot_of_lower_bound`:
  [DecidableEq γ]
consider restructuring your `variable` declarations so that the variables are not in scope or explicitly omit them:
  omit [DecidableEq γ] in theorem ...

Note: This linter can be disabled with `set_option linter.unusedSectionVars false`
