'ASGinzburg.GradedOrdinaryProjectiveCover' depends on axioms: [propext, Classical.choice, Quot.sound]
'ASGinzburg.GradedOrdinaryProjectiveCover.ofExists' depends on axioms: [propext, Classical.choice, Quot.sound]
'ASGinzburg.GradedOrdinaryBoundedModule' depends on axioms: [propext, Classical.choice, Quot.sound]
'ASGinzburg.GradedOrdinaryBoundedModule.nextSyzygy' depends on axioms: [propext, Classical.choice, Quot.sound]
'ASGinzburg.GradedOrdinaryBoundedModule.syzygy' depends on axioms: [propext, Classical.choice, Quot.sound]
'ASGinzburg.GradedOrdinaryBoundedModule.termData' depends on axioms: [propext, Classical.choice, Quot.sound]
'ASGinzburg.GradedOrdinaryBoundedModule.term' depends on axioms: [propext, Classical.choice, Quot.sound]
'ASGinzburg.GradedOrdinaryBoundedModule.cover' depends on axioms: [propext, Classical.choice, Quot.sound]
'ASGinzburg.GradedOrdinaryBoundedModule.term_projective' depends on axioms: [propext, Classical.choice, Quot.sound]
'ASGinzburg.GradedOrdinaryBoundedModule.cover_epi' depends on axioms: [propext, Classical.choice, Quot.sound]
'ASGinzburg.GradedOrdinaryBoundedModule.term_boundedBelow' depends on axioms: [propext, Classical.choice, Quot.sound]
'ASGinzburg.GradedOrdinaryBoundedModule.inclusion' depends on axioms: [propext, Classical.choice, Quot.sound]
'ASGinzburg.GradedOrdinaryBoundedModule.inclusion_mono' depends on axioms: [propext, Classical.choice, Quot.sound]
'ASGinzburg.GradedOrdinaryBoundedModule.inclusion_cover' depends on axioms: [propext, Classical.choice, Quot.sound]
'ASGinzburg.GradedOrdinaryBoundedModule.differential' depends on axioms: [propext, Classical.choice, Quot.sound]
'ASGinzburg.GradedOrdinaryBoundedModule.differential_cover' depends on axioms: [propext, Classical.choice, Quot.sound]
'ASGinzburg.GradedOrdinaryBoundedModule.differential_sq' depends on axioms: [propext, Classical.choice, Quot.sound]
'ASGinzburg.GradedOrdinaryBoundedModule.differential_preservesGrade' depends on axioms: [propext,
 Classical.choice,
 Quot.sound]
'ASGinzburg.GradedOrdinaryBoundedModule.differential_minimal' depends on axioms: [propext, Classical.choice, Quot.sound]
'ASGinzburg.GradedOrdinaryBoundedModule.inclusion_cover_exact' depends on axioms: [propext,
 Classical.choice,
 Quot.sound]
'ASGinzburg.GradedOrdinaryBoundedModule.differential_cover_exact' depends on axioms: [propext,
 Classical.choice,
 Quot.sound]
'ASGinzburg.GradedOrdinaryBoundedModule.differential_exact' depends on axioms: [propext, Classical.choice, Quot.sound]
'ASGinzburg.GradedOrdinaryBoundedModule.complex' depends on axioms: [propext, Classical.choice, Quot.sound]
'ASGinzburg.GradedOrdinaryBoundedModule.complex_exactAt_succ' depends on axioms: [propext, Classical.choice, Quot.sound]
'ASGinzburg.GradedOrdinaryBoundedModule.augmentation' depends on axioms: [propext, Classical.choice, Quot.sound]
'ASGinzburg.GradedOrdinaryBoundedModule.augmentation_quasiIso' depends on axioms: [propext,
 Classical.choice,
 Quot.sound]
'ASGinzburg.GradedOrdinaryBoundedModule.resolution' depends on axioms: [propext, Classical.choice, Quot.sound]
'ASGinzburg.GradedOrdinaryBoundedModule.resolution_d_minimal' depends on axioms: [propext, Classical.choice, Quot.sound]
'ASGinzburg.GradedOrdinaryBoundedModule.resolution_grade_isInternal' depends on axioms: [propext,
 Classical.choice,
 Quot.sound]
'ASGinzburg.GradedOrdinaryBoundedModule.resolution_grade_boundedBelow' depends on axioms: [propext,
 Classical.choice,
 Quot.sound]
'ASGinzburg.GradedOrdinaryBoundedModule.resolution_d_preservesGrade' depends on axioms: [propext,
 Classical.choice,
 Quot.sound]
