'ASGinzburg.homogeneousCore' depends on axioms: [propext, Classical.choice, Quot.sound]
'ASGinzburg.homogeneousCore_le' depends on axioms: [propext, Classical.choice, Quot.sound]
'ASGinzburg.mem_homogeneousCore_of_mem' depends on axioms: [propext, Classical.choice, Quot.sound]
'ASGinzburg.homogeneousCore_component_mem' depends on axioms: [propext, Classical.choice, Quot.sound]
'ASGinzburg.mem_homogeneousCore_of_components_mem' depends on axioms: [propext, Classical.choice, Quot.sound]
'ASGinzburg.homogeneousCore_map_mem' depends on axioms: [propext, Classical.choice, Quot.sound]
'ASGinzburg.stableSubmoduleQuotientOperator' depends on axioms: [propext, Classical.choice, Quot.sound]
'ASGinzburg.stableSubmoduleQuotientOperator_mkQ' depends on axioms: [propext, Classical.choice, Quot.sound]
'ASGinzburg.scalarSubmoduleQuotientOperator' depends on axioms: [propext, Classical.choice, Quot.sound]
'ASGinzburg.scalarSubmoduleQuotientOperator_mkQ' depends on axioms: [propext, Classical.choice, Quot.sound]
'ASGinzburg.quotient_mkQ_mem_gradedNilpotentActionSpan' depends on axioms: [propext, Classical.choice, Quot.sound]
'ASGinzburg.gradedNilpotentActionSpan_quotient_eq_top' depends on axioms: [propext, Classical.choice, Quot.sound]
'ASGinzburg.finiteHomogeneousComponents' depends on axioms: [propext, Classical.choice, Quot.sound]
'ASGinzburg.component_mem_finiteHomogeneousComponents_or_zero' depends on axioms: [propext,
 Classical.choice,
 Quot.sound]
'ASGinzburg.mem_homogeneousCore_span_finiteHomogeneousComponents' depends on axioms: [propext,
 Classical.choice,
 Quot.sound]
'ASGinzburg.moduleFinite_of_boundedBelow_finite_radical_top' depends on axioms: [propext, Classical.choice, Quot.sound]
