'ASGinzburg.homogeneousSubmoduleGrade' depends on axioms: [propext, Quot.sound]
'ASGinzburg.homogeneousSubmoduleGradeEmbedding' depends on axioms: [propext, Quot.sound]
'ASGinzburg.homogeneousSubmoduleGrade_isInternal' depends on axioms: [propext, Classical.choice, Quot.sound]
'ASGinzburg.homogeneousSubmoduleDecomposition' depends on axioms: [propext, Classical.choice, Quot.sound]
'ASGinzburg.homogeneousSubmoduleGrade_eq_bot_of_lower_bound' depends on axioms: [propext, Quot.sound]
'ASGinzburg.homogeneousComponent' depends on axioms: [propext, Classical.choice, Quot.sound]
'ASGinzburg.homogeneousLinearMap_component' depends on axioms: [propext, Classical.choice, Quot.sound]
'ASGinzburg.homogeneousLinearMap_kernel_component_mem' depends on axioms: [propext, Classical.choice, Quot.sound]
'ASGinzburg.homogeneousLinearMapKernelDecomposition' depends on axioms: [propext, Classical.choice, Quot.sound]
'ASGinzburg.ordinaryHomogeneousKernelDecomposition' depends on axioms: [propext, Classical.choice, Quot.sound]
'ASGinzburg.homogeneousLinearMap_range_component_mem' depends on axioms: [propext, Classical.choice, Quot.sound]
'ASGinzburg.homogeneousLinearMapRangeDecomposition' depends on axioms: [propext, Classical.choice, Quot.sound]
'ASGinzburg.ordinaryHomogeneousRangeDecomposition' depends on axioms: [propext, Classical.choice, Quot.sound]
'ASGinzburg.principalIdempotentOperator' does not depend on any axioms
'ASGinzburg.principalIdempotentModule' depends on axioms: [propext, Classical.choice, Quot.sound]
'ASGinzburg.principalIdempotentInclusion' depends on axioms: [propext, Classical.choice, Quot.sound]
'ASGinzburg.principalIdempotentProjection' depends on axioms: [propext, Classical.choice, Quot.sound]
'ASGinzburg.principalIdempotentProjection_retract' depends on axioms: [propext, Classical.choice, Quot.sound]
'ASGinzburg.principalIdempotentModule_projective' depends on axioms: [propext, Classical.choice, Quot.sound]
'ASGinzburg.principalIdempotentModule_finite' depends on axioms: [propext, Classical.choice, Quot.sound]
'ASGinzburg.principalIdempotentGenerator' depends on axioms: [propext, Classical.choice, Quot.sound]
'ASGinzburg.principalIdempotentModule_generator' depends on axioms: [propext, Classical.choice, Quot.sound]
'ASGinzburg.principalIdempotentMap' depends on axioms: [propext, Classical.choice, Quot.sound]
'ASGinzburg.principalIdempotentMap_apply' depends on axioms: [propext, Classical.choice, Quot.sound]
'ASGinzburg.principalIdempotentMap_generator' depends on axioms: [propext, Classical.choice, Quot.sound]
'ASGinzburg.principalIdempotentGenerator_fixed' depends on axioms: [propext, Classical.choice, Quot.sound]
'ASGinzburg.principalIdempotentHom_generator_fixed' depends on axioms: [propext, Classical.choice, Quot.sound]
'ASGinzburg.principalIdempotentHom_ext' depends on axioms: [propext, Classical.choice, Quot.sound]
'ASGinzburg.principalIdempotentHomEquiv' depends on axioms: [propext, Classical.choice, Quot.sound]
'ASGinzburg.integerGradingShiftDecomposition' depends on axioms: [propext, Classical.choice, Quot.sound]
'ASGinzburg.principalIdempotentGrade' depends on axioms: [propext, Classical.choice, Quot.sound]
'ASGinzburg.principalIdempotentGradeDecomposition' depends on axioms: [propext, Classical.choice, Quot.sound]
'ASGinzburg.principalIdempotentGrade_eq_bot_of_lower_bound' depends on axioms: [propext, Classical.choice, Quot.sound]
'ASGinzburg.principalIdempotentGenerator_mem_grade_zero' depends on axioms: [propext, Classical.choice, Quot.sound]
