work/ASGinzburgDraft/BalancedTensorTorLeft.lean:34:20: error: unsolved goals
k : Type u
inst✝⁵ : Field k
R : Type v
inst✝⁴ : Ring R
inst✝³ : Algebra k R
N : Type w
inst✝² : AddCommGroup N
inst✝¹ : Module k N
inst✝ : Module R N
n : ℕ
this : Module Rᵐᵒᵖᵐᵒᵖ N := balancedTensorDoubleOppositeModule R N
e : balancedTensorLeftFunctor k R N ≅ balancedTensorRightFunctor k Rᵐᵒᵖ N := balancedTensorLeftSwapIso k R N
⊢ 𝟙 ((balancedTensorLeftFunctor k R N).leftDerived n) = 𝟙 (balancedTensorTorLeftFunctor k R N n)
work/ASGinzburgDraft/BalancedTensorTorLeft.lean:36:20: error: unsolved goals
k : Type u
inst✝⁵ : Field k
R : Type v
inst✝⁴ : Ring R
inst✝³ : Algebra k R
N : Type w
inst✝² : AddCommGroup N
inst✝¹ : Module k N
inst✝ : Module R N
n : ℕ
this : Module Rᵐᵒᵖᵐᵒᵖ N := balancedTensorDoubleOppositeModule R N
e : balancedTensorLeftFunctor k R N ≅ balancedTensorRightFunctor k Rᵐᵒᵖ N := balancedTensorLeftSwapIso k R N
⊢ 𝟙 ((balancedTensorRightFunctor k Rᵐᵒᵖ N).leftDerived n) = 𝟙 (balancedTensorTorFunctor k Rᵐᵒᵖ N n)
