⚠ [3090/3153] Replayed ASGinzburg.PathAlgebra
warning: ASGinzburg/PathAlgebra.lean:97:42: This simp argument is unused:
  LinearMap.add_apply

Hint: Omit it from the simp argument list.
  simp [map_add, L̵i̵n̵e̵a̵r̵M̵a̵p̵.̵a̵d̵d̵_̵a̵p̵p̵l̵y̵,̵ ̵ih, ih']

Note: This linter can be disabled with `set_option linter.unusedSimpArgs false`
✔ [3149/3153] Built ASGinzburg.RightModuleAbelian (9.9s)
✔ [3150/3153] Built ASGinzburg (1.9s)
ℹ [3152/3153] Built AxiomAudit (11s)
info: AxiomAudit.lean:3:0: 'ASGinzburg.conjugateHom' depends on axioms: [propext, Classical.choice, Quot.sound]
info: AxiomAudit.lean:4:0: 'ASGinzburg.conjugateHom_apply' depends on axioms: [propext, Classical.choice, Quot.sound]
info: AxiomAudit.lean:5:0: 'ASGinzburg.conjugateHom_id' depends on axioms: [propext, Classical.choice, Quot.sound]
info: AxiomAudit.lean:6:0: 'ASGinzburg.conjugateHom_comp' depends on axioms: [propext, Classical.choice, Quot.sound]
info: AxiomAudit.lean:7:0: 'ASGinzburg.CyclicWord' depends on axioms: [propext, Quot.sound]
info: AxiomAudit.lean:8:0: 'ASGinzburg.WordPolynomial' depends on axioms: [propext, Classical.choice, Quot.sound]
info: AxiomAudit.lean:9:0: 'ASGinzburg.CyclicPolynomial' depends on axioms: [propext, Classical.choice, Quot.sound]
info: AxiomAudit.lean:10:0: 'ASGinzburg.wordClass' depends on axioms: [propext, Quot.sound]
info: AxiomAudit.lean:11:0: 'ASGinzburg.traceWord' depends on axioms: [propext, Classical.choice, Quot.sound]
info: AxiomAudit.lean:12:0: 'ASGinzburg.wordClass_append_swap' depends on axioms: [propext, Quot.sound]
info: AxiomAudit.lean:13:0: 'ASGinzburg.traceWord_append_swap' depends on axioms: [propext, Classical.choice, Quot.sound]
info: AxiomAudit.lean:14:0: 'ASGinzburg.wordCutDegree' does not depend on any axioms
info: AxiomAudit.lean:15:0: 'ASGinzburg.wordCutDegree_append' depends on axioms: [propext]
info: AxiomAudit.lean:16:0: 'ASGinzburg.unique_cut_split' depends on axioms: [propext, Quot.sound]
info: AxiomAudit.lean:17:0: 'ASGinzburg.reconstructAux' depends on axioms: [propext, Classical.choice, Quot.sound]
info: AxiomAudit.lean:18:0: 'ASGinzburg.reconstructAux_euler' depends on axioms: [propext, Classical.choice, Quot.sound]
info: AxiomAudit.lean:19:0: 'ASGinzburg.cyclicTrace' depends on axioms: [propext, Classical.choice, Quot.sound]
info: AxiomAudit.lean:20:0: 'ASGinzburg.cutReconstruction' depends on axioms: [propext, Classical.choice, Quot.sound]
info: AxiomAudit.lean:21:0: 'ASGinzburg.cut_euler_identity' depends on axioms: [propext, Classical.choice, Quot.sound]
info: AxiomAudit.lean:22:0: 'ASGinzburg.cut_normal_form' depends on axioms: [propext, Quot.sound]
info: AxiomAudit.lean:23:0: 'ASGinzburg.path_word_cutDegree' depends on axioms: [propext]
info: AxiomAudit.lean:24:0: 'ASGinzburg.CutQuiver' does not depend on any axioms
info: AxiomAudit.lean:25:0: 'ASGinzburg.CutQuiver.Arrow' does not depend on any axioms
info: AxiomAudit.lean:26:0: 'ASGinzburg.CutQuiver.Vertex' does not depend on any axioms
info: AxiomAudit.lean:27:0: 'ASGinzburg.CutQuiver.LiftVertex' does not depend on any axioms
info: AxiomAudit.lean:28:0: 'ASGinzburg.CutQuiver.cutDegree' does not depend on any axioms
info: AxiomAudit.lean:29:0: 'ASGinzburg.CutQuiver.winding' does not depend on any axioms
info: AxiomAudit.lean:30:0: 'ASGinzburg.CutQuiver.height' does not depend on any axioms
info: AxiomAudit.lean:31:0: 'ASGinzburg.CutQuiver.periodNeZero' depends on axioms: [propext, Quot.sound]
info: AxiomAudit.lean:32:0: 'ASGinzburg.CutQuiver.heightEquiv' depends on axioms: [propext, Classical.choice, Quot.sound]
info: AxiomAudit.lean:33:0: 'ASGinzburg.CutQuiver.heightEquiv_apply' depends on axioms: [propext, Classical.choice, Quot.sound]
info: AxiomAudit.lean:34:0: 'ASGinzburg.CutQuiver.height_bijective' depends on axioms: [propext, Classical.choice, Quot.sound]
info: AxiomAudit.lean:35:0: 'ASGinzburg.CutQuiver.shift' does not depend on any axioms
info: AxiomAudit.lean:36:0: 'ASGinzburg.CutQuiver.tau' depends on axioms: [propext]
info: AxiomAudit.lean:37:0: 'ASGinzburg.CutQuiver.liftedSource' does not depend on any axioms
info: AxiomAudit.lean:38:0: 'ASGinzburg.CutQuiver.liftedTarget' does not depend on any axioms
info: AxiomAudit.lean:39:0: 'ASGinzburg.CutQuiver.cutDegree_false' depends on axioms: [propext]
info: AxiomAudit.lean:40:0: 'ASGinzburg.CutQuiver.cutDegree_true' depends on axioms: [propext]
info: AxiomAudit.lean:41:0: 'ASGinzburg.CutQuiver.winding_pos' depends on axioms: [propext, Classical.choice, Quot.sound]
info: AxiomAudit.lean:42:0: 'ASGinzburg.CutQuiver.winding_lt_period' depends on axioms: [propext, Classical.choice, Quot.sound]
info: AxiomAudit.lean:43:0: 'ASGinzburg.CutQuiver.height_shift' depends on axioms: [propext]
info: AxiomAudit.lean:44:0: 'ASGinzburg.CutQuiver.height_tau' depends on axioms: [propext, Quot.sound]
info: AxiomAudit.lean:45:0: 'ASGinzburg.CutQuiver.lifted_height_difference' depends on axioms: [propext, Quot.sound]
info: AxiomAudit.lean:46:0: 'ASGinzburg.CutQuiver.lifted_arrow_increases_height' depends on axioms: [propext, Classical.choice, Quot.sound]
info: AxiomAudit.lean:47:0: 'ASGinzburg.CutQuiver.intermediate_in_interval' depends on axioms: [propext, Classical.choice, Quot.sound]
info: AxiomAudit.lean:48:0: 'ASGinzburg.CutQuiver.Path' does not depend on any axioms
info: AxiomAudit.lean:49:0: 'ASGinzburg.CutQuiver.Path.length' does not depend on any axioms
info: AxiomAudit.lean:50:0: 'ASGinzburg.CutQuiver.Path.cutDegree' does not depend on any axioms
info: AxiomAudit.lean:51:0: 'ASGinzburg.CutQuiver.Path.winding' does not depend on any axioms
info: AxiomAudit.lean:52:0: 'ASGinzburg.CutQuiver.Path.toList' does not depend on any axioms
info: AxiomAudit.lean:53:0: 'ASGinzburg.CutQuiver.Path.length_toList' depends on axioms: [propext]
info: AxiomAudit.lean:54:0: 'ASGinzburg.CutQuiver.Path.winding_eq' depends on axioms: [propext, Classical.choice, Quot.sound]
info: AxiomAudit.lean:55:0: 'ASGinzburg.CutQuiver.Path.winding_nonneg' depends on axioms: [propext, Classical.choice, Quot.sound]
info: AxiomAudit.lean:56:0: 'ASGinzburg.CutQuiver.Path.winding_pos_of_length_pos' depends on axioms: [propext, Classical.choice, Quot.sound]
info: AxiomAudit.lean:57:0: 'ASGinzburg.CutQuiver.Path.zero_cut_increases_vertex' depends on axioms: [propext, Classical.choice, Quot.sound]
info: AxiomAudit.lean:58:0: 'ASGinzburg.CutQuiver.Path.zero_cut_has_no_nonempty_cycle' depends on axioms: [propext, Classical.choice, Quot.sound]
info: AxiomAudit.lean:59:0: 'ASGinzburg.CutQuiver.Path.cut_one_cycle_winding' depends on axioms: [propext, Classical.choice, Quot.sound]
info: AxiomAudit.lean:60:0: 'ASGinzburg.derivativeAux' depends on axioms: [propext, Classical.choice, Quot.sound]
info: AxiomAudit.lean:61:0: 'ASGinzburg.derivativeWord' depends on axioms: [propext, Classical.choice, Quot.sound]
info: AxiomAudit.lean:62:0: 'ASGinzburg.derivativeAux_append' depends on axioms: [propext, Classical.choice, Quot.sound]
info: AxiomAudit.lean:63:0: 'ASGinzburg.derivativeWord_append_swap' depends on axioms: [propext, Classical.choice, Quot.sound]
info: AxiomAudit.lean:64:0: 'ASGinzburg.derivativeWord_rotate' depends on axioms: [propext, Classical.choice, Quot.sound]
info: AxiomAudit.lean:65:0: 'ASGinzburg.derivativeCyclicWord' depends on axioms: [propext, Classical.choice, Quot.sound]
info: AxiomAudit.lean:66:0: 'ASGinzburg.derivativeCyclicWord_mk' depends on axioms: [propext, Classical.choice, Quot.sound]
info: AxiomAudit.lean:67:0: 'ASGinzburg.cyclicDerivative' depends on axioms: [propext, Classical.choice, Quot.sound]
info: AxiomAudit.lean:68:0: 'ASGinzburg.prependTrace' depends on axioms: [propext, Classical.choice, Quot.sound]
info: AxiomAudit.lean:69:0: 'ASGinzburg.prependTrace_single' depends on axioms: [propext, Classical.choice, Quot.sound]
info: AxiomAudit.lean:70:0: 'ASGinzburg.cyclicDerivative_traceWord' depends on axioms: [propext, Classical.choice, Quot.sound]
info: AxiomAudit.lean:71:0: 'ASGinzburg.derivativeAux_reconstruction' depends on axioms: [propext, Classical.choice, Quot.sound]
info: AxiomAudit.lean:72:0: 'ASGinzburg.cyclicCutReconstruction' depends on axioms: [propext, Classical.choice, Quot.sound]
info: AxiomAudit.lean:73:0: 'ASGinzburg.ite_linearMap_apply' depends on axioms: [propext]
info: AxiomAudit.lean:74:0: 'ASGinzburg.cyclicCutReconstruction_traceWord' depends on axioms: [propext, Classical.choice, Quot.sound]
info: AxiomAudit.lean:75:0: 'ASGinzburg.cyclicCutReconstruction_comp_trace' depends on axioms: [propext, Classical.choice, Quot.sound]
info: AxiomAudit.lean:76:0: 'ASGinzburg.cut_cyclic_derivative_identity' depends on axioms: [propext, Classical.choice, Quot.sound]
info: AxiomAudit.lean:77:0: 'ASGinzburg.totalDimension' depends on axioms: [propext, Quot.sound]
info: AxiomAudit.lean:78:0: 'ASGinzburg.dimension_table_eq_single' depends on axioms: [propext, Classical.choice, Quot.sound]
info: AxiomAudit.lean:79:0: 'ASGinzburg.total_dimension_single' depends on axioms: [propext, Classical.choice, Quot.sound]
info: AxiomAudit.lean:80:0: 'ASGinzburg.total_one_iff_single' depends on axioms: [propext, Classical.choice, Quot.sound]
info: AxiomAudit.lean:81:0: 'ASGinzburg.ext_dimension_delta' depends on axioms: [propext, Classical.choice, Quot.sound]
info: AxiomAudit.lean:82:0: 'ASGinzburg.CutQuiver.GinzburgArrow' does not depend on any axioms
info: AxiomAudit.lean:83:0: 'ASGinzburg.CutQuiver.GinzburgArrow.source' does not depend on any axioms
info: AxiomAudit.lean:84:0: 'ASGinzburg.CutQuiver.GinzburgArrow.target' does not depend on any axioms
info: AxiomAudit.lean:85:0: 'ASGinzburg.CutQuiver.GinzburgArrow.cohomologicalDegree' does not depend on any axioms
info: AxiomAudit.lean:86:0: 'ASGinzburg.CutQuiver.GinzburgArrow.cutDegree' does not depend on any axioms
info: AxiomAudit.lean:87:0: 'ASGinzburg.CutQuiver.GinzburgArrow.winding' does not depend on any axioms
info: AxiomAudit.lean:88:0: 'ASGinzburg.CutQuiver.GinzburgArrow.winding_pos' depends on axioms: [propext, Classical.choice, Quot.sound]
info: AxiomAudit.lean:89:0: 'ASGinzburg.CutQuiver.GinzburgArrow.winding_formula' depends on axioms: [propext, Quot.sound]
info: AxiomAudit.lean:90:0: 'ASGinzburg.CutQuiver.GinzburgArrow.original_dual_winding_sum' depends on axioms: [propext]
info: AxiomAudit.lean:91:0: 'ASGinzburg.CutQuiver.GinzburgArrow.original_dual_cut_sum' depends on axioms: [propext]
info: AxiomAudit.lean:92:0: 'ASGinzburg.CutQuiver.GinzburgArrow.loop_differential_cohomological_degree' does not depend on any axioms
info: AxiomAudit.lean:93:0: 'ASGinzburg.positive_recurrence_unique' depends on axioms: [propext, Quot.sound]
info: AxiomAudit.lean:94:0: 'ASGinzburg.quadraticHilbert' does not depend on any axioms
info: AxiomAudit.lean:95:0: 'ASGinzburg.quadraticHilbert_closed' depends on axioms: [propext, Quot.sound]
info: AxiomAudit.lean:96:0: 'ASGinzburg.quadraticHilbert_double' depends on axioms: [propext]
info: AxiomAudit.lean:97:0: 'ASGinzburg.quadraticHilbert_third_difference' depends on axioms: [propext, Classical.choice, Quot.sound]
info: AxiomAudit.lean:98:0: 'ASGinzburg.quadraticHilbert_unique' depends on axioms: [propext, Classical.choice, Quot.sound]
info: AxiomAudit.lean:99:0: 'ASGinzburg.quadraticHilbert_polynomial_bound' depends on axioms: [propext, Classical.choice, Quot.sound]
info: AxiomAudit.lean:100:0: 'ASGinzburg.CutQuiver.Path.comp' does not depend on any axioms
info: AxiomAudit.lean:101:0: 'ASGinzburg.CutQuiver.Path.comp_nil' does not depend on any axioms
info: AxiomAudit.lean:102:0: 'ASGinzburg.CutQuiver.Path.nil_comp' depends on axioms: [propext]
info: AxiomAudit.lean:103:0: 'ASGinzburg.CutQuiver.Path.comp_assoc' depends on axioms: [propext]
info: AxiomAudit.lean:104:0: 'ASGinzburg.CutQuiver.Path.cutDegree_comp' depends on axioms: [propext]
info: AxiomAudit.lean:105:0: 'ASGinzburg.CutQuiver.Path.winding_comp' depends on axioms: [propext]
info: AxiomAudit.lean:106:0: 'ASGinzburg.CutQuiver.PathComponent' depends on axioms: [propext, Classical.choice, Quot.sound]
info: AxiomAudit.lean:107:0: 'ASGinzburg.CutQuiver.pathComp' depends on axioms: [propext, Classical.choice, Quot.sound]
info: AxiomAudit.lean:108:0: 'ASGinzburg.CutQuiver.pathId' depends on axioms: [propext, Classical.choice, Quot.sound]
info: AxiomAudit.lean:109:0: 'ASGinzburg.CutQuiver.pathComp_single' depends on axioms: [propext, Classical.choice, Quot.sound]
info: AxiomAudit.lean:110:0: 'ASGinzburg.CutQuiver.pathComp_id' depends on axioms: [propext, Classical.choice, Quot.sound]
info: AxiomAudit.lean:111:0: 'ASGinzburg.CutQuiver.id_pathComp' depends on axioms: [propext, Classical.choice, Quot.sound]
info: AxiomAudit.lean:112:0: 'ASGinzburg.CutQuiver.pathComp_assoc' depends on axioms: [propext, Classical.choice, Quot.sound]
info: AxiomAudit.lean:113:0: 'ASGinzburg.ZAlgebra.Obj' depends on axioms: [propext, Classical.choice, Quot.sound]
info: AxiomAudit.lean:114:0: 'ASGinzburg.ZAlgebra.objCategory' depends on axioms: [propext, Classical.choice, Quot.sound]
info: AxiomAudit.lean:115:0: 'ASGinzburg.ZAlgebra.objHomAdd' depends on axioms: [propext, Classical.choice, Quot.sound]
info: AxiomAudit.lean:116:0: 'ASGinzburg.ZAlgebra.objHomModule' depends on axioms: [propext, Classical.choice, Quot.sound]
info: AxiomAudit.lean:117:0: 'ASGinzburg.ZAlgebra.objPreadditive' depends on axioms: [propext, Classical.choice, Quot.sound]
info: AxiomAudit.lean:118:0: 'ASGinzburg.ZAlgebra.objLinear' depends on axioms: [propext, Classical.choice, Quot.sound]
info: AxiomAudit.lean:119:0: 'ASGinzburg.ZAlgebra.objOppositeHomModule' depends on axioms: [propext, Classical.choice, Quot.sound]
info: AxiomAudit.lean:120:0: 'ASGinzburg.ZAlgebra.objOppositeLinear' depends on axioms: [propext, Classical.choice, Quot.sound]
info: AxiomAudit.lean:121:0: 'ASGinzburg.ZAlgebra.representableLinear' depends on axioms: [propext, Classical.choice, Quot.sound]
info: AxiomAudit.lean:122:0: 'ASGinzburg.ZAlgebra.linearYonedaAdditive' depends on axioms: [propext, Classical.choice, Quot.sound]
info: AxiomAudit.lean:123:0: 'ASGinzburg.ZAlgebra.linearYonedaLinear' depends on axioms: [propext, Classical.choice, Quot.sound]
info: AxiomAudit.lean:124:0: 'ASGinzburg.ZAlgebra.rightModuleProperty' depends on axioms: [propext, Classical.choice, Quot.sound]
info: AxiomAudit.lean:125:0: 'ASGinzburg.ZAlgebra.RightModule' depends on axioms: [propext, Classical.choice, Quot.sound]
info: AxiomAudit.lean:126:0: 'ASGinzburg.ZAlgebra.representable' depends on axioms: [propext, Classical.choice, Quot.sound]
info: AxiomAudit.lean:127:0: 'ASGinzburg.ZAlgebra.representableHomEquiv' depends on axioms: [propext, Classical.choice, Quot.sound]
info: AxiomAudit.lean:128:0: 'ASGinzburg.ZAlgebra.representableHom_vanishes' depends on axioms: [propext, Classical.choice, Quot.sound]
info: AxiomAudit.lean:129:0: 'ASGinzburg.ZAlgebra.scalarEndEquiv' depends on axioms: [propext, Classical.choice, Quot.sound]
info: AxiomAudit.lean:130:0: 'ASGinzburg.ZAlgebra.representableEnd_finrank' depends on axioms: [propext, Classical.choice, Quot.sound]
info: AxiomAudit.lean:131:0: 'ASGinzburg.ZAlgebra.rightModuleProperty_closedUnderLimits' depends on axioms: [propext, Classical.choice, Quot.sound]
info: AxiomAudit.lean:132:0: 'ASGinzburg.ZAlgebra.rightModuleProperty_closedUnderColimits' depends on axioms: [propext, Classical.choice, Quot.sound]
info: AxiomAudit.lean:133:0: 'ASGinzburg.ZAlgebra.rightModuleHasLimitsOfShape' depends on axioms: [propext, Classical.choice, Quot.sound]
info: AxiomAudit.lean:134:0: 'ASGinzburg.ZAlgebra.rightModuleHasColimitsOfShape' depends on axioms: [propext, Classical.choice, Quot.sound]
info: AxiomAudit.lean:135:0: 'ASGinzburg.ZAlgebra.rightModuleInclusionCreatesLimitsOfShape' depends on axioms: [propext,
 Classical.choice,
 Quot.sound]
info: AxiomAudit.lean:136:0: 'ASGinzburg.ZAlgebra.rightModuleInclusionCreatesColimitsOfShape' depends on axioms: [propext,
 Classical.choice,
 Quot.sound]
info: AxiomAudit.lean:137:0: 'ASGinzburg.ZAlgebra.rightModuleHasFiniteProducts' depends on axioms: [propext, Classical.choice, Quot.sound]
info: AxiomAudit.lean:138:0: 'ASGinzburg.ZAlgebra.rightModuleCoimageImageComparisonIsIso' depends on axioms: [propext, Classical.choice, Quot.sound]
info: AxiomAudit.lean:139:0: 'ASGinzburg.ZAlgebra.rightModuleAbelian' depends on axioms: [propext, Classical.choice, Quot.sound]
info: AxiomAudit.lean:140:0: 'ASGinzburg.ZAlgebra.rightModuleInclusionPreservesFiniteLimits' depends on axioms: [propext,
 Classical.choice,
 Quot.sound]
info: AxiomAudit.lean:141:0: 'ASGinzburg.ZAlgebra.rightModuleInclusionPreservesFiniteColimits' depends on axioms: [propext,
 Classical.choice,
 Quot.sound]
info: AxiomAudit.lean:142:0: 'ASGinzburg.ArrowSpace333' does not depend on any axioms
info: AxiomAudit.lean:143:0: 'ASGinzburg.CubicTensor333' depends on axioms: [propext, Classical.choice, Quot.sound]
info: AxiomAudit.lean:144:0: 'ASGinzburg.Triple333' does not depend on any axioms
info: AxiomAudit.lean:145:0: 'ASGinzburg.CubicCoefficients333' does not depend on any axioms
info: AxiomAudit.lean:146:0: 'ASGinzburg.CutRelations333' does not depend on any axioms
info: AxiomAudit.lean:147:0: 'ASGinzburg.cubicBasis333' depends on axioms: [propext, Classical.choice, Quot.sound]
info: AxiomAudit.lean:148:0: 'ASGinzburg.cubicCoordinates333' depends on axioms: [propext, Classical.choice, Quot.sound]
info: AxiomAudit.lean:149:0: 'ASGinzburg.cutRelationCoordinates333' depends on axioms: [propext, Classical.choice, Quot.sound]
info: AxiomAudit.lean:150:0: 'ASGinzburg.tensorToCutRelations333' depends on axioms: [propext, Classical.choice, Quot.sound]
info: AxiomAudit.lean:151:0: 'ASGinzburg.tensor_recovered_from_cut_relations333' depends on axioms: [propext, Classical.choice, Quot.sound]
info: AxiomAudit.lean:152:0: 'ASGinzburg.cubicTensor333_finrank' depends on axioms: [propext, Classical.choice, Quot.sound]
info: AxiomAudit.lean:153:0: 'ASGinzburg.arrowBasisChange333' depends on axioms: [propext, Classical.choice, Quot.sound]
info: AxiomAudit.lean:154:0: 'ASGinzburg.arrowBasisChange333_tmul' depends on axioms: [propext, Classical.choice, Quot.sound]
info: AxiomAudit.lean:155:0: 'ASGinzburg.TopCohomology' depends on axioms: [propext, Classical.choice, Quot.sound]
info: AxiomAudit.lean:156:0: 'ASGinzburg.map_from_zero_domain_eq_zero' depends on axioms: [propext, Quot.sound]
info: AxiomAudit.lean:157:0: 'ASGinzburg.topCohomologyEquiv' depends on axioms: [propext, Classical.choice, Quot.sound]
info: AxiomAudit.lean:158:0: 'ASGinzburg.topCohomology_finrank' depends on axioms: [propext, Classical.choice, Quot.sound]
info: AxiomAudit.lean:159:0: 'ASGinzburg.topCohomology_field_finrank' depends on axioms: [propext, Classical.choice, Quot.sound]
info: AxiomAudit.lean:160:0: 'ASGinzburg.triangle333' depends on axioms: [propext, Quot.sound]
info: AxiomAudit.lean:161:0: 'ASGinzburg.triangleX' depends on axioms: [propext, Quot.sound]
info: AxiomAudit.lean:162:0: 'ASGinzburg.triangleY' depends on axioms: [propext, Quot.sound]
info: AxiomAudit.lean:163:0: 'ASGinzburg.triangleZ' depends on axioms: [propext, Quot.sound]
info: AxiomAudit.lean:164:0: 'ASGinzburg.triangleX_cut' depends on axioms: [propext, Quot.sound]
info: AxiomAudit.lean:165:0: 'ASGinzburg.triangleY_cut' depends on axioms: [propext, Quot.sound]
info: AxiomAudit.lean:166:0: 'ASGinzburg.triangleZ_cut' depends on axioms: [propext, Classical.choice, Quot.sound]
info: AxiomAudit.lean:167:0: 'ASGinzburg.triangle_arrow_winding' depends on axioms: [propext, Classical.choice, Quot.sound]
info: AxiomAudit.lean:168:0: 'ASGinzburg.triangle_path_winding' depends on axioms: [propext, Classical.choice, Quot.sound]
info: AxiomAudit.lean:169:0: 'ASGinzburg.triangle_cut_one_cycle_is_cubic' depends on axioms: [propext, Classical.choice, Quot.sound]
info: AxiomAudit.lean:170:0: 'ASGinzburg.triangle_same_winding_as_arrow_is_linear' depends on axioms: [propext, Classical.choice, Quot.sound]
info: AxiomAudit.lean:171:0: 'ASGinzburg.trianglePotential' depends on axioms: [propext, Classical.choice, Quot.sound]
info: AxiomAudit.lean:172:0: 'ASGinzburg.trianglePotential_cut_derivative_identity' depends on axioms: [propext, Classical.choice, Quot.sound]
info: AxiomAudit.lean:173:0: 'ASGinzburg.ZAlgebra.InWindow' does not depend on any axioms
info: AxiomAudit.lean:174:0: 'ASGinzburg.ZAlgebra.InWindow.mono' depends on axioms: [propext, Classical.choice, Quot.sound]
info: AxiomAudit.lean:175:0: 'ASGinzburg.ZAlgebra.WindowSystem' depends on axioms: [propext, Classical.choice, Quot.sound]
info: AxiomAudit.lean:176:0: 'ASGinzburg.ZAlgebra.WindowSystem.globalMap' depends on axioms: [propext, Classical.choice, Quot.sound]
info: AxiomAudit.lean:177:0: 'ASGinzburg.ZAlgebra.WindowSystem.globalMap_eq_window' depends on axioms: [propext, Classical.choice, Quot.sound]
info: AxiomAudit.lean:178:0: 'ASGinzburg.ZAlgebra.WindowSystem.periodIso' depends on axioms: [propext, Classical.choice, Quot.sound]
info: AxiomAudit.lean:179:0: 'ASGinzburg.ZAlgebra.WindowSystem.isPeriodic' depends on axioms: [propext, Classical.choice, Quot.sound]
info: AxiomAudit.lean:180:0: 'ASGinzburg.ZAlgebra' depends on axioms: [propext, Classical.choice, Quot.sound]
info: AxiomAudit.lean:181:0: 'ASGinzburg.ZAlgebra.PeriodIso' depends on axioms: [propext, Classical.choice, Quot.sound]
info: AxiomAudit.lean:182:0: 'ASGinzburg.ZAlgebra.IsPeriodic' depends on axioms: [propext, Classical.choice, Quot.sound]
info: AxiomAudit.lean:183:0: 'ASGinzburg.ZAlgebra.LinearSubcategory' depends on axioms: [propext, Classical.choice, Quot.sound]
info: AxiomAudit.lean:184:0: 'ASGinzburg.ZAlgebra.products' depends on axioms: [propext, Classical.choice, Quot.sound]
info: AxiomAudit.lean:185:0: 'ASGinzburg.ZAlgebra.generated_of_decomposition' depends on axioms: [propext, Classical.choice, Quot.sound]
Build completed successfully (3153 jobs).
