work/ASGinzburgDraft/BicomplexTotalCoordinates.lean:15:5: error: failed to synthesize
  K.HasTotal (ComplexShape.down ℕ)

Hint: Additional diagnostic information may be available using the `set_option diagnostics true` command.
work/ASGinzburgDraft/BicomplexTotalCoordinates.lean:17:8: error: failed to synthesize
  K.HasTotal ?m.50

Hint: Additional diagnostic information may be available using the `set_option diagnostics true` command.
work/ASGinzburgDraft/BicomplexTotalCoordinates.lean:24:4: error: failed to synthesize
  K.HasTotal (ComplexShape.down ℕ)

Hint: Additional diagnostic information may be available using the `set_option diagnostics true` command.
work/ASGinzburgDraft/BicomplexTotalCoordinates.lean:31:4: error: failed to synthesize
  K.HasTotal (ComplexShape.down ℕ)

Hint: Additional diagnostic information may be available using the `set_option diagnostics true` command.
work/ASGinzburgDraft/BicomplexTotalCoordinates.lean:40:38: error: failed to synthesize
  K.HasTotal (ComplexShape.down ℕ)

Hint: Additional diagnostic information may be available using the `set_option diagnostics true` command.
work/ASGinzburgDraft/BicomplexTotalCoordinates.lean:42:5: error(lean.unknownIdentifier): Unknown identifier `bicomplexTotal_ι_projection_same`
work/ASGinzburgDraft/BicomplexTotalCoordinates.lean:46:38: error: failed to synthesize
  K.HasTotal (ComplexShape.down ℕ)

Hint: Additional diagnostic information may be available using the `set_option diagnostics true` command.
work/ASGinzburgDraft/BicomplexTotalCoordinates.lean:48:5: error(lean.unknownIdentifier): Unknown identifier `bicomplexTotal_ι_projection_ne`
work/ASGinzburgDraft/BicomplexTotalCoordinates.lean:54:8: error: failed to synthesize
  K.HasTotal (ComplexShape.down ℕ)

Hint: Additional diagnostic information may be available using the `set_option diagnostics true` command.
work/ASGinzburgDraft/BicomplexTotalCoordinates.lean:55:10: error: failed to synthesize
  K.HasTotal (ComplexShape.down ℕ)

Hint: Additional diagnostic information may be available using the `set_option diagnostics true` command.
work/ASGinzburgDraft/BicomplexTotalCoordinates.lean:77:6: error: failed to synthesize
  K.HasTotal (ComplexShape.down ℕ)

Hint: Additional diagnostic information may be available using the `set_option diagnostics true` command.
work/ASGinzburgDraft/BicomplexTotalCoordinates.lean:75:10: error: failed to synthesize
  K.HasTotal (ComplexShape.down ℕ)

Hint: Additional diagnostic information may be available using the `set_option diagnostics true` command.
