work/ASGinzburgDraft/PrincipalIdempotentTop.lean:18:2: error: Type mismatch
  LinearMap.proj i ∘ₗ ε.toLinearMap ∘ₗ ↑k (LinearMap.range (principalIdempotentOperator R e)).subtype
has type
  @LinearMap k k Field.toSemifield.toDivisionSemiring.toSemiring Field.toSemifield.toSemiring (RingHom.id k)
    (↥(LinearMap.range (principalIdempotentOperator R e))) k
    (LinearMap.range (principalIdempotentOperator R e)).addCommMonoid
    CommRing.toNonUnitalCommRing.toNonUnitalNonAssocCommRing.toNonUnitalNonAssocCommSemiring.toAddCommMonoid
    (LinearMap.range (principalIdempotentOperator R e)).module' Semiring.toModule
but is expected to have type
  @LinearMap k k Field.toSemifield.toDivisionSemiring.toSemiring Field.toSemifield.toDivisionSemiring.toSemiring
    (RingHom.id k) (↑(principalIdempotentModule R e)) k (principalIdempotentModule R e).isAddCommGroup.toAddCommMonoid
    CommRing.toNonUnitalCommRing.toNonUnitalNonAssocCommRing.toNonUnitalNonAssocCommSemiring.toAddCommMonoid
    ModuleCat.Algebra.instModuleCarrier Semiring.toModule
work/ASGinzburgDraft/PrincipalIdempotentTop.lean:22:41: error: Application type mismatch: The argument
  ε
has type
  R →ₐ[k] ι → k
of sort `Type (max v u w)` but is expected to have type
  R
of sort `Type v` in the application
  principalIdempotentTopCoordinate k R ε
work/ASGinzburgDraft/PrincipalIdempotentTop.lean:26:41: error: Application type mismatch: The argument
  ε
has type
  R →ₐ[k] ι → k
of sort `Type (max v u w)` but is expected to have type
  R
of sort `Type v` in the application
  principalIdempotentTopCoordinate k R ε
work/ASGinzburgDraft/PrincipalIdempotentTop.lean:32:62: error: Application type mismatch: The argument
  ε
has type
  R →ₐ[k] ι → k
of sort `Type (max v u w)` but is expected to have type
  R
of sort `Type v` in the application
  principalIdempotentTopCoordinate k R ε
work/ASGinzburgDraft/PrincipalIdempotentTop.lean:34:10: error: Type mismatch
  ?m.35 • principalIdempotentGenerator R e
has type
  ↑(principalIdempotentModule R e)
of sort `outParam (Type v)` but is expected to have type
  ?m.23 hε
of sort `Sort u_1`
work/ASGinzburgDraft/PrincipalIdempotentTop.lean:40:56: error: Application type mismatch: The argument
  ε
has type
  R →ₐ[k] ι → k
of sort `Type (max v u w)` but is expected to have type
  R
of sort `Type v` in the application
  principalIdempotentTopCoordinate k R ε
work/ASGinzburgDraft/PrincipalIdempotentTop.lean:71:32: error(lean.unknownIdentifier): Unknown identifier `principalIdempotentTopCoordinate_ker`
work/ASGinzburgDraft/PrincipalIdempotentTop.lean:72:43: error: Application type mismatch: The argument
  ε
has type
  R →ₐ[k] ι → k
of sort `Type (max v u w)` but is expected to have type
  R
of sort `Type v` in the application
  principalIdempotentTopCoordinate k R ε
