'ASGinzburg.ZAlgebra.ASRegular.cutOrdinarySimpleProjectiveResolution_minimal_succ' depends on axioms: [propext,
 Classical.choice,
 Quot.sound]
'ASGinzburg.ZAlgebra.ASRegular.cutOrdinarySimpleProjectiveResolution_minimal' depends on axioms: [propext,
 Classical.choice,
 Quot.sound]
'ASGinzburg.ZAlgebra.ASRegular.cutOrdinarySimpleTorRadicalQuotientIso' depends on axioms: [propext,
 Classical.choice,
 Quot.sound]
'ASGinzburg.ZAlgebra.ASRegular.cutOrdinarySimpleTorRadicalQuotient_isZero_ge_four' depends on axioms: [propext,
 Classical.choice,
 Quot.sound]
'ASGinzburg.ZAlgebra.ASRegular.cutOrdinarySimpleTorRadicalQuotient_three_not_isZero' depends on axioms: [propext,
 Classical.choice,
 Quot.sound]
'ASGinzburg.ZAlgebra.ASRegular.cutOrdinarySimple_projectiveDimension_ge_three' depends on axioms: [propext,
 Classical.choice,
 Quot.sound]
'ASGinzburg.ZAlgebra.ASRegular.cutOrdinarySimple_projectiveDimension_eq_three' depends on axioms: [propext,
 Classical.choice,
 Quot.sound]
