'ASGinzburg.BalancedTensorMinimalDifferentials' depends on axioms: [propext, Quot.sound]
'ASGinzburg.balancedTensorTorMinimalDifferentials_isZero_iff' depends on axioms: [propext, Classical.choice, Quot.sound]
'ASGinzburg.ZAlgebra.PeriodIso.cutGradedJacobson_quotient_annihilated' depends on axioms: [propext,
 Classical.choice,
 Quot.sound]
'ASGinzburg.ZAlgebra.PeriodIso.cutMinimalProjectiveResolution_term_isZero_of_tor' depends on axioms: [propext,
 Classical.choice,
 Quot.sound]
'ASGinzburg.ZAlgebra.PeriodIso.cutMinimalProjectiveResolution_hasProjectiveDimensionLE_of_tor_four' depends on axioms: [propext,
 Classical.choice,
 Quot.sound]
'ASGinzburg.ZAlgebra.PeriodIso.cutGradedMinimalResolution_ordinary_term_isZero_of_tor' depends on axioms: [propext,
 Classical.choice,
 Quot.sound]
'ASGinzburg.ZAlgebra.PeriodIso.cutGradedMinimalResolution_term_isZero_of_tor' depends on axioms: [propext,
 Classical.choice,
 Quot.sound]
'ASGinzburg.ZAlgebra.PeriodIso.cutGradedMinimalResolution_ordinary_hasProjectiveDimensionLE_of_tor_four' depends on axioms: [propext,
 Classical.choice,
 Quot.sound]
'ASGinzburg.gradedZeroComponent' depends on axioms: [propext, Classical.choice, Quot.sound]
'ASGinzburg.gradedZeroComponent_homogeneous_eq_zero' depends on axioms: [propext, Classical.choice, Quot.sound]
'ASGinzburg.gradedZeroComponent_positive_eq_zero' depends on axioms: [propext, Classical.choice, Quot.sound]
'ASGinzburg.gradedNilpotentActionSpan' depends on axioms: [propext, Quot.sound]
'ASGinzburg.gradedModule_eq_zero_of_boundedBelow_nilpotent_action_span_top' depends on axioms: [propext,
 Classical.choice,
 Quot.sound]
'ASGinzburg.gradedModule_subsingleton_of_boundedBelow_nilpotent_action_span_top' depends on axioms: [propext,
 Classical.choice,
 Quot.sound]
