⚠ [3415/3426] Replayed ASGinzburg.PathAlgebra
warning: ASGinzburg/PathAlgebra.lean:97:42: This simp argument is unused:
  LinearMap.add_apply

Hint: Omit it from the simp argument list.
  simp [map_add, L̵i̵n̵e̵a̵r̵M̵a̵p̵.̵a̵d̵d̵_̵a̵p̵p̵l̵y̵,̵ ̵ih, ih']

Note: This linter can be disabled with `set_option linter.unusedSimpArgs false`
✔ [4617/4673] Built ASGinzburg.ModuleCatFourTermEuler (6.9s)
✔ [4622/4749] Built ASGinzburg.OrdinaryModuleRingDual (7.2s)
✔ [4623/4749] Built ASGinzburg.RightModuleIsoConjugation (9.7s)
✔ [4624/4749] Built ASGinzburg.TriangleQuadraticTerms (11s)
✔ [4625/4749] Built ASGinzburg.HomogeneousLinearMapShiftedComponent (7.9s)
✔ [4626/4749] Built ASGinzburg.ASComponentLowerTerms (14s)
✔ [4627/4749] Built ASGinzburg.VertexCutPathAutomorphisms (6.0s)
✔ [4628/4749] Built ASGinzburg.GradedOrdinaryFiniteHomogeneousGenerators (11s)
✔ [4629/4749] Built ASGinzburg.AlgebraCyclicAutomorphismAction (12s)
✔ [4630/4749] Built ASGinzburg.AlgebraEnvelopingOppositeLeftProjective (13s)
✔ [4631/4749] Built ASGinzburg.PathSplitting (15s)
✔ [4632/4749] Built ASGinzburg.PathCyclicClasses (26s)
✔ [4633/4749] Built ASGinzburg.FiniteComponentAutomorphismCorners (20s)
✔ [4634/4749] Built ASGinzburg.TrianglePotentialCoordinates (35s)
✔ [4635/4749] Built ASGinzburg.GradedOrdinaryKernelFactor (8.8s)
✔ [4636/4749] Built ASGinzburg.GradedOrdinaryCokernelData (46s)
✔ [4637/4749] Built ASGinzburg.TriangleTensorAction (72s)
✔ [4638/4749] Built ASGinzburg.ProjectiveSplitKernelFunctor (38s)
✔ [4639/4749] Built ASGinzburg.PathArrowSubstitution (67s)
✔ [4640/4749] Built ASGinzburg.GradedOrdinaryRestrictionData (38s)
✔ [4641/4749] Built ASGinzburg.ZAlgebraIsomorphismQuotients (11s)
✔ [4642/4749] Built ASGinzburg.WordPolynomialConcatenation (26s)
✔ [4646/4749] Built ASGinzburg.PathCutLengthBound (17s)
✔ [4647/4749] Built ASGinzburg.PotentialCutDerivativeReconstruction (11s)
✔ [4648/4749] Built ASGinzburg.PathOccurrenceContext (29s)
✔ [4649/4749] Built ASGinzburg.OrdinaryModuleRingBidual (9.8s)
✔ [4650/4749] Built ASGinzburg.ZAlgebraFoundationIsomorphism (14s)
✔ [4651/4749] Built ASGinzburg.OrdinaryModuleRingDualFinite (9.3s)
✔ [4652/4749] Built ASGinzburg.GradedOrdinaryRingDualHomogeneousSpaces (12s)
✔ [4653/4749] Built ASGinzburg.OrdinaryRingDualTensorEvaluation (17s)
✔ [4654/4749] Built ASGinzburg.PeriodCutOrdinaryGradedNakayama (49s)
✔ [4655/4749] Built ASGinzburg.CyclicPathAutomorphismOrbits (15s)
✔ [4656/4749] Built ASGinzburg.TriangleQuadraticResolution (17s)
✔ [4657/4749] Built ASGinzburg.AlgebraEnvelopingRightModuleBimodule (35s)
✔ [4658/4749] Built ASGinzburg.TriangleASIncomingArrowBasis (18s)
✔ [4659/4749] Built ASGinzburg.AlgebraEnvelopingOppositeLeftRestriction (13s)
✔ [4660/4749] Built ASGinzburg.PathAutomorphismLengthFiltration (15s)
✔ [4661/4749] Built ASGinzburg.FiniteComponentAutomorphismProducts (16s)
✔ [4662/4749] Built ASGinzburg.PathAutomorphismGradings (19s)
✔ [4663/4749] Built ASGinzburg.TrianglePotentialDimension (13s)
✔ [4664/4749] Built ASGinzburg.PathCyclicRotations (22s)
✔ [4665/4749] Built ASGinzburg.GradedCokernelFunctorEpiReflection (13s)
✔ [4666/4749] Built ASGinzburg.PathArrowSubstitutionInverse (22s)
✔ [4669/4749] Built ASGinzburg.ProjectiveEpiKernelPreservation (31s)
✔ [4670/4749] Built ASGinzburg.GradedOrdinaryKernelProjective (35s)
✔ [4671/4749] Built ASGinzburg.WordPolynomialSubstitution (36s)
✔ [4672/4749] Built ASGinzburg.TriangleCutSliceAction (59s)
✔ [4673/4749] Built ASGinzburg.WordOccurrenceContexts (33s)
✔ [4674/4749] Built ASGinzburg.PathOccurrenceContextProperties (27s)
✔ [4675/4749] Built ASGinzburg.OrdinaryPerfectRingDualComplex (16s)
✔ [4676/4749] Built ASGinzburg.GradedOrdinaryRingDualBoundedBelow (14s)
✔ [4677/4749] Built ASGinzburg.OrdinaryFiniteProjectiveRingBidual (39s)
✔ [4678/4749] Built ASGinzburg.GradedOrdinaryRingDualComponents (24s)
✔ [4679/4749] Built ASGinzburg.TriangleQuadraticASRegular (18s)
✔ [4680/4749] Built ASGinzburg.PeriodCutOppositeHomogeneousSpaces (35s)
✔ [4681/4749] Built ASGinzburg.QuadraticResolutionComponents (33s)
✔ [4682/4749] Built ASGinzburg.PathAutomorphismComponents (9.1s)
✔ [4683/4749] Built ASGinzburg.PathAutomorphismUnrolling (35s)
✔ [4684/4749] Built ASGinzburg.TrianglePathAutomorphismArrowLinearity (24s)
✔ [4685/4749] Built ASGinzburg.PotentialCyclicClass (30s)
✔ [4686/4749] Built ASGinzburg.AlgebraEnvelopingRingDualTensorEvaluationHom (70s)
✔ [4687/4749] Built ASGinzburg.PathSubstitutionLengthFiltration (28s)
✔ [4688/4749] Built ASGinzburg.OrdinaryRingDualTensorEvaluationFinite (103s)
✔ [4689/4749] Built ASGinzburg.PathAutomorphismArrowSubstitution (32s)
✔ [4691/4749] Built ASGinzburg.PeriodCutGradedTensorEpiReflection (48s)
✔ [4692/4749] Built ASGinzburg.PathArrowSubstitutionCutGrading (23s)
✔ [4693/4749] Built ASGinzburg.GradedKernelFactorFunctor (15s)
✔ [4694/4749] Built ASGinzburg.GradedFunctorMonoReflection (20s)
✔ [4695/4749] Built ASGinzburg.OrdinaryModuleRingDualDerived (10s)
✔ [4696/4749] Built ASGinzburg.ProjectiveEpiExactnessFunctor (16s)
✔ [4697/4749] Built ASGinzburg.PathWordPolynomialSubstitution (19s)
✔ [4698/4749] Built ASGinzburg.GradedOrdinaryRingDualComponentMaps (13s)
✔ [4699/4749] Built ASGinzburg.OrdinaryFiniteProjectiveRingBidualComplex (17s)
✔ [4700/4749] Built ASGinzburg.WordOccurrenceProductRule (26s)
✔ [4701/4749] Built ASGinzburg.Corollary52Statement (18s)
✔ [4702/4749] Built ASGinzburg.QuadraticHilbertGrowth (13s)
✔ [4703/4749] Built ASGinzburg.ASResolutionComponentEuler (12s)
✔ [4704/4749] Built ASGinzburg.TriangleArrowCoordinates (16s)
✔ [4705/4749] Built ASGinzburg.PathAutomorphismJacobianUnrolling (22s)
✔ [4706/4749] Built ASGinzburg.TriangleQuadraticFoundationTensor (35s)
✔ [4707/4749] Built ASGinzburg.PotentialPathAutomorphismClasses (27s)
✔ [4708/4749] Built ASGinzburg.PathPotentialCyclicImage (31s)
✔ [4709/4749] Built ASGinzburg.OrdinaryModuleRingDualLeftExact (8.2s)
✔ [4710/4749] Built ASGinzburg.AlgebraEnvelopingRingDualTensorEvaluationField (27s)
✔ [4711/4749] Built ASGinzburg.PathAutomorphismIdealTransport (26s)
✔ [4712/4749] Built ASGinzburg.OrdinaryModuleRingDualTopFinite (12s)
✔ [4713/4749] Built ASGinzburg.OrdinaryModuleRingDualDerivedNaturality (22s)
✔ [4714/4749] Built ASGinzburg.GradedOrdinaryRingDualFiniteSupport (11s)
✔ [4715/4749] Built ASGinzburg.GradedFunctorExactnessReflection (24s)
✔ [4716/4749] Built ASGinzburg.AlgebraEnvelopingRingDualTensorEvaluationInduction (64s)
✔ [4717/4749] Built ASGinzburg.ASComponentDimensionUniqueness (16s)
✔ [4718/4749] Built ASGinzburg.PathOccurrenceContextWords (31s)
✔ [4719/4749] Built ASGinzburg.NonlinearCyclicDerivativeChainRule (26s)
✔ [4720/4749] Built ASGinzburg.TrianglePathAutomorphismArrowMatrices (14s)
✔ [4721/4749] Built ASGinzburg.FiniteFourTermRingHomComplex (9.8s)
✔ [4722/4749] Built ASGinzburg.ASGinzburgCorrespondenceStatement (18s)
✔ [4723/4749] Built ASGinzburg.GradedOrdinaryRingDualInternalGrading (14s)
✔ [4724/4749] Built ASGinzburg.GradedFourTermExactnessReflection (20s)
✔ [4725/4749] Built ASGinzburg.PotentialPathAutomorphismAction (39s)
✔ [4726/4749] Built ASGinzburg.TrianglePathAutomorphismArrowMatrixGroup (31s)
✔ [4727/4749] Built ASGinzburg.Corollary52QuotientEquivalence (25s)
✔ [4728/4749] Built ASGinzburg.TriangleTensorCyclicClass (89s)
✔ [4729/4749] Built ASGinzburg.ASCutEnvelopingRingHomComplex (68s)
✔ [4730/4749] Built ASGinzburg.GradedOrdinaryRingDualData (44s)
✔ [4731/4749] Built ASGinzburg.PathAutomorphismCyclicSubstitution (31s)
✔ [4732/4749] Built ASGinzburg.PeriodCutGradedFourTermTensorDetection (64s)
✔ [4733/4749] Built ASGinzburg.AlgebraEnvelopingRingDualTensorEvaluationShuffle (112s)
✔ [4734/4749] Built ASGinzburg.PotentialPathAutomorphismOrbitComparison (29s)
✔ [4735/4749] Built ASGinzburg.TriangleQuadraticASClasses (29s)
✔ [4736/4749] Built ASGinzburg.TriangleGLPathAutomorphism (44s)
✔ [4737/4749] Built ASGinzburg.PathAutomorphismJacobianChainRule (22s)
✔ [4738/4749] Built ASGinzburg.TrianglePathAutomorphismTensorIntertwining (34s)
✔ [4739/4749] Built ASGinzburg.PeriodCutEnvelopingGradedInclusions (43s)
✔ [4740/4749] Built ASGinzburg.PathAutomorphismJacobianDescent (17s)
✔ [4741/4749] Built ASGinzburg.TrianglePathAutomorphismGLGroupEquiv (25s)
✔ [4742/4749] Built ASGinzburg.TriangleTensorPathAutomorphismOrbits (22s)
✔ [4743/4749] Built ASGinzburg.Corollary52CorrespondenceReduction (21s)
✔ [4744/4749] Built ASGinzburg.AlgebraEnvelopingRingDualTensorEvaluation (82s)
✔ [4745/4749] Built ASGinzburg.TriangleTensorPotentialOrbitEquivalence (13s)
✔ [4746/4749] Built ASGinzburg.ASCutEnvelopingRingHomGrading (272s)
✔ [4747/4749] Built ASGinzburg.ASCutEnvelopingRingHomDifferentialGrading (24s)
✔ [4748/4749] Built ASGinzburg (7.9s)
Build completed successfully (4749 jobs).
