⚠ [3415/3498] Replayed ASGinzburg.PathAlgebra
warning: ASGinzburg/PathAlgebra.lean:97:42: This simp argument is unused:
  LinearMap.add_apply

Hint: Omit it from the simp argument list.
  simp [map_add, L̵i̵n̵e̵a̵r̵M̵a̵p̵.̵a̵d̵d̵_̵a̵p̵p̵l̵y̵,̵ ̵ih, ih']

Note: This linter can be disabled with `set_option linter.unusedSimpArgs false`
✔ [4086/4100] Built ASGinzburg.UnrolledJacobianErasureEquality (4.5s)
✔ [4087/4100] Built ASGinzburg.PeriodIdealQuotient (5.6s)
✔ [4088/4100] Built ASGinzburg.PeriodNaturalAddition (6.5s)
✔ [4089/4100] Built ASGinzburg.UnrolledJacobianIntegerSheetShift (4.7s)
✔ [4090/4100] Built ASGinzburg.PeriodCutGradedComponents (5.7s)
✔ [4091/4100] Built ASGinzburg.PeriodCutGradedAssociativity (4.4s)
✔ [4092/4100] Built ASGinzburg.PeriodCutGradedUnits (4.3s)
✔ [4093/4100] Built ASGinzburg.PeriodCutGradedMatrix (7.7s)
✔ [4094/4100] Built ASGinzburg.PeriodCutGradedMonoid (5.6s)
✔ [4095/4100] Built ASGinzburg.PeriodCutGradedRing (5.5s)
✔ [4096/4100] Built ASGinzburg.PeriodCutGradedAlgebra (7.5s)
✔ [4097/4100] Built ASGinzburg.PeriodCutDegreeZero (6.7s)
✔ [4098/4100] Built ASGinzburg.ASCutGradedDescent (6.5s)
✔ [4099/4100] Built ASGinzburg (4.2s)
Build completed successfully (4100 jobs).
