⚠ [3416/3444] Replayed ASGinzburg.PathAlgebra
warning: ASGinzburg/PathAlgebra.lean:97:42: This simp argument is unused:
  LinearMap.add_apply

Hint: Omit it from the simp argument list.
  simp [map_add, L̵i̵n̵e̵a̵r̵M̵a̵p̵.̵a̵d̵d̵_̵a̵p̵p̵l̵y̵,̵ ̵ih, ih']

Note: This linter can be disabled with `set_option linter.unusedSimpArgs false`
✖ [3437/3444] Building ASGinzburg.RightModuleExtLeftSequence (3.5s)
trace: .> LEAN_PATH=/workspace/as-ginzburg-lean/.lake/packages/Cli/.lake/build/lib/lean:/workspace/as-ginzburg-lean/.lake/packages/batteries/.lake/build/lib/lean:/workspace/as-ginzburg-lean/.lake/packages/Qq/.lake/build/lib/lean:/workspace/as-ginzburg-lean/.lake/packages/aesop/.lake/build/lib/lean:/workspace/as-ginzburg-lean/.lake/packages/proofwidgets/.lake/build/lib/lean:/workspace/as-ginzburg-lean/.lake/packages/importGraph/.lake/build/lib/lean:/workspace/as-ginzburg-lean/.lake/packages/LeanSearchClient/.lake/build/lib/lean:/workspace/as-ginzburg-lean/.lake/packages/plausible/.lake/build/lib/lean:/workspace/as-ginzburg-lean/.lake/packages/mathlib/.lake/build/lib/lean:/workspace/as-ginzburg-lean/.lake/build/lib/lean /workspace/.cloud-setup/lean-4.24.0-linux/bin/lean /workspace/as-ginzburg-lean/ASGinzburg/RightModuleExtLeftSequence.lean -o /workspace/as-ginzburg-lean/.lake/build/lib/lean/ASGinzburg/RightModuleExtLeftSequence.olean -i /workspace/as-ginzburg-lean/.lake/build/lib/lean/ASGinzburg/RightModuleExtLeftSequence.ilean -c /workspace/as-ginzburg-lean/.lake/build/ir/ASGinzburg/RightModuleExtLeftSequence.c --setup /workspace/as-ginzburg-lean/.lake/build/ir/ASGinzburg/RightModuleExtLeftSequence.setup.json --json
error: ASGinzburg/RightModuleExtLeftSequence.lean:15:9: Invalid field `leftModule_epi_iff`: The environment does not contain `ASGinzburg.ZAlgebra.leftModule_epi_iff`
  A
has type
  ZAlgebra k
error: ASGinzburg/RightModuleExtLeftSequence.lean:16:8: No goals to be solved
error: ASGinzburg/RightModuleExtLeftSequence.lean:55:9: Invalid field `leftModule_exact_iff`: The environment does not contain `ASGinzburg.ZAlgebra.leftModule_exact_iff`
  A
has type
  ZAlgebra k
error: ASGinzburg/RightModuleExtLeftSequence.lean:56:8: No goals to be solved
error: Lean exited with code 1
✔ [3439/3444] Built ASGinzburg.ASDualityComplexExactness (4.3s)
Some required targets logged failures:
- ASGinzburg.RightModuleExtLeftSequence
error: build failed
