work/ASGinzburgDraft/ZAlgebraFixedRightModuleFunctor.lean:20:11: error(lean.unknownIdentifier): Unknown identifier `whiskerLeft`
work/ASGinzburgDraft/ZAlgebraFixedRightModuleFunctor.lean:24:43: error: Invalid field notation: Function `fixedRightModuleFunctor` does not have a usable parameter of type `Isomorphism ...` for which to substitute `E`

Note: Such a parameter must be explicit, or implicit with a unique name, to be used by field notation
work/ASGinzburgDraft/ZAlgebraFixedRightModuleFunctor.lean:27:41: error: Invalid field notation: Function `fixedRightModuleFunctor` does not have a usable parameter of type `Isomorphism ...` for which to substitute `E`

Note: Such a parameter must be explicit, or implicit with a unique name, to be used by field notation
work/ASGinzburgDraft/ZAlgebraFixedRightModuleFunctor.lean:31:26: error: Invalid field notation: Function `fixedRightModuleFunctor` does not have a usable parameter of type `Isomorphism ...` for which to substitute `E`

Note: Such a parameter must be explicit, or implicit with a unique name, to be used by field notation
work/ASGinzburgDraft/ZAlgebraFixedRightModuleFunctor.lean:44:56: error: Invalid field notation: Function `fixedRightModuleFunctor` does not have a usable parameter of type `Isomorphism ...` for which to substitute `E`

Note: Such a parameter must be explicit, or implicit with a unique name, to be used by field notation
work/ASGinzburgDraft/ZAlgebraFixedRightModuleFunctor.lean:46:6: error(lean.unknownIdentifier): Unknown identifier `E.fixedRightModuleFunctor_positiveActionSpan`
work/ASGinzburgDraft/ZAlgebraFixedRightModuleFunctor.lean:44:92: error: unsolved goals
k : Type u
inst✝ : Field k
A B : ZAlgebra k
M N : A.RightModule
f : M ⟶ N
hf : A.IsMinimalMorphism f
i : ℤ
x : ↑((B.rightModuleEvaluation i).obj (?m.19 f hf))
⊢ (ConcreteCategory.hom ((B.rightModuleEvaluation i).map sorry)) x ∈ B.positiveActionSpan (?m.20 f hf) i
