work/ASGinzburgDraft/ZAlgebraFixedRightModuleEquivalence.lean:17:35: error: Invalid field notation: Type is not of the form `C ...` where C is a constant
  (E.map (unop Y).index (unop X).index).symm ((E.map (unop Y).index (unop X).index) f.unop)
has type
  A.1 (unop Y).index (unop X).index
work/ASGinzburgDraft/ZAlgebraFixedRightModuleEquivalence.lean:16:17: warning: This simp argument is unused:
  Category.comp_id

Hint: Omit it from the simp argument list.
  simp only [̵C̵a̵t̵e̵g̵o̵r̵y̵.̵c̵o̵m̵p̵_̵i̵d̵,̵C̵a̵t̵e̵g̵o̵r̵y̵.̵i̵d̵_̵c̵o̵m̵p̵]̵[̲C̲a̲t̲e̲g̲o̲r̲y̲.̲i̲d̲_̲c̲o̲m̲p̲]̲

Note: This linter can be disabled with `set_option linter.unusedSimpArgs false`
work/ASGinzburgDraft/ZAlgebraFixedRightModuleEquivalence.lean:16:34: warning: This simp argument is unused:
  Category.id_comp

Hint: Omit it from the simp argument list.
  simp only [Category.comp_id,̵C̵a̵t̵e̵g̵o̵r̵y̵.̵i̵d̵_̵c̵o̵m̵p̵]

Note: This linter can be disabled with `set_option linter.unusedSimpArgs false`
work/ASGinzburgDraft/ZAlgebraFixedRightModuleEquivalence.lean:23:15: warning: This simp argument is unused:
  Category.comp_id

Hint: Omit it from the simp argument list.
  simp only [̵C̵a̵t̵e̵g̵o̵r̵y̵.̵c̵o̵m̵p̵_̵i̵d̵,̵C̵a̵t̵e̵g̵o̵r̵y̵.̵i̵d̵_̵c̵o̵m̵p̵]̵[̲C̲a̲t̲e̲g̲o̲r̲y̲.̲i̲d̲_̲c̲o̲m̲p̲]̲

Note: This linter can be disabled with `set_option linter.unusedSimpArgs false`
work/ASGinzburgDraft/ZAlgebraFixedRightModuleEquivalence.lean:23:32: warning: This simp argument is unused:
  Category.id_comp

Hint: Omit it from the simp argument list.
  simp only [Category.comp_id,̵C̵a̵t̵e̵g̵o̵r̵y̵.̵i̵d̵_̵c̵o̵m̵p̵]

Note: This linter can be disabled with `set_option linter.unusedSimpArgs false`
